22:06:01.273 [INFO] (off_policy_trainer_carla.py:497) Total Episode:     1 Steps:     202 Episode Steps:   202 Return: -1.0000 Success:  0.00, D: 0.00 FPS:37.72
22:06:04.158 [INFO] (off_policy_trainer_carla.py:497) Total Episode:     2 Steps:     334 Episode Steps:   132 Return: -1.0000 Success:  0.00, D: 0.00 FPS:45.81
22:06:08.227 [INFO] (off_policy_trainer_carla.py:497) Total Episode:     3 Steps:     556 Episode Steps:   222 Return:  0.0000 Success:  0.00, D: 0.00 FPS:54.60
22:06:13.211 [INFO] (off_policy_trainer_carla.py:497) Total Episode:     4 Steps:     858 Episode Steps:   302 Return:  0.0000 Success:  0.00, D: 0.00 FPS:60.63
22:06:17.179 [INFO] (off_policy_trainer_carla.py:497) Total Episode:     5 Steps:    1067 Episode Steps:   209 Return:  1.0000 Success:  0.05, D: 0.00 FPS:52.70
22:06:21.168 [INFO] (off_policy_trainer_carla.py:497) Total Episode:     6 Steps:    1283 Episode Steps:   216 Return:  1.0000 Success:  0.10, D: 0.00 FPS:54.17
22:06:23.901 [INFO] (off_policy_trainer_carla.py:497) Total Episode:     7 Steps:    1393 Episode Steps:   110 Return: -1.0000 Success:  0.10, D: 0.00 FPS:40.30
22:06:27.681 [INFO] (off_policy_trainer_carla.py:497) Total Episode:     8 Steps:    1592 Episode Steps:   199 Return:  1.0000 Success:  0.15, D: 0.00 FPS:52.66
22:06:31.341 [INFO] (off_policy_trainer_carla.py:497) Total Episode:     9 Steps:    1773 Episode Steps:   181 Return:  0.0000 Success:  0.15, D: 0.00 FPS:49.49
22:06:34.099 [INFO] (off_policy_trainer_carla.py:497) Total Episode:    10 Steps:    1889 Episode Steps:   116 Return: -1.0000 Success:  0.15, D: 0.00 FPS:42.09
22:06:37.806 [INFO] (off_policy_trainer_carla.py:497) Total Episode:    11 Steps:    2076 Episode Steps:   187 Return:  0.0000 Success:  0.15, D: 0.00 FPS:50.48
22:06:41.808 [INFO] (off_policy_trainer_carla.py:497) Total Episode:    12 Steps:    2293 Episode Steps:   217 Return:  1.0000 Success:  0.20, D: 0.00 FPS:54.26
22:06:46.103 [INFO] (off_policy_trainer_carla.py:497) Total Episode:    13 Steps:    2522 Episode Steps:   229 Return:  1.0000 Success:  0.25, D: 0.00 FPS:53.34
22:06:49.781 [INFO] (off_policy_trainer_carla.py:497) Total Episode:    14 Steps:    2696 Episode Steps:   174 Return:  1.0000 Success:  0.30, D: 0.00 FPS:47.36
22:06:53.577 [INFO] (off_policy_trainer_carla.py:497) Total Episode:    15 Steps:    2882 Episode Steps:   186 Return:  1.0000 Success:  0.35, D: 0.00 FPS:49.02
22:06:58.856 [INFO] (off_policy_trainer_carla.py:497) Total Episode:    16 Steps:    3184 Episode Steps:   302 Return:  0.0000 Success:  0.35, D: 0.00 FPS:57.29
22:07:02.984 [INFO] (off_policy_trainer_carla.py:497) Total Episode:    17 Steps:    3387 Episode Steps:   203 Return:  1.0000 Success:  0.40, D: 0.00 FPS:49.21
22:07:07.093 [INFO] (off_policy_trainer_carla.py:497) Total Episode:    18 Steps:    3592 Episode Steps:   205 Return:  1.0000 Success:  0.45, D: 0.00 FPS:49.93
22:07:12.184 [INFO] (off_policy_trainer_carla.py:497) Total Episode:    19 Steps:    3811 Episode Steps:   219 Return:  1.0000 Success:  0.50, D: 0.00 FPS:43.04
22:07:18.052 [INFO] (off_policy_trainer_carla.py:497) Total Episode:    20 Steps:    4113 Episode Steps:   302 Return:  0.0000 Success:  0.50, D: 0.00 FPS:51.49
22:07:23.222 [INFO] (off_policy_trainer_carla.py:497) Total Episode:    21 Steps:    4415 Episode Steps:   302 Return:  0.0000 Success:  0.50, D: 0.00 FPS:58.44
22:07:25.832 [INFO] (off_policy_trainer_carla.py:497) Total Episode:    22 Steps:    4523 Episode Steps:   108 Return: -1.0000 Success:  0.50, D: 0.00 FPS:41.41
22:07:28.278 [INFO] (off_policy_trainer_carla.py:497) Total Episode:    23 Steps:    4622 Episode Steps:    99 Return: -1.0000 Success:  0.50, D: 0.00 FPS:40.51
22:07:32.549 [INFO] (off_policy_trainer_carla.py:497) Total Episode:    24 Steps:    4860 Episode Steps:   238 Return:  1.0000 Success:  0.55, D: 0.00 FPS:55.77
22:07:35.693 [INFO] (off_policy_trainer_carla.py:497) Total Episode:    25 Steps:    4998 Episode Steps:   138 Return:  0.0000 Success:  0.50, D: 0.00 FPS:43.92
22:09:11.632 [INFO] (off_policy_trainer_carla.py:497) Total Episode:    26 Steps:    5227 Episode Steps:   229 Return:  1.0000 Success:  0.50, D: 0.00 FPS: 2.39
22:09:30.563 [INFO] (off_policy_trainer_carla.py:497) Total Episode:    27 Steps:    5352 Episode Steps:   125 Return: -1.0000 Success:  0.50, D: 0.00 FPS: 6.60
22:10:02.304 [INFO] (off_policy_trainer_carla.py:497) Total Episode:    28 Steps:    5567 Episode Steps:   215 Return:  1.0000 Success:  0.50, D: 0.00 FPS: 6.77
22:10:27.242 [INFO] (off_policy_trainer_carla.py:497) Total Episode:    29 Steps:    5734 Episode Steps:   167 Return: -1.0000 Success:  0.50, D: 0.00 FPS: 6.70
22:10:55.224 [INFO] (off_policy_trainer_carla.py:497) Total Episode:    30 Steps:    5921 Episode Steps:   187 Return:  0.0000 Success:  0.50, D: 0.00 FPS: 6.68
22:11:28.039 [INFO] (off_policy_trainer_carla.py:497) Total Episode:    31 Steps:    6142 Episode Steps:   221 Return:  1.0000 Success:  0.55, D: 0.00 FPS: 6.74
22:11:46.489 [INFO] (off_policy_trainer_carla.py:497) Total Episode:    32 Steps:    6263 Episode Steps:   121 Return: -1.0000 Success:  0.50, D: 0.00 FPS: 6.56
22:12:05.023 [INFO] (off_policy_trainer_carla.py:497) Total Episode:    33 Steps:    6384 Episode Steps:   121 Return: -1.0000 Success:  0.45, D: 0.00 FPS: 6.53
22:12:38.232 [INFO] (off_policy_trainer_carla.py:497) Total Episode:    34 Steps:    6608 Episode Steps:   224 Return:  1.0000 Success:  0.45, D: 0.00 FPS: 6.75
22:12:53.775 [INFO] (off_policy_trainer_carla.py:497) Total Episode:    35 Steps:    6709 Episode Steps:   101 Return: -1.0000 Success:  0.40, D: 0.00 FPS: 6.50
22:13:26.894 [INFO] (off_policy_trainer_carla.py:497) Total Episode:    36 Steps:    6934 Episode Steps:   225 Return:  1.0000 Success:  0.45, D: 0.00 FPS: 6.79
22:13:59.641 [INFO] (off_policy_trainer_carla.py:497) Total Episode:    37 Steps:    7154 Episode Steps:   220 Return:  1.0000 Success:  0.45, D: 0.00 FPS: 6.72
22:14:31.049 [INFO] (off_policy_trainer_carla.py:497) Total Episode:    38 Steps:    7366 Episode Steps:   212 Return:  0.0000 Success:  0.40, D: 0.00 FPS: 6.75
22:14:48.363 [INFO] (off_policy_trainer_carla.py:497) Total Episode:    39 Steps:    7479 Episode Steps:   113 Return: -1.0000 Success:  0.35, D: 0.00 FPS: 6.53
22:15:05.991 [INFO] (off_policy_trainer_carla.py:497) Total Episode:    40 Steps:    7594 Episode Steps:   115 Return: -1.0000 Success:  0.35, D: 0.00 FPS: 6.52
22:15:20.842 [INFO] (off_policy_trainer_carla.py:497) Total Episode:    41 Steps:    7690 Episode Steps:    96 Return: -1.0000 Success:  0.35, D: 0.00 FPS: 6.47
22:15:50.457 [INFO] (off_policy_trainer_carla.py:497) Total Episode:    42 Steps:    7889 Episode Steps:   199 Return:  1.0000 Success:  0.40, D: 0.00 FPS: 6.72
22:16:19.694 [INFO] (off_policy_trainer_carla.py:497) Total Episode:    43 Steps:    8086 Episode Steps:   197 Return:  1.0000 Success:  0.45, D: 0.00 FPS: 6.74
22:16:41.765 [INFO] (off_policy_trainer_carla.py:497) Total Episode:    44 Steps:    8233 Episode Steps:   147 Return: -1.0000 Success:  0.40, D: 0.00 FPS: 6.66
22:17:01.486 [INFO] (off_policy_trainer_carla.py:497) Total Episode:    45 Steps:    8355 Episode Steps:   122 Return:  0.0000 Success:  0.40, D: 0.00 FPS: 6.19
22:17:37.419 [INFO] (off_policy_trainer_carla.py:497) Total Episode:    46 Steps:    8580 Episode Steps:   225 Return:  1.0000 Success:  0.40, D: 0.00 FPS: 6.26
22:17:58.156 [INFO] (off_policy_trainer_carla.py:497) Total Episode:    47 Steps:    8702 Episode Steps:   122 Return: -1.0000 Success:  0.40, D: 0.00 FPS: 5.88
22:18:43.392 [INFO] (off_policy_trainer_carla.py:497) Total Episode:    48 Steps:    9004 Episode Steps:   302 Return:  0.0000 Success:  0.35, D: 0.00 FPS: 6.68
22:19:28.320 [INFO] (off_policy_trainer_carla.py:497) Total Episode:    49 Steps:    9306 Episode Steps:   302 Return:  0.0000 Success:  0.35, D: 0.00 FPS: 6.72
22:20:00.581 [INFO] (off_policy_trainer_carla.py:497) Total Episode:    50 Steps:    9524 Episode Steps:   218 Return:  1.0000 Success:  0.40, D: 0.00 FPS: 6.76
22:20:29.934 [INFO] (off_policy_trainer_carla.py:497) Total Episode:    51 Steps:    9721 Episode Steps:   197 Return:  1.0000 Success:  0.40, D: 0.00 FPS: 6.71
22:20:50.820 [INFO] (off_policy_trainer_carla.py:497) Total Episode:    52 Steps:    9857 Episode Steps:   136 Return: -1.0000 Success:  0.40, D: 0.00 FPS: 6.51
22:21:23.002 [INFO] (off_policy_trainer_carla.py:497) Total Episode:    53 Steps:   10074 Episode Steps:   217 Return:  1.0000 Success:  0.45, D: 0.00 FPS: 6.74
22:21:53.124 [INFO] (off_policy_trainer_carla.py:497) Total Episode:    54 Steps:   10276 Episode Steps:   202 Return:  1.0000 Success:  0.45, D: 0.00 FPS: 6.71
22:22:10.955 [INFO] (off_policy_trainer_carla.py:497) Total Episode:    55 Steps:   10392 Episode Steps:   116 Return: -1.0000 Success:  0.45, D: 0.00 FPS: 6.51
22:22:35.177 [INFO] (off_policy_trainer_carla.py:497) Total Episode:    56 Steps:   10552 Episode Steps:   160 Return: -1.0000 Success:  0.40, D: 0.00 FPS: 6.61
22:22:58.398 [INFO] (off_policy_trainer_carla.py:497) Total Episode:    57 Steps:   10700 Episode Steps:   148 Return: -1.0000 Success:  0.35, D: 0.00 FPS: 6.37
22:23:47.411 [INFO] (off_policy_trainer_carla.py:497) Total Episode:    58 Steps:   11002 Episode Steps:   302 Return:  0.0000 Success:  0.35, D: 0.00 FPS: 6.16
22:24:07.446 [INFO] (off_policy_trainer_carla.py:497) Total Episode:    59 Steps:   11127 Episode Steps:   125 Return: -1.0000 Success:  0.35, D: 0.00 FPS: 6.24
22:24:53.292 [INFO] (off_policy_trainer_carla.py:497) Total Episode:    60 Steps:   11429 Episode Steps:   302 Return:  0.0000 Success:  0.35, D: 0.00 FPS: 6.59
22:25:10.013 [INFO] (off_policy_trainer_carla.py:497) Total Episode:    61 Steps:   11538 Episode Steps:   109 Return: -1.0000 Success:  0.35, D: 0.00 FPS: 6.52
22:25:30.894 [INFO] (off_policy_trainer_carla.py:497) Total Episode:    62 Steps:   11675 Episode Steps:   137 Return:  0.0000 Success:  0.30, D: 0.00 FPS: 6.56
22:26:03.767 [INFO] (off_policy_trainer_carla.py:497) Total Episode:    63 Steps:   11896 Episode Steps:   221 Return:  1.0000 Success:  0.30, D: 0.00 FPS: 6.72
22:26:27.390 [INFO] (off_policy_trainer_carla.py:497) Total Episode:    64 Steps:   12053 Episode Steps:   157 Return:  0.0000 Success:  0.30, D: 0.00 FPS: 6.65
22:27:11.867 [INFO] (off_policy_trainer_carla.py:497) Total Episode:    65 Steps:   12355 Episode Steps:   302 Return:  0.0000 Success:  0.30, D: 0.00 FPS: 6.79
22:27:29.736 [INFO] (off_policy_trainer_carla.py:497) Total Episode:    66 Steps:   12470 Episode Steps:   115 Return: -1.0000 Success:  0.25, D: 0.00 FPS: 6.44
22:28:14.924 [INFO] (off_policy_trainer_carla.py:497) Total Episode:    67 Steps:   12772 Episode Steps:   302 Return:  0.0000 Success:  0.25, D: 0.00 FPS: 6.68
22:28:48.126 [INFO] (off_policy_trainer_carla.py:497) Total Episode:    68 Steps:   12986 Episode Steps:   214 Return:  1.0000 Success:  0.30, D: 0.00 FPS: 6.45
22:29:14.059 [INFO] (off_policy_trainer_carla.py:497) Total Episode:    69 Steps:   13152 Episode Steps:   166 Return:  0.0000 Success:  0.30, D: 0.00 FPS: 6.40
22:29:32.432 [INFO] (off_policy_trainer_carla.py:497) Total Episode:    70 Steps:   13267 Episode Steps:   115 Return: -1.0000 Success:  0.25, D: 0.00 FPS: 6.26
22:30:03.444 [INFO] (off_policy_trainer_carla.py:497) Total Episode:    71 Steps:   13468 Episode Steps:   201 Return:  1.0000 Success:  0.25, D: 0.00 FPS: 6.48
22:30:39.772 [INFO] (off_policy_trainer_carla.py:497) Total Episode:    72 Steps:   13710 Episode Steps:   242 Return:  1.0000 Success:  0.30, D: 0.00 FPS: 6.66
22:30:57.425 [INFO] (off_policy_trainer_carla.py:497) Total Episode:    73 Steps:   13824 Episode Steps:   114 Return: -1.0000 Success:  0.25, D: 0.00 FPS: 6.46
22:31:32.247 [INFO] (off_policy_trainer_carla.py:497) Total Episode:    74 Steps:   14040 Episode Steps:   216 Return:  0.0000 Success:  0.20, D: 0.00 FPS: 6.20
22:32:16.985 [INFO] (off_policy_trainer_carla.py:497) Total Episode:    75 Steps:   14342 Episode Steps:   302 Return:  0.0000 Success:  0.20, D: 0.00 FPS: 6.75
22:32:34.658 [INFO] (off_policy_trainer_carla.py:497) Total Episode:    76 Steps:   14456 Episode Steps:   114 Return: -1.0000 Success:  0.20, D: 0.00 FPS: 6.45
22:33:11.483 [INFO] (off_policy_trainer_carla.py:497) Total Episode:    77 Steps:   14704 Episode Steps:   248 Return:  1.0000 Success:  0.25, D: 0.00 FPS: 6.73
22:33:56.045 [INFO] (off_policy_trainer_carla.py:497) Total Episode:    78 Steps:   15006 Episode Steps:   302 Return:  0.0000 Success:  0.25, D: 0.00 FPS: 6.78
22:34:26.953 [INFO] (off_policy_trainer_carla.py:497) Total Episode:    79 Steps:   15213 Episode Steps:   207 Return:  1.0000 Success:  0.30, D: 0.00 FPS: 6.70
22:34:54.212 [INFO] (off_policy_trainer_carla.py:497) Total Episode:    80 Steps:   15391 Episode Steps:   178 Return:  1.0000 Success:  0.35, D: 0.00 FPS: 6.53
22:35:25.850 [INFO] (off_policy_trainer_carla.py:497) Total Episode:    81 Steps:   15602 Episode Steps:   211 Return:  1.0000 Success:  0.40, D: 0.00 FPS: 6.67
22:35:54.865 [INFO] (off_policy_trainer_carla.py:497) Total Episode:    82 Steps:   15794 Episode Steps:   192 Return:  1.0000 Success:  0.45, D: 0.00 FPS: 6.62
22:36:43.176 [INFO] (off_policy_trainer_carla.py:497) Total Episode:    83 Steps:   16096 Episode Steps:   302 Return:  0.0000 Success:  0.40, D: 0.00 FPS: 6.25
22:37:18.067 [INFO] (off_policy_trainer_carla.py:497) Total Episode:    84 Steps:   16311 Episode Steps:   215 Return:  1.0000 Success:  0.45, D: 0.00 FPS: 6.16
22:38:05.782 [INFO] (off_policy_trainer_carla.py:497) Total Episode:    85 Steps:   16613 Episode Steps:   302 Return:  0.0000 Success:  0.45, D: 0.00 FPS: 6.33
22:38:41.841 [INFO] (off_policy_trainer_carla.py:497) Total Episode:    86 Steps:   16846 Episode Steps:   233 Return:  1.0000 Success:  0.50, D: 0.00 FPS: 6.46
22:38:57.737 [INFO] (off_policy_trainer_carla.py:497) Total Episode:    87 Steps:   16947 Episode Steps:   101 Return: -1.0000 Success:  0.50, D: 0.00 FPS: 6.35
22:39:42.671 [INFO] (off_policy_trainer_carla.py:497) Total Episode:    88 Steps:   17249 Episode Steps:   302 Return:  0.0000 Success:  0.45, D: 0.00 FPS: 6.72
22:40:27.666 [INFO] (off_policy_trainer_carla.py:497) Total Episode:    89 Steps:   17551 Episode Steps:   302 Return:  0.0000 Success:  0.45, D: 0.00 FPS: 6.71
22:40:44.788 [INFO] (off_policy_trainer_carla.py:497) Total Episode:    90 Steps:   17651 Episode Steps:   100 Return: -1.0000 Success:  0.45, D: 0.00 FPS: 5.84
22:41:12.113 [INFO] (off_policy_trainer_carla.py:497) Total Episode:    91 Steps:   17830 Episode Steps:   179 Return:  0.0000 Success:  0.40, D: 0.00 FPS: 6.55
22:41:27.242 [INFO] (off_policy_trainer_carla.py:497) Total Episode:    92 Steps:   17927 Episode Steps:    97 Return: -1.0000 Success:  0.35, D: 0.00 FPS: 6.41
22:42:14.892 [INFO] (off_policy_trainer_carla.py:497) Total Episode:    93 Steps:   18229 Episode Steps:   302 Return:  0.0000 Success:  0.35, D: 0.00 FPS: 6.34
22:42:34.524 [INFO] (off_policy_trainer_carla.py:497) Total Episode:    94 Steps:   18349 Episode Steps:   120 Return: -1.0000 Success:  0.35, D: 0.00 FPS: 6.11
22:42:55.927 [INFO] (off_policy_trainer_carla.py:497) Total Episode:    95 Steps:   18489 Episode Steps:   140 Return: -1.0000 Success:  0.35, D: 0.00 FPS: 6.54
22:43:29.143 [INFO] (off_policy_trainer_carla.py:497) Total Episode:    96 Steps:   18707 Episode Steps:   218 Return:  1.0000 Success:  0.40, D: 0.00 FPS: 6.56
22:43:45.253 [INFO] (off_policy_trainer_carla.py:497) Total Episode:    97 Steps:   18809 Episode Steps:   102 Return: -1.0000 Success:  0.35, D: 0.00 FPS: 6.33
22:44:02.902 [INFO] (off_policy_trainer_carla.py:497) Total Episode:    98 Steps:   18919 Episode Steps:   110 Return: -1.0000 Success:  0.35, D: 0.00 FPS: 6.23
22:44:17.950 [INFO] (off_policy_trainer_carla.py:497) Total Episode:    99 Steps:   19014 Episode Steps:    95 Return: -1.0000 Success:  0.30, D: 0.00 FPS: 6.31
22:45:03.606 [INFO] (off_policy_trainer_carla.py:497) Total Episode:   100 Steps:   19316 Episode Steps:   302 Return:  0.0000 Success:  0.25, D: 0.00 FPS: 6.62
22:45:48.972 [INFO] (off_policy_trainer_carla.py:497) Total Episode:   101 Steps:   19618 Episode Steps:   302 Return:  0.0000 Success:  0.20, D: 0.00 FPS: 6.66
22:46:25.709 [INFO] (off_policy_trainer_carla.py:497) Total Episode:   102 Steps:   19854 Episode Steps:   236 Return:  1.0000 Success:  0.20, D: 0.00 FPS: 6.42
22:46:48.590 [INFO] (off_policy_trainer_carla.py:497) Total Episode:   103 Steps:   19996 Episode Steps:   142 Return: -1.0000 Success:  0.20, D: 0.00 FPS: 6.21
22:47:22.281 [INFO] (off_policy_trainer_carla.py:497) Total Episode:   104 Steps:   20215 Episode Steps:   219 Return:  1.0000 Success:  0.20, D: 0.00 FPS: 6.50
22:47:38.910 [INFO] (off_policy_trainer_carla.py:497) Total Episode:   105 Steps:   20321 Episode Steps:   106 Return: -1.0000 Success:  0.20, D: 0.00 FPS: 6.38
22:47:57.986 [INFO] (off_policy_trainer_carla.py:497) Total Episode:   106 Steps:   20445 Episode Steps:   124 Return: -1.0000 Success:  0.15, D: 0.00 FPS: 6.50
22:48:36.375 [INFO] (off_policy_trainer_carla.py:497) Total Episode:   107 Steps:   20697 Episode Steps:   252 Return:  0.0000 Success:  0.15, D: 0.00 FPS: 6.56
22:49:04.015 [INFO] (off_policy_trainer_carla.py:497) Total Episode:   108 Steps:   20872 Episode Steps:   175 Return: -1.0000 Success:  0.15, D: 0.00 FPS: 6.33
22:49:36.996 [INFO] (off_policy_trainer_carla.py:497) Total Episode:   109 Steps:   21086 Episode Steps:   214 Return:  1.0000 Success:  0.20, D: 0.00 FPS: 6.49
22:50:22.517 [INFO] (off_policy_trainer_carla.py:497) Total Episode:   110 Steps:   21388 Episode Steps:   302 Return:  0.0000 Success:  0.20, D: 0.00 FPS: 6.63
22:50:55.284 [INFO] (off_policy_trainer_carla.py:497) Total Episode:   111 Steps:   21600 Episode Steps:   212 Return:  1.0000 Success:  0.25, D: 0.00 FPS: 6.47
22:51:22.394 [INFO] (off_policy_trainer_carla.py:497) Total Episode:   112 Steps:   21776 Episode Steps:   176 Return:  0.0000 Success:  0.25, D: 0.00 FPS: 6.49
22:51:55.664 [INFO] (off_policy_trainer_carla.py:497) Total Episode:   113 Steps:   21993 Episode Steps:   217 Return:  1.0000 Success:  0.30, D: 0.00 FPS: 6.52
22:52:27.146 [INFO] (off_policy_trainer_carla.py:497) Total Episode:   114 Steps:   22203 Episode Steps:   210 Return:  1.0000 Success:  0.35, D: 0.00 FPS: 6.67
22:53:18.972 [INFO] (off_policy_trainer_carla.py:497) Total Episode:   115 Steps:   22409 Episode Steps:   206 Return:  1.0000 Success:  0.40, D: 0.00 FPS: 3.98
22:53:37.019 [INFO] (off_policy_trainer_carla.py:497) Total Episode:   116 Steps:   22520 Episode Steps:   111 Return: -1.0000 Success:  0.35, D: 0.00 FPS: 6.16
22:54:23.336 [INFO] (off_policy_trainer_carla.py:497) Total Episode:   117 Steps:   22822 Episode Steps:   302 Return:  0.0000 Success:  0.35, D: 0.00 FPS: 6.52
22:54:54.509 [INFO] (off_policy_trainer_carla.py:497) Total Episode:   118 Steps:   23020 Episode Steps:   198 Return: -1.0000 Success:  0.35, D: 0.00 FPS: 6.35
22:55:31.204 [INFO] (off_policy_trainer_carla.py:497) Total Episode:   119 Steps:   23264 Episode Steps:   244 Return:  1.0000 Success:  0.40, D: 0.00 FPS: 6.65
22:56:05.853 [INFO] (off_policy_trainer_carla.py:497) Total Episode:   120 Steps:   23497 Episode Steps:   233 Return:  1.0000 Success:  0.45, D: 0.00 FPS: 6.73
22:56:40.568 [INFO] (off_policy_trainer_carla.py:497) Total Episode:   121 Steps:   23729 Episode Steps:   232 Return:  1.0000 Success:  0.50, D: 0.00 FPS: 6.68
22:56:56.673 [INFO] (off_policy_trainer_carla.py:497) Total Episode:   122 Steps:   23833 Episode Steps:   104 Return: -1.0000 Success:  0.45, D: 0.00 FPS: 6.46
22:57:16.029 [INFO] (off_policy_trainer_carla.py:497) Total Episode:   123 Steps:   23953 Episode Steps:   120 Return: -1.0000 Success:  0.45, D: 0.00 FPS: 6.20
22:57:35.356 [INFO] (off_policy_trainer_carla.py:497) Total Episode:   124 Steps:   24074 Episode Steps:   121 Return: -1.0000 Success:  0.40, D: 0.00 FPS: 6.26
22:58:22.383 [INFO] (off_policy_trainer_carla.py:497) Total Episode:   125 Steps:   24376 Episode Steps:   302 Return:  0.0000 Success:  0.40, D: 0.00 FPS: 6.42
22:58:44.818 [INFO] (off_policy_trainer_carla.py:497) Total Episode:   126 Steps:   24515 Episode Steps:   139 Return: -1.0000 Success:  0.40, D: 0.00 FPS: 6.20
22:59:30.628 [INFO] (off_policy_trainer_carla.py:497) Total Episode:   127 Steps:   24817 Episode Steps:   302 Return:  0.0000 Success:  0.40, D: 0.00 FPS: 6.59
22:59:47.911 [INFO] (off_policy_trainer_carla.py:497) Total Episode:   128 Steps:   24929 Episode Steps:   112 Return: -1.0000 Success:  0.40, D: 0.00 FPS: 6.48
23:00:21.466 [INFO] (off_policy_trainer_carla.py:497) Total Episode:   129 Steps:   25149 Episode Steps:   220 Return:  1.0000 Success:  0.40, D: 0.00 FPS: 6.56
23:00:37.241 [INFO] (off_policy_trainer_carla.py:497) Total Episode:   130 Steps:   25245 Episode Steps:    96 Return: -1.0000 Success:  0.40, D: 0.00 FPS: 6.09
23:01:11.237 [INFO] (off_policy_trainer_carla.py:497) Total Episode:   131 Steps:   25463 Episode Steps:   218 Return:  1.0000 Success:  0.40, D: 0.00 FPS: 6.41
23:01:44.808 [INFO] (off_policy_trainer_carla.py:497) Total Episode:   132 Steps:   25686 Episode Steps:   223 Return:  1.0000 Success:  0.45, D: 0.00 FPS: 6.64
23:02:17.422 [INFO] (off_policy_trainer_carla.py:497) Total Episode:   133 Steps:   25903 Episode Steps:   217 Return:  1.0000 Success:  0.45, D: 0.00 FPS: 6.65
23:02:49.588 [INFO] (off_policy_trainer_carla.py:497) Total Episode:   134 Steps:   26111 Episode Steps:   208 Return:  1.0000 Success:  0.45, D: 0.00 FPS: 6.47
23:03:27.922 [INFO] (off_policy_trainer_carla.py:497) Total Episode:   135 Steps:   26359 Episode Steps:   248 Return:  1.0000 Success:  0.45, D: 0.00 FPS: 6.47
23:04:13.796 [INFO] (off_policy_trainer_carla.py:497) Total Episode:   136 Steps:   26661 Episode Steps:   302 Return:  0.0000 Success:  0.45, D: 0.00 FPS: 6.58
23:04:44.165 [INFO] (off_policy_trainer_carla.py:497) Total Episode:   137 Steps:   26860 Episode Steps:   199 Return:  1.0000 Success:  0.50, D: 0.00 FPS: 6.55
23:05:14.011 [INFO] (off_policy_trainer_carla.py:497) Total Episode:   138 Steps:   27055 Episode Steps:   195 Return:  1.0000 Success:  0.55, D: 0.00 FPS: 6.53
23:05:53.900 [INFO] (off_policy_trainer_carla.py:497) Total Episode:   139 Steps:   27314 Episode Steps:   259 Return:  1.0000 Success:  0.55, D: 0.00 FPS: 6.49
23:06:26.414 [INFO] (off_policy_trainer_carla.py:497) Total Episode:   140 Steps:   27533 Episode Steps:   219 Return:  1.0000 Success:  0.55, D: 0.00 FPS: 6.74
23:06:48.194 [INFO] (off_policy_trainer_carla.py:497) Total Episode:   141 Steps:   27677 Episode Steps:   144 Return: -1.0000 Success:  0.50, D: 0.00 FPS: 6.61
23:07:16.932 [INFO] (off_policy_trainer_carla.py:497) Total Episode:   142 Steps:   27871 Episode Steps:   194 Return:  0.0000 Success:  0.50, D: 0.00 FPS: 6.75
23:07:41.468 [INFO] (off_policy_trainer_carla.py:497) Total Episode:   143 Steps:   28029 Episode Steps:   158 Return: -1.0000 Success:  0.50, D: 0.00 FPS: 6.44
23:08:13.852 [INFO] (off_policy_trainer_carla.py:497) Total Episode:   144 Steps:   28244 Episode Steps:   215 Return:  1.0000 Success:  0.55, D: 0.00 FPS: 6.64
23:08:31.609 [INFO] (off_policy_trainer_carla.py:497) Total Episode:   145 Steps:   28355 Episode Steps:   111 Return: -1.0000 Success:  0.55, D: 0.00 FPS: 6.25
23:08:55.634 [INFO] (off_policy_trainer_carla.py:497) Total Episode:   146 Steps:   28507 Episode Steps:   152 Return:  0.0000 Success:  0.55, D: 0.00 FPS: 6.33
23:09:28.513 [INFO] (off_policy_trainer_carla.py:497) Total Episode:   147 Steps:   28716 Episode Steps:   209 Return:  1.0000 Success:  0.60, D: 0.00 FPS: 6.36
23:10:18.014 [INFO] (off_policy_trainer_carla.py:497) Total Episode:   148 Steps:   29018 Episode Steps:   302 Return:  0.0000 Success:  0.60, D: 0.00 FPS: 6.10
23:10:52.508 [INFO] (off_policy_trainer_carla.py:497) Total Episode:   149 Steps:   29244 Episode Steps:   226 Return:  1.0000 Success:  0.60, D: 0.00 FPS: 6.55
23:11:38.017 [INFO] (off_policy_trainer_carla.py:497) Total Episode:   150 Steps:   29546 Episode Steps:   302 Return:  0.0000 Success:  0.60, D: 0.00 FPS: 6.64
23:12:10.433 [INFO] (off_policy_trainer_carla.py:497) Total Episode:   151 Steps:   29759 Episode Steps:   213 Return:  1.0000 Success:  0.60, D: 0.00 FPS: 6.57
23:12:41.553 [INFO] (off_policy_trainer_carla.py:497) Total Episode:   152 Steps:   29964 Episode Steps:   205 Return:  1.0000 Success:  0.60, D: 0.00 FPS: 6.59
23:13:18.572 [INFO] (off_policy_trainer_carla.py:497) Total Episode:   153 Steps:   30202 Episode Steps:   238 Return:  1.0000 Success:  0.60, D: 0.00 FPS: 6.43
23:13:55.445 [INFO] (off_policy_trainer_carla.py:497) Total Episode:   154 Steps:   30441 Episode Steps:   239 Return:  1.0000 Success:  0.60, D: 0.00 FPS: 6.48
23:14:29.786 [INFO] (off_policy_trainer_carla.py:497) Total Episode:   155 Steps:   30661 Episode Steps:   220 Return:  1.0000 Success:  0.60, D: 0.00 FPS: 6.41
23:15:14.548 [INFO] (off_policy_trainer_carla.py:497) Total Episode:   156 Steps:   30963 Episode Steps:   302 Return:  0.0000 Success:  0.60, D: 0.00 FPS: 6.75
23:15:40.252 [INFO] (off_policy_trainer_carla.py:497) Total Episode:   157 Steps:   31131 Episode Steps:   168 Return:  0.0000 Success:  0.55, D: 0.00 FPS: 6.54
23:16:17.427 [INFO] (off_policy_trainer_carla.py:497) Total Episode:   158 Steps:   31369 Episode Steps:   238 Return:  1.0000 Success:  0.55, D: 0.00 FPS: 6.40
23:17:02.842 [INFO] (off_policy_trainer_carla.py:497) Total Episode:   159 Steps:   31671 Episode Steps:   302 Return:  0.0000 Success:  0.50, D: 0.00 FPS: 6.65
23:17:50.306 [INFO] (off_policy_trainer_carla.py:497) Total Episode:   160 Steps:   31973 Episode Steps:   302 Return:  0.0000 Success:  0.45, D: 0.00 FPS: 6.36
23:18:20.396 [INFO] (off_policy_trainer_carla.py:497) Total Episode:   161 Steps:   32173 Episode Steps:   200 Return:  1.0000 Success:  0.50, D: 0.00 FPS: 6.65
23:18:52.599 [INFO] (off_policy_trainer_carla.py:497) Total Episode:   162 Steps:   32383 Episode Steps:   210 Return:  1.0000 Success:  0.55, D: 0.00 FPS: 6.52
23:19:12.375 [INFO] (off_policy_trainer_carla.py:497) Total Episode:   163 Steps:   32512 Episode Steps:   129 Return: -1.0000 Success:  0.55, D: 0.00 FPS: 6.52
23:19:32.431 [INFO] (off_policy_trainer_carla.py:497) Total Episode:   164 Steps:   32640 Episode Steps:   128 Return: -1.0000 Success:  0.50, D: 0.00 FPS: 6.38
23:20:19.393 [INFO] (off_policy_trainer_carla.py:497) Total Episode:   165 Steps:   32942 Episode Steps:   302 Return:  0.0000 Success:  0.50, D: 0.00 FPS: 6.43
23:21:02.912 [INFO] (off_policy_trainer_carla.py:497) Total Episode:   166 Steps:   33232 Episode Steps:   290 Return:  1.0000 Success:  0.55, D: 0.00 FPS: 6.66
23:21:23.149 [INFO] (off_policy_trainer_carla.py:497) Total Episode:   167 Steps:   33362 Episode Steps:   130 Return: -1.0000 Success:  0.50, D: 0.00 FPS: 6.42
23:22:02.840 [INFO] (off_policy_trainer_carla.py:497) Total Episode:   168 Steps:   33627 Episode Steps:   265 Return:  1.0000 Success:  0.55, D: 0.00 FPS: 6.68
23:22:38.324 [INFO] (off_policy_trainer_carla.py:497) Total Episode:   169 Steps:   33859 Episode Steps:   232 Return:  1.0000 Success:  0.55, D: 0.00 FPS: 6.54
23:22:58.106 [INFO] (off_policy_trainer_carla.py:497) Total Episode:   170 Steps:   33988 Episode Steps:   129 Return: -1.0000 Success:  0.55, D: 0.00 FPS: 6.52
23:23:42.937 [INFO] (off_policy_trainer_carla.py:497) Total Episode:   171 Steps:   34290 Episode Steps:   302 Return:  0.0000 Success:  0.50, D: 0.00 FPS: 6.74
23:24:14.069 [INFO] (off_policy_trainer_carla.py:497) Total Episode:   172 Steps:   34498 Episode Steps:   208 Return:  1.0000 Success:  0.50, D: 0.00 FPS: 6.68
23:24:33.644 [INFO] (off_policy_trainer_carla.py:497) Total Episode:   173 Steps:   34624 Episode Steps:   126 Return: -1.0000 Success:  0.45, D: 0.00 FPS: 6.44
23:25:18.530 [INFO] (off_policy_trainer_carla.py:497) Total Episode:   174 Steps:   34926 Episode Steps:   302 Return:  0.0000 Success:  0.40, D: 0.00 FPS: 6.73
23:25:52.152 [INFO] (off_policy_trainer_carla.py:497) Total Episode:   175 Steps:   35150 Episode Steps:   224 Return:  1.0000 Success:  0.40, D: 0.00 FPS: 6.66
23:26:21.658 [INFO] (off_policy_trainer_carla.py:497) Total Episode:   176 Steps:   35341 Episode Steps:   191 Return:  0.0000 Success:  0.40, D: 0.00 FPS: 6.47
23:26:49.524 [INFO] (off_policy_trainer_carla.py:497) Total Episode:   177 Steps:   35526 Episode Steps:   185 Return:  0.0000 Success:  0.40, D: 0.00 FPS: 6.64
23:27:23.149 [INFO] (off_policy_trainer_carla.py:497) Total Episode:   178 Steps:   35751 Episode Steps:   225 Return:  1.0000 Success:  0.40, D: 0.00 FPS: 6.69
23:28:00.817 [INFO] (off_policy_trainer_carla.py:497) Total Episode:   179 Steps:   36001 Episode Steps:   250 Return:  1.0000 Success:  0.45, D: 0.00 FPS: 6.64
23:28:32.551 [INFO] (off_policy_trainer_carla.py:497) Total Episode:   180 Steps:   36207 Episode Steps:   206 Return:  1.0000 Success:  0.50, D: 0.00 FPS: 6.49
23:29:10.522 [INFO] (off_policy_trainer_carla.py:497) Total Episode:   181 Steps:   36453 Episode Steps:   246 Return:  0.0000 Success:  0.45, D: 0.00 FPS: 6.48
23:29:41.775 [INFO] (off_policy_trainer_carla.py:497) Total Episode:   182 Steps:   36655 Episode Steps:   202 Return:  1.0000 Success:  0.45, D: 0.00 FPS: 6.46
23:30:27.594 [INFO] (off_policy_trainer_carla.py:497) Total Episode:   183 Steps:   36957 Episode Steps:   302 Return:  0.0000 Success:  0.45, D: 0.00 FPS: 6.59
23:31:07.762 [INFO] (off_policy_trainer_carla.py:497) Total Episode:   184 Steps:   37222 Episode Steps:   265 Return:  1.0000 Success:  0.50, D: 0.00 FPS: 6.60
23:31:27.054 [INFO] (off_policy_trainer_carla.py:497) Total Episode:   185 Steps:   37343 Episode Steps:   121 Return: -1.0000 Success:  0.50, D: 0.00 FPS: 6.27
23:32:02.745 [INFO] (off_policy_trainer_carla.py:497) Total Episode:   186 Steps:   37566 Episode Steps:   223 Return:  1.0000 Success:  0.50, D: 0.00 FPS: 6.25
23:32:33.304 [INFO] (off_policy_trainer_carla.py:497) Total Episode:   187 Steps:   37765 Episode Steps:   199 Return:  0.0000 Success:  0.50, D: 0.00 FPS: 6.51
23:32:52.895 [INFO] (off_policy_trainer_carla.py:497) Total Episode:   188 Steps:   37893 Episode Steps:   128 Return: -1.0000 Success:  0.45, D: 0.00 FPS: 6.53
23:33:30.017 [INFO] (off_policy_trainer_carla.py:497) Total Episode:   189 Steps:   38139 Episode Steps:   246 Return:  0.0000 Success:  0.40, D: 0.00 FPS: 6.63
23:34:10.508 [INFO] (off_policy_trainer_carla.py:497) Total Episode:   190 Steps:   38407 Episode Steps:   268 Return:  0.0000 Success:  0.40, D: 0.00 FPS: 6.62
23:34:46.496 [INFO] (off_policy_trainer_carla.py:497) Total Episode:   191 Steps:   38649 Episode Steps:   242 Return:  1.0000 Success:  0.45, D: 0.00 FPS: 6.72
23:35:21.009 [INFO] (off_policy_trainer_carla.py:497) Total Episode:   192 Steps:   38879 Episode Steps:   230 Return:  1.0000 Success:  0.45, D: 0.00 FPS: 6.66
23:36:05.631 [INFO] (off_policy_trainer_carla.py:497) Total Episode:   193 Steps:   39181 Episode Steps:   302 Return:  0.0000 Success:  0.45, D: 0.00 FPS: 6.77
23:36:42.723 [INFO] (off_policy_trainer_carla.py:497) Total Episode:   194 Steps:   39422 Episode Steps:   241 Return:  1.0000 Success:  0.50, D: 0.00 FPS: 6.50
23:37:01.997 [INFO] (off_policy_trainer_carla.py:497) Total Episode:   195 Steps:   39543 Episode Steps:   121 Return: -1.0000 Success:  0.45, D: 0.00 FPS: 6.28
23:37:29.663 [INFO] (off_policy_trainer_carla.py:497) Total Episode:   196 Steps:   39728 Episode Steps:   185 Return: -1.0000 Success:  0.45, D: 0.00 FPS: 6.69
23:37:53.891 [INFO] (off_policy_trainer_carla.py:497) Total Episode:   197 Steps:   39882 Episode Steps:   154 Return:  0.0000 Success:  0.45, D: 0.00 FPS: 6.36
23:38:26.720 [INFO] (off_policy_trainer_carla.py:497) Total Episode:   198 Steps:   40096 Episode Steps:   214 Return:  0.0000 Success:  0.40, D: 0.00 FPS: 6.52
23:39:12.046 [INFO] (off_policy_trainer_carla.py:497) Total Episode:   199 Steps:   40398 Episode Steps:   302 Return:  0.0000 Success:  0.35, D: 0.00 FPS: 6.66
23:39:50.657 [INFO] (off_policy_trainer_carla.py:497) Total Episode:   200 Steps:   40656 Episode Steps:   258 Return:  1.0000 Success:  0.35, D: 0.00 FPS: 6.68
23:40:35.361 [INFO] (off_policy_trainer_carla.py:497) Total Episode:   201 Steps:   40958 Episode Steps:   302 Return:  0.0000 Success:  0.35, D: 0.00 FPS: 6.76
23:41:06.996 [INFO] (off_policy_trainer_carla.py:497) Total Episode:   202 Steps:   41170 Episode Steps:   212 Return:  1.0000 Success:  0.35, D: 0.00 FPS: 6.70
23:41:40.986 [INFO] (off_policy_trainer_carla.py:497) Total Episode:   203 Steps:   41395 Episode Steps:   225 Return:  1.0000 Success:  0.40, D: 0.00 FPS: 6.62
23:42:15.950 [INFO] (off_policy_trainer_carla.py:497) Total Episode:   204 Steps:   41619 Episode Steps:   224 Return:  1.0000 Success:  0.40, D: 0.00 FPS: 6.41
23:42:52.274 [INFO] (off_policy_trainer_carla.py:497) Total Episode:   205 Steps:   41858 Episode Steps:   239 Return:  1.0000 Success:  0.45, D: 0.00 FPS: 6.58
23:43:37.359 [INFO] (off_policy_trainer_carla.py:497) Total Episode:   206 Steps:   42160 Episode Steps:   302 Return:  0.0000 Success:  0.40, D: 0.00 FPS: 6.70
23:44:01.742 [INFO] (off_policy_trainer_carla.py:497) Total Episode:   207 Steps:   42320 Episode Steps:   160 Return:  0.0000 Success:  0.40, D: 0.00 FPS: 6.56
23:44:36.507 [INFO] (off_policy_trainer_carla.py:497) Total Episode:   208 Steps:   42546 Episode Steps:   226 Return:  1.0000 Success:  0.45, D: 0.00 FPS: 6.50
23:44:58.590 [INFO] (off_policy_trainer_carla.py:497) Total Episode:   209 Steps:   42686 Episode Steps:   140 Return: -1.0000 Success:  0.45, D: 0.00 FPS: 6.34
23:45:36.624 [INFO] (off_policy_trainer_carla.py:497) Total Episode:   210 Steps:   42924 Episode Steps:   238 Return:  1.0000 Success:  0.50, D: 0.00 FPS: 6.26
23:46:21.740 [INFO] (off_policy_trainer_carla.py:497) Total Episode:   211 Steps:   43226 Episode Steps:   302 Return:  0.0000 Success:  0.45, D: 0.00 FPS: 6.69
23:46:55.510 [INFO] (off_policy_trainer_carla.py:497) Total Episode:   212 Steps:   43443 Episode Steps:   217 Return:  1.0000 Success:  0.45, D: 0.00 FPS: 6.43
23:47:15.182 [INFO] (off_policy_trainer_carla.py:497) Total Episode:   213 Steps:   43568 Episode Steps:   125 Return: -1.0000 Success:  0.45, D: 0.00 FPS: 6.35
23:47:35.494 [INFO] (off_policy_trainer_carla.py:497) Total Episode:   214 Steps:   43691 Episode Steps:   123 Return: -1.0000 Success:  0.40, D: 0.00 FPS: 6.06
23:48:23.505 [INFO] (off_policy_trainer_carla.py:497) Total Episode:   215 Steps:   43993 Episode Steps:   302 Return:  0.0000 Success:  0.40, D: 0.00 FPS: 6.29
23:48:49.231 [INFO] (off_policy_trainer_carla.py:497) Total Episode:   216 Steps:   44158 Episode Steps:   165 Return:  0.0000 Success:  0.40, D: 0.00 FPS: 6.41
23:49:36.036 [INFO] (off_policy_trainer_carla.py:497) Total Episode:   217 Steps:   44460 Episode Steps:   302 Return:  0.0000 Success:  0.40, D: 0.00 FPS: 6.45
23:50:03.101 [INFO] (off_policy_trainer_carla.py:497) Total Episode:   218 Steps:   44633 Episode Steps:   173 Return:  0.0000 Success:  0.40, D: 0.00 FPS: 6.39
23:50:35.723 [INFO] (off_policy_trainer_carla.py:497) Total Episode:   219 Steps:   44851 Episode Steps:   218 Return:  1.0000 Success:  0.45, D: 0.00 FPS: 6.68
23:51:20.378 [INFO] (off_policy_trainer_carla.py:497) Total Episode:   220 Steps:   45153 Episode Steps:   302 Return:  0.0000 Success:  0.40, D: 0.00 FPS: 6.76
23:51:55.610 [INFO] (off_policy_trainer_carla.py:497) Total Episode:   221 Steps:   45389 Episode Steps:   236 Return:  0.0000 Success:  0.40, D: 0.00 FPS: 6.70
23:52:30.098 [INFO] (off_policy_trainer_carla.py:497) Total Episode:   222 Steps:   45621 Episode Steps:   232 Return:  1.0000 Success:  0.40, D: 0.00 FPS: 6.73
23:53:07.654 [INFO] (off_policy_trainer_carla.py:497) Total Episode:   223 Steps:   45869 Episode Steps:   248 Return:  1.0000 Success:  0.40, D: 0.00 FPS: 6.60
23:53:41.058 [INFO] (off_policy_trainer_carla.py:497) Total Episode:   224 Steps:   46088 Episode Steps:   219 Return:  1.0000 Success:  0.40, D: 0.00 FPS: 6.56
23:53:57.531 [INFO] (off_policy_trainer_carla.py:497) Total Episode:   225 Steps:   46192 Episode Steps:   104 Return: -1.0000 Success:  0.35, D: 0.00 FPS: 6.31
23:54:42.696 [INFO] (off_policy_trainer_carla.py:497) Total Episode:   226 Steps:   46494 Episode Steps:   302 Return:  0.0000 Success:  0.35, D: 0.00 FPS: 6.69
23:55:28.463 [INFO] (off_policy_trainer_carla.py:497) Total Episode:   227 Steps:   46796 Episode Steps:   302 Return:  0.0000 Success:  0.35, D: 0.00 FPS: 6.60
23:56:13.756 [INFO] (off_policy_trainer_carla.py:497) Total Episode:   228 Steps:   47098 Episode Steps:   302 Return:  0.0000 Success:  0.30, D: 0.00 FPS: 6.67
23:57:00.668 [INFO] (off_policy_trainer_carla.py:497) Total Episode:   229 Steps:   47400 Episode Steps:   302 Return:  0.0000 Success:  0.30, D: 0.00 FPS: 6.44
23:57:33.809 [INFO] (off_policy_trainer_carla.py:497) Total Episode:   230 Steps:   47613 Episode Steps:   213 Return:  1.0000 Success:  0.30, D: 0.00 FPS: 6.43
23:57:53.746 [INFO] (off_policy_trainer_carla.py:497) Total Episode:   231 Steps:   47742 Episode Steps:   129 Return: -1.0000 Success:  0.30, D: 0.00 FPS: 6.47
23:58:22.572 [INFO] (off_policy_trainer_carla.py:497) Total Episode:   232 Steps:   47929 Episode Steps:   187 Return:  1.0000 Success:  0.30, D: 0.00 FPS: 6.49
23:58:44.858 [INFO] (off_policy_trainer_carla.py:497) Total Episode:   233 Steps:   48070 Episode Steps:   141 Return: -1.0000 Success:  0.30, D: 0.00 FPS: 6.33
23:59:14.135 [INFO] (off_policy_trainer_carla.py:497) Total Episode:   234 Steps:   48265 Episode Steps:   195 Return:  1.0000 Success:  0.35, D: 0.00 FPS: 6.66
23:59:43.188 [INFO] (off_policy_trainer_carla.py:497) Total Episode:   235 Steps:   48452 Episode Steps:   187 Return: -1.0000 Success:  0.35, D: 0.00 FPS: 6.44
00:00:11.653 [INFO] (off_policy_trainer_carla.py:497) Total Episode:   236 Steps:   48636 Episode Steps:   184 Return:  0.0000 Success:  0.35, D: 0.00 FPS: 6.46
00:00:36.286 [INFO] (off_policy_trainer_carla.py:497) Total Episode:   237 Steps:   48792 Episode Steps:   156 Return: -1.0000 Success:  0.35, D: 0.00 FPS: 6.33
00:01:11.329 [INFO] (off_policy_trainer_carla.py:497) Total Episode:   238 Steps:   49022 Episode Steps:   230 Return:  1.0000 Success:  0.40, D: 0.00 FPS: 6.56
00:01:44.999 [INFO] (off_policy_trainer_carla.py:497) Total Episode:   239 Steps:   49240 Episode Steps:   218 Return:  1.0000 Success:  0.40, D: 0.00 FPS: 6.47
00:02:30.164 [INFO] (off_policy_trainer_carla.py:497) Total Episode:   240 Steps:   49542 Episode Steps:   302 Return:  0.0000 Success:  0.40, D: 0.00 FPS: 6.69
00:02:52.815 [INFO] (off_policy_trainer_carla.py:497) Total Episode:   241 Steps:   49687 Episode Steps:   145 Return: -1.0000 Success:  0.40, D: 0.00 FPS: 6.40
00:03:21.620 [INFO] (off_policy_trainer_carla.py:497) Total Episode:   242 Steps:   49870 Episode Steps:   183 Return:  1.0000 Success:  0.40, D: 0.00 FPS: 6.35
00:04:07.144 [INFO] (off_policy_trainer_carla.py:497) Total Episode:   243 Steps:   50172 Episode Steps:   302 Return:  0.0000 Success:  0.35, D: 0.00 FPS: 6.63
00:04:53.623 [INFO] (off_policy_trainer_carla.py:497) Total Episode:   244 Steps:   50474 Episode Steps:   302 Return:  0.0000 Success:  0.30, D: 0.00 FPS: 6.50
00:05:15.691 [INFO] (off_policy_trainer_carla.py:497) Total Episode:   245 Steps:   50618 Episode Steps:   144 Return: -1.0000 Success:  0.30, D: 0.00 FPS: 6.53
00:06:01.390 [INFO] (off_policy_trainer_carla.py:497) Total Episode:   246 Steps:   50920 Episode Steps:   302 Return:  0.0000 Success:  0.30, D: 0.00 FPS: 6.61
00:06:36.205 [INFO] (off_policy_trainer_carla.py:497) Total Episode:   247 Steps:   51149 Episode Steps:   229 Return:  1.0000 Success:  0.35, D: 0.00 FPS: 6.58
00:06:58.986 [INFO] (off_policy_trainer_carla.py:497) Total Episode:   248 Steps:   51298 Episode Steps:   149 Return: -1.0000 Success:  0.35, D: 0.00 FPS: 6.54
00:07:30.314 [INFO] (off_policy_trainer_carla.py:497) Total Episode:   249 Steps:   51505 Episode Steps:   207 Return:  1.0000 Success:  0.40, D: 0.00 FPS: 6.61
00:08:09.878 [INFO] (off_policy_trainer_carla.py:497) Total Episode:   250 Steps:   51758 Episode Steps:   253 Return:  1.0000 Success:  0.40, D: 0.00 FPS: 6.40
00:08:34.992 [INFO] (off_policy_trainer_carla.py:497) Total Episode:   251 Steps:   51917 Episode Steps:   159 Return: -1.0000 Success:  0.40, D: 0.00 FPS: 6.33
00:09:20.712 [INFO] (off_policy_trainer_carla.py:497) Total Episode:   252 Steps:   52219 Episode Steps:   302 Return:  0.0000 Success:  0.35, D: 0.00 FPS: 6.61
00:09:46.002 [INFO] (off_policy_trainer_carla.py:497) Total Episode:   253 Steps:   52383 Episode Steps:   164 Return: -1.0000 Success:  0.35, D: 0.00 FPS: 6.49
00:10:12.519 [INFO] (off_policy_trainer_carla.py:497) Total Episode:   254 Steps:   52558 Episode Steps:   175 Return:  1.0000 Success:  0.35, D: 0.00 FPS: 6.60
00:10:44.269 [INFO] (off_policy_trainer_carla.py:497) Total Episode:   255 Steps:   52766 Episode Steps:   208 Return:  1.0000 Success:  0.40, D: 0.00 FPS: 6.55
00:11:10.730 [INFO] (off_policy_trainer_carla.py:497) Total Episode:   256 Steps:   52931 Episode Steps:   165 Return:  1.0000 Success:  0.45, D: 0.00 FPS: 6.24
00:11:40.492 [INFO] (off_policy_trainer_carla.py:497) Total Episode:   257 Steps:   53118 Episode Steps:   187 Return:  1.0000 Success:  0.50, D: 0.00 FPS: 6.28
00:12:11.330 [INFO] (off_policy_trainer_carla.py:497) Total Episode:   258 Steps:   53308 Episode Steps:   190 Return:  1.0000 Success:  0.50, D: 0.00 FPS: 6.16
00:12:31.986 [INFO] (off_policy_trainer_carla.py:497) Total Episode:   259 Steps:   53435 Episode Steps:   127 Return: -1.0000 Success:  0.45, D: 0.00 FPS: 6.15
00:13:01.202 [INFO] (off_policy_trainer_carla.py:497) Total Episode:   260 Steps:   53628 Episode Steps:   193 Return:  1.0000 Success:  0.50, D: 0.00 FPS: 6.61
00:13:31.227 [INFO] (off_policy_trainer_carla.py:497) Total Episode:   261 Steps:   53826 Episode Steps:   198 Return:  1.0000 Success:  0.55, D: 0.00 FPS: 6.60
00:14:08.221 [INFO] (off_policy_trainer_carla.py:497) Total Episode:   262 Steps:   54072 Episode Steps:   246 Return:  1.0000 Success:  0.55, D: 0.00 FPS: 6.65
00:14:40.918 [INFO] (off_policy_trainer_carla.py:497) Total Episode:   263 Steps:   54286 Episode Steps:   214 Return:  0.0000 Success:  0.55, D: 0.00 FPS: 6.55
00:15:10.020 [INFO] (off_policy_trainer_carla.py:497) Total Episode:   264 Steps:   54476 Episode Steps:   190 Return:  1.0000 Success:  0.60, D: 0.00 FPS: 6.53
00:15:31.065 [INFO] (off_policy_trainer_carla.py:497) Total Episode:   265 Steps:   54606 Episode Steps:   130 Return: -1.0000 Success:  0.60, D: 0.00 FPS: 6.18
00:16:12.417 [INFO] (off_policy_trainer_carla.py:497) Total Episode:   266 Steps:   54879 Episode Steps:   273 Return:  1.0000 Success:  0.65, D: 0.00 FPS: 6.60
00:16:43.332 [INFO] (off_policy_trainer_carla.py:497) Total Episode:   267 Steps:   55088 Episode Steps:   209 Return:  1.0000 Success:  0.65, D: 0.00 FPS: 6.76
00:17:18.841 [INFO] (off_policy_trainer_carla.py:497) Total Episode:   268 Steps:   55314 Episode Steps:   226 Return:  1.0000 Success:  0.70, D: 0.00 FPS: 6.37
00:17:54.077 [INFO] (off_policy_trainer_carla.py:497) Total Episode:   269 Steps:   55522 Episode Steps:   208 Return:  1.0000 Success:  0.70, D: 0.00 FPS: 5.90
00:18:28.237 [INFO] (off_policy_trainer_carla.py:497) Total Episode:   270 Steps:   55746 Episode Steps:   224 Return:  1.0000 Success:  0.70, D: 0.00 FPS: 6.56
00:19:09.437 [INFO] (off_policy_trainer_carla.py:497) Total Episode:   271 Steps:   56019 Episode Steps:   273 Return:  1.0000 Success:  0.75, D: 0.00 FPS: 6.63
00:19:43.824 [INFO] (off_policy_trainer_carla.py:497) Total Episode:   272 Steps:   56248 Episode Steps:   229 Return:  1.0000 Success:  0.80, D: 0.00 FPS: 6.66
00:20:30.128 [INFO] (off_policy_trainer_carla.py:497) Total Episode:   273 Steps:   56550 Episode Steps:   302 Return:  0.0000 Success:  0.80, D: 0.00 FPS: 6.52
00:21:00.147 [INFO] (off_policy_trainer_carla.py:497) Total Episode:   274 Steps:   56748 Episode Steps:   198 Return:  1.0000 Success:  0.80, D: 0.00 FPS: 6.60
00:21:45.225 [INFO] (off_policy_trainer_carla.py:497) Total Episode:   275 Steps:   57050 Episode Steps:   302 Return:  0.0000 Success:  0.75, D: 0.00 FPS: 6.70
00:22:19.393 [INFO] (off_policy_trainer_carla.py:497) Total Episode:   276 Steps:   57273 Episode Steps:   223 Return:  1.0000 Success:  0.75, D: 0.00 FPS: 6.53
00:22:52.203 [INFO] (off_policy_trainer_carla.py:497) Total Episode:   277 Steps:   57484 Episode Steps:   211 Return:  1.0000 Success:  0.75, D: 0.00 FPS: 6.43
00:23:14.581 [INFO] (off_policy_trainer_carla.py:497) Total Episode:   278 Steps:   57627 Episode Steps:   143 Return: -1.0000 Success:  0.70, D: 0.00 FPS: 6.39
00:23:45.458 [INFO] (off_policy_trainer_carla.py:497) Total Episode:   279 Steps:   57827 Episode Steps:   200 Return: -1.0000 Success:  0.70, D: 0.00 FPS: 6.48
00:24:21.494 [INFO] (off_policy_trainer_carla.py:497) Total Episode:   280 Steps:   58062 Episode Steps:   235 Return:  1.0000 Success:  0.70, D: 0.00 FPS: 6.52
00:24:55.822 [INFO] (off_policy_trainer_carla.py:497) Total Episode:   281 Steps:   58281 Episode Steps:   219 Return:  1.0000 Success:  0.70, D: 0.00 FPS: 6.38
00:25:19.103 [INFO] (off_policy_trainer_carla.py:497) Total Episode:   282 Steps:   58428 Episode Steps:   147 Return: -1.0000 Success:  0.65, D: 0.00 FPS: 6.31
00:26:04.659 [INFO] (off_policy_trainer_carla.py:497) Total Episode:   283 Steps:   58730 Episode Steps:   302 Return:  0.0000 Success:  0.65, D: 0.00 FPS: 6.63
00:26:43.739 [INFO] (off_policy_trainer_carla.py:497) Total Episode:   284 Steps:   58984 Episode Steps:   254 Return:  0.0000 Success:  0.60, D: 0.00 FPS: 6.50
00:27:18.656 [INFO] (off_policy_trainer_carla.py:497) Total Episode:   285 Steps:   59215 Episode Steps:   231 Return:  1.0000 Success:  0.65, D: 0.00 FPS: 6.62
00:27:53.684 [INFO] (off_policy_trainer_carla.py:497) Total Episode:   286 Steps:   59429 Episode Steps:   214 Return:  1.0000 Success:  0.65, D: 0.00 FPS: 6.11
00:28:31.046 [INFO] (off_policy_trainer_carla.py:497) Total Episode:   287 Steps:   59672 Episode Steps:   243 Return:  1.0000 Success:  0.65, D: 0.00 FPS: 6.50
00:29:10.011 [INFO] (off_policy_trainer_carla.py:497) Total Episode:   288 Steps:   59931 Episode Steps:   259 Return:  1.0000 Success:  0.65, D: 0.00 FPS: 6.65
00:29:37.564 [INFO] (off_policy_trainer_carla.py:497) Total Episode:   289 Steps:   60111 Episode Steps:   180 Return:  1.0000 Success:  0.65, D: 0.00 FPS: 6.53
00:30:21.539 [INFO] (off_policy_trainer_carla.py:497) Total Episode:   290 Steps:   60413 Episode Steps:   302 Return:  0.0000 Success:  0.60, D: 0.00 FPS: 6.87
00:30:51.601 [INFO] (off_policy_trainer_carla.py:497) Total Episode:   291 Steps:   60615 Episode Steps:   202 Return:  1.0000 Success:  0.60, D: 0.00 FPS: 6.72
00:31:10.643 [INFO] (off_policy_trainer_carla.py:497) Total Episode:   292 Steps:   60740 Episode Steps:   125 Return: -1.0000 Success:  0.55, D: 0.00 FPS: 6.57
00:31:54.668 [INFO] (off_policy_trainer_carla.py:497) Total Episode:   293 Steps:   61042 Episode Steps:   302 Return:  0.0000 Success:  0.55, D: 0.00 FPS: 6.86
00:32:31.803 [INFO] (off_policy_trainer_carla.py:497) Total Episode:   294 Steps:   61294 Episode Steps:   252 Return:  1.0000 Success:  0.55, D: 0.00 FPS: 6.79
00:33:05.471 [INFO] (off_policy_trainer_carla.py:497) Total Episode:   295 Steps:   61521 Episode Steps:   227 Return:  1.0000 Success:  0.60, D: 0.00 FPS: 6.74
00:33:33.085 [INFO] (off_policy_trainer_carla.py:497) Total Episode:   296 Steps:   61705 Episode Steps:   184 Return: -1.0000 Success:  0.55, D: 0.00 FPS: 6.66
00:34:17.292 [INFO] (off_policy_trainer_carla.py:497) Total Episode:   297 Steps:   62007 Episode Steps:   302 Return:  1.0000 Success:  0.55, D: 0.00 FPS: 6.83
00:34:46.072 [INFO] (off_policy_trainer_carla.py:497) Total Episode:   298 Steps:   62200 Episode Steps:   193 Return:  1.0000 Success:  0.60, D: 0.00 FPS: 6.71
00:35:12.253 [INFO] (off_policy_trainer_carla.py:497) Total Episode:   299 Steps:   62375 Episode Steps:   175 Return:  0.0000 Success:  0.60, D: 0.00 FPS: 6.68
00:35:53.782 [INFO] (off_policy_trainer_carla.py:497) Total Episode:   300 Steps:   62657 Episode Steps:   282 Return:  1.0000 Success:  0.60, D: 0.00 FPS: 6.79
00:36:30.436 [INFO] (off_policy_trainer_carla.py:497) Total Episode:   301 Steps:   62906 Episode Steps:   249 Return:  1.0000 Success:  0.60, D: 0.00 FPS: 6.79
00:36:59.621 [INFO] (off_policy_trainer_carla.py:497) Total Episode:   302 Steps:   63102 Episode Steps:   196 Return:  0.0000 Success:  0.60, D: 0.00 FPS: 6.72
00:37:26.736 [INFO] (off_policy_trainer_carla.py:497) Total Episode:   303 Steps:   63279 Episode Steps:   177 Return:  1.0000 Success:  0.65, D: 0.00 FPS: 6.53
00:38:11.132 [INFO] (off_policy_trainer_carla.py:497) Total Episode:   304 Steps:   63581 Episode Steps:   302 Return:  0.0000 Success:  0.65, D: 0.00 FPS: 6.80
00:38:39.350 [INFO] (off_policy_trainer_carla.py:497) Total Episode:   305 Steps:   63768 Episode Steps:   187 Return:  1.0000 Success:  0.65, D: 0.00 FPS: 6.63
00:39:23.836 [INFO] (off_policy_trainer_carla.py:497) Total Episode:   306 Steps:   64070 Episode Steps:   302 Return:  0.0000 Success:  0.60, D: 0.00 FPS: 6.79
00:39:51.861 [INFO] (off_policy_trainer_carla.py:497) Total Episode:   307 Steps:   64257 Episode Steps:   187 Return:  1.0000 Success:  0.60, D: 0.00 FPS: 6.67
00:40:09.333 [INFO] (off_policy_trainer_carla.py:497) Total Episode:   308 Steps:   64371 Episode Steps:   114 Return: -1.0000 Success:  0.55, D: 0.00 FPS: 6.53
00:40:40.472 [INFO] (off_policy_trainer_carla.py:497) Total Episode:   309 Steps:   64581 Episode Steps:   210 Return:  1.0000 Success:  0.55, D: 0.00 FPS: 6.74
00:41:05.601 [INFO] (off_policy_trainer_carla.py:497) Total Episode:   310 Steps:   64748 Episode Steps:   167 Return:  0.0000 Success:  0.55, D: 0.00 FPS: 6.65
00:41:34.131 [INFO] (off_policy_trainer_carla.py:497) Total Episode:   311 Steps:   64939 Episode Steps:   191 Return:  1.0000 Success:  0.55, D: 0.00 FPS: 6.70
00:42:14.007 [INFO] (off_policy_trainer_carla.py:497) Total Episode:   312 Steps:   65209 Episode Steps:   270 Return:  1.0000 Success:  0.60, D: 0.00 FPS: 6.77
00:42:53.270 [INFO] (off_policy_trainer_carla.py:497) Total Episode:   313 Steps:   65473 Episode Steps:   264 Return:  1.0000 Success:  0.65, D: 0.00 FPS: 6.72
00:43:32.083 [INFO] (off_policy_trainer_carla.py:497) Total Episode:   314 Steps:   65735 Episode Steps:   262 Return:  1.0000 Success:  0.65, D: 0.00 FPS: 6.75
00:43:58.412 [INFO] (off_policy_trainer_carla.py:497) Total Episode:   315 Steps:   65909 Episode Steps:   174 Return:  1.0000 Success:  0.65, D: 0.00 FPS: 6.61
00:44:24.251 [INFO] (off_policy_trainer_carla.py:497) Total Episode:   316 Steps:   66081 Episode Steps:   172 Return:  0.0000 Success:  0.65, D: 0.00 FPS: 6.66
00:45:04.146 [INFO] (off_policy_trainer_carla.py:497) Total Episode:   317 Steps:   66351 Episode Steps:   270 Return:  1.0000 Success:  0.65, D: 0.00 FPS: 6.77
00:45:48.504 [INFO] (off_policy_trainer_carla.py:497) Total Episode:   318 Steps:   66653 Episode Steps:   302 Return:  0.0000 Success:  0.60, D: 0.00 FPS: 6.81
00:46:20.125 [INFO] (off_policy_trainer_carla.py:497) Total Episode:   319 Steps:   66866 Episode Steps:   213 Return:  1.0000 Success:  0.65, D: 0.00 FPS: 6.74
00:46:39.385 [INFO] (off_policy_trainer_carla.py:497) Total Episode:   320 Steps:   66992 Episode Steps:   126 Return: -1.0000 Success:  0.60, D: 0.00 FPS: 6.54
00:47:05.281 [INFO] (off_policy_trainer_carla.py:497) Total Episode:   321 Steps:   67164 Episode Steps:   172 Return:  1.0000 Success:  0.60, D: 0.00 FPS: 6.64
00:47:33.656 [INFO] (off_policy_trainer_carla.py:497) Total Episode:   322 Steps:   67353 Episode Steps:   189 Return:  1.0000 Success:  0.65, D: 0.00 FPS: 6.66
00:48:17.967 [INFO] (off_policy_trainer_carla.py:497) Total Episode:   323 Steps:   67655 Episode Steps:   302 Return:  0.0000 Success:  0.60, D: 0.00 FPS: 6.82
00:48:51.491 [INFO] (off_policy_trainer_carla.py:497) Total Episode:   324 Steps:   67879 Episode Steps:   224 Return:  1.0000 Success:  0.65, D: 0.00 FPS: 6.68
00:49:21.482 [INFO] (off_policy_trainer_carla.py:497) Total Episode:   325 Steps:   68080 Episode Steps:   201 Return:  1.0000 Success:  0.65, D: 0.00 FPS: 6.70
00:49:46.869 [INFO] (off_policy_trainer_carla.py:497) Total Episode:   326 Steps:   68249 Episode Steps:   169 Return:  0.0000 Success:  0.65, D: 0.00 FPS: 6.66
00:50:21.819 [INFO] (off_policy_trainer_carla.py:497) Total Episode:   327 Steps:   68484 Episode Steps:   235 Return:  1.0000 Success:  0.65, D: 0.00 FPS: 6.72
00:50:52.035 [INFO] (off_policy_trainer_carla.py:497) Total Episode:   328 Steps:   68686 Episode Steps:   202 Return:  1.0000 Success:  0.70, D: 0.00 FPS: 6.69
00:51:23.759 [INFO] (off_policy_trainer_carla.py:497) Total Episode:   329 Steps:   68899 Episode Steps:   213 Return:  1.0000 Success:  0.70, D: 0.00 FPS: 6.71
00:51:43.921 [INFO] (off_policy_trainer_carla.py:497) Total Episode:   330 Steps:   69031 Episode Steps:   132 Return: -1.0000 Success:  0.70, D: 0.00 FPS: 6.55
00:52:11.778 [INFO] (off_policy_trainer_carla.py:497) Total Episode:   331 Steps:   69217 Episode Steps:   186 Return:  1.0000 Success:  0.70, D: 0.00 FPS: 6.68
00:52:29.678 [INFO] (off_policy_trainer_carla.py:497) Total Episode:   332 Steps:   69334 Episode Steps:   117 Return: -1.0000 Success:  0.65, D: 0.00 FPS: 6.54
00:53:01.033 [INFO] (off_policy_trainer_carla.py:497) Total Episode:   333 Steps:   69544 Episode Steps:   210 Return:  1.0000 Success:  0.65, D: 0.00 FPS: 6.70
00:53:45.558 [INFO] (off_policy_trainer_carla.py:497) Total Episode:   334 Steps:   69846 Episode Steps:   302 Return:  0.0000 Success:  0.60, D: 0.00 FPS: 6.78
00:54:30.084 [INFO] (off_policy_trainer_carla.py:497) Total Episode:   335 Steps:   70148 Episode Steps:   302 Return:  0.0000 Success:  0.55, D: 0.00 FPS: 6.78
00:55:00.731 [INFO] (off_policy_trainer_carla.py:497) Total Episode:   336 Steps:   70354 Episode Steps:   206 Return:  0.0000 Success:  0.55, D: 0.00 FPS: 6.72
00:55:44.974 [INFO] (off_policy_trainer_carla.py:497) Total Episode:   337 Steps:   70656 Episode Steps:   302 Return:  0.0000 Success:  0.50, D: 0.00 FPS: 6.83
00:56:13.979 [INFO] (off_policy_trainer_carla.py:497) Total Episode:   338 Steps:   70849 Episode Steps:   193 Return:  1.0000 Success:  0.55, D: 0.00 FPS: 6.65
00:56:58.449 [INFO] (off_policy_trainer_carla.py:497) Total Episode:   339 Steps:   71151 Episode Steps:   302 Return:  0.0000 Success:  0.50, D: 0.00 FPS: 6.79
00:57:27.486 [INFO] (off_policy_trainer_carla.py:497) Total Episode:   340 Steps:   71345 Episode Steps:   194 Return:  0.0000 Success:  0.50, D: 0.00 FPS: 6.68
00:58:01.526 [INFO] (off_policy_trainer_carla.py:497) Total Episode:   341 Steps:   71573 Episode Steps:   228 Return:  1.0000 Success:  0.50, D: 0.00 FPS: 6.70
00:58:33.295 [INFO] (off_policy_trainer_carla.py:497) Total Episode:   342 Steps:   71786 Episode Steps:   213 Return:  1.0000 Success:  0.50, D: 0.00 FPS: 6.71
00:59:03.415 [INFO] (off_policy_trainer_carla.py:497) Total Episode:   343 Steps:   71988 Episode Steps:   202 Return:  1.0000 Success:  0.55, D: 0.00 FPS: 6.71
00:59:23.067 [INFO] (off_policy_trainer_carla.py:497) Total Episode:   344 Steps:   72117 Episode Steps:   129 Return: -1.0000 Success:  0.50, D: 0.00 FPS: 6.56
01:00:07.662 [INFO] (off_policy_trainer_carla.py:497) Total Episode:   345 Steps:   72419 Episode Steps:   302 Return:  0.0000 Success:  0.45, D: 0.00 FPS: 6.77
01:00:29.096 [INFO] (off_policy_trainer_carla.py:497) Total Episode:   346 Steps:   72561 Episode Steps:   142 Return: -1.0000 Success:  0.45, D: 0.00 FPS: 6.63
01:00:49.872 [INFO] (off_policy_trainer_carla.py:497) Total Episode:   347 Steps:   72696 Episode Steps:   135 Return: -1.0000 Success:  0.40, D: 0.00 FPS: 6.50
01:01:18.762 [INFO] (off_policy_trainer_carla.py:497) Total Episode:   348 Steps:   72890 Episode Steps:   194 Return:  0.0000 Success:  0.35, D: 0.00 FPS: 6.72
01:01:49.108 [INFO] (off_policy_trainer_carla.py:497) Total Episode:   349 Steps:   73094 Episode Steps:   204 Return:  1.0000 Success:  0.35, D: 0.00 FPS: 6.72
01:02:17.314 [INFO] (off_policy_trainer_carla.py:497) Total Episode:   350 Steps:   73284 Episode Steps:   190 Return:  1.0000 Success:  0.40, D: 0.00 FPS: 6.74
01:02:48.323 [INFO] (off_policy_trainer_carla.py:497) Total Episode:   351 Steps:   73492 Episode Steps:   208 Return:  1.0000 Success:  0.40, D: 0.00 FPS: 6.71
01:03:32.342 [INFO] (off_policy_trainer_carla.py:497) Total Episode:   352 Steps:   73794 Episode Steps:   302 Return:  0.0000 Success:  0.40, D: 0.00 FPS: 6.86
01:03:51.685 [INFO] (off_policy_trainer_carla.py:497) Total Episode:   353 Steps:   73919 Episode Steps:   125 Return: -1.0000 Success:  0.35, D: 0.00 FPS: 6.46
01:04:36.425 [INFO] (off_policy_trainer_carla.py:497) Total Episode:   354 Steps:   74221 Episode Steps:   302 Return:  0.0000 Success:  0.35, D: 0.00 FPS: 6.75
01:05:08.506 [INFO] (off_policy_trainer_carla.py:497) Total Episode:   355 Steps:   74437 Episode Steps:   216 Return:  1.0000 Success:  0.40, D: 0.00 FPS: 6.73
01:05:28.580 [INFO] (off_policy_trainer_carla.py:497) Total Episode:   356 Steps:   74570 Episode Steps:   133 Return: -1.0000 Success:  0.40, D: 0.00 FPS: 6.63
01:06:01.373 [INFO] (off_policy_trainer_carla.py:497) Total Episode:   357 Steps:   74792 Episode Steps:   222 Return:  1.0000 Success:  0.45, D: 0.00 FPS: 6.77
01:06:30.753 [INFO] (off_policy_trainer_carla.py:497) Total Episode:   358 Steps:   74989 Episode Steps:   197 Return:  0.0000 Success:  0.40, D: 0.00 FPS: 6.71
01:07:01.847 [INFO] (off_policy_trainer_carla.py:497) Total Episode:   359 Steps:   75199 Episode Steps:   210 Return:  1.0000 Success:  0.45, D: 0.00 FPS: 6.75
01:07:35.879 [INFO] (off_policy_trainer_carla.py:497) Total Episode:   360 Steps:   75429 Episode Steps:   230 Return:  1.0000 Success:  0.50, D: 0.00 FPS: 6.76
01:08:05.367 [INFO] (off_policy_trainer_carla.py:497) Total Episode:   361 Steps:   75627 Episode Steps:   198 Return:  1.0000 Success:  0.50, D: 0.00 FPS: 6.72
01:08:42.896 [INFO] (off_policy_trainer_carla.py:497) Total Episode:   362 Steps:   75881 Episode Steps:   254 Return:  1.0000 Success:  0.50, D: 0.00 FPS: 6.77
01:09:12.897 [INFO] (off_policy_trainer_carla.py:497) Total Episode:   363 Steps:   76084 Episode Steps:   203 Return:  0.0000 Success:  0.45, D: 0.00 FPS: 6.77
01:09:40.659 [INFO] (off_policy_trainer_carla.py:497) Total Episode:   364 Steps:   76270 Episode Steps:   186 Return:  1.0000 Success:  0.50, D: 0.00 FPS: 6.70
01:10:05.069 [INFO] (off_policy_trainer_carla.py:497) Total Episode:   365 Steps:   76432 Episode Steps:   162 Return:  0.0000 Success:  0.50, D: 0.00 FPS: 6.64
01:10:35.166 [INFO] (off_policy_trainer_carla.py:497) Total Episode:   366 Steps:   76634 Episode Steps:   202 Return:  1.0000 Success:  0.55, D: 0.00 FPS: 6.71
01:11:01.091 [INFO] (off_policy_trainer_carla.py:497) Total Episode:   367 Steps:   76807 Episode Steps:   173 Return: -1.0000 Success:  0.55, D: 0.00 FPS: 6.67
01:11:29.847 [INFO] (off_policy_trainer_carla.py:497) Total Episode:   368 Steps:   77000 Episode Steps:   193 Return:  0.0000 Success:  0.55, D: 0.00 FPS: 6.71
01:12:13.954 [INFO] (off_policy_trainer_carla.py:497) Total Episode:   369 Steps:   77302 Episode Steps:   302 Return:  0.0000 Success:  0.50, D: 0.00 FPS: 6.85
01:12:36.068 [INFO] (off_policy_trainer_carla.py:497) Total Episode:   370 Steps:   77447 Episode Steps:   145 Return: -1.0000 Success:  0.45, D: 0.00 FPS: 6.56
01:13:09.750 [INFO] (off_policy_trainer_carla.py:497) Total Episode:   371 Steps:   77675 Episode Steps:   228 Return:  1.0000 Success:  0.45, D: 0.00 FPS: 6.77
01:13:39.170 [INFO] (off_policy_trainer_carla.py:497) Total Episode:   372 Steps:   77873 Episode Steps:   198 Return:  1.0000 Success:  0.50, D: 0.00 FPS: 6.73
01:14:06.555 [INFO] (off_policy_trainer_carla.py:497) Total Episode:   373 Steps:   78056 Episode Steps:   183 Return:  1.0000 Success:  0.55, D: 0.00 FPS: 6.68
01:14:36.450 [INFO] (off_policy_trainer_carla.py:497) Total Episode:   374 Steps:   78257 Episode Steps:   201 Return:  1.0000 Success:  0.60, D: 0.00 FPS: 6.72
01:15:05.894 [INFO] (off_policy_trainer_carla.py:497) Total Episode:   375 Steps:   78455 Episode Steps:   198 Return:  1.0000 Success:  0.60, D: 0.00 FPS: 6.73
01:15:34.126 [INFO] (off_policy_trainer_carla.py:497) Total Episode:   376 Steps:   78645 Episode Steps:   190 Return:  1.0000 Success:  0.65, D: 0.00 FPS: 6.73
01:16:18.196 [INFO] (off_policy_trainer_carla.py:497) Total Episode:   377 Steps:   78947 Episode Steps:   302 Return:  0.0000 Success:  0.60, D: 0.00 FPS: 6.85
01:16:50.028 [INFO] (off_policy_trainer_carla.py:497) Total Episode:   378 Steps:   79162 Episode Steps:   215 Return:  0.0000 Success:  0.60, D: 0.00 FPS: 6.75
01:17:21.544 [INFO] (off_policy_trainer_carla.py:497) Total Episode:   379 Steps:   79375 Episode Steps:   213 Return:  1.0000 Success:  0.60, D: 0.00 FPS: 6.76
01:17:49.582 [INFO] (off_policy_trainer_carla.py:497) Total Episode:   380 Steps:   79563 Episode Steps:   188 Return:  1.0000 Success:  0.60, D: 0.00 FPS: 6.71
01:18:24.583 [INFO] (off_policy_trainer_carla.py:497) Total Episode:   381 Steps:   79800 Episode Steps:   237 Return:  1.0000 Success:  0.60, D: 0.00 FPS: 6.77
01:18:44.500 [INFO] (off_policy_trainer_carla.py:497) Total Episode:   382 Steps:   79930 Episode Steps:   130 Return: -1.0000 Success:  0.55, D: 0.00 FPS: 6.53
01:19:04.539 [INFO] (off_policy_trainer_carla.py:497) Total Episode:   383 Steps:   80061 Episode Steps:   131 Return: -1.0000 Success:  0.55, D: 0.00 FPS: 6.54
01:19:32.079 [INFO] (off_policy_trainer_carla.py:497) Total Episode:   384 Steps:   80246 Episode Steps:   185 Return:  1.0000 Success:  0.55, D: 0.00 FPS: 6.72
01:19:51.379 [INFO] (off_policy_trainer_carla.py:497) Total Episode:   385 Steps:   80374 Episode Steps:   128 Return: -1.0000 Success:  0.55, D: 0.00 FPS: 6.63
01:20:11.829 [INFO] (off_policy_trainer_carla.py:497) Total Episode:   386 Steps:   80509 Episode Steps:   135 Return: -1.0000 Success:  0.50, D: 0.00 FPS: 6.60
01:20:40.190 [INFO] (off_policy_trainer_carla.py:497) Total Episode:   387 Steps:   80699 Episode Steps:   190 Return: -1.0000 Success:  0.50, D: 0.00 FPS: 6.70
01:20:58.948 [INFO] (off_policy_trainer_carla.py:497) Total Episode:   388 Steps:   80822 Episode Steps:   123 Return: -1.0000 Success:  0.50, D: 0.00 FPS: 6.56
01:21:29.310 [INFO] (off_policy_trainer_carla.py:497) Total Episode:   389 Steps:   81026 Episode Steps:   204 Return:  1.0000 Success:  0.55, D: 0.00 FPS: 6.72
01:21:59.821 [INFO] (off_policy_trainer_carla.py:497) Total Episode:   390 Steps:   81231 Episode Steps:   205 Return:  1.0000 Success:  0.60, D: 0.00 FPS: 6.72
01:22:36.526 [INFO] (off_policy_trainer_carla.py:497) Total Episode:   391 Steps:   81479 Episode Steps:   248 Return:  0.0000 Success:  0.55, D: 0.00 FPS: 6.76
01:23:10.695 [INFO] (off_policy_trainer_carla.py:497) Total Episode:   392 Steps:   81710 Episode Steps:   231 Return:  1.0000 Success:  0.55, D: 0.00 FPS: 6.76
01:23:41.556 [INFO] (off_policy_trainer_carla.py:497) Total Episode:   393 Steps:   81917 Episode Steps:   207 Return:  1.0000 Success:  0.55, D: 0.00 FPS: 6.71
01:24:12.081 [INFO] (off_policy_trainer_carla.py:497) Total Episode:   394 Steps:   82124 Episode Steps:   207 Return:  0.0000 Success:  0.50, D: 0.00 FPS: 6.78
01:24:44.456 [INFO] (off_policy_trainer_carla.py:497) Total Episode:   395 Steps:   82343 Episode Steps:   219 Return:  1.0000 Success:  0.50, D: 0.00 FPS: 6.77
01:25:14.982 [INFO] (off_policy_trainer_carla.py:497) Total Episode:   396 Steps:   82548 Episode Steps:   205 Return:  1.0000 Success:  0.50, D: 0.00 FPS: 6.72
01:25:44.868 [INFO] (off_policy_trainer_carla.py:497) Total Episode:   397 Steps:   82750 Episode Steps:   202 Return:  1.0000 Success:  0.55, D: 0.00 FPS: 6.76
01:26:22.309 [INFO] (off_policy_trainer_carla.py:497) Total Episode:   398 Steps:   83004 Episode Steps:   254 Return:  1.0000 Success:  0.60, D: 0.00 FPS: 6.78
01:26:40.501 [INFO] (off_policy_trainer_carla.py:497) Total Episode:   399 Steps:   83123 Episode Steps:   119 Return: -1.0000 Success:  0.55, D: 0.00 FPS: 6.54
01:27:01.505 [INFO] (off_policy_trainer_carla.py:497) Total Episode:   400 Steps:   83262 Episode Steps:   139 Return: -1.0000 Success:  0.50, D: 0.00 FPS: 6.62
01:27:33.975 [INFO] (off_policy_trainer_carla.py:497) Total Episode:   401 Steps:   83481 Episode Steps:   219 Return:  1.0000 Success:  0.50, D: 0.00 FPS: 6.75
01:27:54.736 [INFO] (off_policy_trainer_carla.py:497) Total Episode:   402 Steps:   83614 Episode Steps:   133 Return: -1.0000 Success:  0.50, D: 0.00 FPS: 6.41
01:28:12.663 [INFO] (off_policy_trainer_carla.py:497) Total Episode:   403 Steps:   83731 Episode Steps:   117 Return: -1.0000 Success:  0.50, D: 0.00 FPS: 6.53
01:28:49.707 [INFO] (off_policy_trainer_carla.py:497) Total Episode:   404 Steps:   83982 Episode Steps:   251 Return:  1.0000 Success:  0.50, D: 0.00 FPS: 6.78
01:29:18.254 [INFO] (off_policy_trainer_carla.py:497) Total Episode:   405 Steps:   84174 Episode Steps:   192 Return:  1.0000 Success:  0.55, D: 0.00 FPS: 6.73
01:29:52.613 [INFO] (off_policy_trainer_carla.py:497) Total Episode:   406 Steps:   84407 Episode Steps:   233 Return:  1.0000 Success:  0.60, D: 0.00 FPS: 6.78
01:30:29.230 [INFO] (off_policy_trainer_carla.py:497) Total Episode:   407 Steps:   84655 Episode Steps:   248 Return:  1.0000 Success:  0.65, D: 0.00 FPS: 6.77
01:31:05.797 [INFO] (off_policy_trainer_carla.py:497) Total Episode:   408 Steps:   84902 Episode Steps:   247 Return:  1.0000 Success:  0.70, D: 0.00 FPS: 6.76
01:31:25.911 [INFO] (off_policy_trainer_carla.py:497) Total Episode:   409 Steps:   85035 Episode Steps:   133 Return: -1.0000 Success:  0.65, D: 0.00 FPS: 6.61
01:31:45.481 [INFO] (off_policy_trainer_carla.py:497) Total Episode:   410 Steps:   85164 Episode Steps:   129 Return: -1.0000 Success:  0.60, D: 0.00 FPS: 6.59
01:32:11.477 [INFO] (off_policy_trainer_carla.py:497) Total Episode:   411 Steps:   85337 Episode Steps:   173 Return: -1.0000 Success:  0.60, D: 0.00 FPS: 6.66
01:32:43.763 [INFO] (off_policy_trainer_carla.py:497) Total Episode:   412 Steps:   85554 Episode Steps:   217 Return:  1.0000 Success:  0.60, D: 0.00 FPS: 6.72
01:33:02.936 [INFO] (off_policy_trainer_carla.py:497) Total Episode:   413 Steps:   85680 Episode Steps:   126 Return: -1.0000 Success:  0.55, D: 0.00 FPS: 6.57
01:33:22.816 [INFO] (off_policy_trainer_carla.py:497) Total Episode:   414 Steps:   85811 Episode Steps:   131 Return: -1.0000 Success:  0.55, D: 0.00 FPS: 6.59
01:33:56.975 [INFO] (off_policy_trainer_carla.py:497) Total Episode:   415 Steps:   86040 Episode Steps:   229 Return:  1.0000 Success:  0.55, D: 0.00 FPS: 6.70
01:34:40.954 [INFO] (off_policy_trainer_carla.py:497) Total Episode:   416 Steps:   86342 Episode Steps:   302 Return:  0.0000 Success:  0.50, D: 0.00 FPS: 6.87
01:35:01.398 [INFO] (off_policy_trainer_carla.py:497) Total Episode:   417 Steps:   86477 Episode Steps:   135 Return: -1.0000 Success:  0.45, D: 0.00 FPS: 6.60
01:35:37.984 [INFO] (off_policy_trainer_carla.py:497) Total Episode:   418 Steps:   86725 Episode Steps:   248 Return:  1.0000 Success:  0.45, D: 0.00 FPS: 6.78
01:36:13.795 [INFO] (off_policy_trainer_carla.py:497) Total Episode:   419 Steps:   86966 Episode Steps:   241 Return:  1.0000 Success:  0.50, D: 0.00 FPS: 6.73
01:36:47.269 [INFO] (off_policy_trainer_carla.py:497) Total Episode:   420 Steps:   87193 Episode Steps:   227 Return:  1.0000 Success:  0.55, D: 0.00 FPS: 6.78
01:37:20.883 [INFO] (off_policy_trainer_carla.py:497) Total Episode:   421 Steps:   87422 Episode Steps:   229 Return:  1.0000 Success:  0.55, D: 0.00 FPS: 6.81
01:38:18.682 [INFO] (off_policy_trainer_carla.py:497) Total Episode:   422 Steps:   87678 Episode Steps:   256 Return:  1.0000 Success:  0.60, D: 0.00 FPS: 4.43
01:38:51.598 [INFO] (off_policy_trainer_carla.py:497) Total Episode:   423 Steps:   87899 Episode Steps:   221 Return: -1.0000 Success:  0.60, D: 0.00 FPS: 6.72
01:39:17.768 [INFO] (off_policy_trainer_carla.py:497) Total Episode:   424 Steps:   88073 Episode Steps:   174 Return: -1.0000 Success:  0.55, D: 0.00 FPS: 6.65
01:39:38.141 [INFO] (off_policy_trainer_carla.py:497) Total Episode:   425 Steps:   88207 Episode Steps:   134 Return: -1.0000 Success:  0.50, D: 0.00 FPS: 6.58
01:40:22.251 [INFO] (off_policy_trainer_carla.py:497) Total Episode:   426 Steps:   88509 Episode Steps:   302 Return:  0.0000 Success:  0.45, D: 0.00 FPS: 6.85
01:40:56.088 [INFO] (off_policy_trainer_carla.py:497) Total Episode:   427 Steps:   88737 Episode Steps:   228 Return:  1.0000 Success:  0.45, D: 0.00 FPS: 6.74
01:41:18.279 [INFO] (off_policy_trainer_carla.py:497) Total Episode:   428 Steps:   88883 Episode Steps:   146 Return: -1.0000 Success:  0.40, D: 0.00 FPS: 6.58
01:42:02.528 [INFO] (off_policy_trainer_carla.py:497) Total Episode:   429 Steps:   89185 Episode Steps:   302 Return:  0.0000 Success:  0.40, D: 0.00 FPS: 6.83
01:42:21.746 [INFO] (off_policy_trainer_carla.py:497) Total Episode:   430 Steps:   89310 Episode Steps:   125 Return: -1.0000 Success:  0.40, D: 0.00 FPS: 6.51
01:43:03.455 [INFO] (off_policy_trainer_carla.py:497) Total Episode:   431 Steps:   89592 Episode Steps:   282 Return:  1.0000 Success:  0.45, D: 0.00 FPS: 6.76
01:43:48.282 [INFO] (off_policy_trainer_carla.py:497) Total Episode:   432 Steps:   89894 Episode Steps:   302 Return:  0.0000 Success:  0.40, D: 0.00 FPS: 6.74
01:44:23.465 [INFO] (off_policy_trainer_carla.py:497) Total Episode:   433 Steps:   90131 Episode Steps:   237 Return:  1.0000 Success:  0.45, D: 0.00 FPS: 6.74
01:44:52.604 [INFO] (off_policy_trainer_carla.py:497) Total Episode:   434 Steps:   90326 Episode Steps:   195 Return:  1.0000 Success:  0.50, D: 0.00 FPS: 6.69
01:45:33.678 [INFO] (off_policy_trainer_carla.py:497) Total Episode:   435 Steps:   90605 Episode Steps:   279 Return:  0.0000 Success:  0.45, D: 0.00 FPS: 6.79
01:46:06.558 [INFO] (off_policy_trainer_carla.py:497) Total Episode:   436 Steps:   90825 Episode Steps:   220 Return:  1.0000 Success:  0.50, D: 0.00 FPS: 6.69
01:46:38.725 [INFO] (off_policy_trainer_carla.py:497) Total Episode:   437 Steps:   91040 Episode Steps:   215 Return:  1.0000 Success:  0.55, D: 0.00 FPS: 6.68
01:47:02.881 [INFO] (off_policy_trainer_carla.py:497) Total Episode:   438 Steps:   91200 Episode Steps:   160 Return: -1.0000 Success:  0.50, D: 0.00 FPS: 6.62
01:47:24.915 [INFO] (off_policy_trainer_carla.py:497) Total Episode:   439 Steps:   91345 Episode Steps:   145 Return: -1.0000 Success:  0.45, D: 0.00 FPS: 6.58
01:48:09.281 [INFO] (off_policy_trainer_carla.py:497) Total Episode:   440 Steps:   91647 Episode Steps:   302 Return:  0.0000 Success:  0.40, D: 0.00 FPS: 6.81
01:48:53.578 [INFO] (off_policy_trainer_carla.py:497) Total Episode:   441 Steps:   91949 Episode Steps:   302 Return:  0.0000 Success:  0.35, D: 0.00 FPS: 6.82
01:49:28.094 [INFO] (off_policy_trainer_carla.py:497) Total Episode:   442 Steps:   92183 Episode Steps:   234 Return:  1.0000 Success:  0.35, D: 0.00 FPS: 6.78
01:50:12.230 [INFO] (off_policy_trainer_carla.py:497) Total Episode:   443 Steps:   92485 Episode Steps:   302 Return:  0.0000 Success:  0.35, D: 0.00 FPS: 6.84
01:50:42.206 [INFO] (off_policy_trainer_carla.py:497) Total Episode:   444 Steps:   92686 Episode Steps:   201 Return:  1.0000 Success:  0.40, D: 0.00 FPS: 6.71
01:51:00.986 [INFO] (off_policy_trainer_carla.py:497) Total Episode:   445 Steps:   92809 Episode Steps:   123 Return: -1.0000 Success:  0.40, D: 0.00 FPS: 6.55
01:51:32.368 [INFO] (off_policy_trainer_carla.py:497) Total Episode:   446 Steps:   93020 Episode Steps:   211 Return:  1.0000 Success:  0.45, D: 0.00 FPS: 6.72
01:52:02.395 [INFO] (off_policy_trainer_carla.py:497) Total Episode:   447 Steps:   93222 Episode Steps:   202 Return:  1.0000 Success:  0.45, D: 0.00 FPS: 6.73
01:52:46.685 [INFO] (off_policy_trainer_carla.py:497) Total Episode:   448 Steps:   93524 Episode Steps:   302 Return:  0.0000 Success:  0.45, D: 0.00 FPS: 6.82
01:53:17.861 [INFO] (off_policy_trainer_carla.py:497) Total Episode:   449 Steps:   93728 Episode Steps:   204 Return:  1.0000 Success:  0.50, D: 0.00 FPS: 6.54
01:53:45.628 [INFO] (off_policy_trainer_carla.py:497) Total Episode:   450 Steps:   93913 Episode Steps:   185 Return:  1.0000 Success:  0.55, D: 0.00 FPS: 6.66
01:54:17.146 [INFO] (off_policy_trainer_carla.py:497) Total Episode:   451 Steps:   94125 Episode Steps:   212 Return:  1.0000 Success:  0.55, D: 0.00 FPS: 6.73
01:54:48.131 [INFO] (off_policy_trainer_carla.py:497) Total Episode:   452 Steps:   94334 Episode Steps:   209 Return:  1.0000 Success:  0.60, D: 0.00 FPS: 6.75
01:55:19.722 [INFO] (off_policy_trainer_carla.py:497) Total Episode:   453 Steps:   94545 Episode Steps:   211 Return:  1.0000 Success:  0.60, D: 0.00 FPS: 6.68
01:55:44.414 [INFO] (off_policy_trainer_carla.py:497) Total Episode:   454 Steps:   94709 Episode Steps:   164 Return: -1.0000 Success:  0.55, D: 0.00 FPS: 6.64
01:56:15.025 [INFO] (off_policy_trainer_carla.py:497) Total Episode:   455 Steps:   94914 Episode Steps:   205 Return:  1.0000 Success:  0.60, D: 0.00 FPS: 6.70
01:56:37.707 [INFO] (off_policy_trainer_carla.py:497) Total Episode:   456 Steps:   95064 Episode Steps:   150 Return: -1.0000 Success:  0.55, D: 0.00 FPS: 6.61
01:57:06.543 [INFO] (off_policy_trainer_carla.py:497) Total Episode:   457 Steps:   95258 Episode Steps:   194 Return:  1.0000 Success:  0.55, D: 0.00 FPS: 6.73
01:57:36.308 [INFO] (off_policy_trainer_carla.py:497) Total Episode:   458 Steps:   95456 Episode Steps:   198 Return:  1.0000 Success:  0.60, D: 0.00 FPS: 6.65
01:58:06.592 [INFO] (off_policy_trainer_carla.py:497) Total Episode:   459 Steps:   95658 Episode Steps:   202 Return:  1.0000 Success:  0.65, D: 0.00 FPS: 6.67
01:58:43.018 [INFO] (off_policy_trainer_carla.py:497) Total Episode:   460 Steps:   95903 Episode Steps:   245 Return:  1.0000 Success:  0.70, D: 0.00 FPS: 6.73
01:59:12.272 [INFO] (off_policy_trainer_carla.py:497) Total Episode:   461 Steps:   96099 Episode Steps:   196 Return:  1.0000 Success:  0.75, D: 0.00 FPS: 6.70
01:59:43.918 [INFO] (off_policy_trainer_carla.py:497) Total Episode:   462 Steps:   96312 Episode Steps:   213 Return:  1.0000 Success:  0.75, D: 0.00 FPS: 6.73
02:00:10.912 [INFO] (off_policy_trainer_carla.py:497) Total Episode:   463 Steps:   96493 Episode Steps:   181 Return:  1.0000 Success:  0.80, D: 0.00 FPS: 6.71
02:00:43.293 [INFO] (off_policy_trainer_carla.py:497) Total Episode:   464 Steps:   96711 Episode Steps:   218 Return:  1.0000 Success:  0.80, D: 0.00 FPS: 6.73
02:01:11.903 [INFO] (off_policy_trainer_carla.py:497) Total Episode:   465 Steps:   96902 Episode Steps:   191 Return:  1.0000 Success:  0.85, D: 0.00 FPS: 6.68
02:01:43.617 [INFO] (off_policy_trainer_carla.py:497) Total Episode:   466 Steps:   97115 Episode Steps:   213 Return:  1.0000 Success:  0.85, D: 0.00 FPS: 6.72
02:02:12.921 [INFO] (off_policy_trainer_carla.py:497) Total Episode:   467 Steps:   97311 Episode Steps:   196 Return:  1.0000 Success:  0.85, D: 0.00 FPS: 6.69
02:02:50.910 [INFO] (off_policy_trainer_carla.py:497) Total Episode:   468 Steps:   97569 Episode Steps:   258 Return:  0.0000 Success:  0.85, D: 0.00 FPS: 6.79
02:03:09.409 [INFO] (off_policy_trainer_carla.py:497) Total Episode:   469 Steps:   97688 Episode Steps:   119 Return: -1.0000 Success:  0.80, D: 0.00 FPS: 6.43
02:03:39.695 [INFO] (off_policy_trainer_carla.py:497) Total Episode:   470 Steps:   97890 Episode Steps:   202 Return:  1.0000 Success:  0.80, D: 0.00 FPS: 6.67
02:04:23.920 [INFO] (off_policy_trainer_carla.py:497) Total Episode:   471 Steps:   98192 Episode Steps:   302 Return:  0.0000 Success:  0.75, D: 0.00 FPS: 6.83
02:05:08.382 [INFO] (off_policy_trainer_carla.py:497) Total Episode:   472 Steps:   98494 Episode Steps:   302 Return:  0.0000 Success:  0.70, D: 0.00 FPS: 6.79
02:05:42.697 [INFO] (off_policy_trainer_carla.py:497) Total Episode:   473 Steps:   98725 Episode Steps:   231 Return:  1.0000 Success:  0.70, D: 0.00 FPS: 6.73
02:06:18.750 [INFO] (off_policy_trainer_carla.py:497) Total Episode:   474 Steps:   98969 Episode Steps:   244 Return:  1.0000 Success:  0.75, D: 0.00 FPS: 6.77
02:06:51.573 [INFO] (off_policy_trainer_carla.py:497) Total Episode:   475 Steps:   99190 Episode Steps:   221 Return:  0.0000 Success:  0.70, D: 0.00 FPS: 6.73
02:07:23.247 [INFO] (off_policy_trainer_carla.py:497) Total Episode:   476 Steps:   99402 Episode Steps:   212 Return:  1.0000 Success:  0.75, D: 0.00 FPS: 6.69
02:07:42.814 [INFO] (off_policy_trainer_carla.py:497) Total Episode:   477 Steps:   99531 Episode Steps:   129 Return: -1.0000 Success:  0.70, D: 0.00 FPS: 6.59
02:08:14.354 [INFO] (off_policy_trainer_carla.py:497) Total Episode:   478 Steps:   99741 Episode Steps:   210 Return:  1.0000 Success:  0.70, D: 0.00 FPS: 6.66
02:08:48.138 [INFO] (off_policy_trainer_carla.py:497) Total Episode:   479 Steps:   99968 Episode Steps:   227 Return:  1.0000 Success:  0.70, D: 0.00 FPS: 6.72
