23:20:22.261 [INFO] (off_policy_trainer_carla.py:565) Total Episode:     1 Steps:     302 Episode Steps:   302 Return:  0.0000 Success:  0.00, D: 0.00 FPS:43.55
23:20:26.289 [INFO] (off_policy_trainer_carla.py:565) Total Episode:     2 Steps:     520 Episode Steps:   218 Return:  1.0000 Success:  0.05, D: 0.00 FPS:54.17
23:20:30.235 [INFO] (off_policy_trainer_carla.py:565) Total Episode:     3 Steps:     727 Episode Steps:   207 Return:  1.0000 Success:  0.10, D: 0.00 FPS:52.49
23:20:33.760 [INFO] (off_policy_trainer_carla.py:565) Total Episode:     4 Steps:     907 Episode Steps:   180 Return:  0.0000 Success:  0.10, D: 0.00 FPS:51.12
23:20:38.784 [INFO] (off_policy_trainer_carla.py:565) Total Episode:     5 Steps:    1209 Episode Steps:   302 Return:  0.0000 Success:  0.10, D: 0.00 FPS:60.14
23:20:42.353 [INFO] (off_policy_trainer_carla.py:565) Total Episode:     6 Steps:    1386 Episode Steps:   177 Return:  0.0000 Success:  0.10, D: 0.00 FPS:49.63
23:20:46.148 [INFO] (off_policy_trainer_carla.py:565) Total Episode:     7 Steps:    1581 Episode Steps:   195 Return: -1.0000 Success:  0.10, D: 0.00 FPS:51.45
23:20:50.292 [INFO] (off_policy_trainer_carla.py:565) Total Episode:     8 Steps:    1802 Episode Steps:   221 Return:  1.0000 Success:  0.15, D: 0.00 FPS:53.36
23:20:53.901 [INFO] (off_policy_trainer_carla.py:565) Total Episode:     9 Steps:    1990 Episode Steps:   188 Return:  1.0000 Success:  0.20, D: 0.00 FPS:52.13
23:20:57.141 [INFO] (off_policy_trainer_carla.py:565) Total Episode:    10 Steps:    2145 Episode Steps:   155 Return: -1.0000 Success:  0.20, D: 0.00 FPS:47.87
23:20:59.902 [INFO] (off_policy_trainer_carla.py:565) Total Episode:    11 Steps:    2271 Episode Steps:   126 Return: -1.0000 Success:  0.20, D: 0.00 FPS:45.68
23:21:04.896 [INFO] (off_policy_trainer_carla.py:565) Total Episode:    12 Steps:    2573 Episode Steps:   302 Return:  0.0000 Success:  0.20, D: 0.00 FPS:60.50
23:21:09.824 [INFO] (off_policy_trainer_carla.py:565) Total Episode:    13 Steps:    2875 Episode Steps:   302 Return:  0.0000 Success:  0.20, D: 0.00 FPS:61.31
23:21:14.966 [INFO] (off_policy_trainer_carla.py:565) Total Episode:    14 Steps:    3177 Episode Steps:   302 Return:  0.0000 Success:  0.20, D: 0.00 FPS:58.76
23:21:17.629 [INFO] (off_policy_trainer_carla.py:565) Total Episode:    15 Steps:    3292 Episode Steps:   115 Return: -1.0000 Success:  0.20, D: 0.00 FPS:43.22
23:21:21.655 [INFO] (off_policy_trainer_carla.py:565) Total Episode:    16 Steps:    3508 Episode Steps:   216 Return:  1.0000 Success:  0.25, D: 0.00 FPS:53.68
23:21:25.483 [INFO] (off_policy_trainer_carla.py:565) Total Episode:    17 Steps:    3708 Episode Steps:   200 Return:  1.0000 Success:  0.30, D: 0.00 FPS:52.28
23:21:29.431 [INFO] (off_policy_trainer_carla.py:565) Total Episode:    18 Steps:    3920 Episode Steps:   212 Return:  1.0000 Success:  0.35, D: 0.00 FPS:53.73
23:21:32.168 [INFO] (off_policy_trainer_carla.py:565) Total Episode:    19 Steps:    4040 Episode Steps:   120 Return: -1.0000 Success:  0.35, D: 0.00 FPS:43.89
23:21:34.925 [INFO] (off_policy_trainer_carla.py:565) Total Episode:    20 Steps:    4156 Episode Steps:   116 Return: -1.0000 Success:  0.35, D: 0.00 FPS:42.12
23:21:38.616 [INFO] (off_policy_trainer_carla.py:565) Total Episode:    21 Steps:    4350 Episode Steps:   194 Return:  1.0000 Success:  0.40, D: 0.00 FPS:52.59
23:21:42.714 [INFO] (off_policy_trainer_carla.py:565) Total Episode:    22 Steps:    4572 Episode Steps:   222 Return:  1.0000 Success:  0.40, D: 0.00 FPS:54.21
23:21:46.476 [INFO] (off_policy_trainer_carla.py:565) Total Episode:    23 Steps:    4769 Episode Steps:   197 Return:  1.0000 Success:  0.40, D: 0.00 FPS:52.41
23:22:10.446 [INFO] (off_policy_trainer_carla.py:565) Total Episode:    24 Steps:    4985 Episode Steps:   216 Return:  1.0000 Success:  0.45, D: 0.00 FPS: 9.01
23:24:43.745 [INFO] (off_policy_trainer_carla.py:565) Total Episode:    25 Steps:    5114 Episode Steps:   129 Return: -1.0000 Success:  0.45, D: 0.00 FPS: 0.84
23:25:25.273 [INFO] (off_policy_trainer_carla.py:565) Total Episode:    26 Steps:    5259 Episode Steps:   145 Return: -1.0000 Success:  0.45, D: 0.00 FPS: 3.49
23:26:29.884 [INFO] (off_policy_trainer_carla.py:565) Total Episode:    27 Steps:    5487 Episode Steps:   228 Return:  1.0000 Success:  0.50, D: 0.00 FPS: 3.53
23:27:25.421 [INFO] (off_policy_trainer_carla.py:565) Total Episode:    28 Steps:    5683 Episode Steps:   196 Return:  1.0000 Success:  0.50, D: 0.00 FPS: 3.53
23:28:09.973 [INFO] (off_policy_trainer_carla.py:565) Total Episode:    29 Steps:    5839 Episode Steps:   156 Return: -1.0000 Success:  0.45, D: 0.00 FPS: 3.50
23:29:35.327 [INFO] (off_policy_trainer_carla.py:565) Total Episode:    30 Steps:    6141 Episode Steps:   302 Return:  0.0000 Success:  0.45, D: 0.00 FPS: 3.54
23:30:42.386 [INFO] (off_policy_trainer_carla.py:565) Total Episode:    31 Steps:    6379 Episode Steps:   238 Return:  1.0000 Success:  0.50, D: 0.00 FPS: 3.55
23:31:41.968 [INFO] (off_policy_trainer_carla.py:565) Total Episode:    32 Steps:    6590 Episode Steps:   211 Return:  1.0000 Success:  0.55, D: 0.00 FPS: 3.54
23:33:06.694 [INFO] (off_policy_trainer_carla.py:565) Total Episode:    33 Steps:    6892 Episode Steps:   302 Return:  0.0000 Success:  0.55, D: 0.00 FPS: 3.56
23:34:05.170 [INFO] (off_policy_trainer_carla.py:565) Total Episode:    34 Steps:    7099 Episode Steps:   207 Return:  1.0000 Success:  0.60, D: 0.00 FPS: 3.54
23:35:04.659 [INFO] (off_policy_trainer_carla.py:565) Total Episode:    35 Steps:    7309 Episode Steps:   210 Return:  1.0000 Success:  0.65, D: 0.00 FPS: 3.53
23:36:07.327 [INFO] (off_policy_trainer_carla.py:565) Total Episode:    36 Steps:    7531 Episode Steps:   222 Return:  1.0000 Success:  0.65, D: 0.00 FPS: 3.54
23:37:09.072 [INFO] (off_policy_trainer_carla.py:565) Total Episode:    37 Steps:    7749 Episode Steps:   218 Return:  1.0000 Success:  0.65, D: 0.00 FPS: 3.53
23:37:44.212 [INFO] (off_policy_trainer_carla.py:565) Total Episode:    38 Steps:    7872 Episode Steps:   123 Return: -1.0000 Success:  0.60, D: 0.00 FPS: 3.50
23:39:09.075 [INFO] (off_policy_trainer_carla.py:565) Total Episode:    39 Steps:    8174 Episode Steps:   302 Return:  0.0000 Success:  0.60, D: 0.00 FPS: 3.56
23:39:54.378 [INFO] (off_policy_trainer_carla.py:565) Total Episode:    40 Steps:    8333 Episode Steps:   159 Return:  0.0000 Success:  0.60, D: 0.00 FPS: 3.51
23:40:52.990 [INFO] (off_policy_trainer_carla.py:565) Total Episode:    41 Steps:    8540 Episode Steps:   207 Return:  0.0000 Success:  0.55, D: 0.00 FPS: 3.53
23:41:26.815 [INFO] (off_policy_trainer_carla.py:565) Total Episode:    42 Steps:    8658 Episode Steps:   118 Return: -1.0000 Success:  0.50, D: 0.00 FPS: 3.49
23:42:03.529 [INFO] (off_policy_trainer_carla.py:565) Total Episode:    43 Steps:    8786 Episode Steps:   128 Return: -1.0000 Success:  0.45, D: 0.00 FPS: 3.49
23:42:59.324 [INFO] (off_policy_trainer_carla.py:565) Total Episode:    44 Steps:    8983 Episode Steps:   197 Return:  1.0000 Success:  0.45, D: 0.00 FPS: 3.53
23:43:58.342 [INFO] (off_policy_trainer_carla.py:565) Total Episode:    45 Steps:    9191 Episode Steps:   208 Return:  1.0000 Success:  0.50, D: 0.00 FPS: 3.52
23:45:02.097 [INFO] (off_policy_trainer_carla.py:565) Total Episode:    46 Steps:    9416 Episode Steps:   225 Return:  1.0000 Success:  0.55, D: 0.00 FPS: 3.53
23:45:35.176 [INFO] (off_policy_trainer_carla.py:565) Total Episode:    47 Steps:    9528 Episode Steps:   112 Return: -1.0000 Success:  0.50, D: 0.00 FPS: 3.39
23:46:05.226 [INFO] (off_policy_trainer_carla.py:565) Total Episode:    48 Steps:    9632 Episode Steps:   104 Return: -1.0000 Success:  0.45, D: 0.00 FPS: 3.46
23:47:00.837 [INFO] (off_policy_trainer_carla.py:565) Total Episode:    49 Steps:    9828 Episode Steps:   196 Return:  1.0000 Success:  0.50, D: 0.00 FPS: 3.52
23:47:38.036 [INFO] (off_policy_trainer_carla.py:565) Total Episode:    50 Steps:    9958 Episode Steps:   130 Return: -1.0000 Success:  0.50, D: 0.00 FPS: 3.49
23:48:30.105 [INFO] (off_policy_trainer_carla.py:565) Total Episode:    51 Steps:   10142 Episode Steps:   184 Return: -1.0000 Success:  0.45, D: 0.00 FPS: 3.53
23:49:05.734 [INFO] (off_policy_trainer_carla.py:565) Total Episode:    52 Steps:   10266 Episode Steps:   124 Return: -1.0000 Success:  0.40, D: 0.00 FPS: 3.48
23:50:00.942 [INFO] (off_policy_trainer_carla.py:565) Total Episode:    53 Steps:   10461 Episode Steps:   195 Return:  1.0000 Success:  0.45, D: 0.00 FPS: 3.53
23:50:57.784 [INFO] (off_policy_trainer_carla.py:565) Total Episode:    54 Steps:   10662 Episode Steps:   201 Return: -1.0000 Success:  0.40, D: 0.00 FPS: 3.54
23:52:04.982 [INFO] (off_policy_trainer_carla.py:565) Total Episode:    55 Steps:   10900 Episode Steps:   238 Return:  1.0000 Success:  0.40, D: 0.00 FPS: 3.54
23:53:15.992 [INFO] (off_policy_trainer_carla.py:565) Total Episode:    56 Steps:   11152 Episode Steps:   252 Return:  1.0000 Success:  0.40, D: 0.00 FPS: 3.55
23:53:53.191 [INFO] (off_policy_trainer_carla.py:565) Total Episode:    57 Steps:   11281 Episode Steps:   129 Return: -1.0000 Success:  0.35, D: 0.00 FPS: 3.47
23:55:18.309 [INFO] (off_policy_trainer_carla.py:565) Total Episode:    58 Steps:   11583 Episode Steps:   302 Return:  0.0000 Success:  0.35, D: 0.00 FPS: 3.55
23:56:00.094 [INFO] (off_policy_trainer_carla.py:565) Total Episode:    59 Steps:   11729 Episode Steps:   146 Return: -1.0000 Success:  0.35, D: 0.00 FPS: 3.49
23:56:32.467 [INFO] (off_policy_trainer_carla.py:565) Total Episode:    60 Steps:   11841 Episode Steps:   112 Return: -1.0000 Success:  0.35, D: 0.00 FPS: 3.46
23:57:15.758 [INFO] (off_policy_trainer_carla.py:565) Total Episode:    61 Steps:   11992 Episode Steps:   151 Return: -1.0000 Success:  0.35, D: 0.00 FPS: 3.49
23:58:17.370 [INFO] (off_policy_trainer_carla.py:565) Total Episode:    62 Steps:   12209 Episode Steps:   217 Return:  1.0000 Success:  0.40, D: 0.00 FPS: 3.52
23:59:09.369 [INFO] (off_policy_trainer_carla.py:565) Total Episode:    63 Steps:   12391 Episode Steps:   182 Return:  0.0000 Success:  0.40, D: 0.00 FPS: 3.50
23:59:42.444 [INFO] (off_policy_trainer_carla.py:565) Total Episode:    64 Steps:   12505 Episode Steps:   114 Return: -1.0000 Success:  0.35, D: 0.00 FPS: 3.45
00:00:31.366 [INFO] (off_policy_trainer_carla.py:565) Total Episode:    65 Steps:   12677 Episode Steps:   172 Return:  0.0000 Success:  0.30, D: 0.00 FPS: 3.52
00:01:03.550 [INFO] (off_policy_trainer_carla.py:565) Total Episode:    66 Steps:   12789 Episode Steps:   112 Return: -1.0000 Success:  0.25, D: 0.00 FPS: 3.48
00:02:28.073 [INFO] (off_policy_trainer_carla.py:565) Total Episode:    67 Steps:   13091 Episode Steps:   302 Return:  0.0000 Success:  0.25, D: 0.00 FPS: 3.57
00:03:24.920 [INFO] (off_policy_trainer_carla.py:565) Total Episode:    68 Steps:   13292 Episode Steps:   201 Return:  1.0000 Success:  0.30, D: 0.00 FPS: 3.54
00:04:26.970 [INFO] (off_policy_trainer_carla.py:565) Total Episode:    69 Steps:   13511 Episode Steps:   219 Return:  1.0000 Success:  0.30, D: 0.00 FPS: 3.53
00:05:51.660 [INFO] (off_policy_trainer_carla.py:565) Total Episode:    70 Steps:   13813 Episode Steps:   302 Return:  0.0000 Success:  0.30, D: 0.00 FPS: 3.57
00:06:47.621 [INFO] (off_policy_trainer_carla.py:565) Total Episode:    71 Steps:   14011 Episode Steps:   198 Return:  1.0000 Success:  0.35, D: 0.00 FPS: 3.54
00:08:12.335 [INFO] (off_policy_trainer_carla.py:565) Total Episode:    72 Steps:   14313 Episode Steps:   302 Return:  0.0000 Success:  0.35, D: 0.00 FPS: 3.57
00:09:17.277 [INFO] (off_policy_trainer_carla.py:565) Total Episode:    73 Steps:   14543 Episode Steps:   230 Return:  0.0000 Success:  0.30, D: 0.00 FPS: 3.54
00:09:53.367 [INFO] (off_policy_trainer_carla.py:565) Total Episode:    74 Steps:   14669 Episode Steps:   126 Return: -1.0000 Success:  0.30, D: 0.00 FPS: 3.49
00:11:18.153 [INFO] (off_policy_trainer_carla.py:565) Total Episode:    75 Steps:   14971 Episode Steps:   302 Return:  0.0000 Success:  0.25, D: 0.00 FPS: 3.56
00:11:51.320 [INFO] (off_policy_trainer_carla.py:565) Total Episode:    76 Steps:   15086 Episode Steps:   115 Return: -1.0000 Success:  0.20, D: 0.00 FPS: 3.47
00:12:51.896 [INFO] (off_policy_trainer_carla.py:565) Total Episode:    77 Steps:   15300 Episode Steps:   214 Return:  1.0000 Success:  0.25, D: 0.00 FPS: 3.53
00:13:35.447 [INFO] (off_policy_trainer_carla.py:565) Total Episode:    78 Steps:   15452 Episode Steps:   152 Return:  0.0000 Success:  0.25, D: 0.00 FPS: 3.49
00:14:40.102 [INFO] (off_policy_trainer_carla.py:565) Total Episode:    79 Steps:   15681 Episode Steps:   229 Return:  0.0000 Success:  0.25, D: 0.00 FPS: 3.54
00:15:37.404 [INFO] (off_policy_trainer_carla.py:565) Total Episode:    80 Steps:   15884 Episode Steps:   203 Return:  1.0000 Success:  0.30, D: 0.00 FPS: 3.54
00:16:36.462 [INFO] (off_policy_trainer_carla.py:565) Total Episode:    81 Steps:   16093 Episode Steps:   209 Return:  1.0000 Success:  0.35, D: 0.00 FPS: 3.54
00:17:34.046 [INFO] (off_policy_trainer_carla.py:565) Total Episode:    82 Steps:   16296 Episode Steps:   203 Return:  1.0000 Success:  0.35, D: 0.00 FPS: 3.53
00:18:16.799 [INFO] (off_policy_trainer_carla.py:565) Total Episode:    83 Steps:   16446 Episode Steps:   150 Return:  0.0000 Success:  0.35, D: 0.00 FPS: 3.51
00:19:22.218 [INFO] (off_policy_trainer_carla.py:565) Total Episode:    84 Steps:   16677 Episode Steps:   231 Return:  1.0000 Success:  0.40, D: 0.00 FPS: 3.53
00:20:19.880 [INFO] (off_policy_trainer_carla.py:565) Total Episode:    85 Steps:   16880 Episode Steps:   203 Return: -1.0000 Success:  0.40, D: 0.00 FPS: 3.52
00:21:17.959 [INFO] (off_policy_trainer_carla.py:565) Total Episode:    86 Steps:   17085 Episode Steps:   205 Return:  1.0000 Success:  0.45, D: 0.00 FPS: 3.53
00:22:42.700 [INFO] (off_policy_trainer_carla.py:565) Total Episode:    87 Steps:   17387 Episode Steps:   302 Return:  0.0000 Success:  0.45, D: 0.00 FPS: 3.56
00:23:39.243 [INFO] (off_policy_trainer_carla.py:565) Total Episode:    88 Steps:   17587 Episode Steps:   200 Return:  1.0000 Success:  0.45, D: 0.00 FPS: 3.54
00:24:41.636 [INFO] (off_policy_trainer_carla.py:565) Total Episode:    89 Steps:   17807 Episode Steps:   220 Return:  1.0000 Success:  0.45, D: 0.00 FPS: 3.53
00:25:18.139 [INFO] (off_policy_trainer_carla.py:565) Total Episode:    90 Steps:   17935 Episode Steps:   128 Return: -1.0000 Success:  0.45, D: 0.00 FPS: 3.51
00:26:18.254 [INFO] (off_policy_trainer_carla.py:565) Total Episode:    91 Steps:   18148 Episode Steps:   213 Return:  1.0000 Success:  0.45, D: 0.00 FPS: 3.54
00:27:02.643 [INFO] (off_policy_trainer_carla.py:565) Total Episode:    92 Steps:   18304 Episode Steps:   156 Return:  0.0000 Success:  0.45, D: 0.00 FPS: 3.51
00:27:42.568 [INFO] (off_policy_trainer_carla.py:565) Total Episode:    93 Steps:   18444 Episode Steps:   140 Return:  0.0000 Success:  0.45, D: 0.00 FPS: 3.51
00:28:16.784 [INFO] (off_policy_trainer_carla.py:565) Total Episode:    94 Steps:   18563 Episode Steps:   119 Return: -1.0000 Success:  0.45, D: 0.00 FPS: 3.48
00:28:57.725 [INFO] (off_policy_trainer_carla.py:565) Total Episode:    95 Steps:   18706 Episode Steps:   143 Return: -1.0000 Success:  0.45, D: 0.00 FPS: 3.49
00:30:22.236 [INFO] (off_policy_trainer_carla.py:565) Total Episode:    96 Steps:   19008 Episode Steps:   302 Return:  0.0000 Success:  0.45, D: 0.00 FPS: 3.57
00:30:59.118 [INFO] (off_policy_trainer_carla.py:565) Total Episode:    97 Steps:   19137 Episode Steps:   129 Return: -1.0000 Success:  0.40, D: 0.00 FPS: 3.50
00:32:00.544 [INFO] (off_policy_trainer_carla.py:565) Total Episode:    98 Steps:   19354 Episode Steps:   217 Return:  1.0000 Success:  0.45, D: 0.00 FPS: 3.53
00:32:39.947 [INFO] (off_policy_trainer_carla.py:565) Total Episode:    99 Steps:   19492 Episode Steps:   138 Return: -1.0000 Success:  0.45, D: 0.00 FPS: 3.50
00:33:37.704 [INFO] (off_policy_trainer_carla.py:565) Total Episode:   100 Steps:   19696 Episode Steps:   204 Return:  1.0000 Success:  0.45, D: 0.00 FPS: 3.53
00:35:02.775 [INFO] (off_policy_trainer_carla.py:565) Total Episode:   101 Steps:   19998 Episode Steps:   302 Return:  0.0000 Success:  0.40, D: 0.00 FPS: 3.55
00:35:57.272 [INFO] (off_policy_trainer_carla.py:565) Total Episode:   102 Steps:   20190 Episode Steps:   192 Return: -1.0000 Success:  0.35, D: 0.00 FPS: 3.52
00:37:04.427 [INFO] (off_policy_trainer_carla.py:565) Total Episode:   103 Steps:   20428 Episode Steps:   238 Return:  1.0000 Success:  0.40, D: 0.00 FPS: 3.54
00:38:00.077 [INFO] (off_policy_trainer_carla.py:565) Total Episode:   104 Steps:   20624 Episode Steps:   196 Return:  1.0000 Success:  0.40, D: 0.00 FPS: 3.52
00:39:07.058 [INFO] (off_policy_trainer_carla.py:565) Total Episode:   105 Steps:   20860 Episode Steps:   236 Return:  1.0000 Success:  0.45, D: 0.00 FPS: 3.52
00:40:31.990 [INFO] (off_policy_trainer_carla.py:565) Total Episode:   106 Steps:   21162 Episode Steps:   302 Return:  0.0000 Success:  0.40, D: 0.00 FPS: 3.56
00:41:02.699 [INFO] (off_policy_trainer_carla.py:565) Total Episode:   107 Steps:   21268 Episode Steps:   106 Return: -1.0000 Success:  0.40, D: 0.00 FPS: 3.45
00:41:43.045 [INFO] (off_policy_trainer_carla.py:565) Total Episode:   108 Steps:   21409 Episode Steps:   141 Return:  0.0000 Success:  0.35, D: 0.00 FPS: 3.50
00:43:08.040 [INFO] (off_policy_trainer_carla.py:565) Total Episode:   109 Steps:   21711 Episode Steps:   302 Return:  0.0000 Success:  0.30, D: 0.00 FPS: 3.55
00:43:56.542 [INFO] (off_policy_trainer_carla.py:565) Total Episode:   110 Steps:   21881 Episode Steps:   170 Return:  0.0000 Success:  0.30, D: 0.00 FPS: 3.51
00:44:29.535 [INFO] (off_policy_trainer_carla.py:565) Total Episode:   111 Steps:   21996 Episode Steps:   115 Return: -1.0000 Success:  0.25, D: 0.00 FPS: 3.49
00:44:58.230 [INFO] (off_policy_trainer_carla.py:565) Total Episode:   112 Steps:   22095 Episode Steps:    99 Return: -1.0000 Success:  0.25, D: 0.00 FPS: 3.45
00:46:22.993 [INFO] (off_policy_trainer_carla.py:565) Total Episode:   113 Steps:   22397 Episode Steps:   302 Return:  0.0000 Success:  0.25, D: 0.00 FPS: 3.56
00:47:26.324 [INFO] (off_policy_trainer_carla.py:565) Total Episode:   114 Steps:   22622 Episode Steps:   225 Return:  1.0000 Success:  0.30, D: 0.00 FPS: 3.55
00:48:23.945 [INFO] (off_policy_trainer_carla.py:565) Total Episode:   115 Steps:   22826 Episode Steps:   204 Return:  1.0000 Success:  0.35, D: 0.00 FPS: 3.54
00:49:22.400 [INFO] (off_policy_trainer_carla.py:565) Total Episode:   116 Steps:   23032 Episode Steps:   206 Return:  1.0000 Success:  0.40, D: 0.00 FPS: 3.52
00:50:47.805 [INFO] (off_policy_trainer_carla.py:565) Total Episode:   117 Steps:   23334 Episode Steps:   302 Return:  0.0000 Success:  0.40, D: 0.00 FPS: 3.54
00:51:46.759 [INFO] (off_policy_trainer_carla.py:565) Total Episode:   118 Steps:   23542 Episode Steps:   208 Return:  1.0000 Success:  0.40, D: 0.00 FPS: 3.53
00:52:49.416 [INFO] (off_policy_trainer_carla.py:565) Total Episode:   119 Steps:   23763 Episode Steps:   221 Return:  1.0000 Success:  0.45, D: 0.00 FPS: 3.53
00:53:46.923 [INFO] (off_policy_trainer_carla.py:565) Total Episode:   120 Steps:   23965 Episode Steps:   202 Return:  1.0000 Success:  0.45, D: 0.00 FPS: 3.51
00:54:20.277 [INFO] (off_policy_trainer_carla.py:565) Total Episode:   121 Steps:   24081 Episode Steps:   116 Return: -1.0000 Success:  0.45, D: 0.00 FPS: 3.48
00:55:02.906 [INFO] (off_policy_trainer_carla.py:565) Total Episode:   122 Steps:   24230 Episode Steps:   149 Return: -1.0000 Success:  0.45, D: 0.00 FPS: 3.50
00:55:41.367 [INFO] (off_policy_trainer_carla.py:565) Total Episode:   123 Steps:   24364 Episode Steps:   134 Return: -1.0000 Success:  0.40, D: 0.00 FPS: 3.48
00:56:43.393 [INFO] (off_policy_trainer_carla.py:565) Total Episode:   124 Steps:   24584 Episode Steps:   220 Return:  1.0000 Success:  0.40, D: 0.00 FPS: 3.55
00:58:07.986 [INFO] (off_policy_trainer_carla.py:565) Total Episode:   125 Steps:   24886 Episode Steps:   302 Return:  0.0000 Success:  0.35, D: 0.00 FPS: 3.57
00:58:41.220 [INFO] (off_policy_trainer_carla.py:565) Total Episode:   126 Steps:   25001 Episode Steps:   115 Return: -1.0000 Success:  0.35, D: 0.00 FPS: 3.46
00:59:40.366 [INFO] (off_policy_trainer_carla.py:565) Total Episode:   127 Steps:   25210 Episode Steps:   209 Return:  1.0000 Success:  0.40, D: 0.00 FPS: 3.53
01:01:04.957 [INFO] (off_policy_trainer_carla.py:565) Total Episode:   128 Steps:   25512 Episode Steps:   302 Return:  0.0000 Success:  0.40, D: 0.00 FPS: 3.57
01:02:03.940 [INFO] (off_policy_trainer_carla.py:565) Total Episode:   129 Steps:   25721 Episode Steps:   209 Return:  1.0000 Success:  0.45, D: 0.00 FPS: 3.54
01:03:02.831 [INFO] (off_policy_trainer_carla.py:565) Total Episode:   130 Steps:   25929 Episode Steps:   208 Return:  1.0000 Success:  0.50, D: 0.00 FPS: 3.53
01:03:46.538 [INFO] (off_policy_trainer_carla.py:565) Total Episode:   131 Steps:   26082 Episode Steps:   153 Return:  0.0000 Success:  0.50, D: 0.00 FPS: 3.50
01:04:49.053 [INFO] (off_policy_trainer_carla.py:565) Total Episode:   132 Steps:   26303 Episode Steps:   221 Return:  1.0000 Success:  0.55, D: 0.00 FPS: 3.54
01:06:14.670 [INFO] (off_policy_trainer_carla.py:565) Total Episode:   133 Steps:   26605 Episode Steps:   302 Return:  0.0000 Success:  0.55, D: 0.00 FPS: 3.53
01:07:39.451 [INFO] (off_policy_trainer_carla.py:565) Total Episode:   134 Steps:   26907 Episode Steps:   302 Return:  0.0000 Success:  0.50, D: 0.00 FPS: 3.56
01:08:11.378 [INFO] (off_policy_trainer_carla.py:565) Total Episode:   135 Steps:   27018 Episode Steps:   111 Return: -1.0000 Success:  0.45, D: 0.00 FPS: 3.48
01:09:09.149 [INFO] (off_policy_trainer_carla.py:565) Total Episode:   136 Steps:   27221 Episode Steps:   203 Return:  1.0000 Success:  0.45, D: 0.00 FPS: 3.51
01:09:44.262 [INFO] (off_policy_trainer_carla.py:565) Total Episode:   137 Steps:   27343 Episode Steps:   122 Return: -1.0000 Success:  0.45, D: 0.00 FPS: 3.47
01:11:09.313 [INFO] (off_policy_trainer_carla.py:565) Total Episode:   138 Steps:   27645 Episode Steps:   302 Return:  0.0000 Success:  0.40, D: 0.00 FPS: 3.55
01:12:16.745 [INFO] (off_policy_trainer_carla.py:565) Total Episode:   139 Steps:   27883 Episode Steps:   238 Return:  1.0000 Success:  0.40, D: 0.00 FPS: 3.53
01:12:53.513 [INFO] (off_policy_trainer_carla.py:565) Total Episode:   140 Steps:   28011 Episode Steps:   128 Return: -1.0000 Success:  0.35, D: 0.00 FPS: 3.48
01:13:27.030 [INFO] (off_policy_trainer_carla.py:565) Total Episode:   141 Steps:   28127 Episode Steps:   116 Return: -1.0000 Success:  0.35, D: 0.00 FPS: 3.46
01:14:24.939 [INFO] (off_policy_trainer_carla.py:565) Total Episode:   142 Steps:   28331 Episode Steps:   204 Return:  1.0000 Success:  0.40, D: 0.00 FPS: 3.52
01:15:49.952 [INFO] (off_policy_trainer_carla.py:565) Total Episode:   143 Steps:   28633 Episode Steps:   302 Return:  0.0000 Success:  0.40, D: 0.00 FPS: 3.55
01:17:15.109 [INFO] (off_policy_trainer_carla.py:565) Total Episode:   144 Steps:   28935 Episode Steps:   302 Return:  0.0000 Success:  0.35, D: 0.00 FPS: 3.55
01:18:42.245 [INFO] (off_policy_trainer_carla.py:565) Total Episode:   145 Steps:   29237 Episode Steps:   302 Return:  0.0000 Success:  0.35, D: 0.00 FPS: 3.47
01:19:44.601 [INFO] (off_policy_trainer_carla.py:565) Total Episode:   146 Steps:   29452 Episode Steps:   215 Return:  1.0000 Success:  0.40, D: 0.00 FPS: 3.45
01:20:19.341 [INFO] (off_policy_trainer_carla.py:565) Total Episode:   147 Steps:   29570 Episode Steps:   118 Return: -1.0000 Success:  0.35, D: 0.00 FPS: 3.40
01:20:52.133 [INFO] (off_policy_trainer_carla.py:565) Total Episode:   148 Steps:   29682 Episode Steps:   112 Return: -1.0000 Success:  0.35, D: 0.00 FPS: 3.42
01:21:56.307 [INFO] (off_policy_trainer_carla.py:565) Total Episode:   149 Steps:   29905 Episode Steps:   223 Return:  1.0000 Success:  0.35, D: 0.00 FPS: 3.48
01:22:53.329 [INFO] (off_policy_trainer_carla.py:565) Total Episode:   150 Steps:   30102 Episode Steps:   197 Return:  1.0000 Success:  0.35, D: 0.00 FPS: 3.45
01:23:52.295 [INFO] (off_policy_trainer_carla.py:565) Total Episode:   151 Steps:   30306 Episode Steps:   204 Return:  1.0000 Success:  0.40, D: 0.00 FPS: 3.46
01:25:00.800 [INFO] (off_policy_trainer_carla.py:565) Total Episode:   152 Steps:   30543 Episode Steps:   237 Return:  1.0000 Success:  0.40, D: 0.00 FPS: 3.46
01:25:58.217 [INFO] (off_policy_trainer_carla.py:565) Total Episode:   153 Steps:   30742 Episode Steps:   199 Return:  1.0000 Success:  0.45, D: 0.00 FPS: 3.47
01:27:24.580 [INFO] (off_policy_trainer_carla.py:565) Total Episode:   154 Steps:   31044 Episode Steps:   302 Return:  0.0000 Success:  0.45, D: 0.00 FPS: 3.50
01:28:23.663 [INFO] (off_policy_trainer_carla.py:565) Total Episode:   155 Steps:   31249 Episode Steps:   205 Return:  1.0000 Success:  0.50, D: 0.00 FPS: 3.47
01:29:06.170 [INFO] (off_policy_trainer_carla.py:565) Total Episode:   156 Steps:   31395 Episode Steps:   146 Return: -1.0000 Success:  0.45, D: 0.00 FPS: 3.43
01:30:32.645 [INFO] (off_policy_trainer_carla.py:565) Total Episode:   157 Steps:   31697 Episode Steps:   302 Return:  0.0000 Success:  0.45, D: 0.00 FPS: 3.49
01:31:38.588 [INFO] (off_policy_trainer_carla.py:565) Total Episode:   158 Steps:   31926 Episode Steps:   229 Return:  1.0000 Success:  0.50, D: 0.00 FPS: 3.47
01:32:38.761 [INFO] (off_policy_trainer_carla.py:565) Total Episode:   159 Steps:   32064 Episode Steps:   138 Return: -1.0000 Success:  0.45, D: 0.00 FPS: 2.29
01:33:34.659 [INFO] (off_policy_trainer_carla.py:565) Total Episode:   160 Steps:   32257 Episode Steps:   193 Return: -1.0000 Success:  0.45, D: 0.00 FPS: 3.45
01:34:09.231 [INFO] (off_policy_trainer_carla.py:565) Total Episode:   161 Steps:   32375 Episode Steps:   118 Return: -1.0000 Success:  0.45, D: 0.00 FPS: 3.41
01:35:35.692 [INFO] (off_policy_trainer_carla.py:565) Total Episode:   162 Steps:   32677 Episode Steps:   302 Return:  0.0000 Success:  0.40, D: 0.00 FPS: 3.49
01:36:40.503 [INFO] (off_policy_trainer_carla.py:565) Total Episode:   163 Steps:   32902 Episode Steps:   225 Return:  1.0000 Success:  0.45, D: 0.00 FPS: 3.47
01:37:39.956 [INFO] (off_policy_trainer_carla.py:565) Total Episode:   164 Steps:   33108 Episode Steps:   206 Return:  1.0000 Success:  0.50, D: 0.00 FPS: 3.47
01:38:13.943 [INFO] (off_policy_trainer_carla.py:565) Total Episode:   165 Steps:   33224 Episode Steps:   116 Return: -1.0000 Success:  0.50, D: 0.00 FPS: 3.41
01:38:43.191 [INFO] (off_policy_trainer_carla.py:565) Total Episode:   166 Steps:   33323 Episode Steps:    99 Return: -1.0000 Success:  0.45, D: 0.00 FPS: 3.39
01:39:14.473 [INFO] (off_policy_trainer_carla.py:565) Total Episode:   167 Steps:   33430 Episode Steps:   107 Return: -1.0000 Success:  0.45, D: 0.00 FPS: 3.42
01:40:40.701 [INFO] (off_policy_trainer_carla.py:565) Total Episode:   168 Steps:   33732 Episode Steps:   302 Return:  0.0000 Success:  0.45, D: 0.00 FPS: 3.50
01:41:36.156 [INFO] (off_policy_trainer_carla.py:565) Total Episode:   169 Steps:   33928 Episode Steps:   196 Return:  1.0000 Success:  0.45, D: 0.00 FPS: 3.53
01:42:15.185 [INFO] (off_policy_trainer_carla.py:565) Total Episode:   170 Steps:   34065 Episode Steps:   137 Return: -1.0000 Success:  0.40, D: 0.00 FPS: 3.51
01:43:05.579 [INFO] (off_policy_trainer_carla.py:565) Total Episode:   171 Steps:   34243 Episode Steps:   178 Return:  0.0000 Success:  0.35, D: 0.00 FPS: 3.53
01:44:30.454 [INFO] (off_policy_trainer_carla.py:565) Total Episode:   172 Steps:   34545 Episode Steps:   302 Return:  0.0000 Success:  0.30, D: 0.00 FPS: 3.56
01:45:30.435 [INFO] (off_policy_trainer_carla.py:565) Total Episode:   173 Steps:   34757 Episode Steps:   212 Return:  1.0000 Success:  0.30, D: 0.00 FPS: 3.53
01:46:55.069 [INFO] (off_policy_trainer_carla.py:565) Total Episode:   174 Steps:   35059 Episode Steps:   302 Return:  0.0000 Success:  0.30, D: 0.00 FPS: 3.57
01:47:51.924 [INFO] (off_policy_trainer_carla.py:565) Total Episode:   175 Steps:   35260 Episode Steps:   201 Return:  1.0000 Success:  0.30, D: 0.00 FPS: 3.54
01:48:25.591 [INFO] (off_policy_trainer_carla.py:565) Total Episode:   176 Steps:   35377 Episode Steps:   117 Return: -1.0000 Success:  0.30, D: 0.00 FPS: 3.48
01:49:50.434 [INFO] (off_policy_trainer_carla.py:565) Total Episode:   177 Steps:   35679 Episode Steps:   302 Return:  0.0000 Success:  0.30, D: 0.00 FPS: 3.56
01:50:51.082 [INFO] (off_policy_trainer_carla.py:565) Total Episode:   178 Steps:   35894 Episode Steps:   215 Return:  1.0000 Success:  0.30, D: 0.00 FPS: 3.55
01:52:15.679 [INFO] (off_policy_trainer_carla.py:565) Total Episode:   179 Steps:   36196 Episode Steps:   302 Return:  0.0000 Success:  0.30, D: 0.00 FPS: 3.57
01:53:15.551 [INFO] (off_policy_trainer_carla.py:565) Total Episode:   180 Steps:   36408 Episode Steps:   212 Return:  1.0000 Success:  0.35, D: 0.00 FPS: 3.54
01:54:16.873 [INFO] (off_policy_trainer_carla.py:565) Total Episode:   181 Steps:   36625 Episode Steps:   217 Return:  1.0000 Success:  0.40, D: 0.00 FPS: 3.54
01:55:15.848 [INFO] (off_policy_trainer_carla.py:565) Total Episode:   182 Steps:   36833 Episode Steps:   208 Return:  1.0000 Success:  0.45, D: 0.00 FPS: 3.53
01:55:51.860 [INFO] (off_policy_trainer_carla.py:565) Total Episode:   183 Steps:   36959 Episode Steps:   126 Return: -1.0000 Success:  0.40, D: 0.00 FPS: 3.50
01:56:53.048 [INFO] (off_policy_trainer_carla.py:565) Total Episode:   184 Steps:   37176 Episode Steps:   217 Return:  1.0000 Success:  0.40, D: 0.00 FPS: 3.55
01:57:27.197 [INFO] (off_policy_trainer_carla.py:565) Total Episode:   185 Steps:   37295 Episode Steps:   119 Return: -1.0000 Success:  0.40, D: 0.00 FPS: 3.48
01:58:28.259 [INFO] (off_policy_trainer_carla.py:565) Total Episode:   186 Steps:   37511 Episode Steps:   216 Return:  1.0000 Success:  0.45, D: 0.00 FPS: 3.54
01:59:53.400 [INFO] (off_policy_trainer_carla.py:565) Total Episode:   187 Steps:   37813 Episode Steps:   302 Return:  0.0000 Success:  0.45, D: 0.00 FPS: 3.55
02:00:28.919 [INFO] (off_policy_trainer_carla.py:565) Total Episode:   188 Steps:   37937 Episode Steps:   124 Return: -1.0000 Success:  0.45, D: 0.00 FPS: 3.49
02:01:32.642 [INFO] (off_policy_trainer_carla.py:565) Total Episode:   189 Steps:   38163 Episode Steps:   226 Return:  1.0000 Success:  0.45, D: 0.00 FPS: 3.55
02:02:23.470 [INFO] (off_policy_trainer_carla.py:565) Total Episode:   190 Steps:   38342 Episode Steps:   179 Return:  0.0000 Success:  0.45, D: 0.00 FPS: 3.52
02:03:30.902 [INFO] (off_policy_trainer_carla.py:565) Total Episode:   191 Steps:   38581 Episode Steps:   239 Return:  1.0000 Success:  0.50, D: 0.00 FPS: 3.54
02:04:35.159 [INFO] (off_policy_trainer_carla.py:565) Total Episode:   192 Steps:   38808 Episode Steps:   227 Return:  1.0000 Success:  0.55, D: 0.00 FPS: 3.53
02:05:07.242 [INFO] (off_policy_trainer_carla.py:565) Total Episode:   193 Steps:   38919 Episode Steps:   111 Return: -1.0000 Success:  0.50, D: 0.00 FPS: 3.46
02:06:07.976 [INFO] (off_policy_trainer_carla.py:565) Total Episode:   194 Steps:   39134 Episode Steps:   215 Return:  1.0000 Success:  0.55, D: 0.00 FPS: 3.54
02:07:04.780 [INFO] (off_policy_trainer_carla.py:565) Total Episode:   195 Steps:   39335 Episode Steps:   201 Return:  0.0000 Success:  0.50, D: 0.00 FPS: 3.54
02:08:07.439 [INFO] (off_policy_trainer_carla.py:565) Total Episode:   196 Steps:   39557 Episode Steps:   222 Return:  1.0000 Success:  0.55, D: 0.00 FPS: 3.54
02:08:43.246 [INFO] (off_policy_trainer_carla.py:565) Total Episode:   197 Steps:   39682 Episode Steps:   125 Return: -1.0000 Success:  0.55, D: 0.00 FPS: 3.49
02:09:15.684 [INFO] (off_policy_trainer_carla.py:565) Total Episode:   198 Steps:   39795 Episode Steps:   113 Return: -1.0000 Success:  0.50, D: 0.00 FPS: 3.48
02:10:40.996 [INFO] (off_policy_trainer_carla.py:565) Total Episode:   199 Steps:   40097 Episode Steps:   302 Return:  0.0000 Success:  0.50, D: 0.00 FPS: 3.54
02:11:39.401 [INFO] (off_policy_trainer_carla.py:565) Total Episode:   200 Steps:   40304 Episode Steps:   207 Return:  0.0000 Success:  0.45, D: 0.00 FPS: 3.54
02:13:03.902 [INFO] (off_policy_trainer_carla.py:565) Total Episode:   201 Steps:   40606 Episode Steps:   302 Return:  0.0000 Success:  0.40, D: 0.00 FPS: 3.57
02:13:39.044 [INFO] (off_policy_trainer_carla.py:565) Total Episode:   202 Steps:   40728 Episode Steps:   122 Return: -1.0000 Success:  0.35, D: 0.00 FPS: 3.47
02:14:13.837 [INFO] (off_policy_trainer_carla.py:565) Total Episode:   203 Steps:   40849 Episode Steps:   121 Return: -1.0000 Success:  0.35, D: 0.00 FPS: 3.48
02:14:45.867 [INFO] (off_policy_trainer_carla.py:565) Total Episode:   204 Steps:   40960 Episode Steps:   111 Return: -1.0000 Success:  0.30, D: 0.00 FPS: 3.47
02:15:17.223 [INFO] (off_policy_trainer_carla.py:565) Total Episode:   205 Steps:   41069 Episode Steps:   109 Return: -1.0000 Success:  0.30, D: 0.00 FPS: 3.48
02:16:42.051 [INFO] (off_policy_trainer_carla.py:565) Total Episode:   206 Steps:   41371 Episode Steps:   302 Return:  0.0000 Success:  0.25, D: 0.00 FPS: 3.56
02:17:15.932 [INFO] (off_policy_trainer_carla.py:565) Total Episode:   207 Steps:   41489 Episode Steps:   118 Return: -1.0000 Success:  0.25, D: 0.00 FPS: 3.48
02:17:49.768 [INFO] (off_policy_trainer_carla.py:565) Total Episode:   208 Steps:   41607 Episode Steps:   118 Return: -1.0000 Success:  0.25, D: 0.00 FPS: 3.49
02:18:23.146 [INFO] (off_policy_trainer_carla.py:565) Total Episode:   209 Steps:   41723 Episode Steps:   116 Return: -1.0000 Success:  0.20, D: 0.00 FPS: 3.48
02:19:06.585 [INFO] (off_policy_trainer_carla.py:565) Total Episode:   210 Steps:   41875 Episode Steps:   152 Return: -1.0000 Success:  0.20, D: 0.00 FPS: 3.50
02:20:07.418 [INFO] (off_policy_trainer_carla.py:565) Total Episode:   211 Steps:   42090 Episode Steps:   215 Return:  1.0000 Success:  0.20, D: 0.00 FPS: 3.53
02:20:48.252 [INFO] (off_policy_trainer_carla.py:565) Total Episode:   212 Steps:   42233 Episode Steps:   143 Return: -1.0000 Success:  0.15, D: 0.00 FPS: 3.50
02:21:24.341 [INFO] (off_policy_trainer_carla.py:565) Total Episode:   213 Steps:   42359 Episode Steps:   126 Return: -1.0000 Success:  0.15, D: 0.00 FPS: 3.49
02:22:03.210 [INFO] (off_policy_trainer_carla.py:565) Total Episode:   214 Steps:   42495 Episode Steps:   136 Return: -1.0000 Success:  0.10, D: 0.00 FPS: 3.50
02:23:02.470 [INFO] (off_policy_trainer_carla.py:565) Total Episode:   215 Steps:   42705 Episode Steps:   210 Return:  1.0000 Success:  0.15, D: 0.00 FPS: 3.54
02:23:34.664 [INFO] (off_policy_trainer_carla.py:565) Total Episode:   216 Steps:   42817 Episode Steps:   112 Return: -1.0000 Success:  0.10, D: 0.00 FPS: 3.48
02:24:13.573 [INFO] (off_policy_trainer_carla.py:565) Total Episode:   217 Steps:   42950 Episode Steps:   133 Return: -1.0000 Success:  0.10, D: 0.00 FPS: 3.42
02:25:06.225 [INFO] (off_policy_trainer_carla.py:565) Total Episode:   218 Steps:   43135 Episode Steps:   185 Return:  1.0000 Success:  0.15, D: 0.00 FPS: 3.51
02:25:57.103 [INFO] (off_policy_trainer_carla.py:565) Total Episode:   219 Steps:   43315 Episode Steps:   180 Return:  1.0000 Success:  0.20, D: 0.00 FPS: 3.54
02:27:01.713 [INFO] (off_policy_trainer_carla.py:565) Total Episode:   220 Steps:   43544 Episode Steps:   229 Return:  1.0000 Success:  0.25, D: 0.00 FPS: 3.54
02:27:57.667 [INFO] (off_policy_trainer_carla.py:565) Total Episode:   221 Steps:   43742 Episode Steps:   198 Return:  1.0000 Success:  0.30, D: 0.00 FPS: 3.54
02:28:31.556 [INFO] (off_policy_trainer_carla.py:565) Total Episode:   222 Steps:   43860 Episode Steps:   118 Return: -1.0000 Success:  0.30, D: 0.00 FPS: 3.48
02:29:22.473 [INFO] (off_policy_trainer_carla.py:565) Total Episode:   223 Steps:   44039 Episode Steps:   179 Return:  1.0000 Success:  0.35, D: 0.00 FPS: 3.52
02:30:01.481 [INFO] (off_policy_trainer_carla.py:565) Total Episode:   224 Steps:   44175 Episode Steps:   136 Return: -1.0000 Success:  0.35, D: 0.00 FPS: 3.49
02:30:36.737 [INFO] (off_policy_trainer_carla.py:565) Total Episode:   225 Steps:   44298 Episode Steps:   123 Return: -1.0000 Success:  0.35, D: 0.00 FPS: 3.49
02:31:24.348 [INFO] (off_policy_trainer_carla.py:565) Total Episode:   226 Steps:   44466 Episode Steps:   168 Return:  1.0000 Success:  0.40, D: 0.00 FPS: 3.53
02:32:17.600 [INFO] (off_policy_trainer_carla.py:565) Total Episode:   227 Steps:   44654 Episode Steps:   188 Return:  1.0000 Success:  0.45, D: 0.00 FPS: 3.53
02:33:12.640 [INFO] (off_policy_trainer_carla.py:565) Total Episode:   228 Steps:   44848 Episode Steps:   194 Return:  1.0000 Success:  0.50, D: 0.00 FPS: 3.52
02:34:37.690 [INFO] (off_policy_trainer_carla.py:565) Total Episode:   229 Steps:   45150 Episode Steps:   302 Return:  0.0000 Success:  0.50, D: 0.00 FPS: 3.55
02:35:34.641 [INFO] (off_policy_trainer_carla.py:565) Total Episode:   230 Steps:   45351 Episode Steps:   201 Return:  1.0000 Success:  0.55, D: 0.00 FPS: 3.53
02:36:13.135 [INFO] (off_policy_trainer_carla.py:565) Total Episode:   231 Steps:   45485 Episode Steps:   134 Return:  0.0000 Success:  0.50, D: 0.00 FPS: 3.48
02:37:13.347 [INFO] (off_policy_trainer_carla.py:565) Total Episode:   232 Steps:   45698 Episode Steps:   213 Return:  1.0000 Success:  0.55, D: 0.00 FPS: 3.54
02:38:08.037 [INFO] (off_policy_trainer_carla.py:565) Total Episode:   233 Steps:   45891 Episode Steps:   193 Return:  1.0000 Success:  0.60, D: 0.00 FPS: 3.53
02:38:59.265 [INFO] (off_policy_trainer_carla.py:565) Total Episode:   234 Steps:   46071 Episode Steps:   180 Return:  1.0000 Success:  0.65, D: 0.00 FPS: 3.51
02:39:55.778 [INFO] (off_policy_trainer_carla.py:565) Total Episode:   235 Steps:   46198 Episode Steps:   127 Return: -1.0000 Success:  0.60, D: 0.00 FPS: 2.25
02:40:46.345 [INFO] (off_policy_trainer_carla.py:565) Total Episode:   236 Steps:   46376 Episode Steps:   178 Return:  1.0000 Success:  0.65, D: 0.00 FPS: 3.52
02:41:39.334 [INFO] (off_policy_trainer_carla.py:565) Total Episode:   237 Steps:   46563 Episode Steps:   187 Return:  1.0000 Success:  0.70, D: 0.00 FPS: 3.53
02:42:10.647 [INFO] (off_policy_trainer_carla.py:565) Total Episode:   238 Steps:   46672 Episode Steps:   109 Return: -1.0000 Success:  0.65, D: 0.00 FPS: 3.48
02:42:51.145 [INFO] (off_policy_trainer_carla.py:565) Total Episode:   239 Steps:   46814 Episode Steps:   142 Return:  0.0000 Success:  0.60, D: 0.00 FPS: 3.51
02:44:16.118 [INFO] (off_policy_trainer_carla.py:565) Total Episode:   240 Steps:   47116 Episode Steps:   302 Return:  0.0000 Success:  0.55, D: 0.00 FPS: 3.55
02:45:13.264 [INFO] (off_policy_trainer_carla.py:565) Total Episode:   241 Steps:   47318 Episode Steps:   202 Return:  1.0000 Success:  0.55, D: 0.00 FPS: 3.53
02:45:45.916 [INFO] (off_policy_trainer_carla.py:565) Total Episode:   242 Steps:   47432 Episode Steps:   114 Return: -1.0000 Success:  0.55, D: 0.00 FPS: 3.49
02:46:26.592 [INFO] (off_policy_trainer_carla.py:565) Total Episode:   243 Steps:   47575 Episode Steps:   143 Return: -1.0000 Success:  0.50, D: 0.00 FPS: 3.52
02:47:11.605 [INFO] (off_policy_trainer_carla.py:565) Total Episode:   244 Steps:   47733 Episode Steps:   158 Return:  0.0000 Success:  0.50, D: 0.00 FPS: 3.51
02:48:36.483 [INFO] (off_policy_trainer_carla.py:565) Total Episode:   245 Steps:   48035 Episode Steps:   302 Return:  0.0000 Success:  0.50, D: 0.00 FPS: 3.56
02:49:39.567 [INFO] (off_policy_trainer_carla.py:565) Total Episode:   246 Steps:   48258 Episode Steps:   223 Return:  1.0000 Success:  0.50, D: 0.00 FPS: 3.54
02:50:40.970 [INFO] (off_policy_trainer_carla.py:565) Total Episode:   247 Steps:   48476 Episode Steps:   218 Return:  1.0000 Success:  0.50, D: 0.00 FPS: 3.55
02:51:23.221 [INFO] (off_policy_trainer_carla.py:565) Total Episode:   248 Steps:   48624 Episode Steps:   148 Return:  0.0000 Success:  0.45, D: 0.00 FPS: 3.50
02:52:10.946 [INFO] (off_policy_trainer_carla.py:565) Total Episode:   249 Steps:   48792 Episode Steps:   168 Return:  1.0000 Success:  0.50, D: 0.00 FPS: 3.52
02:52:46.897 [INFO] (off_policy_trainer_carla.py:565) Total Episode:   250 Steps:   48918 Episode Steps:   126 Return: -1.0000 Success:  0.45, D: 0.00 FPS: 3.50
02:54:11.577 [INFO] (off_policy_trainer_carla.py:565) Total Episode:   251 Steps:   49220 Episode Steps:   302 Return:  0.0000 Success:  0.45, D: 0.00 FPS: 3.57
02:55:16.550 [INFO] (off_policy_trainer_carla.py:565) Total Episode:   252 Steps:   49450 Episode Steps:   230 Return:  1.0000 Success:  0.45, D: 0.00 FPS: 3.54
02:55:51.301 [INFO] (off_policy_trainer_carla.py:565) Total Episode:   253 Steps:   49571 Episode Steps:   121 Return: -1.0000 Success:  0.40, D: 0.00 FPS: 3.48
02:56:51.795 [INFO] (off_policy_trainer_carla.py:565) Total Episode:   254 Steps:   49785 Episode Steps:   214 Return:  1.0000 Success:  0.40, D: 0.00 FPS: 3.54
02:57:25.023 [INFO] (off_policy_trainer_carla.py:565) Total Episode:   255 Steps:   49901 Episode Steps:   116 Return: -1.0000 Success:  0.40, D: 0.00 FPS: 3.49
02:57:53.105 [INFO] (off_policy_trainer_carla.py:565) Total Episode:   256 Steps:   49998 Episode Steps:    97 Return: -1.0000 Success:  0.35, D: 0.00 FPS: 3.45
02:58:48.152 [INFO] (off_policy_trainer_carla.py:565) Total Episode:   257 Steps:   50192 Episode Steps:   194 Return:  1.0000 Success:  0.35, D: 0.00 FPS: 3.52
02:59:24.570 [INFO] (off_policy_trainer_carla.py:565) Total Episode:   258 Steps:   50319 Episode Steps:   127 Return: -1.0000 Success:  0.35, D: 0.00 FPS: 3.49
03:00:24.501 [INFO] (off_policy_trainer_carla.py:565) Total Episode:   259 Steps:   50531 Episode Steps:   212 Return:  1.0000 Success:  0.40, D: 0.00 FPS: 3.54
03:01:14.374 [INFO] (off_policy_trainer_carla.py:565) Total Episode:   260 Steps:   50707 Episode Steps:   176 Return:  1.0000 Success:  0.45, D: 0.00 FPS: 3.53
03:02:01.306 [INFO] (off_policy_trainer_carla.py:565) Total Episode:   261 Steps:   50872 Episode Steps:   165 Return:  1.0000 Success:  0.45, D: 0.00 FPS: 3.52
03:02:46.676 [INFO] (off_policy_trainer_carla.py:565) Total Episode:   262 Steps:   51032 Episode Steps:   160 Return: -1.0000 Success:  0.45, D: 0.00 FPS: 3.53
03:03:48.180 [INFO] (off_policy_trainer_carla.py:565) Total Episode:   263 Steps:   51249 Episode Steps:   217 Return:  1.0000 Success:  0.50, D: 0.00 FPS: 3.53
03:04:46.238 [INFO] (off_policy_trainer_carla.py:565) Total Episode:   264 Steps:   51454 Episode Steps:   205 Return:  1.0000 Success:  0.55, D: 0.00 FPS: 3.53
03:05:44.233 [INFO] (off_policy_trainer_carla.py:565) Total Episode:   265 Steps:   51659 Episode Steps:   205 Return: -1.0000 Success:  0.55, D: 0.00 FPS: 3.53
03:06:46.996 [INFO] (off_policy_trainer_carla.py:565) Total Episode:   266 Steps:   51881 Episode Steps:   222 Return:  1.0000 Success:  0.55, D: 0.00 FPS: 3.54
03:07:21.159 [INFO] (off_policy_trainer_carla.py:565) Total Episode:   267 Steps:   52000 Episode Steps:   119 Return: -1.0000 Success:  0.50, D: 0.00 FPS: 3.48
03:07:51.949 [INFO] (off_policy_trainer_carla.py:565) Total Episode:   268 Steps:   52107 Episode Steps:   107 Return: -1.0000 Success:  0.50, D: 0.00 FPS: 3.48
03:08:37.730 [INFO] (off_policy_trainer_carla.py:565) Total Episode:   269 Steps:   52267 Episode Steps:   160 Return: -1.0000 Success:  0.45, D: 0.00 FPS: 3.50
03:09:25.325 [INFO] (off_policy_trainer_carla.py:565) Total Episode:   270 Steps:   52434 Episode Steps:   167 Return: -1.0000 Success:  0.45, D: 0.00 FPS: 3.51
03:10:10.311 [INFO] (off_policy_trainer_carla.py:565) Total Episode:   271 Steps:   52591 Episode Steps:   157 Return: -1.0000 Success:  0.45, D: 0.00 FPS: 3.49
03:11:00.879 [INFO] (off_policy_trainer_carla.py:565) Total Episode:   272 Steps:   52769 Episode Steps:   178 Return:  1.0000 Success:  0.45, D: 0.00 FPS: 3.52
03:11:38.414 [INFO] (off_policy_trainer_carla.py:565) Total Episode:   273 Steps:   52900 Episode Steps:   131 Return: -1.0000 Success:  0.45, D: 0.00 FPS: 3.49
03:12:10.452 [INFO] (off_policy_trainer_carla.py:565) Total Episode:   274 Steps:   53011 Episode Steps:   111 Return: -1.0000 Success:  0.40, D: 0.00 FPS: 3.46
03:12:53.281 [INFO] (off_policy_trainer_carla.py:565) Total Episode:   275 Steps:   53161 Episode Steps:   150 Return:  1.0000 Success:  0.45, D: 0.00 FPS: 3.50
03:13:24.956 [INFO] (off_policy_trainer_carla.py:565) Total Episode:   276 Steps:   53271 Episode Steps:   110 Return: -1.0000 Success:  0.45, D: 0.00 FPS: 3.47
03:14:13.281 [INFO] (off_policy_trainer_carla.py:565) Total Episode:   277 Steps:   53440 Episode Steps:   169 Return:  1.0000 Success:  0.45, D: 0.00 FPS: 3.50
03:15:07.383 [INFO] (off_policy_trainer_carla.py:565) Total Episode:   278 Steps:   53630 Episode Steps:   190 Return:  1.0000 Success:  0.50, D: 0.00 FPS: 3.51
03:15:51.636 [INFO] (off_policy_trainer_carla.py:565) Total Episode:   279 Steps:   53785 Episode Steps:   155 Return:  1.0000 Success:  0.50, D: 0.00 FPS: 3.50
03:16:20.011 [INFO] (off_policy_trainer_carla.py:565) Total Episode:   280 Steps:   53883 Episode Steps:    98 Return: -1.0000 Success:  0.45, D: 0.00 FPS: 3.45
03:16:51.244 [INFO] (off_policy_trainer_carla.py:565) Total Episode:   281 Steps:   53991 Episode Steps:   108 Return: -1.0000 Success:  0.40, D: 0.00 FPS: 3.46
03:17:39.362 [INFO] (off_policy_trainer_carla.py:565) Total Episode:   282 Steps:   54160 Episode Steps:   169 Return: -1.0000 Success:  0.40, D: 0.00 FPS: 3.51
03:18:14.179 [INFO] (off_policy_trainer_carla.py:565) Total Episode:   283 Steps:   54281 Episode Steps:   121 Return: -1.0000 Success:  0.35, D: 0.00 FPS: 3.48
03:19:18.943 [INFO] (off_policy_trainer_carla.py:565) Total Episode:   284 Steps:   54510 Episode Steps:   229 Return:  1.0000 Success:  0.35, D: 0.00 FPS: 3.54
03:20:05.563 [INFO] (off_policy_trainer_carla.py:565) Total Episode:   285 Steps:   54673 Episode Steps:   163 Return:  1.0000 Success:  0.40, D: 0.00 FPS: 3.50
03:20:34.347 [INFO] (off_policy_trainer_carla.py:565) Total Episode:   286 Steps:   54772 Episode Steps:    99 Return: -1.0000 Success:  0.35, D: 0.00 FPS: 3.44
03:21:20.790 [INFO] (off_policy_trainer_carla.py:565) Total Episode:   287 Steps:   54935 Episode Steps:   163 Return:  1.0000 Success:  0.40, D: 0.00 FPS: 3.51
03:22:12.524 [INFO] (off_policy_trainer_carla.py:565) Total Episode:   288 Steps:   55117 Episode Steps:   182 Return:  1.0000 Success:  0.45, D: 0.00 FPS: 3.52
03:22:45.874 [INFO] (off_policy_trainer_carla.py:565) Total Episode:   289 Steps:   55233 Episode Steps:   116 Return: -1.0000 Success:  0.45, D: 0.00 FPS: 3.48
03:23:19.843 [INFO] (off_policy_trainer_carla.py:565) Total Episode:   290 Steps:   55351 Episode Steps:   118 Return: -1.0000 Success:  0.45, D: 0.00 FPS: 3.47
03:24:45.015 [INFO] (off_policy_trainer_carla.py:565) Total Episode:   291 Steps:   55653 Episode Steps:   302 Return:  0.0000 Success:  0.45, D: 0.00 FPS: 3.55
03:25:36.795 [INFO] (off_policy_trainer_carla.py:565) Total Episode:   292 Steps:   55836 Episode Steps:   183 Return:  1.0000 Success:  0.45, D: 0.00 FPS: 3.53
03:26:10.696 [INFO] (off_policy_trainer_carla.py:565) Total Episode:   293 Steps:   55954 Episode Steps:   118 Return: -1.0000 Success:  0.45, D: 0.00 FPS: 3.48
03:26:57.009 [INFO] (off_policy_trainer_carla.py:565) Total Episode:   294 Steps:   56117 Episode Steps:   163 Return:  1.0000 Success:  0.50, D: 0.00 FPS: 3.52
03:27:38.933 [INFO] (off_policy_trainer_carla.py:565) Total Episode:   295 Steps:   56264 Episode Steps:   147 Return: -1.0000 Success:  0.45, D: 0.00 FPS: 3.51
03:28:11.290 [INFO] (off_policy_trainer_carla.py:565) Total Episode:   296 Steps:   56377 Episode Steps:   113 Return: -1.0000 Success:  0.45, D: 0.00 FPS: 3.49
03:28:56.975 [INFO] (off_policy_trainer_carla.py:565) Total Episode:   297 Steps:   56537 Episode Steps:   160 Return:  1.0000 Success:  0.45, D: 0.00 FPS: 3.50
03:29:45.660 [INFO] (off_policy_trainer_carla.py:565) Total Episode:   298 Steps:   56708 Episode Steps:   171 Return:  1.0000 Success:  0.45, D: 0.00 FPS: 3.51
03:30:32.801 [INFO] (off_policy_trainer_carla.py:565) Total Episode:   299 Steps:   56874 Episode Steps:   166 Return:  1.0000 Success:  0.45, D: 0.00 FPS: 3.52
03:31:12.212 [INFO] (off_policy_trainer_carla.py:565) Total Episode:   300 Steps:   57012 Episode Steps:   138 Return: -1.0000 Success:  0.45, D: 0.00 FPS: 3.50
03:31:41.578 [INFO] (off_policy_trainer_carla.py:565) Total Episode:   301 Steps:   57114 Episode Steps:   102 Return: -1.0000 Success:  0.45, D: 0.00 FPS: 3.47
03:32:22.578 [INFO] (off_policy_trainer_carla.py:565) Total Episode:   302 Steps:   57258 Episode Steps:   144 Return:  0.0000 Success:  0.45, D: 0.00 FPS: 3.51
03:32:57.549 [INFO] (off_policy_trainer_carla.py:565) Total Episode:   303 Steps:   57380 Episode Steps:   122 Return: -1.0000 Success:  0.45, D: 0.00 FPS: 3.49
03:33:36.746 [INFO] (off_policy_trainer_carla.py:565) Total Episode:   304 Steps:   57517 Episode Steps:   137 Return: -1.0000 Success:  0.40, D: 0.00 FPS: 3.50
03:34:27.033 [INFO] (off_policy_trainer_carla.py:565) Total Episode:   305 Steps:   57694 Episode Steps:   177 Return:  1.0000 Success:  0.40, D: 0.00 FPS: 3.52
03:35:52.860 [INFO] (off_policy_trainer_carla.py:565) Total Episode:   306 Steps:   57996 Episode Steps:   302 Return:  0.0000 Success:  0.40, D: 0.00 FPS: 3.52
03:36:49.229 [INFO] (off_policy_trainer_carla.py:565) Total Episode:   307 Steps:   58195 Episode Steps:   199 Return:  1.0000 Success:  0.40, D: 0.00 FPS: 3.53
03:37:35.393 [INFO] (off_policy_trainer_carla.py:565) Total Episode:   308 Steps:   58357 Episode Steps:   162 Return: -1.0000 Success:  0.35, D: 0.00 FPS: 3.51
03:39:00.339 [INFO] (off_policy_trainer_carla.py:565) Total Episode:   309 Steps:   58659 Episode Steps:   302 Return:  0.0000 Success:  0.35, D: 0.00 FPS: 3.56
03:39:47.007 [INFO] (off_policy_trainer_carla.py:565) Total Episode:   310 Steps:   58823 Episode Steps:   164 Return:  1.0000 Success:  0.40, D: 0.00 FPS: 3.51
03:40:23.138 [INFO] (off_policy_trainer_carla.py:565) Total Episode:   311 Steps:   58949 Episode Steps:   126 Return: -1.0000 Success:  0.40, D: 0.00 FPS: 3.49
03:41:21.290 [INFO] (off_policy_trainer_carla.py:565) Total Episode:   312 Steps:   59154 Episode Steps:   205 Return:  1.0000 Success:  0.40, D: 0.00 FPS: 3.53
03:42:25.091 [INFO] (off_policy_trainer_carla.py:565) Total Episode:   313 Steps:   59380 Episode Steps:   226 Return:  1.0000 Success:  0.45, D: 0.00 FPS: 3.54
03:43:50.120 [INFO] (off_policy_trainer_carla.py:565) Total Episode:   314 Steps:   59682 Episode Steps:   302 Return:  0.0000 Success:  0.40, D: 0.00 FPS: 3.55
03:44:46.381 [INFO] (off_policy_trainer_carla.py:565) Total Episode:   315 Steps:   59880 Episode Steps:   198 Return:  1.0000 Success:  0.45, D: 0.00 FPS: 3.52
03:45:38.338 [INFO] (off_policy_trainer_carla.py:565) Total Episode:   316 Steps:   60062 Episode Steps:   182 Return:  1.0000 Success:  0.50, D: 0.00 FPS: 3.50
03:46:37.711 [INFO] (off_policy_trainer_carla.py:565) Total Episode:   317 Steps:   60272 Episode Steps:   210 Return:  1.0000 Success:  0.50, D: 0.00 FPS: 3.54
03:47:07.727 [INFO] (off_policy_trainer_carla.py:565) Total Episode:   318 Steps:   60376 Episode Steps:   104 Return: -1.0000 Success:  0.45, D: 0.00 FPS: 3.47
03:47:38.698 [INFO] (off_policy_trainer_carla.py:565) Total Episode:   319 Steps:   60484 Episode Steps:   108 Return: -1.0000 Success:  0.40, D: 0.00 FPS: 3.49
03:48:08.806 [INFO] (off_policy_trainer_carla.py:565) Total Episode:   320 Steps:   60588 Episode Steps:   104 Return: -1.0000 Success:  0.40, D: 0.00 FPS: 3.45
03:48:36.663 [INFO] (off_policy_trainer_carla.py:565) Total Episode:   321 Steps:   60684 Episode Steps:    96 Return: -1.0000 Success:  0.40, D: 0.00 FPS: 3.45
03:49:32.831 [INFO] (off_policy_trainer_carla.py:565) Total Episode:   322 Steps:   60881 Episode Steps:   197 Return:  1.0000 Success:  0.45, D: 0.00 FPS: 3.51
03:50:39.705 [INFO] (off_policy_trainer_carla.py:565) Total Episode:   323 Steps:   61117 Episode Steps:   236 Return:  1.0000 Success:  0.50, D: 0.00 FPS: 3.53
03:51:39.507 [INFO] (off_policy_trainer_carla.py:565) Total Episode:   324 Steps:   61328 Episode Steps:   211 Return:  1.0000 Success:  0.55, D: 0.00 FPS: 3.53
03:52:46.580 [INFO] (off_policy_trainer_carla.py:565) Total Episode:   325 Steps:   61566 Episode Steps:   238 Return:  0.0000 Success:  0.50, D: 0.00 FPS: 3.55
03:53:21.261 [INFO] (off_policy_trainer_carla.py:565) Total Episode:   326 Steps:   61687 Episode Steps:   121 Return: -1.0000 Success:  0.50, D: 0.00 FPS: 3.49
03:54:21.127 [INFO] (off_policy_trainer_carla.py:565) Total Episode:   327 Steps:   61899 Episode Steps:   212 Return:  1.0000 Success:  0.50, D: 0.00 FPS: 3.54
03:54:56.483 [INFO] (off_policy_trainer_carla.py:565) Total Episode:   328 Steps:   62022 Episode Steps:   123 Return: -1.0000 Success:  0.50, D: 0.00 FPS: 3.48
03:56:03.207 [INFO] (off_policy_trainer_carla.py:565) Total Episode:   329 Steps:   62258 Episode Steps:   236 Return:  1.0000 Success:  0.55, D: 0.00 FPS: 3.54
03:56:41.552 [INFO] (off_policy_trainer_carla.py:565) Total Episode:   330 Steps:   62392 Episode Steps:   134 Return: -1.0000 Success:  0.50, D: 0.00 FPS: 3.49
03:58:06.380 [INFO] (off_policy_trainer_carla.py:565) Total Episode:   331 Steps:   62694 Episode Steps:   302 Return:  0.0000 Success:  0.50, D: 0.00 FPS: 3.56
03:59:06.028 [INFO] (off_policy_trainer_carla.py:565) Total Episode:   332 Steps:   62904 Episode Steps:   210 Return:  1.0000 Success:  0.50, D: 0.00 FPS: 3.52
04:00:13.292 [INFO] (off_policy_trainer_carla.py:565) Total Episode:   333 Steps:   63141 Episode Steps:   237 Return:  1.0000 Success:  0.50, D: 0.00 FPS: 3.52
04:01:17.372 [INFO] (off_policy_trainer_carla.py:565) Total Episode:   334 Steps:   63367 Episode Steps:   226 Return:  0.0000 Success:  0.50, D: 0.00 FPS: 3.53
04:02:31.439 [INFO] (off_policy_trainer_carla.py:565) Total Episode:   335 Steps:   63629 Episode Steps:   262 Return:  1.0000 Success:  0.50, D: 0.00 FPS: 3.54
04:03:38.474 [INFO] (off_policy_trainer_carla.py:565) Total Episode:   336 Steps:   63867 Episode Steps:   238 Return:  1.0000 Success:  0.50, D: 0.00 FPS: 3.55
04:04:48.240 [INFO] (off_policy_trainer_carla.py:565) Total Episode:   337 Steps:   64114 Episode Steps:   247 Return:  1.0000 Success:  0.50, D: 0.00 FPS: 3.54
04:05:34.223 [INFO] (off_policy_trainer_carla.py:565) Total Episode:   338 Steps:   64275 Episode Steps:   161 Return:  0.0000 Success:  0.50, D: 0.00 FPS: 3.50
04:06:45.867 [INFO] (off_policy_trainer_carla.py:565) Total Episode:   339 Steps:   64529 Episode Steps:   254 Return:  1.0000 Success:  0.55, D: 0.00 FPS: 3.55
04:07:54.259 [INFO] (off_policy_trainer_carla.py:565) Total Episode:   340 Steps:   64772 Episode Steps:   243 Return:  1.0000 Success:  0.60, D: 0.00 FPS: 3.55
04:09:02.025 [INFO] (off_policy_trainer_carla.py:565) Total Episode:   341 Steps:   65012 Episode Steps:   240 Return:  1.0000 Success:  0.65, D: 0.00 FPS: 3.54
04:10:26.844 [INFO] (off_policy_trainer_carla.py:565) Total Episode:   342 Steps:   65314 Episode Steps:   302 Return:  0.0000 Success:  0.60, D: 0.00 FPS: 3.56
04:11:51.730 [INFO] (off_policy_trainer_carla.py:565) Total Episode:   343 Steps:   65616 Episode Steps:   302 Return:  1.0000 Success:  0.60, D: 0.00 FPS: 3.56
04:12:38.641 [INFO] (off_policy_trainer_carla.py:565) Total Episode:   344 Steps:   65781 Episode Steps:   165 Return: -1.0000 Success:  0.55, D: 0.00 FPS: 3.52
04:13:55.545 [INFO] (off_policy_trainer_carla.py:565) Total Episode:   345 Steps:   66053 Episode Steps:   272 Return:  1.0000 Success:  0.60, D: 0.00 FPS: 3.54
04:15:20.507 [INFO] (off_policy_trainer_carla.py:565) Total Episode:   346 Steps:   66355 Episode Steps:   302 Return:  0.0000 Success:  0.60, D: 0.00 FPS: 3.55
04:15:54.375 [INFO] (off_policy_trainer_carla.py:565) Total Episode:   347 Steps:   66473 Episode Steps:   118 Return: -1.0000 Success:  0.55, D: 0.00 FPS: 3.48
04:16:46.691 [INFO] (off_policy_trainer_carla.py:565) Total Episode:   348 Steps:   66658 Episode Steps:   185 Return: -1.0000 Success:  0.55, D: 0.00 FPS: 3.54
04:17:25.078 [INFO] (off_policy_trainer_carla.py:565) Total Episode:   349 Steps:   66792 Episode Steps:   134 Return: -1.0000 Success:  0.50, D: 0.00 FPS: 3.49
04:18:29.132 [INFO] (off_policy_trainer_carla.py:565) Total Episode:   350 Steps:   67019 Episode Steps:   227 Return:  1.0000 Success:  0.55, D: 0.00 FPS: 3.54
04:19:54.063 [INFO] (off_policy_trainer_carla.py:565) Total Episode:   351 Steps:   67321 Episode Steps:   302 Return:  0.0000 Success:  0.55, D: 0.00 FPS: 3.56
04:21:18.816 [INFO] (off_policy_trainer_carla.py:565) Total Episode:   352 Steps:   67623 Episode Steps:   302 Return:  0.0000 Success:  0.50, D: 0.00 FPS: 3.56
04:22:01.162 [INFO] (off_policy_trainer_carla.py:565) Total Episode:   353 Steps:   67772 Episode Steps:   149 Return: -1.0000 Success:  0.45, D: 0.00 FPS: 3.52
04:23:09.501 [INFO] (off_policy_trainer_carla.py:565) Total Episode:   354 Steps:   68014 Episode Steps:   242 Return:  1.0000 Success:  0.50, D: 0.00 FPS: 3.54
04:23:48.923 [INFO] (off_policy_trainer_carla.py:565) Total Episode:   355 Steps:   68152 Episode Steps:   138 Return: -1.0000 Success:  0.45, D: 0.00 FPS: 3.50
04:24:49.429 [INFO] (off_policy_trainer_carla.py:565) Total Episode:   356 Steps:   68366 Episode Steps:   214 Return:  1.0000 Success:  0.45, D: 0.00 FPS: 3.54
04:25:43.052 [INFO] (off_policy_trainer_carla.py:565) Total Episode:   357 Steps:   68555 Episode Steps:   189 Return:  1.0000 Success:  0.45, D: 0.00 FPS: 3.52
04:26:39.546 [INFO] (off_policy_trainer_carla.py:565) Total Episode:   358 Steps:   68755 Episode Steps:   200 Return:  1.0000 Success:  0.50, D: 0.00 FPS: 3.54
04:27:37.210 [INFO] (off_policy_trainer_carla.py:565) Total Episode:   359 Steps:   68959 Episode Steps:   204 Return:  1.0000 Success:  0.50, D: 0.00 FPS: 3.54
04:28:19.534 [INFO] (off_policy_trainer_carla.py:565) Total Episode:   360 Steps:   69108 Episode Steps:   149 Return: -1.0000 Success:  0.45, D: 0.00 FPS: 3.52
04:28:54.889 [INFO] (off_policy_trainer_carla.py:565) Total Episode:   361 Steps:   69231 Episode Steps:   123 Return: -1.0000 Success:  0.40, D: 0.00 FPS: 3.48
04:29:40.725 [INFO] (off_policy_trainer_carla.py:565) Total Episode:   362 Steps:   69391 Episode Steps:   160 Return: -1.0000 Success:  0.40, D: 0.00 FPS: 3.49
04:30:17.330 [INFO] (off_policy_trainer_carla.py:565) Total Episode:   363 Steps:   69519 Episode Steps:   128 Return: -1.0000 Success:  0.35, D: 0.00 FPS: 3.50
04:31:17.629 [INFO] (off_policy_trainer_carla.py:565) Total Episode:   364 Steps:   69732 Episode Steps:   213 Return:  1.0000 Success:  0.40, D: 0.00 FPS: 3.53
04:32:30.279 [INFO] (off_policy_trainer_carla.py:565) Total Episode:   365 Steps:   69990 Episode Steps:   258 Return:  1.0000 Success:  0.40, D: 0.00 FPS: 3.55
04:33:25.048 [INFO] (off_policy_trainer_carla.py:565) Total Episode:   366 Steps:   70183 Episode Steps:   193 Return: -1.0000 Success:  0.40, D: 0.00 FPS: 3.52
04:34:21.722 [INFO] (off_policy_trainer_carla.py:565) Total Episode:   367 Steps:   70383 Episode Steps:   200 Return:  1.0000 Success:  0.45, D: 0.00 FPS: 3.53
04:35:46.546 [INFO] (off_policy_trainer_carla.py:565) Total Episode:   368 Steps:   70685 Episode Steps:   302 Return:  0.0000 Success:  0.45, D: 0.00 FPS: 3.56
04:36:41.305 [INFO] (off_policy_trainer_carla.py:565) Total Episode:   369 Steps:   70878 Episode Steps:   193 Return:  1.0000 Success:  0.50, D: 0.00 FPS: 3.52
04:37:40.665 [INFO] (off_policy_trainer_carla.py:565) Total Episode:   370 Steps:   71088 Episode Steps:   210 Return:  1.0000 Success:  0.50, D: 0.00 FPS: 3.54
04:38:36.027 [INFO] (off_policy_trainer_carla.py:565) Total Episode:   371 Steps:   71283 Episode Steps:   195 Return:  1.0000 Success:  0.55, D: 0.00 FPS: 3.52
04:39:27.490 [INFO] (off_policy_trainer_carla.py:565) Total Episode:   372 Steps:   71464 Episode Steps:   181 Return:  1.0000 Success:  0.60, D: 0.00 FPS: 3.52
04:40:17.892 [INFO] (off_policy_trainer_carla.py:565) Total Episode:   373 Steps:   71641 Episode Steps:   177 Return:  1.0000 Success:  0.65, D: 0.00 FPS: 3.51
04:41:05.965 [INFO] (off_policy_trainer_carla.py:565) Total Episode:   374 Steps:   71811 Episode Steps:   170 Return:  1.0000 Success:  0.65, D: 0.00 FPS: 3.54
04:42:02.472 [INFO] (off_policy_trainer_carla.py:565) Total Episode:   375 Steps:   72010 Episode Steps:   199 Return:  1.0000 Success:  0.70, D: 0.00 FPS: 3.52
04:42:52.940 [INFO] (off_policy_trainer_carla.py:565) Total Episode:   376 Steps:   72188 Episode Steps:   178 Return:  1.0000 Success:  0.70, D: 0.00 FPS: 3.53
04:43:36.562 [INFO] (off_policy_trainer_carla.py:565) Total Episode:   377 Steps:   72341 Episode Steps:   153 Return: -1.0000 Success:  0.65, D: 0.00 FPS: 3.51
04:44:32.337 [INFO] (off_policy_trainer_carla.py:565) Total Episode:   378 Steps:   72538 Episode Steps:   197 Return:  0.0000 Success:  0.60, D: 0.00 FPS: 3.53
04:45:26.439 [INFO] (off_policy_trainer_carla.py:565) Total Episode:   379 Steps:   72729 Episode Steps:   191 Return:  1.0000 Success:  0.60, D: 0.00 FPS: 3.53
04:46:32.957 [INFO] (off_policy_trainer_carla.py:565) Total Episode:   380 Steps:   72965 Episode Steps:   236 Return:  0.0000 Success:  0.60, D: 0.00 FPS: 3.55
04:47:52.416 [INFO] (off_policy_trainer_carla.py:565) Total Episode:   381 Steps:   73248 Episode Steps:   283 Return:  0.0000 Success:  0.60, D: 0.00 FPS: 3.56
04:48:42.846 [INFO] (off_policy_trainer_carla.py:565) Total Episode:   382 Steps:   73425 Episode Steps:   177 Return:  1.0000 Success:  0.65, D: 0.00 FPS: 3.51
04:49:34.187 [INFO] (off_policy_trainer_carla.py:565) Total Episode:   383 Steps:   73605 Episode Steps:   180 Return:  1.0000 Success:  0.70, D: 0.00 FPS: 3.51
04:50:31.205 [INFO] (off_policy_trainer_carla.py:565) Total Episode:   384 Steps:   73806 Episode Steps:   201 Return:  0.0000 Success:  0.65, D: 0.00 FPS: 3.53
04:51:45.487 [INFO] (off_policy_trainer_carla.py:565) Total Episode:   385 Steps:   74070 Episode Steps:   264 Return:  1.0000 Success:  0.65, D: 0.00 FPS: 3.55
04:52:36.762 [INFO] (off_policy_trainer_carla.py:565) Total Episode:   386 Steps:   74251 Episode Steps:   181 Return:  0.0000 Success:  0.65, D: 0.00 FPS: 3.53
04:54:01.462 [INFO] (off_policy_trainer_carla.py:565) Total Episode:   387 Steps:   74553 Episode Steps:   302 Return:  0.0000 Success:  0.60, D: 0.00 FPS: 3.57
04:55:04.054 [INFO] (off_policy_trainer_carla.py:565) Total Episode:   388 Steps:   74774 Episode Steps:   221 Return:  1.0000 Success:  0.65, D: 0.00 FPS: 3.53
04:55:36.802 [INFO] (off_policy_trainer_carla.py:565) Total Episode:   389 Steps:   74888 Episode Steps:   114 Return: -1.0000 Success:  0.60, D: 0.00 FPS: 3.48
04:56:09.953 [INFO] (off_policy_trainer_carla.py:565) Total Episode:   390 Steps:   75004 Episode Steps:   116 Return: -1.0000 Success:  0.55, D: 0.00 FPS: 3.50
04:57:35.636 [INFO] (off_policy_trainer_carla.py:565) Total Episode:   391 Steps:   75306 Episode Steps:   302 Return:  0.0000 Success:  0.50, D: 0.00 FPS: 3.52
04:58:19.877 [INFO] (off_policy_trainer_carla.py:565) Total Episode:   392 Steps:   75461 Episode Steps:   155 Return: -1.0000 Success:  0.45, D: 0.00 FPS: 3.50
04:58:57.847 [INFO] (off_policy_trainer_carla.py:565) Total Episode:   393 Steps:   75593 Episode Steps:   132 Return: -1.0000 Success:  0.40, D: 0.00 FPS: 3.48
05:00:23.172 [INFO] (off_policy_trainer_carla.py:565) Total Episode:   394 Steps:   75895 Episode Steps:   302 Return:  0.0000 Success:  0.35, D: 0.00 FPS: 3.54
05:01:46.393 [INFO] (off_policy_trainer_carla.py:565) Total Episode:   395 Steps:   76189 Episode Steps:   294 Return:  0.0000 Success:  0.30, D: 0.00 FPS: 3.53
05:02:57.328 [INFO] (off_policy_trainer_carla.py:565) Total Episode:   396 Steps:   76440 Episode Steps:   251 Return:  1.0000 Success:  0.30, D: 0.00 FPS: 3.54
05:04:21.798 [INFO] (off_policy_trainer_carla.py:565) Total Episode:   397 Steps:   76739 Episode Steps:   299 Return:  1.0000 Success:  0.35, D: 0.00 FPS: 3.54
05:05:33.501 [INFO] (off_policy_trainer_carla.py:565) Total Episode:   398 Steps:   76992 Episode Steps:   253 Return:  1.0000 Success:  0.40, D: 0.00 FPS: 3.53
05:06:32.650 [INFO] (off_policy_trainer_carla.py:565) Total Episode:   399 Steps:   77200 Episode Steps:   208 Return:  0.0000 Success:  0.35, D: 0.00 FPS: 3.52
05:07:25.637 [INFO] (off_policy_trainer_carla.py:565) Total Episode:   400 Steps:   77386 Episode Steps:   186 Return:  0.0000 Success:  0.35, D: 0.00 FPS: 3.51
05:08:30.964 [INFO] (off_policy_trainer_carla.py:565) Total Episode:   401 Steps:   77617 Episode Steps:   231 Return:  0.0000 Success:  0.35, D: 0.00 FPS: 3.54
05:09:05.420 [INFO] (off_policy_trainer_carla.py:565) Total Episode:   402 Steps:   77736 Episode Steps:   119 Return: -1.0000 Success:  0.30, D: 0.00 FPS: 3.45
05:10:00.604 [INFO] (off_policy_trainer_carla.py:565) Total Episode:   403 Steps:   77930 Episode Steps:   194 Return:  0.0000 Success:  0.25, D: 0.00 FPS: 3.52
05:11:09.160 [INFO] (off_policy_trainer_carla.py:565) Total Episode:   404 Steps:   78173 Episode Steps:   243 Return:  0.0000 Success:  0.25, D: 0.00 FPS: 3.54
05:11:45.127 [INFO] (off_policy_trainer_carla.py:565) Total Episode:   405 Steps:   78299 Episode Steps:   126 Return: -1.0000 Success:  0.20, D: 0.00 FPS: 3.50
05:12:17.322 [INFO] (off_policy_trainer_carla.py:565) Total Episode:   406 Steps:   78411 Episode Steps:   112 Return: -1.0000 Success:  0.20, D: 0.00 FPS: 3.48
05:13:26.688 [INFO] (off_policy_trainer_carla.py:565) Total Episode:   407 Steps:   78657 Episode Steps:   246 Return:  1.0000 Success:  0.25, D: 0.00 FPS: 3.55
05:14:23.026 [INFO] (off_policy_trainer_carla.py:565) Total Episode:   408 Steps:   78855 Episode Steps:   198 Return:  1.0000 Success:  0.25, D: 0.00 FPS: 3.51
05:15:11.955 [INFO] (off_policy_trainer_carla.py:565) Total Episode:   409 Steps:   79027 Episode Steps:   172 Return:  0.0000 Success:  0.25, D: 0.00 FPS: 3.52
05:16:02.007 [INFO] (off_policy_trainer_carla.py:565) Total Episode:   410 Steps:   79203 Episode Steps:   176 Return:  1.0000 Success:  0.30, D: 0.00 FPS: 3.52
05:16:34.492 [INFO] (off_policy_trainer_carla.py:565) Total Episode:   411 Steps:   79316 Episode Steps:   113 Return: -1.0000 Success:  0.30, D: 0.00 FPS: 3.48
05:17:29.765 [INFO] (off_policy_trainer_carla.py:565) Total Episode:   412 Steps:   79511 Episode Steps:   195 Return:  1.0000 Success:  0.35, D: 0.00 FPS: 3.53
05:18:36.275 [INFO] (off_policy_trainer_carla.py:565) Total Episode:   413 Steps:   79674 Episode Steps:   163 Return: -1.0000 Success:  0.35, D: 0.00 FPS: 2.45
05:19:08.709 [INFO] (off_policy_trainer_carla.py:565) Total Episode:   414 Steps:   79786 Episode Steps:   112 Return: -1.0000 Success:  0.35, D: 0.00 FPS: 3.46
05:19:38.946 [INFO] (off_policy_trainer_carla.py:565) Total Episode:   415 Steps:   79890 Episode Steps:   104 Return: -1.0000 Success:  0.35, D: 0.00 FPS: 3.44
05:20:45.439 [INFO] (off_policy_trainer_carla.py:565) Total Episode:   416 Steps:   80124 Episode Steps:   234 Return:  1.0000 Success:  0.35, D: 0.00 FPS: 3.52
05:21:42.127 [INFO] (off_policy_trainer_carla.py:565) Total Episode:   417 Steps:   80323 Episode Steps:   199 Return:  1.0000 Success:  0.35, D: 0.00 FPS: 3.51
05:22:39.780 [INFO] (off_policy_trainer_carla.py:565) Total Episode:   418 Steps:   80526 Episode Steps:   203 Return:  1.0000 Success:  0.35, D: 0.00 FPS: 3.52
05:23:27.438 [INFO] (off_policy_trainer_carla.py:565) Total Episode:   419 Steps:   80693 Episode Steps:   167 Return:  1.0000 Success:  0.40, D: 0.00 FPS: 3.50
05:24:30.502 [INFO] (off_policy_trainer_carla.py:565) Total Episode:   420 Steps:   80915 Episode Steps:   222 Return:  1.0000 Success:  0.45, D: 0.00 FPS: 3.52
05:25:18.046 [INFO] (off_policy_trainer_carla.py:565) Total Episode:   421 Steps:   81082 Episode Steps:   167 Return:  1.0000 Success:  0.50, D: 0.00 FPS: 3.51
05:26:17.317 [INFO] (off_policy_trainer_carla.py:565) Total Episode:   422 Steps:   81291 Episode Steps:   209 Return:  1.0000 Success:  0.55, D: 0.00 FPS: 3.53
05:27:06.015 [INFO] (off_policy_trainer_carla.py:565) Total Episode:   423 Steps:   81462 Episode Steps:   171 Return:  1.0000 Success:  0.60, D: 0.00 FPS: 3.51
05:27:57.392 [INFO] (off_policy_trainer_carla.py:565) Total Episode:   424 Steps:   81642 Episode Steps:   180 Return: -1.0000 Success:  0.60, D: 0.00 FPS: 3.50
05:28:51.786 [INFO] (off_policy_trainer_carla.py:565) Total Episode:   425 Steps:   81833 Episode Steps:   191 Return:  1.0000 Success:  0.65, D: 0.00 FPS: 3.51
05:29:37.084 [INFO] (off_policy_trainer_carla.py:565) Total Episode:   426 Steps:   81991 Episode Steps:   158 Return:  1.0000 Success:  0.70, D: 0.00 FPS: 3.49
05:30:37.405 [INFO] (off_policy_trainer_carla.py:565) Total Episode:   427 Steps:   82204 Episode Steps:   213 Return:  1.0000 Success:  0.70, D: 0.00 FPS: 3.53
05:31:42.350 [INFO] (off_policy_trainer_carla.py:565) Total Episode:   428 Steps:   82433 Episode Steps:   229 Return:  1.0000 Success:  0.70, D: 0.00 FPS: 3.53
05:32:10.966 [INFO] (off_policy_trainer_carla.py:565) Total Episode:   429 Steps:   82532 Episode Steps:    99 Return: -1.0000 Success:  0.70, D: 0.00 FPS: 3.46
05:32:42.178 [INFO] (off_policy_trainer_carla.py:565) Total Episode:   430 Steps:   82640 Episode Steps:   108 Return: -1.0000 Success:  0.65, D: 0.00 FPS: 3.46
05:33:10.795 [INFO] (off_policy_trainer_carla.py:565) Total Episode:   431 Steps:   82739 Episode Steps:    99 Return: -1.0000 Success:  0.65, D: 0.00 FPS: 3.46
05:34:20.143 [INFO] (off_policy_trainer_carla.py:565) Total Episode:   432 Steps:   82984 Episode Steps:   245 Return:  1.0000 Success:  0.65, D: 0.00 FPS: 3.53
05:35:15.100 [INFO] (off_policy_trainer_carla.py:565) Total Episode:   433 Steps:   83177 Episode Steps:   193 Return:  1.0000 Success:  0.70, D: 0.00 FPS: 3.51
05:35:46.006 [INFO] (off_policy_trainer_carla.py:565) Total Episode:   434 Steps:   83284 Episode Steps:   107 Return: -1.0000 Success:  0.70, D: 0.00 FPS: 3.46
05:36:44.342 [INFO] (off_policy_trainer_carla.py:565) Total Episode:   435 Steps:   83490 Episode Steps:   206 Return:  1.0000 Success:  0.75, D: 0.00 FPS: 3.53
05:37:30.906 [INFO] (off_policy_trainer_carla.py:565) Total Episode:   436 Steps:   83653 Episode Steps:   163 Return: -1.0000 Success:  0.70, D: 0.00 FPS: 3.50
05:38:16.685 [INFO] (off_policy_trainer_carla.py:565) Total Episode:   437 Steps:   83813 Episode Steps:   160 Return:  1.0000 Success:  0.70, D: 0.00 FPS: 3.50
05:39:05.844 [INFO] (off_policy_trainer_carla.py:565) Total Episode:   438 Steps:   83985 Episode Steps:   172 Return:  1.0000 Success:  0.70, D: 0.00 FPS: 3.50
05:39:59.352 [INFO] (off_policy_trainer_carla.py:565) Total Episode:   439 Steps:   84172 Episode Steps:   187 Return:  1.0000 Success:  0.70, D: 0.00 FPS: 3.49
05:40:44.655 [INFO] (off_policy_trainer_carla.py:565) Total Episode:   440 Steps:   84330 Episode Steps:   158 Return: -1.0000 Success:  0.65, D: 0.00 FPS: 3.49
05:41:39.880 [INFO] (off_policy_trainer_carla.py:565) Total Episode:   441 Steps:   84524 Episode Steps:   194 Return:  1.0000 Success:  0.65, D: 0.00 FPS: 3.51
05:42:08.787 [INFO] (off_policy_trainer_carla.py:565) Total Episode:   442 Steps:   84624 Episode Steps:   100 Return: -1.0000 Success:  0.60, D: 0.00 FPS: 3.46
05:42:58.642 [INFO] (off_policy_trainer_carla.py:565) Total Episode:   443 Steps:   84799 Episode Steps:   175 Return:  1.0000 Success:  0.60, D: 0.00 FPS: 3.51
05:43:28.253 [INFO] (off_policy_trainer_carla.py:565) Total Episode:   444 Steps:   84901 Episode Steps:   102 Return: -1.0000 Success:  0.60, D: 0.00 FPS: 3.44
05:44:15.723 [INFO] (off_policy_trainer_carla.py:565) Total Episode:   445 Steps:   85067 Episode Steps:   166 Return:  1.0000 Success:  0.60, D: 0.00 FPS: 3.50
05:45:24.667 [INFO] (off_policy_trainer_carla.py:565) Total Episode:   446 Steps:   85311 Episode Steps:   244 Return:  1.0000 Success:  0.60, D: 0.00 FPS: 3.54
05:46:05.098 [INFO] (off_policy_trainer_carla.py:565) Total Episode:   447 Steps:   85452 Episode Steps:   141 Return: -1.0000 Success:  0.55, D: 0.00 FPS: 3.49
05:47:12.813 [INFO] (off_policy_trainer_carla.py:565) Total Episode:   448 Steps:   85691 Episode Steps:   239 Return:  1.0000 Success:  0.55, D: 0.00 FPS: 3.53
05:47:59.639 [INFO] (off_policy_trainer_carla.py:565) Total Episode:   449 Steps:   85855 Episode Steps:   164 Return:  1.0000 Success:  0.60, D: 0.00 FPS: 3.50
05:49:06.769 [INFO] (off_policy_trainer_carla.py:565) Total Episode:   450 Steps:   86092 Episode Steps:   237 Return:  1.0000 Success:  0.65, D: 0.00 FPS: 3.53
05:50:02.252 [INFO] (off_policy_trainer_carla.py:565) Total Episode:   451 Steps:   86287 Episode Steps:   195 Return:  1.0000 Success:  0.70, D: 0.00 FPS: 3.51
05:50:51.020 [INFO] (off_policy_trainer_carla.py:565) Total Episode:   452 Steps:   86458 Episode Steps:   171 Return:  1.0000 Success:  0.70, D: 0.00 FPS: 3.51
05:51:59.246 [INFO] (off_policy_trainer_carla.py:565) Total Episode:   453 Steps:   86699 Episode Steps:   241 Return:  1.0000 Success:  0.70, D: 0.00 FPS: 3.53
05:52:36.766 [INFO] (off_policy_trainer_carla.py:565) Total Episode:   454 Steps:   86830 Episode Steps:   131 Return: -1.0000 Success:  0.70, D: 0.00 FPS: 3.49
05:53:26.289 [INFO] (off_policy_trainer_carla.py:565) Total Episode:   455 Steps:   87004 Episode Steps:   174 Return:  0.0000 Success:  0.65, D: 0.00 FPS: 3.51
05:54:10.949 [INFO] (off_policy_trainer_carla.py:565) Total Episode:   456 Steps:   87160 Episode Steps:   156 Return: -1.0000 Success:  0.65, D: 0.00 FPS: 3.49
05:54:45.489 [INFO] (off_policy_trainer_carla.py:565) Total Episode:   457 Steps:   87280 Episode Steps:   120 Return: -1.0000 Success:  0.60, D: 0.00 FPS: 3.47
05:55:32.335 [INFO] (off_policy_trainer_carla.py:565) Total Episode:   458 Steps:   87444 Episode Steps:   164 Return:  1.0000 Success:  0.60, D: 0.00 FPS: 3.50
05:56:21.585 [INFO] (off_policy_trainer_carla.py:565) Total Episode:   459 Steps:   87616 Episode Steps:   172 Return:  1.0000 Success:  0.60, D: 0.00 FPS: 3.49
05:57:11.810 [INFO] (off_policy_trainer_carla.py:565) Total Episode:   460 Steps:   87792 Episode Steps:   176 Return:  1.0000 Success:  0.65, D: 0.00 FPS: 3.50
05:57:48.593 [INFO] (off_policy_trainer_carla.py:565) Total Episode:   461 Steps:   87920 Episode Steps:   128 Return: -1.0000 Success:  0.60, D: 0.00 FPS: 3.48
05:58:53.656 [INFO] (off_policy_trainer_carla.py:565) Total Episode:   462 Steps:   88149 Episode Steps:   229 Return:  1.0000 Success:  0.65, D: 0.00 FPS: 3.52
05:59:50.836 [INFO] (off_policy_trainer_carla.py:565) Total Episode:   463 Steps:   88349 Episode Steps:   200 Return:  1.0000 Success:  0.65, D: 0.00 FPS: 3.50
06:00:47.199 [INFO] (off_policy_trainer_carla.py:565) Total Episode:   464 Steps:   88547 Episode Steps:   198 Return:  1.0000 Success:  0.70, D: 0.00 FPS: 3.51
06:01:23.814 [INFO] (off_policy_trainer_carla.py:565) Total Episode:   465 Steps:   88674 Episode Steps:   127 Return: -1.0000 Success:  0.65, D: 0.00 FPS: 3.47
06:02:14.543 [INFO] (off_policy_trainer_carla.py:565) Total Episode:   466 Steps:   88852 Episode Steps:   178 Return:  1.0000 Success:  0.65, D: 0.00 FPS: 3.51
06:02:49.690 [INFO] (off_policy_trainer_carla.py:565) Total Episode:   467 Steps:   88974 Episode Steps:   122 Return: -1.0000 Success:  0.65, D: 0.00 FPS: 3.47
06:03:47.575 [INFO] (off_policy_trainer_carla.py:565) Total Episode:   468 Steps:   89177 Episode Steps:   203 Return:  1.0000 Success:  0.65, D: 0.00 FPS: 3.51
06:04:38.159 [INFO] (off_policy_trainer_carla.py:565) Total Episode:   469 Steps:   89354 Episode Steps:   177 Return:  1.0000 Success:  0.65, D: 0.00 FPS: 3.50
06:05:35.029 [INFO] (off_policy_trainer_carla.py:565) Total Episode:   470 Steps:   89553 Episode Steps:   199 Return:  1.0000 Success:  0.65, D: 0.00 FPS: 3.50
06:06:35.638 [INFO] (off_policy_trainer_carla.py:565) Total Episode:   471 Steps:   89766 Episode Steps:   213 Return:  1.0000 Success:  0.65, D: 0.00 FPS: 3.51
06:07:43.403 [INFO] (off_policy_trainer_carla.py:565) Total Episode:   472 Steps:   90005 Episode Steps:   239 Return:  1.0000 Success:  0.65, D: 0.00 FPS: 3.53
06:08:54.138 [INFO] (off_policy_trainer_carla.py:565) Total Episode:   473 Steps:   90254 Episode Steps:   249 Return:  1.0000 Success:  0.65, D: 0.00 FPS: 3.52
06:09:50.629 [INFO] (off_policy_trainer_carla.py:565) Total Episode:   474 Steps:   90452 Episode Steps:   198 Return:  1.0000 Success:  0.70, D: 0.00 FPS: 3.51
06:10:48.789 [INFO] (off_policy_trainer_carla.py:565) Total Episode:   475 Steps:   90654 Episode Steps:   202 Return:  1.0000 Success:  0.75, D: 0.00 FPS: 3.47
06:11:38.757 [INFO] (off_policy_trainer_carla.py:565) Total Episode:   476 Steps:   90829 Episode Steps:   175 Return:  1.0000 Success:  0.80, D: 0.00 FPS: 3.50
06:12:11.999 [INFO] (off_policy_trainer_carla.py:565) Total Episode:   477 Steps:   90944 Episode Steps:   115 Return: -1.0000 Success:  0.80, D: 0.00 FPS: 3.46
06:13:11.399 [INFO] (off_policy_trainer_carla.py:565) Total Episode:   478 Steps:   91153 Episode Steps:   209 Return:  1.0000 Success:  0.80, D: 0.00 FPS: 3.52
06:13:57.847 [INFO] (off_policy_trainer_carla.py:565) Total Episode:   479 Steps:   91315 Episode Steps:   162 Return:  1.0000 Success:  0.80, D: 0.00 FPS: 3.49
06:14:35.125 [INFO] (off_policy_trainer_carla.py:565) Total Episode:   480 Steps:   91441 Episode Steps:   126 Return: -1.0000 Success:  0.75, D: 0.00 FPS: 3.38
06:15:24.774 [INFO] (off_policy_trainer_carla.py:565) Total Episode:   481 Steps:   91615 Episode Steps:   174 Return:  1.0000 Success:  0.80, D: 0.00 FPS: 3.50
06:15:58.111 [INFO] (off_policy_trainer_carla.py:565) Total Episode:   482 Steps:   91730 Episode Steps:   115 Return: -1.0000 Success:  0.75, D: 0.00 FPS: 3.45
06:16:49.329 [INFO] (off_policy_trainer_carla.py:565) Total Episode:   483 Steps:   91909 Episode Steps:   179 Return:  1.0000 Success:  0.75, D: 0.00 FPS: 3.49
06:17:25.960 [INFO] (off_policy_trainer_carla.py:565) Total Episode:   484 Steps:   92036 Episode Steps:   127 Return: -1.0000 Success:  0.70, D: 0.00 FPS: 3.47
06:17:56.435 [INFO] (off_policy_trainer_carla.py:565) Total Episode:   485 Steps:   92141 Episode Steps:   105 Return: -1.0000 Success:  0.70, D: 0.00 FPS: 3.45
06:18:55.735 [INFO] (off_policy_trainer_carla.py:565) Total Episode:   486 Steps:   92349 Episode Steps:   208 Return:  1.0000 Success:  0.70, D: 0.00 FPS: 3.51
06:19:27.201 [INFO] (off_policy_trainer_carla.py:565) Total Episode:   487 Steps:   92458 Episode Steps:   109 Return: -1.0000 Success:  0.70, D: 0.00 FPS: 3.46
06:20:22.063 [INFO] (off_policy_trainer_carla.py:565) Total Episode:   488 Steps:   92650 Episode Steps:   192 Return:  1.0000 Success:  0.70, D: 0.00 FPS: 3.50
06:20:53.114 [INFO] (off_policy_trainer_carla.py:565) Total Episode:   489 Steps:   92757 Episode Steps:   107 Return: -1.0000 Success:  0.65, D: 0.00 FPS: 3.45
06:21:43.190 [INFO] (off_policy_trainer_carla.py:565) Total Episode:   490 Steps:   92932 Episode Steps:   175 Return:  1.0000 Success:  0.65, D: 0.00 FPS: 3.49
06:22:13.207 [INFO] (off_policy_trainer_carla.py:565) Total Episode:   491 Steps:   93035 Episode Steps:   103 Return: -1.0000 Success:  0.60, D: 0.00 FPS: 3.43
06:22:48.976 [INFO] (off_policy_trainer_carla.py:565) Total Episode:   492 Steps:   93159 Episode Steps:   124 Return: -1.0000 Success:  0.55, D: 0.00 FPS: 3.47
06:23:19.782 [INFO] (off_policy_trainer_carla.py:565) Total Episode:   493 Steps:   93265 Episode Steps:   106 Return: -1.0000 Success:  0.50, D: 0.00 FPS: 3.44
06:23:55.952 [INFO] (off_policy_trainer_carla.py:565) Total Episode:   494 Steps:   93390 Episode Steps:   125 Return: -1.0000 Success:  0.45, D: 0.00 FPS: 3.46
06:24:24.593 [INFO] (off_policy_trainer_carla.py:565) Total Episode:   495 Steps:   93488 Episode Steps:    98 Return: -1.0000 Success:  0.40, D: 0.00 FPS: 3.42
06:24:55.167 [INFO] (off_policy_trainer_carla.py:565) Total Episode:   496 Steps:   93593 Episode Steps:   105 Return: -1.0000 Success:  0.35, D: 0.00 FPS: 3.43
06:25:51.037 [INFO] (off_policy_trainer_carla.py:565) Total Episode:   497 Steps:   93789 Episode Steps:   196 Return: -1.0000 Success:  0.35, D: 0.00 FPS: 3.51
06:26:57.995 [INFO] (off_policy_trainer_carla.py:565) Total Episode:   498 Steps:   94025 Episode Steps:   236 Return:  1.0000 Success:  0.35, D: 0.00 FPS: 3.52
06:28:00.610 [INFO] (off_policy_trainer_carla.py:565) Total Episode:   499 Steps:   94245 Episode Steps:   220 Return:  1.0000 Success:  0.35, D: 0.00 FPS: 3.51
06:28:53.723 [INFO] (off_policy_trainer_carla.py:565) Total Episode:   500 Steps:   94431 Episode Steps:   186 Return:  1.0000 Success:  0.40, D: 0.00 FPS: 3.50
06:29:45.565 [INFO] (off_policy_trainer_carla.py:565) Total Episode:   501 Steps:   94612 Episode Steps:   181 Return:  1.0000 Success:  0.40, D: 0.00 FPS: 3.49
06:30:40.036 [INFO] (off_policy_trainer_carla.py:565) Total Episode:   502 Steps:   94803 Episode Steps:   191 Return:  1.0000 Success:  0.45, D: 0.00 FPS: 3.51
06:31:48.441 [INFO] (off_policy_trainer_carla.py:565) Total Episode:   503 Steps:   95044 Episode Steps:   241 Return:  1.0000 Success:  0.45, D: 0.00 FPS: 3.52
06:32:49.701 [INFO] (off_policy_trainer_carla.py:565) Total Episode:   504 Steps:   95259 Episode Steps:   215 Return:  1.0000 Success:  0.50, D: 0.00 FPS: 3.51
06:33:55.794 [INFO] (off_policy_trainer_carla.py:565) Total Episode:   505 Steps:   95492 Episode Steps:   233 Return:  1.0000 Success:  0.55, D: 0.00 FPS: 3.53
06:34:54.191 [INFO] (off_policy_trainer_carla.py:565) Total Episode:   506 Steps:   95696 Episode Steps:   204 Return:  1.0000 Success:  0.55, D: 0.00 FPS: 3.49
06:35:42.996 [INFO] (off_policy_trainer_carla.py:565) Total Episode:   507 Steps:   95867 Episode Steps:   171 Return:  1.0000 Success:  0.60, D: 0.00 FPS: 3.50
06:37:04.908 [INFO] (off_policy_trainer_carla.py:565) Total Episode:   508 Steps:   96085 Episode Steps:   218 Return:  1.0000 Success:  0.60, D: 0.00 FPS: 2.66
06:38:03.489 [INFO] (off_policy_trainer_carla.py:565) Total Episode:   509 Steps:   96291 Episode Steps:   206 Return:  1.0000 Success:  0.65, D: 0.00 FPS: 3.52
06:39:11.076 [INFO] (off_policy_trainer_carla.py:565) Total Episode:   510 Steps:   96529 Episode Steps:   238 Return:  1.0000 Success:  0.65, D: 0.00 FPS: 3.52
06:40:21.219 [INFO] (off_policy_trainer_carla.py:565) Total Episode:   511 Steps:   96776 Episode Steps:   247 Return:  1.0000 Success:  0.70, D: 0.00 FPS: 3.52
06:41:23.571 [INFO] (off_policy_trainer_carla.py:565) Total Episode:   512 Steps:   96995 Episode Steps:   219 Return:  1.0000 Success:  0.75, D: 0.00 FPS: 3.51
06:42:12.702 [INFO] (off_policy_trainer_carla.py:565) Total Episode:   513 Steps:   97167 Episode Steps:   172 Return:  1.0000 Success:  0.80, D: 0.00 FPS: 3.50
06:43:11.959 [INFO] (off_policy_trainer_carla.py:565) Total Episode:   514 Steps:   97376 Episode Steps:   209 Return:  1.0000 Success:  0.85, D: 0.00 FPS: 3.53
06:44:08.615 [INFO] (off_policy_trainer_carla.py:565) Total Episode:   515 Steps:   97574 Episode Steps:   198 Return:  1.0000 Success:  0.90, D: 0.00 FPS: 3.49
06:45:00.341 [INFO] (off_policy_trainer_carla.py:565) Total Episode:   516 Steps:   97755 Episode Steps:   181 Return:  1.0000 Success:  0.95, D: 0.00 FPS: 3.50
06:46:05.773 [INFO] (off_policy_trainer_carla.py:565) Total Episode:   517 Steps:   97985 Episode Steps:   230 Return:  1.0000 Success:  1.00, D: 0.00 FPS: 3.52
06:47:51.159 [INFO] (off_policy_trainer_carla.py:565) Total Episode:   518 Steps:   98287 Episode Steps:   302 Return:  0.0000 Success:  0.95, D: 0.00 FPS: 2.87
06:48:47.303 [INFO] (off_policy_trainer_carla.py:565) Total Episode:   519 Steps:   98484 Episode Steps:   197 Return:  1.0000 Success:  0.95, D: 0.00 FPS: 3.51
06:49:29.730 [INFO] (off_policy_trainer_carla.py:565) Total Episode:   520 Steps:   98632 Episode Steps:   148 Return: -1.0000 Success:  0.90, D: 0.00 FPS: 3.49
06:50:18.905 [INFO] (off_policy_trainer_carla.py:565) Total Episode:   521 Steps:   98804 Episode Steps:   172 Return:  0.0000 Success:  0.85, D: 0.00 FPS: 3.50
06:50:58.287 [INFO] (off_policy_trainer_carla.py:565) Total Episode:   522 Steps:   98941 Episode Steps:   137 Return: -1.0000 Success:  0.80, D: 0.00 FPS: 3.48
06:51:55.861 [INFO] (off_policy_trainer_carla.py:565) Total Episode:   523 Steps:   99143 Episode Steps:   202 Return:  1.0000 Success:  0.80, D: 0.00 FPS: 3.51
06:52:54.133 [INFO] (off_policy_trainer_carla.py:565) Total Episode:   524 Steps:   99348 Episode Steps:   205 Return:  1.0000 Success:  0.80, D: 0.00 FPS: 3.52
06:53:32.364 [INFO] (off_policy_trainer_carla.py:565) Total Episode:   525 Steps:   99481 Episode Steps:   133 Return: -1.0000 Success:  0.75, D: 0.00 FPS: 3.48
06:54:25.458 [INFO] (off_policy_trainer_carla.py:565) Total Episode:   526 Steps:   99667 Episode Steps:   186 Return:  1.0000 Success:  0.75, D: 0.00 FPS: 3.50
06:55:14.943 [INFO] (off_policy_trainer_carla.py:565) Total Episode:   527 Steps:   99840 Episode Steps:   173 Return:  1.0000 Success:  0.75, D: 0.00 FPS: 3.50
