13:01:55.453 [INFO] (off_policy_trainer_carla.py:497) Total Episode:     1 Steps:     198 Episode Steps:   198 Return:  1.0000 Success:  0.05, D: 0.00 FPS:14.60
13:02:03.024 [INFO] (off_policy_trainer_carla.py:497) Total Episode:     2 Steps:     402 Episode Steps:   204 Return:  1.0000 Success:  0.10, D: 0.00 FPS:26.95
13:02:11.063 [INFO] (off_policy_trainer_carla.py:497) Total Episode:     3 Steps:     595 Episode Steps:   193 Return:  1.0000 Success:  0.15, D: 0.00 FPS:24.03
13:02:21.844 [INFO] (off_policy_trainer_carla.py:497) Total Episode:     4 Steps:     823 Episode Steps:   228 Return:  0.0000 Success:  0.15, D: 0.00 FPS:21.15
13:02:28.889 [INFO] (off_policy_trainer_carla.py:497) Total Episode:     5 Steps:     947 Episode Steps:   124 Return: -1.0000 Success:  0.15, D: 0.00 FPS:17.61
13:02:36.127 [INFO] (off_policy_trainer_carla.py:497) Total Episode:     6 Steps:    1060 Episode Steps:   113 Return: -1.0000 Success:  0.15, D: 0.00 FPS:15.62
13:02:55.314 [INFO] (off_policy_trainer_carla.py:497) Total Episode:     7 Steps:    1362 Episode Steps:   302 Return:  0.0000 Success:  0.15, D: 0.00 FPS:15.74
13:03:16.384 [INFO] (off_policy_trainer_carla.py:497) Total Episode:     8 Steps:    1664 Episode Steps:   302 Return:  0.0000 Success:  0.15, D: 0.00 FPS:14.34
13:03:34.577 [INFO] (off_policy_trainer_carla.py:497) Total Episode:     9 Steps:    1901 Episode Steps:   237 Return:  1.0000 Success:  0.20, D: 0.00 FPS:13.03
13:03:46.362 [INFO] (off_policy_trainer_carla.py:497) Total Episode:    10 Steps:    2036 Episode Steps:   135 Return: -1.0000 Success:  0.20, D: 0.00 FPS:11.46
13:04:12.691 [INFO] (off_policy_trainer_carla.py:497) Total Episode:    11 Steps:    2338 Episode Steps:   302 Return:  0.0000 Success:  0.20, D: 0.00 FPS:11.47
13:04:23.911 [INFO] (off_policy_trainer_carla.py:497) Total Episode:    12 Steps:    2449 Episode Steps:   111 Return: -1.0000 Success:  0.20, D: 0.00 FPS: 9.90
13:04:53.918 [INFO] (off_policy_trainer_carla.py:497) Total Episode:    13 Steps:    2751 Episode Steps:   302 Return:  0.0000 Success:  0.20, D: 0.00 FPS:10.07
13:05:17.508 [INFO] (off_policy_trainer_carla.py:497) Total Episode:    14 Steps:    2970 Episode Steps:   219 Return:  1.0000 Success:  0.25, D: 0.00 FPS: 9.28
13:05:32.643 [INFO] (off_policy_trainer_carla.py:497) Total Episode:    15 Steps:    3098 Episode Steps:   128 Return: -1.0000 Success:  0.25, D: 0.00 FPS: 8.46
13:05:52.973 [INFO] (off_policy_trainer_carla.py:497) Total Episode:    16 Steps:    3265 Episode Steps:   167 Return:  0.0000 Success:  0.25, D: 0.00 FPS: 8.22
13:06:19.783 [INFO] (off_policy_trainer_carla.py:497) Total Episode:    17 Steps:    3477 Episode Steps:   212 Return:  1.0000 Success:  0.30, D: 0.00 FPS: 7.91
13:06:48.680 [INFO] (off_policy_trainer_carla.py:497) Total Episode:    18 Steps:    3697 Episode Steps:   220 Return:  1.0000 Success:  0.35, D: 0.00 FPS: 7.61
13:07:18.660 [INFO] (off_policy_trainer_carla.py:497) Total Episode:    19 Steps:    3916 Episode Steps:   219 Return:  1.0000 Success:  0.40, D: 0.00 FPS: 7.31
13:07:36.198 [INFO] (off_policy_trainer_carla.py:497) Total Episode:    20 Steps:    4034 Episode Steps:   118 Return: -1.0000 Success:  0.40, D: 0.00 FPS: 6.73
13:07:53.475 [INFO] (off_policy_trainer_carla.py:497) Total Episode:    21 Steps:    4144 Episode Steps:   110 Return: -1.0000 Success:  0.35, D: 0.00 FPS: 6.37
13:08:24.317 [INFO] (off_policy_trainer_carla.py:497) Total Episode:    22 Steps:    4339 Episode Steps:   195 Return:  1.0000 Success:  0.35, D: 0.00 FPS: 6.32
13:08:57.323 [INFO] (off_policy_trainer_carla.py:497) Total Episode:    23 Steps:    4543 Episode Steps:   204 Return:  1.0000 Success:  0.35, D: 0.00 FPS: 6.18
13:09:30.731 [INFO] (off_policy_trainer_carla.py:497) Total Episode:    24 Steps:    4742 Episode Steps:   199 Return:  1.0000 Success:  0.40, D: 0.00 FPS: 5.96
13:10:12.070 [INFO] (off_policy_trainer_carla.py:497) Total Episode:    25 Steps:    4984 Episode Steps:   242 Return:  1.0000 Success:  0.45, D: 0.00 FPS: 5.85
13:11:53.635 [INFO] (off_policy_trainer_carla.py:497) Total Episode:    26 Steps:    5177 Episode Steps:   193 Return:  1.0000 Success:  0.50, D: 0.00 FPS: 1.90
13:12:21.933 [INFO] (off_policy_trainer_carla.py:497) Total Episode:    27 Steps:    5291 Episode Steps:   114 Return: -1.0000 Success:  0.50, D: 0.00 FPS: 4.03
13:13:34.702 [INFO] (off_policy_trainer_carla.py:497) Total Episode:    28 Steps:    5503 Episode Steps:   212 Return:  0.0000 Success:  0.50, D: 0.00 FPS: 2.91
13:14:50.636 [INFO] (off_policy_trainer_carla.py:497) Total Episode:    29 Steps:    5805 Episode Steps:   302 Return:  0.0000 Success:  0.45, D: 0.00 FPS: 3.98
13:15:23.014 [INFO] (off_policy_trainer_carla.py:497) Total Episode:    30 Steps:    5926 Episode Steps:   121 Return: -1.0000 Success:  0.45, D: 0.00 FPS: 3.74
13:15:57.894 [INFO] (off_policy_trainer_carla.py:497) Total Episode:    31 Steps:    6054 Episode Steps:   128 Return: -1.0000 Success:  0.45, D: 0.00 FPS: 3.67
13:16:51.640 [INFO] (off_policy_trainer_carla.py:497) Total Episode:    32 Steps:    6250 Episode Steps:   196 Return:  1.0000 Success:  0.50, D: 0.00 FPS: 3.65
13:18:15.703 [INFO] (off_policy_trainer_carla.py:497) Total Episode:    33 Steps:    6552 Episode Steps:   302 Return:  0.0000 Success:  0.50, D: 0.00 FPS: 3.59
13:19:05.315 [INFO] (off_policy_trainer_carla.py:497) Total Episode:    34 Steps:    6724 Episode Steps:   172 Return:  0.0000 Success:  0.50, D: 0.00 FPS: 3.47
13:20:11.730 [INFO] (off_policy_trainer_carla.py:497) Total Episode:    35 Steps:    6953 Episode Steps:   229 Return:  1.0000 Success:  0.55, D: 0.00 FPS: 3.45
13:21:09.761 [INFO] (off_policy_trainer_carla.py:497) Total Episode:    36 Steps:    7148 Episode Steps:   195 Return:  1.0000 Success:  0.60, D: 0.00 FPS: 3.36
13:22:23.729 [INFO] (off_policy_trainer_carla.py:497) Total Episode:    37 Steps:    7394 Episode Steps:   246 Return:  1.0000 Success:  0.60, D: 0.00 FPS: 3.33
13:23:01.115 [INFO] (off_policy_trainer_carla.py:497) Total Episode:    38 Steps:    7513 Episode Steps:   119 Return: -1.0000 Success:  0.55, D: 0.00 FPS: 3.18
13:24:17.752 [INFO] (off_policy_trainer_carla.py:497) Total Episode:    39 Steps:    7757 Episode Steps:   244 Return:  1.0000 Success:  0.55, D: 0.00 FPS: 3.18
13:25:29.667 [INFO] (off_policy_trainer_carla.py:497) Total Episode:    40 Steps:    7983 Episode Steps:   226 Return:  1.0000 Success:  0.60, D: 0.00 FPS: 3.14
13:26:26.867 [INFO] (off_policy_trainer_carla.py:497) Total Episode:    41 Steps:    8156 Episode Steps:   173 Return:  1.0000 Success:  0.65, D: 0.00 FPS: 3.02
13:27:14.233 [INFO] (off_policy_trainer_carla.py:497) Total Episode:    42 Steps:    8297 Episode Steps:   141 Return: -1.0000 Success:  0.60, D: 0.00 FPS: 2.98
13:28:33.078 [INFO] (off_policy_trainer_carla.py:497) Total Episode:    43 Steps:    8532 Episode Steps:   235 Return:  1.0000 Success:  0.60, D: 0.00 FPS: 2.98
13:30:00.584 [INFO] (off_policy_trainer_carla.py:497) Total Episode:    44 Steps:    8789 Episode Steps:   257 Return:  0.0000 Success:  0.55, D: 0.00 FPS: 2.94
13:30:35.476 [INFO] (off_policy_trainer_carla.py:497) Total Episode:    45 Steps:    8886 Episode Steps:    97 Return: -1.0000 Success:  0.50, D: 0.00 FPS: 2.78
13:32:21.623 [INFO] (off_policy_trainer_carla.py:497) Total Episode:    46 Steps:    9188 Episode Steps:   302 Return:  0.0000 Success:  0.45, D: 0.00 FPS: 2.85
13:33:42.344 [INFO] (off_policy_trainer_carla.py:497) Total Episode:    47 Steps:    9412 Episode Steps:   224 Return:  1.0000 Success:  0.50, D: 0.00 FPS: 2.78
13:35:00.927 [INFO] (off_policy_trainer_carla.py:497) Total Episode:    48 Steps:    9626 Episode Steps:   214 Return:  1.0000 Success:  0.55, D: 0.00 FPS: 2.72
13:35:41.386 [INFO] (off_policy_trainer_carla.py:497) Total Episode:    49 Steps:    9732 Episode Steps:   106 Return: -1.0000 Success:  0.55, D: 0.00 FPS: 2.62
13:36:24.349 [INFO] (off_policy_trainer_carla.py:497) Total Episode:    50 Steps:    9843 Episode Steps:   111 Return: -1.0000 Success:  0.55, D: 0.00 FPS: 2.58
13:37:43.398 [INFO] (off_policy_trainer_carla.py:497) Total Episode:    51 Steps:   10048 Episode Steps:   205 Return:  1.0000 Success:  0.60, D: 0.00 FPS: 2.59
13:38:22.572 [INFO] (off_policy_trainer_carla.py:497) Total Episode:    52 Steps:   10145 Episode Steps:    97 Return: -1.0000 Success:  0.55, D: 0.00 FPS: 2.48
13:39:28.530 [INFO] (off_policy_trainer_carla.py:497) Total Episode:    53 Steps:   10311 Episode Steps:   166 Return:  0.0000 Success:  0.55, D: 0.00 FPS: 2.52
13:40:54.798 [INFO] (off_policy_trainer_carla.py:497) Total Episode:    54 Steps:   10525 Episode Steps:   214 Return:  1.0000 Success:  0.55, D: 0.00 FPS: 2.48
13:42:57.141 [INFO] (off_policy_trainer_carla.py:497) Total Episode:    55 Steps:   10827 Episode Steps:   302 Return:  0.0000 Success:  0.50, D: 0.00 FPS: 2.47
13:45:00.992 [INFO] (off_policy_trainer_carla.py:497) Total Episode:    56 Steps:   11129 Episode Steps:   302 Return:  0.0000 Success:  0.45, D: 0.00 FPS: 2.44
13:47:06.680 [INFO] (off_policy_trainer_carla.py:497) Total Episode:    57 Steps:   11431 Episode Steps:   302 Return:  0.0000 Success:  0.40, D: 0.00 FPS: 2.40
13:49:14.423 [INFO] (off_policy_trainer_carla.py:497) Total Episode:    58 Steps:   11733 Episode Steps:   302 Return:  0.0000 Success:  0.40, D: 0.00 FPS: 2.36
13:51:23.965 [INFO] (off_policy_trainer_carla.py:497) Total Episode:    59 Steps:   12035 Episode Steps:   302 Return:  0.0000 Success:  0.35, D: 0.00 FPS: 2.33
13:52:43.441 [INFO] (off_policy_trainer_carla.py:497) Total Episode:    60 Steps:   12214 Episode Steps:   179 Return:  1.0000 Success:  0.35, D: 0.00 FPS: 2.25
13:53:54.873 [INFO] (off_policy_trainer_carla.py:497) Total Episode:    61 Steps:   12373 Episode Steps:   159 Return:  0.0000 Success:  0.30, D: 0.00 FPS: 2.23
13:55:17.699 [INFO] (off_policy_trainer_carla.py:497) Total Episode:    62 Steps:   12556 Episode Steps:   183 Return:  1.0000 Success:  0.35, D: 0.00 FPS: 2.21
13:56:53.689 [INFO] (off_policy_trainer_carla.py:497) Total Episode:    63 Steps:   12766 Episode Steps:   210 Return:  0.0000 Success:  0.30, D: 0.00 FPS: 2.19
13:57:37.346 [INFO] (off_policy_trainer_carla.py:497) Total Episode:    64 Steps:   12857 Episode Steps:    91 Return: -1.0000 Success:  0.30, D: 0.00 FPS: 2.08
13:59:18.380 [INFO] (off_policy_trainer_carla.py:497) Total Episode:    65 Steps:   13071 Episode Steps:   214 Return:  0.0000 Success:  0.30, D: 0.00 FPS: 2.12
14:01:41.898 [INFO] (off_policy_trainer_carla.py:497) Total Episode:    66 Steps:   13373 Episode Steps:   302 Return:  0.0000 Success:  0.30, D: 0.00 FPS: 2.10
14:02:37.739 [INFO] (off_policy_trainer_carla.py:497) Total Episode:    67 Steps:   13486 Episode Steps:   113 Return: -1.0000 Success:  0.25, D: 0.00 FPS: 2.02
14:04:26.010 [INFO] (off_policy_trainer_carla.py:497) Total Episode:    68 Steps:   13706 Episode Steps:   220 Return:  0.0000 Success:  0.20, D: 0.00 FPS: 2.03
14:06:21.849 [INFO] (off_policy_trainer_carla.py:497) Total Episode:    69 Steps:   13941 Episode Steps:   235 Return:  1.0000 Success:  0.25, D: 0.00 FPS: 2.03
14:08:19.880 [INFO] (off_policy_trainer_carla.py:497) Total Episode:    70 Steps:   14177 Episode Steps:   236 Return:  1.0000 Success:  0.30, D: 0.00 FPS: 2.00
14:09:20.969 [INFO] (off_policy_trainer_carla.py:497) Total Episode:    71 Steps:   14296 Episode Steps:   119 Return: -1.0000 Success:  0.25, D: 0.00 FPS: 1.95
14:11:27.045 [INFO] (off_policy_trainer_carla.py:497) Total Episode:    72 Steps:   14542 Episode Steps:   246 Return:  1.0000 Success:  0.30, D: 0.00 FPS: 1.95
14:13:30.819 [INFO] (off_policy_trainer_carla.py:497) Total Episode:    73 Steps:   14780 Episode Steps:   238 Return:  1.0000 Success:  0.35, D: 0.00 FPS: 1.92
14:14:25.139 [INFO] (off_policy_trainer_carla.py:497) Total Episode:    74 Steps:   14881 Episode Steps:   101 Return: -1.0000 Success:  0.30, D: 0.00 FPS: 1.86
14:15:38.455 [INFO] (off_policy_trainer_carla.py:497) Total Episode:    75 Steps:   15016 Episode Steps:   135 Return: -1.0000 Success:  0.30, D: 0.00 FPS: 1.84
14:17:15.564 [INFO] (off_policy_trainer_carla.py:497) Total Episode:    76 Steps:   15194 Episode Steps:   178 Return: -1.0000 Success:  0.30, D: 0.00 FPS: 1.83
14:19:04.051 [INFO] (off_policy_trainer_carla.py:497) Total Episode:    77 Steps:   15392 Episode Steps:   198 Return:  1.0000 Success:  0.35, D: 0.00 FPS: 1.83
14:20:36.985 [INFO] (off_policy_trainer_carla.py:497) Total Episode:    78 Steps:   15559 Episode Steps:   167 Return:  0.0000 Success:  0.35, D: 0.00 FPS: 1.80
14:22:42.365 [INFO] (off_policy_trainer_carla.py:497) Total Episode:    79 Steps:   15785 Episode Steps:   226 Return:  1.0000 Success:  0.40, D: 0.00 FPS: 1.80
14:23:38.762 [INFO] (off_policy_trainer_carla.py:497) Total Episode:    80 Steps:   15883 Episode Steps:    98 Return: -1.0000 Success:  0.35, D: 0.00 FPS: 1.74
14:24:46.253 [INFO] (off_policy_trainer_carla.py:497) Total Episode:    81 Steps:   16000 Episode Steps:   117 Return: -1.0000 Success:  0.35, D: 0.00 FPS: 1.73
14:26:39.561 [INFO] (off_policy_trainer_carla.py:497) Total Episode:    82 Steps:   16196 Episode Steps:   196 Return:  1.0000 Success:  0.35, D: 0.00 FPS: 1.73
14:28:22.411 [INFO] (off_policy_trainer_carla.py:497) Total Episode:    83 Steps:   16371 Episode Steps:   175 Return:  0.0000 Success:  0.35, D: 0.00 FPS: 1.70
14:31:19.049 [INFO] (off_policy_trainer_carla.py:497) Total Episode:    84 Steps:   16673 Episode Steps:   302 Return:  0.0000 Success:  0.35, D: 0.00 FPS: 1.71
14:32:41.126 [INFO] (off_policy_trainer_carla.py:497) Total Episode:    85 Steps:   16809 Episode Steps:   136 Return: -1.0000 Success:  0.35, D: 0.00 FPS: 1.66
14:33:41.309 [INFO] (off_policy_trainer_carla.py:497) Total Episode:    86 Steps:   16907 Episode Steps:    98 Return: -1.0000 Success:  0.35, D: 0.00 FPS: 1.63
14:35:38.998 [INFO] (off_policy_trainer_carla.py:497) Total Episode:    87 Steps:   17100 Episode Steps:   193 Return: -1.0000 Success:  0.35, D: 0.00 FPS: 1.64
14:38:00.976 [INFO] (off_policy_trainer_carla.py:497) Total Episode:    88 Steps:   17331 Episode Steps:   231 Return:  1.0000 Success:  0.40, D: 0.00 FPS: 1.63
14:40:35.563 [INFO] (off_policy_trainer_carla.py:497) Total Episode:    89 Steps:   17550 Episode Steps:   219 Return:  1.0000 Success:  0.40, D: 0.00 FPS: 1.42
14:43:00.546 [INFO] (off_policy_trainer_carla.py:497) Total Episode:    90 Steps:   17782 Episode Steps:   232 Return:  1.0000 Success:  0.40, D: 0.00 FPS: 1.60
14:45:21.961 [INFO] (off_policy_trainer_carla.py:497) Total Episode:    91 Steps:   18006 Episode Steps:   224 Return:  1.0000 Success:  0.45, D: 0.00 FPS: 1.58
14:48:31.671 [INFO] (off_policy_trainer_carla.py:497) Total Episode:    92 Steps:   18308 Episode Steps:   302 Return:  0.0000 Success:  0.40, D: 0.00 FPS: 1.59
14:49:55.974 [INFO] (off_policy_trainer_carla.py:497) Total Episode:    93 Steps:   18437 Episode Steps:   129 Return: -1.0000 Success:  0.35, D: 0.00 FPS: 1.53
14:53:10.027 [INFO] (off_policy_trainer_carla.py:497) Total Episode:    94 Steps:   18739 Episode Steps:   302 Return:  0.0000 Success:  0.35, D: 0.00 FPS: 1.56
14:55:29.562 [INFO] (off_policy_trainer_carla.py:497) Total Episode:    95 Steps:   18952 Episode Steps:   213 Return:  1.0000 Success:  0.40, D: 0.00 FPS: 1.53
14:57:59.437 [INFO] (off_policy_trainer_carla.py:497) Total Episode:    96 Steps:   19180 Episode Steps:   228 Return:  1.0000 Success:  0.45, D: 0.00 FPS: 1.52
15:01:18.901 [INFO] (off_policy_trainer_carla.py:497) Total Episode:    97 Steps:   19482 Episode Steps:   302 Return:  0.0000 Success:  0.40, D: 0.00 FPS: 1.51
15:03:50.884 [INFO] (off_policy_trainer_carla.py:497) Total Episode:    98 Steps:   19707 Episode Steps:   225 Return:  1.0000 Success:  0.45, D: 0.00 FPS: 1.48
15:05:09.018 [INFO] (off_policy_trainer_carla.py:497) Total Episode:    99 Steps:   19819 Episode Steps:   112 Return: -1.0000 Success:  0.40, D: 0.00 FPS: 1.43
15:06:42.931 [INFO] (off_policy_trainer_carla.py:497) Total Episode:   100 Steps:   19954 Episode Steps:   135 Return:  0.0000 Success:  0.40, D: 0.00 FPS: 1.44
15:07:44.932 [INFO] (off_policy_trainer_carla.py:497) Total Episode:   101 Steps:   20040 Episode Steps:    86 Return: -1.0000 Success:  0.40, D: 0.00 FPS: 1.39
15:10:12.538 [INFO] (off_policy_trainer_carla.py:497) Total Episode:   102 Steps:   20243 Episode Steps:   203 Return:  1.0000 Success:  0.40, D: 0.00 FPS: 1.38
15:11:48.665 [INFO] (off_policy_trainer_carla.py:497) Total Episode:   103 Steps:   20374 Episode Steps:   131 Return: -1.0000 Success:  0.40, D: 0.00 FPS: 1.36
15:13:29.006 [INFO] (off_policy_trainer_carla.py:497) Total Episode:   104 Steps:   20510 Episode Steps:   136 Return: -1.0000 Success:  0.40, D: 0.00 FPS: 1.36
15:15:14.226 [INFO] (off_policy_trainer_carla.py:497) Total Episode:   105 Steps:   20650 Episode Steps:   140 Return:  0.0000 Success:  0.40, D: 0.00 FPS: 1.33
15:16:47.099 [INFO] (off_policy_trainer_carla.py:497) Total Episode:   106 Steps:   20773 Episode Steps:   123 Return: -1.0000 Success:  0.40, D: 0.00 FPS: 1.32
15:19:05.527 [INFO] (off_policy_trainer_carla.py:497) Total Episode:   107 Steps:   20956 Episode Steps:   183 Return: -1.0000 Success:  0.40, D: 0.00 FPS: 1.32
15:20:56.361 [INFO] (off_policy_trainer_carla.py:497) Total Episode:   108 Steps:   21101 Episode Steps:   145 Return: -1.0000 Success:  0.35, D: 0.00 FPS: 1.31
15:22:56.502 [INFO] (off_policy_trainer_carla.py:497) Total Episode:   109 Steps:   21258 Episode Steps:   157 Return: -1.0000 Success:  0.30, D: 0.00 FPS: 1.31
15:24:47.755 [INFO] (off_policy_trainer_carla.py:497) Total Episode:   110 Steps:   21401 Episode Steps:   143 Return: -1.0000 Success:  0.25, D: 0.00 FPS: 1.29
15:27:30.955 [INFO] (off_policy_trainer_carla.py:497) Total Episode:   111 Steps:   21610 Episode Steps:   209 Return:  1.0000 Success:  0.25, D: 0.00 FPS: 1.28
15:29:27.176 [INFO] (off_policy_trainer_carla.py:497) Total Episode:   112 Steps:   21757 Episode Steps:   147 Return: -1.0000 Success:  0.25, D: 0.00 FPS: 1.26
15:32:19.119 [INFO] (off_policy_trainer_carla.py:497) Total Episode:   113 Steps:   21974 Episode Steps:   217 Return:  1.0000 Success:  0.30, D: 0.00 FPS: 1.26
15:35:22.354 [INFO] (off_policy_trainer_carla.py:497) Total Episode:   114 Steps:   22204 Episode Steps:   230 Return:  1.0000 Success:  0.35, D: 0.00 FPS: 1.26
15:37:48.175 [INFO] (off_policy_trainer_carla.py:497) Total Episode:   115 Steps:   22384 Episode Steps:   180 Return: -1.0000 Success:  0.30, D: 0.00 FPS: 1.23
15:41:05.766 [INFO] (off_policy_trainer_carla.py:497) Total Episode:   116 Steps:   22630 Episode Steps:   246 Return:  1.0000 Success:  0.30, D: 0.00 FPS: 1.25
15:43:59.091 [INFO] (off_policy_trainer_carla.py:497) Total Episode:   117 Steps:   22842 Episode Steps:   212 Return:  1.0000 Success:  0.35, D: 0.00 FPS: 1.22
15:47:19.673 [INFO] (off_policy_trainer_carla.py:497) Total Episode:   118 Steps:   23086 Episode Steps:   244 Return:  1.0000 Success:  0.35, D: 0.00 FPS: 1.22
15:51:27.992 [INFO] (off_policy_trainer_carla.py:497) Total Episode:   119 Steps:   23388 Episode Steps:   302 Return:  0.0000 Success:  0.35, D: 0.00 FPS: 1.22
15:53:44.885 [INFO] (off_policy_trainer_carla.py:497) Total Episode:   120 Steps:   23551 Episode Steps:   163 Return: -1.0000 Success:  0.35, D: 0.00 FPS: 1.19
15:56:43.638 [INFO] (off_policy_trainer_carla.py:497) Total Episode:   121 Steps:   23763 Episode Steps:   212 Return:  1.0000 Success:  0.40, D: 0.00 FPS: 1.19
15:58:09.313 [INFO] (off_policy_trainer_carla.py:497) Total Episode:   122 Steps:   23862 Episode Steps:    99 Return: -1.0000 Success:  0.35, D: 0.00 FPS: 1.16
15:59:41.679 [INFO] (off_policy_trainer_carla.py:497) Total Episode:   123 Steps:   23968 Episode Steps:   106 Return: -1.0000 Success:  0.35, D: 0.00 FPS: 1.15
16:02:09.961 [INFO] (off_policy_trainer_carla.py:497) Total Episode:   124 Steps:   24139 Episode Steps:   171 Return:  0.0000 Success:  0.35, D: 0.00 FPS: 1.15
16:06:29.484 [INFO] (off_policy_trainer_carla.py:497) Total Episode:   125 Steps:   24441 Episode Steps:   302 Return:  0.0000 Success:  0.35, D: 0.00 FPS: 1.16
16:09:27.784 [INFO] (off_policy_trainer_carla.py:497) Total Episode:   126 Steps:   24645 Episode Steps:   204 Return:  1.0000 Success:  0.40, D: 0.00 FPS: 1.14
16:12:35.831 [INFO] (off_policy_trainer_carla.py:497) Total Episode:   127 Steps:   24858 Episode Steps:   213 Return:  1.0000 Success:  0.45, D: 0.00 FPS: 1.13
16:14:19.462 [INFO] (off_policy_trainer_carla.py:497) Total Episode:   128 Steps:   24973 Episode Steps:   115 Return: -1.0000 Success:  0.45, D: 0.00 FPS: 1.11
16:17:26.253 [INFO] (off_policy_trainer_carla.py:497) Total Episode:   129 Steps:   25181 Episode Steps:   208 Return:  1.0000 Success:  0.50, D: 0.00 FPS: 1.11
16:19:33.784 [INFO] (off_policy_trainer_carla.py:497) Total Episode:   130 Steps:   25321 Episode Steps:   140 Return:  0.0000 Success:  0.50, D: 0.00 FPS: 1.10
16:21:11.216 [INFO] (off_policy_trainer_carla.py:497) Total Episode:   131 Steps:   25427 Episode Steps:   106 Return: -1.0000 Success:  0.45, D: 0.00 FPS: 1.09
16:24:14.850 [INFO] (off_policy_trainer_carla.py:497) Total Episode:   132 Steps:   25628 Episode Steps:   201 Return:  1.0000 Success:  0.50, D: 0.00 FPS: 1.09
16:25:48.248 [INFO] (off_policy_trainer_carla.py:497) Total Episode:   133 Steps:   25728 Episode Steps:   100 Return: -1.0000 Success:  0.45, D: 0.00 FPS: 1.07
16:28:01.219 [INFO] (off_policy_trainer_carla.py:497) Total Episode:   134 Steps:   25871 Episode Steps:   143 Return:  0.0000 Success:  0.40, D: 0.00 FPS: 1.08
16:31:00.481 [INFO] (off_policy_trainer_carla.py:497) Total Episode:   135 Steps:   26063 Episode Steps:   192 Return:  1.0000 Success:  0.45, D: 0.00 FPS: 1.07
16:33:24.970 [INFO] (off_policy_trainer_carla.py:497) Total Episode:   136 Steps:   26216 Episode Steps:   153 Return: -1.0000 Success:  0.40, D: 0.00 FPS: 1.06
16:35:17.245 [INFO] (off_policy_trainer_carla.py:497) Total Episode:   137 Steps:   26334 Episode Steps:   118 Return: -1.0000 Success:  0.35, D: 0.00 FPS: 1.05
16:37:12.572 [INFO] (off_policy_trainer_carla.py:497) Total Episode:   138 Steps:   26454 Episode Steps:   120 Return: -1.0000 Success:  0.30, D: 0.00 FPS: 1.04
16:41:58.986 [INFO] (off_policy_trainer_carla.py:497) Total Episode:   139 Steps:   26756 Episode Steps:   302 Return:  0.0000 Success:  0.30, D: 0.00 FPS: 1.05
16:45:36.425 [INFO] (off_policy_trainer_carla.py:497) Total Episode:   140 Steps:   26982 Episode Steps:   226 Return:  1.0000 Success:  0.35, D: 0.00 FPS: 1.04
16:49:07.140 [INFO] (off_policy_trainer_carla.py:497) Total Episode:   141 Steps:   27199 Episode Steps:   217 Return:  1.0000 Success:  0.35, D: 0.00 FPS: 1.03
16:52:22.975 [INFO] (off_policy_trainer_carla.py:497) Total Episode:   142 Steps:   27398 Episode Steps:   199 Return: -1.0000 Success:  0.35, D: 0.00 FPS: 1.02
16:56:10.556 [INFO] (off_policy_trainer_carla.py:497) Total Episode:   143 Steps:   27631 Episode Steps:   233 Return:  1.0000 Success:  0.40, D: 0.00 FPS: 1.02
16:59:24.997 [INFO] (off_policy_trainer_carla.py:497) Total Episode:   144 Steps:   27827 Episode Steps:   196 Return:  0.0000 Success:  0.40, D: 0.00 FPS: 1.01
17:02:23.383 [INFO] (off_policy_trainer_carla.py:497) Total Episode:   145 Steps:   28006 Episode Steps:   179 Return:  1.0000 Success:  0.45, D: 0.00 FPS: 1.00
17:04:24.321 [INFO] (off_policy_trainer_carla.py:497) Total Episode:   146 Steps:   28125 Episode Steps:   119 Return: -1.0000 Success:  0.40, D: 0.00 FPS: 0.98
17:09:25.619 [INFO] (off_policy_trainer_carla.py:497) Total Episode:   147 Steps:   28427 Episode Steps:   302 Return:  0.0000 Success:  0.35, D: 0.00 FPS: 1.00
17:13:03.770 [INFO] (off_policy_trainer_carla.py:497) Total Episode:   148 Steps:   28642 Episode Steps:   215 Return:  1.0000 Success:  0.40, D: 0.00 FPS: 0.99
17:15:18.600 [INFO] (off_policy_trainer_carla.py:497) Total Episode:   149 Steps:   28773 Episode Steps:   131 Return: -1.0000 Success:  0.35, D: 0.00 FPS: 0.97
17:18:43.052 [INFO] (off_policy_trainer_carla.py:497) Total Episode:   150 Steps:   28971 Episode Steps:   198 Return:  1.0000 Success:  0.40, D: 0.00 FPS: 0.97
17:23:54.541 [INFO] (off_policy_trainer_carla.py:497) Total Episode:   151 Steps:   29273 Episode Steps:   302 Return:  0.0000 Success:  0.40, D: 0.00 FPS: 0.97
17:27:56.443 [INFO] (off_policy_trainer_carla.py:497) Total Episode:   152 Steps:   29506 Episode Steps:   233 Return:  1.0000 Success:  0.40, D: 0.00 FPS: 0.96
17:29:40.152 [INFO] (off_policy_trainer_carla.py:497) Total Episode:   153 Steps:   29603 Episode Steps:    97 Return: -1.0000 Success:  0.40, D: 0.00 FPS: 0.94
17:34:57.968 [INFO] (off_policy_trainer_carla.py:497) Total Episode:   154 Steps:   29905 Episode Steps:   302 Return:  0.0000 Success:  0.40, D: 0.00 FPS: 0.95
17:38:17.902 [INFO] (off_policy_trainer_carla.py:497) Total Episode:   155 Steps:   30092 Episode Steps:   187 Return:  1.0000 Success:  0.40, D: 0.00 FPS: 0.94
17:41:52.733 [INFO] (off_policy_trainer_carla.py:497) Total Episode:   156 Steps:   30292 Episode Steps:   200 Return:  1.0000 Success:  0.45, D: 0.00 FPS: 0.93
17:44:06.236 [INFO] (off_policy_trainer_carla.py:497) Total Episode:   157 Steps:   30415 Episode Steps:   123 Return: -1.0000 Success:  0.45, D: 0.00 FPS: 0.92
17:47:43.868 [INFO] (off_policy_trainer_carla.py:497) Total Episode:   158 Steps:   30617 Episode Steps:   202 Return:  1.0000 Success:  0.50, D: 0.00 FPS: 0.93
17:50:18.649 [INFO] (off_policy_trainer_carla.py:497) Total Episode:   159 Steps:   30759 Episode Steps:   142 Return: -1.0000 Success:  0.50, D: 0.00 FPS: 0.92
17:52:22.714 [INFO] (off_policy_trainer_carla.py:497) Total Episode:   160 Steps:   30871 Episode Steps:   112 Return: -1.0000 Success:  0.45, D: 0.00 FPS: 0.90
17:54:52.992 [INFO] (off_policy_trainer_carla.py:497) Total Episode:   161 Steps:   30989 Episode Steps:   118 Return: -1.0000 Success:  0.40, D: 0.00 FPS: 0.79
17:57:28.538 [INFO] (off_policy_trainer_carla.py:497) Total Episode:   162 Steps:   31128 Episode Steps:   139 Return: -1.0000 Success:  0.40, D: 0.00 FPS: 0.89
18:00:43.582 [INFO] (off_policy_trainer_carla.py:497) Total Episode:   163 Steps:   31302 Episode Steps:   174 Return:  1.0000 Success:  0.40, D: 0.00 FPS: 0.89
18:05:03.930 [INFO] (off_policy_trainer_carla.py:497) Total Episode:   164 Steps:   31535 Episode Steps:   233 Return:  1.0000 Success:  0.45, D: 0.00 FPS: 0.89
18:10:39.699 [INFO] (off_policy_trainer_carla.py:497) Total Episode:   165 Steps:   31837 Episode Steps:   302 Return:  0.0000 Success:  0.40, D: 0.00 FPS: 0.90
18:15:00.698 [INFO] (off_policy_trainer_carla.py:497) Total Episode:   166 Steps:   32068 Episode Steps:   231 Return:  1.0000 Success:  0.45, D: 0.00 FPS: 0.89
18:17:12.657 [INFO] (off_policy_trainer_carla.py:497) Total Episode:   167 Steps:   32182 Episode Steps:   114 Return: -1.0000 Success:  0.45, D: 0.00 FPS: 0.86
18:20:21.437 [INFO] (off_policy_trainer_carla.py:497) Total Episode:   168 Steps:   32346 Episode Steps:   164 Return:  0.0000 Success:  0.40, D: 0.00 FPS: 0.87
18:24:32.621 [INFO] (off_policy_trainer_carla.py:497) Total Episode:   169 Steps:   32565 Episode Steps:   219 Return:  1.0000 Success:  0.45, D: 0.00 FPS: 0.87
18:26:58.243 [INFO] (off_policy_trainer_carla.py:497) Total Episode:   170 Steps:   32689 Episode Steps:   124 Return: -1.0000 Success:  0.40, D: 0.00 FPS: 0.85
18:31:27.584 [INFO] (off_policy_trainer_carla.py:497) Total Episode:   171 Steps:   32920 Episode Steps:   231 Return:  1.0000 Success:  0.45, D: 0.00 FPS: 0.86
18:37:21.958 [INFO] (off_policy_trainer_carla.py:497) Total Episode:   172 Steps:   33222 Episode Steps:   302 Return:  0.0000 Success:  0.40, D: 0.00 FPS: 0.85
18:41:22.186 [INFO] (off_policy_trainer_carla.py:497) Total Episode:   173 Steps:   33424 Episode Steps:   202 Return:  1.0000 Success:  0.45, D: 0.00 FPS: 0.84
18:43:45.680 [INFO] (off_policy_trainer_carla.py:497) Total Episode:   174 Steps:   33530 Episode Steps:   106 Return: -1.0000 Success:  0.45, D: 0.00 FPS: 0.74
18:47:52.966 [INFO] (off_policy_trainer_carla.py:497) Total Episode:   175 Steps:   33718 Episode Steps:   188 Return: -1.0000 Success:  0.40, D: 0.00 FPS: 0.76
