02:09:58.194 [INFO] (off_policy_trainer_carla.py:497) Total Episode:     1 Steps:     159 Episode Steps:   159 Return:  0.0000 Success:  0.00, D: 0.00 FPS:33.78
02:10:03.387 [INFO] (off_policy_trainer_carla.py:497) Total Episode:     2 Steps:     461 Episode Steps:   302 Return:  0.0000 Success:  0.00, D: 0.00 FPS:58.21
02:10:07.296 [INFO] (off_policy_trainer_carla.py:497) Total Episode:     3 Steps:     667 Episode Steps:   206 Return:  1.0000 Success:  0.05, D: 0.00 FPS:52.74
02:10:10.021 [INFO] (off_policy_trainer_carla.py:497) Total Episode:     4 Steps:     785 Episode Steps:   118 Return: -1.0000 Success:  0.05, D: 0.00 FPS:43.34
02:10:13.808 [INFO] (off_policy_trainer_carla.py:497) Total Episode:     5 Steps:     977 Episode Steps:   192 Return:  1.0000 Success:  0.10, D: 0.00 FPS:50.74
02:10:16.874 [INFO] (off_policy_trainer_carla.py:497) Total Episode:     6 Steps:    1120 Episode Steps:   143 Return:  0.0000 Success:  0.10, D: 0.00 FPS:46.68
02:10:21.909 [INFO] (off_policy_trainer_carla.py:497) Total Episode:     7 Steps:    1422 Episode Steps:   302 Return:  0.0000 Success:  0.10, D: 0.00 FPS:60.01
02:10:26.133 [INFO] (off_policy_trainer_carla.py:497) Total Episode:     8 Steps:    1645 Episode Steps:   223 Return:  1.0000 Success:  0.15, D: 0.00 FPS:52.82
02:10:29.907 [INFO] (off_policy_trainer_carla.py:497) Total Episode:     9 Steps:    1844 Episode Steps:   199 Return:  1.0000 Success:  0.20, D: 0.00 FPS:52.76
02:10:32.378 [INFO] (off_policy_trainer_carla.py:497) Total Episode:    10 Steps:    1941 Episode Steps:    97 Return: -1.0000 Success:  0.20, D: 0.00 FPS:39.31
02:10:36.556 [INFO] (off_policy_trainer_carla.py:497) Total Episode:    11 Steps:    2154 Episode Steps:   213 Return:  1.0000 Success:  0.25, D: 0.00 FPS:51.00
02:10:39.017 [INFO] (off_policy_trainer_carla.py:497) Total Episode:    12 Steps:    2250 Episode Steps:    96 Return: -1.0000 Success:  0.25, D: 0.00 FPS:39.04
02:10:42.815 [INFO] (off_policy_trainer_carla.py:497) Total Episode:    13 Steps:    2445 Episode Steps:   195 Return:  1.0000 Success:  0.30, D: 0.00 FPS:51.38
02:10:46.117 [INFO] (off_policy_trainer_carla.py:497) Total Episode:    14 Steps:    2602 Episode Steps:   157 Return:  0.0000 Success:  0.30, D: 0.00 FPS:47.58
02:10:51.137 [INFO] (off_policy_trainer_carla.py:497) Total Episode:    15 Steps:    2904 Episode Steps:   302 Return:  0.0000 Success:  0.30, D: 0.00 FPS:60.20
02:10:53.763 [INFO] (off_policy_trainer_carla.py:497) Total Episode:    16 Steps:    3012 Episode Steps:   108 Return: -1.0000 Success:  0.30, D: 0.00 FPS:41.17
02:10:56.740 [INFO] (off_policy_trainer_carla.py:497) Total Episode:    17 Steps:    3141 Episode Steps:   129 Return: -1.0000 Success:  0.30, D: 0.00 FPS:43.36
02:11:00.864 [INFO] (off_policy_trainer_carla.py:497) Total Episode:    18 Steps:    3364 Episode Steps:   223 Return:  1.0000 Success:  0.35, D: 0.00 FPS:54.11
02:11:04.882 [INFO] (off_policy_trainer_carla.py:497) Total Episode:    19 Steps:    3574 Episode Steps:   210 Return:  1.0000 Success:  0.40, D: 0.00 FPS:52.30
02:11:07.708 [INFO] (off_policy_trainer_carla.py:497) Total Episode:    20 Steps:    3688 Episode Steps:   114 Return: -1.0000 Success:  0.40, D: 0.00 FPS:40.39
02:11:12.829 [INFO] (off_policy_trainer_carla.py:497) Total Episode:    21 Steps:    3990 Episode Steps:   302 Return:  0.0000 Success:  0.40, D: 0.00 FPS:59.00
02:11:17.877 [INFO] (off_policy_trainer_carla.py:497) Total Episode:    22 Steps:    4292 Episode Steps:   302 Return:  0.0000 Success:  0.40, D: 0.00 FPS:59.85
02:11:20.907 [INFO] (off_policy_trainer_carla.py:497) Total Episode:    23 Steps:    4433 Episode Steps:   141 Return: -1.0000 Success:  0.35, D: 0.00 FPS:46.55
02:11:25.457 [INFO] (off_policy_trainer_carla.py:497) Total Episode:    24 Steps:    4688 Episode Steps:   255 Return:  1.0000 Success:  0.40, D: 0.00 FPS:56.08
02:11:28.118 [INFO] (off_policy_trainer_carla.py:497) Total Episode:    25 Steps:    4804 Episode Steps:   116 Return: -1.0000 Success:  0.35, D: 0.00 FPS:43.62
02:11:31.724 [INFO] (off_policy_trainer_carla.py:497) Total Episode:    26 Steps:    4995 Episode Steps:   191 Return:  1.0000 Success:  0.40, D: 0.00 FPS:53.01
02:13:00.600 [INFO] (off_policy_trainer_carla.py:497) Total Episode:    27 Steps:    5216 Episode Steps:   221 Return:  1.0000 Success:  0.45, D: 0.00 FPS: 2.49
02:13:27.786 [INFO] (off_policy_trainer_carla.py:497) Total Episode:    28 Steps:    5412 Episode Steps:   196 Return:  1.0000 Success:  0.45, D: 0.00 FPS: 7.21
02:13:54.141 [INFO] (off_policy_trainer_carla.py:497) Total Episode:    29 Steps:    5603 Episode Steps:   191 Return:  1.0000 Success:  0.45, D: 0.00 FPS: 7.25
02:14:22.429 [INFO] (off_policy_trainer_carla.py:497) Total Episode:    30 Steps:    5811 Episode Steps:   208 Return:  1.0000 Success:  0.50, D: 0.00 FPS: 7.35
02:14:55.926 [INFO] (off_policy_trainer_carla.py:497) Total Episode:    31 Steps:    6058 Episode Steps:   247 Return:  1.0000 Success:  0.50, D: 0.00 FPS: 7.37
02:15:09.996 [INFO] (off_policy_trainer_carla.py:497) Total Episode:    32 Steps:    6157 Episode Steps:    99 Return: -1.0000 Success:  0.50, D: 0.00 FPS: 7.04
02:15:36.612 [INFO] (off_policy_trainer_carla.py:497) Total Episode:    33 Steps:    6351 Episode Steps:   194 Return: -1.0000 Success:  0.45, D: 0.00 FPS: 7.29
02:16:16.960 [INFO] (off_policy_trainer_carla.py:497) Total Episode:    34 Steps:    6653 Episode Steps:   302 Return:  0.0000 Success:  0.45, D: 0.00 FPS: 7.49
02:16:37.933 [INFO] (off_policy_trainer_carla.py:497) Total Episode:    35 Steps:    6804 Episode Steps:   151 Return: -1.0000 Success:  0.45, D: 0.00 FPS: 7.20
02:17:03.688 [INFO] (off_policy_trainer_carla.py:497) Total Episode:    36 Steps:    6993 Episode Steps:   189 Return:  1.0000 Success:  0.50, D: 0.00 FPS: 7.34
02:17:36.882 [INFO] (off_policy_trainer_carla.py:497) Total Episode:    37 Steps:    7239 Episode Steps:   246 Return:  1.0000 Success:  0.55, D: 0.00 FPS: 7.41
02:18:05.865 [INFO] (off_policy_trainer_carla.py:497) Total Episode:    38 Steps:    7453 Episode Steps:   214 Return:  1.0000 Success:  0.55, D: 0.00 FPS: 7.38
02:18:34.047 [INFO] (off_policy_trainer_carla.py:497) Total Episode:    39 Steps:    7660 Episode Steps:   207 Return:  1.0000 Success:  0.55, D: 0.00 FPS: 7.35
02:18:50.189 [INFO] (off_policy_trainer_carla.py:497) Total Episode:    40 Steps:    7775 Episode Steps:   115 Return: -1.0000 Success:  0.55, D: 0.00 FPS: 7.13
02:19:18.157 [INFO] (off_policy_trainer_carla.py:497) Total Episode:    41 Steps:    7982 Episode Steps:   207 Return:  1.0000 Success:  0.60, D: 0.00 FPS: 7.40
02:19:36.840 [INFO] (off_policy_trainer_carla.py:497) Total Episode:    42 Steps:    8117 Episode Steps:   135 Return: -1.0000 Success:  0.60, D: 0.00 FPS: 7.23
02:19:55.694 [INFO] (off_policy_trainer_carla.py:497) Total Episode:    43 Steps:    8253 Episode Steps:   136 Return: -1.0000 Success:  0.60, D: 0.00 FPS: 7.21
02:20:20.138 [INFO] (off_policy_trainer_carla.py:497) Total Episode:    44 Steps:    8431 Episode Steps:   178 Return:  1.0000 Success:  0.60, D: 0.00 FPS: 7.28
02:20:44.831 [INFO] (off_policy_trainer_carla.py:497) Total Episode:    45 Steps:    8610 Episode Steps:   179 Return:  1.0000 Success:  0.65, D: 0.00 FPS: 7.25
02:21:12.692 [INFO] (off_policy_trainer_carla.py:497) Total Episode:    46 Steps:    8813 Episode Steps:   203 Return:  0.0000 Success:  0.60, D: 0.00 FPS: 7.29
02:21:44.302 [INFO] (off_policy_trainer_carla.py:497) Total Episode:    47 Steps:    9045 Episode Steps:   232 Return:  1.0000 Success:  0.60, D: 0.00 FPS: 7.34
02:22:15.911 [INFO] (off_policy_trainer_carla.py:497) Total Episode:    48 Steps:    9279 Episode Steps:   234 Return:  1.0000 Success:  0.60, D: 0.00 FPS: 7.40
02:22:42.369 [INFO] (off_policy_trainer_carla.py:497) Total Episode:    49 Steps:    9473 Episode Steps:   194 Return:  1.0000 Success:  0.60, D: 0.00 FPS: 7.33
02:23:06.956 [INFO] (off_policy_trainer_carla.py:497) Total Episode:    50 Steps:    9654 Episode Steps:   181 Return:  1.0000 Success:  0.60, D: 0.00 FPS: 7.36
02:23:20.391 [INFO] (off_policy_trainer_carla.py:497) Total Episode:    51 Steps:    9748 Episode Steps:    94 Return: -1.0000 Success:  0.55, D: 0.00 FPS: 7.00
02:24:00.912 [INFO] (off_policy_trainer_carla.py:497) Total Episode:    52 Steps:   10050 Episode Steps:   302 Return:  0.0000 Success:  0.55, D: 0.00 FPS: 7.45
02:24:19.636 [INFO] (off_policy_trainer_carla.py:497) Total Episode:    53 Steps:   10185 Episode Steps:   135 Return: -1.0000 Success:  0.55, D: 0.00 FPS: 7.21
02:24:47.730 [INFO] (off_policy_trainer_carla.py:497) Total Episode:    54 Steps:   10392 Episode Steps:   207 Return:  1.0000 Success:  0.60, D: 0.00 FPS: 7.37
02:25:16.686 [INFO] (off_policy_trainer_carla.py:497) Total Episode:    55 Steps:   10603 Episode Steps:   211 Return:  1.0000 Success:  0.65, D: 0.00 FPS: 7.29
02:25:35.892 [INFO] (off_policy_trainer_carla.py:497) Total Episode:    56 Steps:   10740 Episode Steps:   137 Return: -1.0000 Success:  0.60, D: 0.00 FPS: 7.13
02:25:49.162 [INFO] (off_policy_trainer_carla.py:497) Total Episode:    57 Steps:   10833 Episode Steps:    93 Return: -1.0000 Success:  0.55, D: 0.00 FPS: 7.01
02:26:13.801 [INFO] (off_policy_trainer_carla.py:497) Total Episode:    58 Steps:   11013 Episode Steps:   180 Return: -1.0000 Success:  0.50, D: 0.00 FPS: 7.31
02:26:32.160 [INFO] (off_policy_trainer_carla.py:497) Total Episode:    59 Steps:   11145 Episode Steps:   132 Return: -1.0000 Success:  0.45, D: 0.00 FPS: 7.19
02:26:51.137 [INFO] (off_policy_trainer_carla.py:497) Total Episode:    60 Steps:   11282 Episode Steps:   137 Return: -1.0000 Success:  0.45, D: 0.00 FPS: 7.22
02:27:10.282 [INFO] (off_policy_trainer_carla.py:497) Total Episode:    61 Steps:   11421 Episode Steps:   139 Return: -1.0000 Success:  0.40, D: 0.00 FPS: 7.26
02:27:28.891 [INFO] (off_policy_trainer_carla.py:497) Total Episode:    62 Steps:   11556 Episode Steps:   135 Return: -1.0000 Success:  0.40, D: 0.00 FPS: 7.26
02:27:55.209 [INFO] (off_policy_trainer_carla.py:497) Total Episode:    63 Steps:   11750 Episode Steps:   194 Return:  1.0000 Success:  0.45, D: 0.00 FPS: 7.37
02:28:10.634 [INFO] (off_policy_trainer_carla.py:497) Total Episode:    64 Steps:   11860 Episode Steps:   110 Return: -1.0000 Success:  0.40, D: 0.00 FPS: 7.13
02:28:29.527 [INFO] (off_policy_trainer_carla.py:497) Total Episode:    65 Steps:   11997 Episode Steps:   137 Return: -1.0000 Success:  0.35, D: 0.00 FPS: 7.25
02:28:57.419 [INFO] (off_policy_trainer_carla.py:497) Total Episode:    66 Steps:   12202 Episode Steps:   205 Return:  0.0000 Success:  0.35, D: 0.00 FPS: 7.35
02:29:14.542 [INFO] (off_policy_trainer_carla.py:497) Total Episode:    67 Steps:   12325 Episode Steps:   123 Return: -1.0000 Success:  0.30, D: 0.00 FPS: 7.18
02:29:32.920 [INFO] (off_policy_trainer_carla.py:497) Total Episode:    68 Steps:   12458 Episode Steps:   133 Return: -1.0000 Success:  0.25, D: 0.00 FPS: 7.24
02:30:12.909 [INFO] (off_policy_trainer_carla.py:497) Total Episode:    69 Steps:   12760 Episode Steps:   302 Return:  0.0000 Success:  0.20, D: 0.00 FPS: 7.55
02:30:40.867 [INFO] (off_policy_trainer_carla.py:497) Total Episode:    70 Steps:   12964 Episode Steps:   204 Return:  1.0000 Success:  0.20, D: 0.00 FPS: 7.30
02:30:57.935 [INFO] (off_policy_trainer_carla.py:497) Total Episode:    71 Steps:   13087 Episode Steps:   123 Return: -1.0000 Success:  0.20, D: 0.00 FPS: 7.21
02:31:21.471 [INFO] (off_policy_trainer_carla.py:497) Total Episode:    72 Steps:   13259 Episode Steps:   172 Return:  0.0000 Success:  0.20, D: 0.00 FPS: 7.31
02:31:38.044 [INFO] (off_policy_trainer_carla.py:497) Total Episode:    73 Steps:   13377 Episode Steps:   118 Return: -1.0000 Success:  0.20, D: 0.00 FPS: 7.12
02:32:10.043 [INFO] (off_policy_trainer_carla.py:497) Total Episode:    74 Steps:   13616 Episode Steps:   239 Return:  1.0000 Success:  0.20, D: 0.00 FPS: 7.47
02:32:30.657 [INFO] (off_policy_trainer_carla.py:497) Total Episode:    75 Steps:   13765 Episode Steps:   149 Return:  0.0000 Success:  0.15, D: 0.00 FPS: 7.23
02:32:44.565 [INFO] (off_policy_trainer_carla.py:497) Total Episode:    76 Steps:   13863 Episode Steps:    98 Return: -1.0000 Success:  0.15, D: 0.00 FPS: 7.05
02:33:03.377 [INFO] (off_policy_trainer_carla.py:497) Total Episode:    77 Steps:   13999 Episode Steps:   136 Return: -1.0000 Success:  0.15, D: 0.00 FPS: 7.23
02:33:29.163 [INFO] (off_policy_trainer_carla.py:497) Total Episode:    78 Steps:   14189 Episode Steps:   190 Return:  1.0000 Success:  0.20, D: 0.00 FPS: 7.37
02:33:53.424 [INFO] (off_policy_trainer_carla.py:497) Total Episode:    79 Steps:   14366 Episode Steps:   177 Return: -1.0000 Success:  0.20, D: 0.00 FPS: 7.30
02:34:20.438 [INFO] (off_policy_trainer_carla.py:497) Total Episode:    80 Steps:   14565 Episode Steps:   199 Return:  0.0000 Success:  0.20, D: 0.00 FPS: 7.37
02:34:45.425 [INFO] (off_policy_trainer_carla.py:497) Total Episode:    81 Steps:   14749 Episode Steps:   184 Return:  1.0000 Success:  0.25, D: 0.00 FPS: 7.36
02:35:25.863 [INFO] (off_policy_trainer_carla.py:497) Total Episode:    82 Steps:   15051 Episode Steps:   302 Return:  0.0000 Success:  0.25, D: 0.00 FPS: 7.47
02:35:51.773 [INFO] (off_policy_trainer_carla.py:497) Total Episode:    83 Steps:   15240 Episode Steps:   189 Return:  1.0000 Success:  0.25, D: 0.00 FPS: 7.29
02:36:07.626 [INFO] (off_policy_trainer_carla.py:497) Total Episode:    84 Steps:   15353 Episode Steps:   113 Return: -1.0000 Success:  0.25, D: 0.00 FPS: 7.13
02:36:31.718 [INFO] (off_policy_trainer_carla.py:497) Total Episode:    85 Steps:   15529 Episode Steps:   176 Return: -1.0000 Success:  0.25, D: 0.00 FPS: 7.31
02:37:04.816 [INFO] (off_policy_trainer_carla.py:497) Total Episode:    86 Steps:   15773 Episode Steps:   244 Return:  0.0000 Success:  0.25, D: 0.00 FPS: 7.37
02:37:30.250 [INFO] (off_policy_trainer_carla.py:497) Total Episode:    87 Steps:   15959 Episode Steps:   186 Return:  1.0000 Success:  0.30, D: 0.00 FPS: 7.31
02:37:47.113 [INFO] (off_policy_trainer_carla.py:497) Total Episode:    88 Steps:   16080 Episode Steps:   121 Return: -1.0000 Success:  0.30, D: 0.00 FPS: 7.18
02:38:04.304 [INFO] (off_policy_trainer_carla.py:497) Total Episode:    89 Steps:   16203 Episode Steps:   123 Return: -1.0000 Success:  0.30, D: 0.00 FPS: 7.16
02:38:20.118 [INFO] (off_policy_trainer_carla.py:497) Total Episode:    90 Steps:   16316 Episode Steps:   113 Return: -1.0000 Success:  0.25, D: 0.00 FPS: 7.15
02:38:45.216 [INFO] (off_policy_trainer_carla.py:497) Total Episode:    91 Steps:   16502 Episode Steps:   186 Return:  1.0000 Success:  0.30, D: 0.00 FPS: 7.41
02:39:25.351 [INFO] (off_policy_trainer_carla.py:497) Total Episode:    92 Steps:   16804 Episode Steps:   302 Return:  0.0000 Success:  0.30, D: 0.00 FPS: 7.53
02:39:53.311 [INFO] (off_policy_trainer_carla.py:497) Total Episode:    93 Steps:   17011 Episode Steps:   207 Return:  1.0000 Success:  0.35, D: 0.00 FPS: 7.40
02:40:11.707 [INFO] (off_policy_trainer_carla.py:497) Total Episode:    94 Steps:   17144 Episode Steps:   133 Return: -1.0000 Success:  0.30, D: 0.00 FPS: 7.23
02:40:31.731 [INFO] (off_policy_trainer_carla.py:497) Total Episode:    95 Steps:   17289 Episode Steps:   145 Return: -1.0000 Success:  0.30, D: 0.00 FPS: 7.24
02:40:56.004 [INFO] (off_policy_trainer_carla.py:497) Total Episode:    96 Steps:   17465 Episode Steps:   176 Return: -1.0000 Success:  0.30, D: 0.00 FPS: 7.25
02:41:23.088 [INFO] (off_policy_trainer_carla.py:497) Total Episode:    97 Steps:   17665 Episode Steps:   200 Return:  1.0000 Success:  0.35, D: 0.00 FPS: 7.39
02:41:50.428 [INFO] (off_policy_trainer_carla.py:497) Total Episode:    98 Steps:   17866 Episode Steps:   201 Return:  1.0000 Success:  0.35, D: 0.00 FPS: 7.35
02:42:13.160 [INFO] (off_policy_trainer_carla.py:497) Total Episode:    99 Steps:   18032 Episode Steps:   166 Return: -1.0000 Success:  0.35, D: 0.00 FPS: 7.30
02:42:39.452 [INFO] (off_policy_trainer_carla.py:497) Total Episode:   100 Steps:   18226 Episode Steps:   194 Return: -1.0000 Success:  0.35, D: 0.00 FPS: 7.38
02:43:08.669 [INFO] (off_policy_trainer_carla.py:497) Total Episode:   101 Steps:   18442 Episode Steps:   216 Return:  1.0000 Success:  0.35, D: 0.00 FPS: 7.39
02:43:27.824 [INFO] (off_policy_trainer_carla.py:497) Total Episode:   102 Steps:   18581 Episode Steps:   139 Return: -1.0000 Success:  0.35, D: 0.00 FPS: 7.26
02:43:54.535 [INFO] (off_policy_trainer_carla.py:497) Total Episode:   103 Steps:   18778 Episode Steps:   197 Return:  1.0000 Success:  0.35, D: 0.00 FPS: 7.38
02:44:34.942 [INFO] (off_policy_trainer_carla.py:497) Total Episode:   104 Steps:   19080 Episode Steps:   302 Return:  0.0000 Success:  0.35, D: 0.00 FPS: 7.47
02:44:53.430 [INFO] (off_policy_trainer_carla.py:497) Total Episode:   105 Steps:   19209 Episode Steps:   129 Return: -1.0000 Success:  0.35, D: 0.00 FPS: 6.98
02:45:10.980 [INFO] (off_policy_trainer_carla.py:497) Total Episode:   106 Steps:   19334 Episode Steps:   125 Return: -1.0000 Success:  0.35, D: 0.00 FPS: 7.12
02:45:31.983 [INFO] (off_policy_trainer_carla.py:497) Total Episode:   107 Steps:   19487 Episode Steps:   153 Return: -1.0000 Success:  0.30, D: 0.00 FPS: 7.29
02:45:59.694 [INFO] (off_policy_trainer_carla.py:497) Total Episode:   108 Steps:   19690 Episode Steps:   203 Return:  1.0000 Success:  0.35, D: 0.00 FPS: 7.33
02:46:23.220 [INFO] (off_policy_trainer_carla.py:497) Total Episode:   109 Steps:   19861 Episode Steps:   171 Return: -1.0000 Success:  0.35, D: 0.00 FPS: 7.27
02:46:40.583 [INFO] (off_policy_trainer_carla.py:497) Total Episode:   110 Steps:   19983 Episode Steps:   122 Return: -1.0000 Success:  0.35, D: 0.00 FPS: 7.03
02:47:07.818 [INFO] (off_policy_trainer_carla.py:497) Total Episode:   111 Steps:   20182 Episode Steps:   199 Return:  1.0000 Success:  0.35, D: 0.00 FPS: 7.31
02:47:48.210 [INFO] (off_policy_trainer_carla.py:497) Total Episode:   112 Steps:   20484 Episode Steps:   302 Return:  0.0000 Success:  0.35, D: 0.00 FPS: 7.48
02:48:15.676 [INFO] (off_policy_trainer_carla.py:497) Total Episode:   113 Steps:   20685 Episode Steps:   201 Return:  1.0000 Success:  0.35, D: 0.00 FPS: 7.32
02:48:44.499 [INFO] (off_policy_trainer_carla.py:497) Total Episode:   114 Steps:   20898 Episode Steps:   213 Return:  1.0000 Success:  0.40, D: 0.00 FPS: 7.39
02:49:14.108 [INFO] (off_policy_trainer_carla.py:497) Total Episode:   115 Steps:   21117 Episode Steps:   219 Return:  1.0000 Success:  0.45, D: 0.00 FPS: 7.40
02:49:43.267 [INFO] (off_policy_trainer_carla.py:497) Total Episode:   116 Steps:   21332 Episode Steps:   215 Return:  1.0000 Success:  0.50, D: 0.00 FPS: 7.37
02:50:13.342 [INFO] (off_policy_trainer_carla.py:497) Total Episode:   117 Steps:   21553 Episode Steps:   221 Return:  1.0000 Success:  0.50, D: 0.00 FPS: 7.35
02:50:43.626 [INFO] (off_policy_trainer_carla.py:497) Total Episode:   118 Steps:   21776 Episode Steps:   223 Return:  1.0000 Success:  0.50, D: 0.00 FPS: 7.36
02:51:23.827 [INFO] (off_policy_trainer_carla.py:497) Total Episode:   119 Steps:   22078 Episode Steps:   302 Return:  0.0000 Success:  0.50, D: 0.00 FPS: 7.51
02:51:42.455 [INFO] (off_policy_trainer_carla.py:497) Total Episode:   120 Steps:   22210 Episode Steps:   132 Return: -1.0000 Success:  0.50, D: 0.00 FPS: 7.09
02:52:03.022 [INFO] (off_policy_trainer_carla.py:497) Total Episode:   121 Steps:   22359 Episode Steps:   149 Return:  0.0000 Success:  0.45, D: 0.00 FPS: 7.25
02:52:33.842 [INFO] (off_policy_trainer_carla.py:497) Total Episode:   122 Steps:   22587 Episode Steps:   228 Return:  1.0000 Success:  0.50, D: 0.00 FPS: 7.40
02:52:52.996 [INFO] (off_policy_trainer_carla.py:497) Total Episode:   123 Steps:   22725 Episode Steps:   138 Return: -1.0000 Success:  0.45, D: 0.00 FPS: 7.21
02:53:10.546 [INFO] (off_policy_trainer_carla.py:497) Total Episode:   124 Steps:   22850 Episode Steps:   125 Return: -1.0000 Success:  0.45, D: 0.00 FPS: 7.12
02:53:34.319 [INFO] (off_policy_trainer_carla.py:497) Total Episode:   125 Steps:   23023 Episode Steps:   173 Return:  0.0000 Success:  0.45, D: 0.00 FPS: 7.28
02:54:14.742 [INFO] (off_policy_trainer_carla.py:497) Total Episode:   126 Steps:   23325 Episode Steps:   302 Return:  0.0000 Success:  0.45, D: 0.00 FPS: 7.47
02:54:32.597 [INFO] (off_policy_trainer_carla.py:497) Total Episode:   127 Steps:   23452 Episode Steps:   127 Return: -1.0000 Success:  0.45, D: 0.00 FPS: 7.11
02:55:13.370 [INFO] (off_policy_trainer_carla.py:497) Total Episode:   128 Steps:   23754 Episode Steps:   302 Return:  0.0000 Success:  0.40, D: 0.00 FPS: 7.41
02:55:41.989 [INFO] (off_policy_trainer_carla.py:497) Total Episode:   129 Steps:   23962 Episode Steps:   208 Return:  1.0000 Success:  0.45, D: 0.00 FPS: 7.27
02:56:00.689 [INFO] (off_policy_trainer_carla.py:497) Total Episode:   130 Steps:   24098 Episode Steps:   136 Return:  0.0000 Success:  0.45, D: 0.00 FPS: 7.27
02:56:24.787 [INFO] (off_policy_trainer_carla.py:497) Total Episode:   131 Steps:   24275 Episode Steps:   177 Return:  1.0000 Success:  0.45, D: 0.00 FPS: 7.35
02:56:43.008 [INFO] (off_policy_trainer_carla.py:497) Total Episode:   132 Steps:   24405 Episode Steps:   130 Return: -1.0000 Success:  0.45, D: 0.00 FPS: 7.14
02:57:10.745 [INFO] (off_policy_trainer_carla.py:497) Total Episode:   133 Steps:   24610 Episode Steps:   205 Return:  1.0000 Success:  0.45, D: 0.00 FPS: 7.39
02:57:43.885 [INFO] (off_policy_trainer_carla.py:497) Total Episode:   134 Steps:   24856 Episode Steps:   246 Return:  1.0000 Success:  0.45, D: 0.00 FPS: 7.42
02:58:03.955 [INFO] (off_policy_trainer_carla.py:497) Total Episode:   135 Steps:   25002 Episode Steps:   146 Return: -1.0000 Success:  0.40, D: 0.00 FPS: 7.28
02:58:44.189 [INFO] (off_policy_trainer_carla.py:497) Total Episode:   136 Steps:   25304 Episode Steps:   302 Return:  0.0000 Success:  0.35, D: 0.00 FPS: 7.51
02:59:24.531 [INFO] (off_policy_trainer_carla.py:497) Total Episode:   137 Steps:   25606 Episode Steps:   302 Return:  0.0000 Success:  0.30, D: 0.00 FPS: 7.49
02:59:43.151 [INFO] (off_policy_trainer_carla.py:497) Total Episode:   138 Steps:   25740 Episode Steps:   134 Return:  0.0000 Success:  0.25, D: 0.00 FPS: 7.20
03:00:13.133 [INFO] (off_policy_trainer_carla.py:497) Total Episode:   139 Steps:   25962 Episode Steps:   222 Return:  1.0000 Success:  0.30, D: 0.00 FPS: 7.41
03:00:41.848 [INFO] (off_policy_trainer_carla.py:497) Total Episode:   140 Steps:   26172 Episode Steps:   210 Return:  1.0000 Success:  0.35, D: 0.00 FPS: 7.31
03:01:09.187 [INFO] (off_policy_trainer_carla.py:497) Total Episode:   141 Steps:   26373 Episode Steps:   201 Return:  1.0000 Success:  0.40, D: 0.00 FPS: 7.35
03:01:36.074 [INFO] (off_policy_trainer_carla.py:497) Total Episode:   142 Steps:   26567 Episode Steps:   194 Return:  1.0000 Success:  0.40, D: 0.00 FPS: 7.22
03:02:36.361 [INFO] (off_policy_trainer_carla.py:497) Total Episode:   143 Steps:   26869 Episode Steps:   302 Return:  0.0000 Success:  0.40, D: 0.00 FPS: 5.01
03:02:59.975 [INFO] (off_policy_trainer_carla.py:497) Total Episode:   144 Steps:   27042 Episode Steps:   173 Return:  1.0000 Success:  0.45, D: 0.00 FPS: 7.33
03:03:25.600 [INFO] (off_policy_trainer_carla.py:497) Total Episode:   145 Steps:   27230 Episode Steps:   188 Return:  1.0000 Success:  0.50, D: 0.00 FPS: 7.34
03:04:05.742 [INFO] (off_policy_trainer_carla.py:497) Total Episode:   146 Steps:   27532 Episode Steps:   302 Return:  0.0000 Success:  0.50, D: 0.00 FPS: 7.52
03:04:23.345 [INFO] (off_policy_trainer_carla.py:497) Total Episode:   147 Steps:   27659 Episode Steps:   127 Return: -1.0000 Success:  0.50, D: 0.00 FPS: 7.22
03:05:10.513 [INFO] (off_policy_trainer_carla.py:497) Total Episode:   148 Steps:   27860 Episode Steps:   201 Return:  1.0000 Success:  0.55, D: 0.00 FPS: 4.26
03:05:39.691 [INFO] (off_policy_trainer_carla.py:497) Total Episode:   149 Steps:   28074 Episode Steps:   214 Return:  1.0000 Success:  0.55, D: 0.00 FPS: 7.34
03:05:59.205 [INFO] (off_policy_trainer_carla.py:497) Total Episode:   150 Steps:   28215 Episode Steps:   141 Return: -1.0000 Success:  0.55, D: 0.00 FPS: 7.23
03:06:29.734 [INFO] (off_policy_trainer_carla.py:497) Total Episode:   151 Steps:   28440 Episode Steps:   225 Return:  1.0000 Success:  0.55, D: 0.00 FPS: 7.37
03:06:46.151 [INFO] (off_policy_trainer_carla.py:497) Total Episode:   152 Steps:   28555 Episode Steps:   115 Return: -1.0000 Success:  0.55, D: 0.00 FPS: 7.01
03:07:03.003 [INFO] (off_policy_trainer_carla.py:497) Total Episode:   153 Steps:   28676 Episode Steps:   121 Return: -1.0000 Success:  0.50, D: 0.00 FPS: 7.18
03:07:31.371 [INFO] (off_policy_trainer_carla.py:497) Total Episode:   154 Steps:   28881 Episode Steps:   205 Return:  1.0000 Success:  0.50, D: 0.00 FPS: 7.23
03:07:50.818 [INFO] (off_policy_trainer_carla.py:497) Total Episode:   155 Steps:   29022 Episode Steps:   141 Return: -1.0000 Success:  0.50, D: 0.00 FPS: 7.25
03:08:07.748 [INFO] (off_policy_trainer_carla.py:497) Total Episode:   156 Steps:   29143 Episode Steps:   121 Return: -1.0000 Success:  0.50, D: 0.00 FPS: 7.15
03:08:38.155 [INFO] (off_policy_trainer_carla.py:497) Total Episode:   157 Steps:   29368 Episode Steps:   225 Return:  1.0000 Success:  0.55, D: 0.00 FPS: 7.40
03:09:03.113 [INFO] (off_policy_trainer_carla.py:497) Total Episode:   158 Steps:   29551 Episode Steps:   183 Return:  1.0000 Success:  0.60, D: 0.00 FPS: 7.33
03:09:24.532 [INFO] (off_policy_trainer_carla.py:497) Total Episode:   159 Steps:   29706 Episode Steps:   155 Return: -1.0000 Success:  0.55, D: 0.00 FPS: 7.24
03:09:46.255 [INFO] (off_policy_trainer_carla.py:497) Total Episode:   160 Steps:   29864 Episode Steps:   158 Return:  0.0000 Success:  0.50, D: 0.00 FPS: 7.27
03:10:03.151 [INFO] (off_policy_trainer_carla.py:497) Total Episode:   161 Steps:   29985 Episode Steps:   121 Return: -1.0000 Success:  0.45, D: 0.00 FPS: 7.16
03:10:25.013 [INFO] (off_policy_trainer_carla.py:497) Total Episode:   162 Steps:   30144 Episode Steps:   159 Return:  0.0000 Success:  0.40, D: 0.00 FPS: 7.27
03:10:53.959 [INFO] (off_policy_trainer_carla.py:497) Total Episode:   163 Steps:   30355 Episode Steps:   211 Return:  1.0000 Success:  0.45, D: 0.00 FPS: 7.29
03:11:11.649 [INFO] (off_policy_trainer_carla.py:497) Total Episode:   164 Steps:   30482 Episode Steps:   127 Return: -1.0000 Success:  0.40, D: 0.00 FPS: 7.18
03:11:28.283 [INFO] (off_policy_trainer_carla.py:497) Total Episode:   165 Steps:   30600 Episode Steps:   118 Return: -1.0000 Success:  0.35, D: 0.00 FPS: 7.09
03:11:53.246 [INFO] (off_policy_trainer_carla.py:497) Total Episode:   166 Steps:   30781 Episode Steps:   181 Return:  0.0000 Success:  0.35, D: 0.00 FPS: 7.25
03:12:08.615 [INFO] (off_policy_trainer_carla.py:497) Total Episode:   167 Steps:   30890 Episode Steps:   109 Return: -1.0000 Success:  0.35, D: 0.00 FPS: 7.09
03:12:37.855 [INFO] (off_policy_trainer_carla.py:497) Total Episode:   168 Steps:   31105 Episode Steps:   215 Return:  1.0000 Success:  0.35, D: 0.00 FPS: 7.35
03:13:02.417 [INFO] (off_policy_trainer_carla.py:497) Total Episode:   169 Steps:   31285 Episode Steps:   180 Return:  1.0000 Success:  0.35, D: 0.00 FPS: 7.33
03:13:33.274 [INFO] (off_policy_trainer_carla.py:497) Total Episode:   170 Steps:   31515 Episode Steps:   230 Return:  1.0000 Success:  0.40, D: 0.00 FPS: 7.45
03:13:52.064 [INFO] (off_policy_trainer_carla.py:497) Total Episode:   171 Steps:   31651 Episode Steps:   136 Return: -1.0000 Success:  0.35, D: 0.00 FPS: 7.24
03:14:17.627 [INFO] (off_policy_trainer_carla.py:497) Total Episode:   172 Steps:   31838 Episode Steps:   187 Return:  0.0000 Success:  0.35, D: 0.00 FPS: 7.32
03:14:45.544 [INFO] (off_policy_trainer_carla.py:497) Total Episode:   173 Steps:   32043 Episode Steps:   205 Return:  1.0000 Success:  0.40, D: 0.00 FPS: 7.34
03:15:02.916 [INFO] (off_policy_trainer_carla.py:497) Total Episode:   174 Steps:   32168 Episode Steps:   125 Return: -1.0000 Success:  0.35, D: 0.00 FPS: 7.20
03:15:22.051 [INFO] (off_policy_trainer_carla.py:497) Total Episode:   175 Steps:   32306 Episode Steps:   138 Return: -1.0000 Success:  0.35, D: 0.00 FPS: 7.21
03:15:39.485 [INFO] (off_policy_trainer_carla.py:497) Total Episode:   176 Steps:   32429 Episode Steps:   123 Return: -1.0000 Success:  0.35, D: 0.00 FPS: 7.06
03:16:08.690 [INFO] (off_policy_trainer_carla.py:497) Total Episode:   177 Steps:   32644 Episode Steps:   215 Return:  1.0000 Success:  0.35, D: 0.00 FPS: 7.36
03:16:36.751 [INFO] (off_policy_trainer_carla.py:497) Total Episode:   178 Steps:   32849 Episode Steps:   205 Return:  0.0000 Success:  0.30, D: 0.00 FPS: 7.31
03:16:53.354 [INFO] (off_policy_trainer_carla.py:497) Total Episode:   179 Steps:   32968 Episode Steps:   119 Return: -1.0000 Success:  0.30, D: 0.00 FPS: 7.17
03:17:22.848 [INFO] (off_policy_trainer_carla.py:497) Total Episode:   180 Steps:   33187 Episode Steps:   219 Return:  0.0000 Success:  0.30, D: 0.00 FPS: 7.43
03:17:51.827 [INFO] (off_policy_trainer_carla.py:497) Total Episode:   181 Steps:   33401 Episode Steps:   214 Return:  1.0000 Success:  0.35, D: 0.00 FPS: 7.39
03:18:10.234 [INFO] (off_policy_trainer_carla.py:497) Total Episode:   182 Steps:   33533 Episode Steps:   132 Return: -1.0000 Success:  0.35, D: 0.00 FPS: 7.17
03:18:27.599 [INFO] (off_policy_trainer_carla.py:497) Total Episode:   183 Steps:   33658 Episode Steps:   125 Return: -1.0000 Success:  0.30, D: 0.00 FPS: 7.20
03:18:57.095 [INFO] (off_policy_trainer_carla.py:497) Total Episode:   184 Steps:   33877 Episode Steps:   219 Return:  1.0000 Success:  0.35, D: 0.00 FPS: 7.43
03:19:24.103 [INFO] (off_policy_trainer_carla.py:497) Total Episode:   185 Steps:   34076 Episode Steps:   199 Return:  0.0000 Success:  0.35, D: 0.00 FPS: 7.37
03:19:48.458 [INFO] (off_policy_trainer_carla.py:497) Total Episode:   186 Steps:   34255 Episode Steps:   179 Return:  1.0000 Success:  0.40, D: 0.00 FPS: 7.35
03:20:15.641 [INFO] (off_policy_trainer_carla.py:497) Total Episode:   187 Steps:   34456 Episode Steps:   201 Return:  0.0000 Success:  0.40, D: 0.00 FPS: 7.39
03:20:30.031 [INFO] (off_policy_trainer_carla.py:497) Total Episode:   188 Steps:   34557 Episode Steps:   101 Return: -1.0000 Success:  0.35, D: 0.00 FPS: 7.02
03:21:04.529 [INFO] (off_policy_trainer_carla.py:497) Total Episode:   189 Steps:   34811 Episode Steps:   254 Return:  1.0000 Success:  0.35, D: 0.00 FPS: 7.36
03:21:45.133 [INFO] (off_policy_trainer_carla.py:497) Total Episode:   190 Steps:   35113 Episode Steps:   302 Return:  0.0000 Success:  0.30, D: 0.00 FPS: 7.44
03:22:14.853 [INFO] (off_policy_trainer_carla.py:497) Total Episode:   191 Steps:   35333 Episode Steps:   220 Return:  1.0000 Success:  0.35, D: 0.00 FPS: 7.40
03:22:45.464 [INFO] (off_policy_trainer_carla.py:497) Total Episode:   192 Steps:   35560 Episode Steps:   227 Return:  1.0000 Success:  0.40, D: 0.00 FPS: 7.42
03:23:04.430 [INFO] (off_policy_trainer_carla.py:497) Total Episode:   193 Steps:   35698 Episode Steps:   138 Return: -1.0000 Success:  0.35, D: 0.00 FPS: 7.28
03:23:29.558 [INFO] (off_policy_trainer_carla.py:497) Total Episode:   194 Steps:   35884 Episode Steps:   186 Return:  1.0000 Success:  0.40, D: 0.00 FPS: 7.40
03:23:46.745 [INFO] (off_policy_trainer_carla.py:497) Total Episode:   195 Steps:   36007 Episode Steps:   123 Return: -1.0000 Success:  0.40, D: 0.00 FPS: 7.16
03:24:18.230 [INFO] (off_policy_trainer_carla.py:497) Total Episode:   196 Steps:   36241 Episode Steps:   234 Return:  1.0000 Success:  0.45, D: 0.00 FPS: 7.43
03:24:49.869 [INFO] (off_policy_trainer_carla.py:497) Total Episode:   197 Steps:   36476 Episode Steps:   235 Return:  1.0000 Success:  0.45, D: 0.00 FPS: 7.43
03:25:13.788 [INFO] (off_policy_trainer_carla.py:497) Total Episode:   198 Steps:   36651 Episode Steps:   175 Return:  1.0000 Success:  0.50, D: 0.00 FPS: 7.32
03:25:28.191 [INFO] (off_policy_trainer_carla.py:497) Total Episode:   199 Steps:   36753 Episode Steps:   102 Return: -1.0000 Success:  0.50, D: 0.00 FPS: 7.08
03:25:48.281 [INFO] (off_policy_trainer_carla.py:497) Total Episode:   200 Steps:   36896 Episode Steps:   143 Return: -1.0000 Success:  0.50, D: 0.00 FPS: 7.12
03:26:06.744 [INFO] (off_policy_trainer_carla.py:497) Total Episode:   201 Steps:   37029 Episode Steps:   133 Return: -1.0000 Success:  0.45, D: 0.00 FPS: 7.20
03:26:31.317 [INFO] (off_policy_trainer_carla.py:497) Total Episode:   202 Steps:   37209 Episode Steps:   180 Return:  1.0000 Success:  0.50, D: 0.00 FPS: 7.33
03:26:47.566 [INFO] (off_policy_trainer_carla.py:497) Total Episode:   203 Steps:   37323 Episode Steps:   114 Return: -1.0000 Success:  0.50, D: 0.00 FPS: 7.02
03:27:07.745 [INFO] (off_policy_trainer_carla.py:497) Total Episode:   204 Steps:   37469 Episode Steps:   146 Return: -1.0000 Success:  0.45, D: 0.00 FPS: 7.24
03:27:39.628 [INFO] (off_policy_trainer_carla.py:497) Total Episode:   205 Steps:   37701 Episode Steps:   232 Return:  1.0000 Success:  0.50, D: 0.00 FPS: 7.28
03:27:58.706 [INFO] (off_policy_trainer_carla.py:497) Total Episode:   206 Steps:   37839 Episode Steps:   138 Return: -1.0000 Success:  0.45, D: 0.00 FPS: 7.23
03:28:28.974 [INFO] (off_policy_trainer_carla.py:497) Total Episode:   207 Steps:   38063 Episode Steps:   224 Return:  1.0000 Success:  0.50, D: 0.00 FPS: 7.40
03:28:46.335 [INFO] (off_policy_trainer_carla.py:497) Total Episode:   208 Steps:   38187 Episode Steps:   124 Return: -1.0000 Success:  0.50, D: 0.00 FPS: 7.14
03:29:26.508 [INFO] (off_policy_trainer_carla.py:497) Total Episode:   209 Steps:   38489 Episode Steps:   302 Return:  0.0000 Success:  0.45, D: 0.00 FPS: 7.52
03:29:42.368 [INFO] (off_policy_trainer_carla.py:497) Total Episode:   210 Steps:   38602 Episode Steps:   113 Return: -1.0000 Success:  0.45, D: 0.00 FPS: 7.13
03:29:58.332 [INFO] (off_policy_trainer_carla.py:497) Total Episode:   211 Steps:   38716 Episode Steps:   114 Return: -1.0000 Success:  0.40, D: 0.00 FPS: 7.14
03:30:26.241 [INFO] (off_policy_trainer_carla.py:497) Total Episode:   212 Steps:   38922 Episode Steps:   206 Return:  1.0000 Success:  0.40, D: 0.00 FPS: 7.38
03:30:40.610 [INFO] (off_policy_trainer_carla.py:497) Total Episode:   213 Steps:   39021 Episode Steps:    99 Return: -1.0000 Success:  0.40, D: 0.00 FPS: 6.89
03:31:05.853 [INFO] (off_policy_trainer_carla.py:497) Total Episode:   214 Steps:   39206 Episode Steps:   185 Return:  1.0000 Success:  0.40, D: 0.00 FPS: 7.33
03:31:22.525 [INFO] (off_policy_trainer_carla.py:497) Total Episode:   215 Steps:   39326 Episode Steps:   120 Return: -1.0000 Success:  0.40, D: 0.00 FPS: 7.20
03:31:55.695 [INFO] (off_policy_trainer_carla.py:497) Total Episode:   216 Steps:   39571 Episode Steps:   245 Return:  1.0000 Success:  0.40, D: 0.00 FPS: 7.39
03:32:11.665 [INFO] (off_policy_trainer_carla.py:497) Total Episode:   217 Steps:   39685 Episode Steps:   114 Return: -1.0000 Success:  0.35, D: 0.00 FPS: 7.14
03:32:35.715 [INFO] (off_policy_trainer_carla.py:497) Total Episode:   218 Steps:   39861 Episode Steps:   176 Return:  1.0000 Success:  0.35, D: 0.00 FPS: 7.32
03:32:59.609 [INFO] (off_policy_trainer_carla.py:497) Total Episode:   219 Steps:   40036 Episode Steps:   175 Return:  0.0000 Success:  0.35, D: 0.00 FPS: 7.32
03:33:24.828 [INFO] (off_policy_trainer_carla.py:497) Total Episode:   220 Steps:   40221 Episode Steps:   185 Return:  1.0000 Success:  0.40, D: 0.00 FPS: 7.34
03:34:05.296 [INFO] (off_policy_trainer_carla.py:497) Total Episode:   221 Steps:   40523 Episode Steps:   302 Return:  0.0000 Success:  0.40, D: 0.00 FPS: 7.46
03:34:34.685 [INFO] (off_policy_trainer_carla.py:497) Total Episode:   222 Steps:   40741 Episode Steps:   218 Return:  1.0000 Success:  0.40, D: 0.00 FPS: 7.42
03:35:01.088 [INFO] (off_policy_trainer_carla.py:497) Total Episode:   223 Steps:   40936 Episode Steps:   195 Return:  1.0000 Success:  0.45, D: 0.00 FPS: 7.39
03:35:35.433 [INFO] (off_policy_trainer_carla.py:497) Total Episode:   224 Steps:   41190 Episode Steps:   254 Return:  1.0000 Success:  0.50, D: 0.00 FPS: 7.40
03:35:52.951 [INFO] (off_policy_trainer_carla.py:497) Total Episode:   225 Steps:   41316 Episode Steps:   126 Return: -1.0000 Success:  0.45, D: 0.00 FPS: 7.19
03:36:09.281 [INFO] (off_policy_trainer_carla.py:497) Total Episode:   226 Steps:   41432 Episode Steps:   116 Return: -1.0000 Success:  0.45, D: 0.00 FPS: 7.10
03:36:26.689 [INFO] (off_policy_trainer_carla.py:497) Total Episode:   227 Steps:   41557 Episode Steps:   125 Return:  0.0000 Success:  0.40, D: 0.00 FPS: 7.18
03:36:57.739 [INFO] (off_policy_trainer_carla.py:497) Total Episode:   228 Steps:   41786 Episode Steps:   229 Return:  1.0000 Success:  0.45, D: 0.00 FPS: 7.38
03:37:38.149 [INFO] (off_policy_trainer_carla.py:497) Total Episode:   229 Steps:   42088 Episode Steps:   302 Return:  0.0000 Success:  0.45, D: 0.00 FPS: 7.47
03:38:01.706 [INFO] (off_policy_trainer_carla.py:497) Total Episode:   230 Steps:   42260 Episode Steps:   172 Return:  1.0000 Success:  0.50, D: 0.00 FPS: 7.30
03:38:19.605 [INFO] (off_policy_trainer_carla.py:497) Total Episode:   231 Steps:   42389 Episode Steps:   129 Return: -1.0000 Success:  0.50, D: 0.00 FPS: 7.21
03:38:56.918 [INFO] (off_policy_trainer_carla.py:497) Total Episode:   232 Steps:   42666 Episode Steps:   277 Return:  1.0000 Success:  0.50, D: 0.00 FPS: 7.42
03:39:26.162 [INFO] (off_policy_trainer_carla.py:497) Total Episode:   233 Steps:   42883 Episode Steps:   217 Return:  1.0000 Success:  0.55, D: 0.00 FPS: 7.42
03:39:56.339 [INFO] (off_policy_trainer_carla.py:497) Total Episode:   234 Steps:   43107 Episode Steps:   224 Return:  1.0000 Success:  0.55, D: 0.00 FPS: 7.42
03:40:12.429 [INFO] (off_policy_trainer_carla.py:497) Total Episode:   235 Steps:   43222 Episode Steps:   115 Return: -1.0000 Success:  0.55, D: 0.00 FPS: 7.15
03:40:36.902 [INFO] (off_policy_trainer_carla.py:497) Total Episode:   236 Steps:   43400 Episode Steps:   178 Return:  0.0000 Success:  0.50, D: 0.00 FPS: 7.27
03:40:54.617 [INFO] (off_policy_trainer_carla.py:497) Total Episode:   237 Steps:   43527 Episode Steps:   127 Return: -1.0000 Success:  0.50, D: 0.00 FPS: 7.17
03:41:20.546 [INFO] (off_policy_trainer_carla.py:497) Total Episode:   238 Steps:   43719 Episode Steps:   192 Return:  1.0000 Success:  0.50, D: 0.00 FPS: 7.41
03:41:38.104 [INFO] (off_policy_trainer_carla.py:497) Total Episode:   239 Steps:   43844 Episode Steps:   125 Return: -1.0000 Success:  0.50, D: 0.00 FPS: 7.12
03:41:56.850 [INFO] (off_policy_trainer_carla.py:497) Total Episode:   240 Steps:   43978 Episode Steps:   134 Return: -1.0000 Success:  0.45, D: 0.00 FPS: 7.15
03:42:10.810 [INFO] (off_policy_trainer_carla.py:497) Total Episode:   241 Steps:   44076 Episode Steps:    98 Return: -1.0000 Success:  0.45, D: 0.00 FPS: 7.02
03:42:27.059 [INFO] (off_policy_trainer_carla.py:497) Total Episode:   242 Steps:   44192 Episode Steps:   116 Return: -1.0000 Success:  0.40, D: 0.00 FPS: 7.14
03:42:59.968 [INFO] (off_policy_trainer_carla.py:497) Total Episode:   243 Steps:   44437 Episode Steps:   245 Return:  1.0000 Success:  0.40, D: 0.00 FPS: 7.45
03:43:40.341 [INFO] (off_policy_trainer_carla.py:497) Total Episode:   244 Steps:   44739 Episode Steps:   302 Return:  0.0000 Success:  0.35, D: 0.00 FPS: 7.48
03:44:08.775 [INFO] (off_policy_trainer_carla.py:497) Total Episode:   245 Steps:   44948 Episode Steps:   209 Return:  1.0000 Success:  0.40, D: 0.00 FPS: 7.35
03:44:27.032 [INFO] (off_policy_trainer_carla.py:497) Total Episode:   246 Steps:   45079 Episode Steps:   131 Return: -1.0000 Success:  0.40, D: 0.00 FPS: 7.18
03:44:43.875 [INFO] (off_policy_trainer_carla.py:497) Total Episode:   247 Steps:   45199 Episode Steps:   120 Return: -1.0000 Success:  0.40, D: 0.00 FPS: 7.13
03:45:12.026 [INFO] (off_policy_trainer_carla.py:497) Total Episode:   248 Steps:   45406 Episode Steps:   207 Return:  1.0000 Success:  0.40, D: 0.00 FPS: 7.35
03:45:27.358 [INFO] (off_policy_trainer_carla.py:497) Total Episode:   249 Steps:   45515 Episode Steps:   109 Return: -1.0000 Success:  0.40, D: 0.00 FPS: 7.11
03:45:51.304 [INFO] (off_policy_trainer_carla.py:497) Total Episode:   250 Steps:   45688 Episode Steps:   173 Return:  1.0000 Success:  0.40, D: 0.00 FPS: 7.23
03:46:07.536 [INFO] (off_policy_trainer_carla.py:497) Total Episode:   251 Steps:   45804 Episode Steps:   116 Return: -1.0000 Success:  0.40, D: 0.00 FPS: 7.15
03:46:29.368 [INFO] (off_policy_trainer_carla.py:497) Total Episode:   252 Steps:   45962 Episode Steps:   158 Return:  0.0000 Success:  0.35, D: 0.00 FPS: 7.24
03:46:47.070 [INFO] (off_policy_trainer_carla.py:497) Total Episode:   253 Steps:   46087 Episode Steps:   125 Return: -1.0000 Success:  0.30, D: 0.00 FPS: 7.06
03:47:10.224 [INFO] (off_policy_trainer_carla.py:497) Total Episode:   254 Steps:   46256 Episode Steps:   169 Return:  1.0000 Success:  0.30, D: 0.00 FPS: 7.30
03:47:33.106 [INFO] (off_policy_trainer_carla.py:497) Total Episode:   255 Steps:   46418 Episode Steps:   162 Return:  1.0000 Success:  0.35, D: 0.00 FPS: 7.08
03:48:03.521 [INFO] (off_policy_trainer_carla.py:497) Total Episode:   256 Steps:   46642 Episode Steps:   224 Return:  1.0000 Success:  0.40, D: 0.00 FPS: 7.37
03:48:22.242 [INFO] (off_policy_trainer_carla.py:497) Total Episode:   257 Steps:   46777 Episode Steps:   135 Return: -1.0000 Success:  0.40, D: 0.00 FPS: 7.21
03:48:49.768 [INFO] (off_policy_trainer_carla.py:497) Total Episode:   258 Steps:   46978 Episode Steps:   201 Return:  1.0000 Success:  0.40, D: 0.00 FPS: 7.30
03:49:21.623 [INFO] (off_policy_trainer_carla.py:497) Total Episode:   259 Steps:   47214 Episode Steps:   236 Return:  1.0000 Success:  0.45, D: 0.00 FPS: 7.41
03:50:01.517 [INFO] (off_policy_trainer_carla.py:497) Total Episode:   260 Steps:   47511 Episode Steps:   297 Return:  1.0000 Success:  0.50, D: 0.00 FPS: 7.45
03:50:20.103 [INFO] (off_policy_trainer_carla.py:497) Total Episode:   261 Steps:   47645 Episode Steps:   134 Return: -1.0000 Success:  0.50, D: 0.00 FPS: 7.21
03:51:00.785 [INFO] (off_policy_trainer_carla.py:497) Total Episode:   262 Steps:   47947 Episode Steps:   302 Return:  0.0000 Success:  0.50, D: 0.00 FPS: 7.42
03:51:41.500 [INFO] (off_policy_trainer_carla.py:497) Total Episode:   263 Steps:   48249 Episode Steps:   302 Return:  0.0000 Success:  0.45, D: 0.00 FPS: 7.42
03:52:15.305 [INFO] (off_policy_trainer_carla.py:497) Total Episode:   264 Steps:   48501 Episode Steps:   252 Return:  1.0000 Success:  0.50, D: 0.00 FPS: 7.46
03:52:45.046 [INFO] (off_policy_trainer_carla.py:497) Total Episode:   265 Steps:   48721 Episode Steps:   220 Return:  1.0000 Success:  0.50, D: 0.00 FPS: 7.40
03:53:17.470 [INFO] (off_policy_trainer_carla.py:497) Total Episode:   266 Steps:   48961 Episode Steps:   240 Return:  1.0000 Success:  0.55, D: 0.00 FPS: 7.40
03:53:38.571 [INFO] (off_policy_trainer_carla.py:497) Total Episode:   267 Steps:   49114 Episode Steps:   153 Return:  1.0000 Success:  0.60, D: 0.00 FPS: 7.25
03:54:01.132 [INFO] (off_policy_trainer_carla.py:497) Total Episode:   268 Steps:   49278 Episode Steps:   164 Return: -1.0000 Success:  0.55, D: 0.00 FPS: 7.27
03:54:17.123 [INFO] (off_policy_trainer_carla.py:497) Total Episode:   269 Steps:   49391 Episode Steps:   113 Return: -1.0000 Success:  0.55, D: 0.00 FPS: 7.07
03:54:44.612 [INFO] (off_policy_trainer_carla.py:497) Total Episode:   270 Steps:   49594 Episode Steps:   203 Return:  1.0000 Success:  0.55, D: 0.00 FPS: 7.39
03:55:00.927 [INFO] (off_policy_trainer_carla.py:497) Total Episode:   271 Steps:   49712 Episode Steps:   118 Return: -1.0000 Success:  0.55, D: 0.00 FPS: 7.23
03:55:33.707 [INFO] (off_policy_trainer_carla.py:497) Total Episode:   272 Steps:   49954 Episode Steps:   242 Return:  1.0000 Success:  0.60, D: 0.00 FPS: 7.38
03:55:50.996 [INFO] (off_policy_trainer_carla.py:497) Total Episode:   273 Steps:   50078 Episode Steps:   124 Return: -1.0000 Success:  0.60, D: 0.00 FPS: 7.17
03:56:09.596 [INFO] (off_policy_trainer_carla.py:497) Total Episode:   274 Steps:   50212 Episode Steps:   134 Return: -1.0000 Success:  0.55, D: 0.00 FPS: 7.21
03:56:27.689 [INFO] (off_policy_trainer_carla.py:497) Total Episode:   275 Steps:   50342 Episode Steps:   130 Return: -1.0000 Success:  0.50, D: 0.00 FPS: 7.19
03:56:42.217 [INFO] (off_policy_trainer_carla.py:497) Total Episode:   276 Steps:   50444 Episode Steps:   102 Return: -1.0000 Success:  0.45, D: 0.00 FPS: 7.02
03:57:05.907 [INFO] (off_policy_trainer_carla.py:497) Total Episode:   277 Steps:   50618 Episode Steps:   174 Return:  1.0000 Success:  0.50, D: 0.00 FPS: 7.35
03:57:35.755 [INFO] (off_policy_trainer_carla.py:497) Total Episode:   278 Steps:   50839 Episode Steps:   221 Return:  1.0000 Success:  0.50, D: 0.00 FPS: 7.40
03:58:03.477 [INFO] (off_policy_trainer_carla.py:497) Total Episode:   279 Steps:   51044 Episode Steps:   205 Return: -1.0000 Success:  0.45, D: 0.00 FPS: 7.40
03:58:26.115 [INFO] (off_policy_trainer_carla.py:497) Total Episode:   280 Steps:   51210 Episode Steps:   166 Return:  1.0000 Success:  0.45, D: 0.00 FPS: 7.33
03:58:43.708 [INFO] (off_policy_trainer_carla.py:497) Total Episode:   281 Steps:   51336 Episode Steps:   126 Return: -1.0000 Success:  0.45, D: 0.00 FPS: 7.16
03:59:08.170 [INFO] (off_policy_trainer_carla.py:497) Total Episode:   282 Steps:   51514 Episode Steps:   178 Return:  1.0000 Success:  0.50, D: 0.00 FPS: 7.28
03:59:25.284 [INFO] (off_policy_trainer_carla.py:497) Total Episode:   283 Steps:   51636 Episode Steps:   122 Return: -1.0000 Success:  0.50, D: 0.00 FPS: 7.13
03:59:52.474 [INFO] (off_policy_trainer_carla.py:497) Total Episode:   284 Steps:   51834 Episode Steps:   198 Return:  1.0000 Success:  0.50, D: 0.00 FPS: 7.28
04:00:12.744 [INFO] (off_policy_trainer_carla.py:497) Total Episode:   285 Steps:   51981 Episode Steps:   147 Return: -1.0000 Success:  0.45, D: 0.00 FPS: 7.25
04:00:44.270 [INFO] (off_policy_trainer_carla.py:497) Total Episode:   286 Steps:   52213 Episode Steps:   232 Return:  1.0000 Success:  0.45, D: 0.00 FPS: 7.36
04:01:00.751 [INFO] (off_policy_trainer_carla.py:497) Total Episode:   287 Steps:   52331 Episode Steps:   118 Return: -1.0000 Success:  0.40, D: 0.00 FPS: 7.16
04:01:41.183 [INFO] (off_policy_trainer_carla.py:497) Total Episode:   288 Steps:   52633 Episode Steps:   302 Return:  0.0000 Success:  0.40, D: 0.00 FPS: 7.47
04:02:07.374 [INFO] (off_policy_trainer_carla.py:497) Total Episode:   289 Steps:   52825 Episode Steps:   192 Return:  1.0000 Success:  0.45, D: 0.00 FPS: 7.33
04:02:24.703 [INFO] (off_policy_trainer_carla.py:497) Total Episode:   290 Steps:   52950 Episode Steps:   125 Return: -1.0000 Success:  0.40, D: 0.00 FPS: 7.21
04:02:52.974 [INFO] (off_policy_trainer_carla.py:497) Total Episode:   291 Steps:   53159 Episode Steps:   209 Return:  0.0000 Success:  0.40, D: 0.00 FPS: 7.39
04:03:09.728 [INFO] (off_policy_trainer_carla.py:497) Total Episode:   292 Steps:   53279 Episode Steps:   120 Return: -1.0000 Success:  0.35, D: 0.00 FPS: 7.16
04:03:44.538 [INFO] (off_policy_trainer_carla.py:497) Total Episode:   293 Steps:   53538 Episode Steps:   259 Return:  1.0000 Success:  0.40, D: 0.00 FPS: 7.44
04:04:03.881 [INFO] (off_policy_trainer_carla.py:497) Total Episode:   294 Steps:   53678 Episode Steps:   140 Return: -1.0000 Success:  0.40, D: 0.00 FPS: 7.24
04:04:32.267 [INFO] (off_policy_trainer_carla.py:497) Total Episode:   295 Steps:   53887 Episode Steps:   209 Return:  1.0000 Success:  0.45, D: 0.00 FPS: 7.36
04:05:01.408 [INFO] (off_policy_trainer_carla.py:497) Total Episode:   296 Steps:   54104 Episode Steps:   217 Return:  0.0000 Success:  0.45, D: 0.00 FPS: 7.45
04:05:30.050 [INFO] (off_policy_trainer_carla.py:497) Total Episode:   297 Steps:   54315 Episode Steps:   211 Return:  1.0000 Success:  0.45, D: 0.00 FPS: 7.37
04:05:48.622 [INFO] (off_policy_trainer_carla.py:497) Total Episode:   298 Steps:   54447 Episode Steps:   132 Return: -1.0000 Success:  0.40, D: 0.00 FPS: 7.11
04:06:04.611 [INFO] (off_policy_trainer_carla.py:497) Total Episode:   299 Steps:   54561 Episode Steps:   114 Return: -1.0000 Success:  0.40, D: 0.00 FPS: 7.13
04:06:33.383 [INFO] (off_policy_trainer_carla.py:497) Total Episode:   300 Steps:   54773 Episode Steps:   212 Return:  1.0000 Success:  0.40, D: 0.00 FPS: 7.37
04:06:57.809 [INFO] (off_policy_trainer_carla.py:497) Total Episode:   301 Steps:   54953 Episode Steps:   180 Return:  0.0000 Success:  0.40, D: 0.00 FPS: 7.37
04:07:24.978 [INFO] (off_policy_trainer_carla.py:497) Total Episode:   302 Steps:   55152 Episode Steps:   199 Return:  1.0000 Success:  0.40, D: 0.00 FPS: 7.33
04:07:53.402 [INFO] (off_policy_trainer_carla.py:497) Total Episode:   303 Steps:   55362 Episode Steps:   210 Return:  1.0000 Success:  0.45, D: 0.00 FPS: 7.39
04:08:20.875 [INFO] (off_policy_trainer_carla.py:497) Total Episode:   304 Steps:   55565 Episode Steps:   203 Return:  0.0000 Success:  0.40, D: 0.00 FPS: 7.39
04:08:48.277 [INFO] (off_policy_trainer_carla.py:497) Total Episode:   305 Steps:   55764 Episode Steps:   199 Return:  1.0000 Success:  0.45, D: 0.00 FPS: 7.26
04:09:18.611 [INFO] (off_policy_trainer_carla.py:497) Total Episode:   306 Steps:   55989 Episode Steps:   225 Return:  0.0000 Success:  0.40, D: 0.00 FPS: 7.42
04:09:50.830 [INFO] (off_policy_trainer_carla.py:497) Total Episode:   307 Steps:   56228 Episode Steps:   239 Return:  1.0000 Success:  0.45, D: 0.00 FPS: 7.42
04:10:20.846 [INFO] (off_policy_trainer_carla.py:497) Total Episode:   308 Steps:   56451 Episode Steps:   223 Return:  1.0000 Success:  0.50, D: 0.00 FPS: 7.43
04:10:55.082 [INFO] (off_policy_trainer_carla.py:497) Total Episode:   309 Steps:   56705 Episode Steps:   254 Return:  1.0000 Success:  0.50, D: 0.00 FPS: 7.42
04:11:25.033 [INFO] (off_policy_trainer_carla.py:497) Total Episode:   310 Steps:   56927 Episode Steps:   222 Return:  1.0000 Success:  0.55, D: 0.00 FPS: 7.41
04:12:00.098 [INFO] (off_policy_trainer_carla.py:497) Total Episode:   311 Steps:   57187 Episode Steps:   260 Return:  1.0000 Success:  0.60, D: 0.00 FPS: 7.42
04:12:33.783 [INFO] (off_policy_trainer_carla.py:497) Total Episode:   312 Steps:   57437 Episode Steps:   250 Return:  1.0000 Success:  0.65, D: 0.00 FPS: 7.42
04:13:02.870 [INFO] (off_policy_trainer_carla.py:497) Total Episode:   313 Steps:   57652 Episode Steps:   215 Return:  1.0000 Success:  0.65, D: 0.00 FPS: 7.39
04:13:22.512 [INFO] (off_policy_trainer_carla.py:497) Total Episode:   314 Steps:   57794 Episode Steps:   142 Return: -1.0000 Success:  0.65, D: 0.00 FPS: 7.23
04:13:46.704 [INFO] (off_policy_trainer_carla.py:497) Total Episode:   315 Steps:   57972 Episode Steps:   178 Return:  1.0000 Success:  0.65, D: 0.00 FPS: 7.36
04:14:13.885 [INFO] (off_policy_trainer_carla.py:497) Total Episode:   316 Steps:   58170 Episode Steps:   198 Return:  1.0000 Success:  0.70, D: 0.00 FPS: 7.29
04:14:29.890 [INFO] (off_policy_trainer_carla.py:497) Total Episode:   317 Steps:   58285 Episode Steps:   115 Return: -1.0000 Success:  0.65, D: 0.00 FPS: 7.19
04:15:00.628 [INFO] (off_policy_trainer_carla.py:497) Total Episode:   318 Steps:   58512 Episode Steps:   227 Return:  1.0000 Success:  0.70, D: 0.00 FPS: 7.39
04:15:26.643 [INFO] (off_policy_trainer_carla.py:497) Total Episode:   319 Steps:   58703 Episode Steps:   191 Return:  1.0000 Success:  0.75, D: 0.00 FPS: 7.34
04:15:54.078 [INFO] (off_policy_trainer_carla.py:497) Total Episode:   320 Steps:   58903 Episode Steps:   200 Return:  1.0000 Success:  0.75, D: 0.00 FPS: 7.29
04:16:17.220 [INFO] (off_policy_trainer_carla.py:497) Total Episode:   321 Steps:   59072 Episode Steps:   169 Return:  1.0000 Success:  0.80, D: 0.00 FPS: 7.30
04:16:40.522 [INFO] (off_policy_trainer_carla.py:497) Total Episode:   322 Steps:   59240 Episode Steps:   168 Return:  1.0000 Success:  0.80, D: 0.00 FPS: 7.21
04:17:08.594 [INFO] (off_policy_trainer_carla.py:497) Total Episode:   323 Steps:   59447 Episode Steps:   207 Return:  1.0000 Success:  0.80, D: 0.00 FPS: 7.37
04:17:40.018 [INFO] (off_policy_trainer_carla.py:497) Total Episode:   324 Steps:   59679 Episode Steps:   232 Return:  1.0000 Success:  0.85, D: 0.00 FPS: 7.38
04:18:10.058 [INFO] (off_policy_trainer_carla.py:497) Total Episode:   325 Steps:   59901 Episode Steps:   222 Return:  1.0000 Success:  0.85, D: 0.00 FPS: 7.39
04:18:26.243 [INFO] (off_policy_trainer_carla.py:497) Total Episode:   326 Steps:   60015 Episode Steps:   114 Return: -1.0000 Success:  0.85, D: 0.00 FPS: 7.04
04:18:53.824 [INFO] (off_policy_trainer_carla.py:497) Total Episode:   327 Steps:   60219 Episode Steps:   204 Return:  1.0000 Success:  0.85, D: 0.00 FPS: 7.40
04:19:16.927 [INFO] (off_policy_trainer_carla.py:497) Total Episode:   328 Steps:   60388 Episode Steps:   169 Return:  1.0000 Success:  0.85, D: 0.00 FPS: 7.32
04:19:33.999 [INFO] (off_policy_trainer_carla.py:497) Total Episode:   329 Steps:   60510 Episode Steps:   122 Return: -1.0000 Success:  0.80, D: 0.00 FPS: 7.15
04:19:52.755 [INFO] (off_policy_trainer_carla.py:497) Total Episode:   330 Steps:   60646 Episode Steps:   136 Return: -1.0000 Success:  0.75, D: 0.00 FPS: 7.25
04:20:14.864 [INFO] (off_policy_trainer_carla.py:497) Total Episode:   331 Steps:   60808 Episode Steps:   162 Return:  0.0000 Success:  0.70, D: 0.00 FPS: 7.33
04:20:55.702 [INFO] (off_policy_trainer_carla.py:497) Total Episode:   332 Steps:   61110 Episode Steps:   302 Return:  0.0000 Success:  0.65, D: 0.00 FPS: 7.40
04:21:21.920 [INFO] (off_policy_trainer_carla.py:497) Total Episode:   333 Steps:   61302 Episode Steps:   192 Return:  1.0000 Success:  0.65, D: 0.00 FPS: 7.32
04:21:51.196 [INFO] (off_policy_trainer_carla.py:497) Total Episode:   334 Steps:   61518 Episode Steps:   216 Return:  1.0000 Success:  0.70, D: 0.00 FPS: 7.38
04:22:11.996 [INFO] (off_policy_trainer_carla.py:497) Total Episode:   335 Steps:   61669 Episode Steps:   151 Return: -1.0000 Success:  0.65, D: 0.00 FPS: 7.26
04:22:29.868 [INFO] (off_policy_trainer_carla.py:497) Total Episode:   336 Steps:   61797 Episode Steps:   128 Return: -1.0000 Success:  0.60, D: 0.00 FPS: 7.16
04:23:10.031 [INFO] (off_policy_trainer_carla.py:497) Total Episode:   337 Steps:   62099 Episode Steps:   302 Return:  0.0000 Success:  0.60, D: 0.00 FPS: 7.52
04:23:33.229 [INFO] (off_policy_trainer_carla.py:497) Total Episode:   338 Steps:   62269 Episode Steps:   170 Return: -1.0000 Success:  0.55, D: 0.00 FPS: 7.33
04:23:52.742 [INFO] (off_policy_trainer_carla.py:497) Total Episode:   339 Steps:   62411 Episode Steps:   142 Return: -1.0000 Success:  0.50, D: 0.00 FPS: 7.28
04:24:20.665 [INFO] (off_policy_trainer_carla.py:497) Total Episode:   340 Steps:   62618 Episode Steps:   207 Return:  1.0000 Success:  0.50, D: 0.00 FPS: 7.41
04:24:47.769 [INFO] (off_policy_trainer_carla.py:497) Total Episode:   341 Steps:   62817 Episode Steps:   199 Return:  1.0000 Success:  0.50, D: 0.00 FPS: 7.34
04:25:11.100 [INFO] (off_policy_trainer_carla.py:497) Total Episode:   342 Steps:   62987 Episode Steps:   170 Return:  1.0000 Success:  0.50, D: 0.00 FPS: 7.29
04:25:31.604 [INFO] (off_policy_trainer_carla.py:497) Total Episode:   343 Steps:   63137 Episode Steps:   150 Return: -1.0000 Success:  0.45, D: 0.00 FPS: 7.32
04:25:55.395 [INFO] (off_policy_trainer_carla.py:497) Total Episode:   344 Steps:   63310 Episode Steps:   173 Return:  1.0000 Success:  0.45, D: 0.00 FPS: 7.27
04:26:19.006 [INFO] (off_policy_trainer_carla.py:497) Total Episode:   345 Steps:   63483 Episode Steps:   173 Return:  1.0000 Success:  0.45, D: 0.00 FPS: 7.33
04:26:59.480 [INFO] (off_policy_trainer_carla.py:497) Total Episode:   346 Steps:   63785 Episode Steps:   302 Return:  0.0000 Success:  0.45, D: 0.00 FPS: 7.46
04:27:23.441 [INFO] (off_policy_trainer_carla.py:497) Total Episode:   347 Steps:   63961 Episode Steps:   176 Return:  1.0000 Success:  0.45, D: 0.00 FPS: 7.35
04:27:48.344 [INFO] (off_policy_trainer_carla.py:497) Total Episode:   348 Steps:   64144 Episode Steps:   183 Return:  1.0000 Success:  0.45, D: 0.00 FPS: 7.35
04:28:11.196 [INFO] (off_policy_trainer_carla.py:497) Total Episode:   349 Steps:   64311 Episode Steps:   167 Return:  1.0000 Success:  0.50, D: 0.00 FPS: 7.31
04:28:34.632 [INFO] (off_policy_trainer_carla.py:497) Total Episode:   350 Steps:   64483 Episode Steps:   172 Return: -1.0000 Success:  0.50, D: 0.00 FPS: 7.34
04:29:05.019 [INFO] (off_policy_trainer_carla.py:497) Total Episode:   351 Steps:   64708 Episode Steps:   225 Return:  1.0000 Success:  0.55, D: 0.00 FPS: 7.41
04:29:29.421 [INFO] (off_policy_trainer_carla.py:497) Total Episode:   352 Steps:   64887 Episode Steps:   179 Return: -1.0000 Success:  0.55, D: 0.00 FPS: 7.34
04:29:52.286 [INFO] (off_policy_trainer_carla.py:497) Total Episode:   353 Steps:   65051 Episode Steps:   164 Return: -1.0000 Success:  0.50, D: 0.00 FPS: 7.17
04:30:14.515 [INFO] (off_policy_trainer_carla.py:497) Total Episode:   354 Steps:   65213 Episode Steps:   162 Return: -1.0000 Success:  0.45, D: 0.00 FPS: 7.29
04:30:42.181 [INFO] (off_policy_trainer_carla.py:497) Total Episode:   355 Steps:   65415 Episode Steps:   202 Return:  1.0000 Success:  0.50, D: 0.00 FPS: 7.30
04:31:07.403 [INFO] (off_policy_trainer_carla.py:497) Total Episode:   356 Steps:   65600 Episode Steps:   185 Return:  1.0000 Success:  0.55, D: 0.00 FPS: 7.34
04:31:33.971 [INFO] (off_policy_trainer_carla.py:497) Total Episode:   357 Steps:   65794 Episode Steps:   194 Return:  1.0000 Success:  0.60, D: 0.00 FPS: 7.30
04:31:57.316 [INFO] (off_policy_trainer_carla.py:497) Total Episode:   358 Steps:   65965 Episode Steps:   171 Return:  1.0000 Success:  0.65, D: 0.00 FPS: 7.33
04:32:22.063 [INFO] (off_policy_trainer_carla.py:497) Total Episode:   359 Steps:   66147 Episode Steps:   182 Return:  1.0000 Success:  0.70, D: 0.00 FPS: 7.36
04:32:48.932 [INFO] (off_policy_trainer_carla.py:497) Total Episode:   360 Steps:   66346 Episode Steps:   199 Return:  1.0000 Success:  0.70, D: 0.00 FPS: 7.41
04:33:13.610 [INFO] (off_policy_trainer_carla.py:497) Total Episode:   361 Steps:   66528 Episode Steps:   182 Return:  1.0000 Success:  0.70, D: 0.00 FPS: 7.38
04:33:39.597 [INFO] (off_policy_trainer_carla.py:497) Total Episode:   362 Steps:   66719 Episode Steps:   191 Return:  1.0000 Success:  0.70, D: 0.00 FPS: 7.35
04:33:57.510 [INFO] (off_policy_trainer_carla.py:497) Total Episode:   363 Steps:   66848 Episode Steps:   129 Return: -1.0000 Success:  0.70, D: 0.00 FPS: 7.20
04:34:15.144 [INFO] (off_policy_trainer_carla.py:497) Total Episode:   364 Steps:   66974 Episode Steps:   126 Return: -1.0000 Success:  0.65, D: 0.00 FPS: 7.15
04:34:37.701 [INFO] (off_policy_trainer_carla.py:497) Total Episode:   365 Steps:   67138 Episode Steps:   164 Return:  1.0000 Success:  0.65, D: 0.00 FPS: 7.27
04:35:03.685 [INFO] (off_policy_trainer_carla.py:497) Total Episode:   366 Steps:   67328 Episode Steps:   190 Return:  1.0000 Success:  0.70, D: 0.00 FPS: 7.31
04:35:28.557 [INFO] (off_policy_trainer_carla.py:497) Total Episode:   367 Steps:   67510 Episode Steps:   182 Return: -1.0000 Success:  0.65, D: 0.00 FPS: 7.32
04:35:53.847 [INFO] (off_policy_trainer_carla.py:497) Total Episode:   368 Steps:   67692 Episode Steps:   182 Return:  1.0000 Success:  0.65, D: 0.00 FPS: 7.20
04:36:08.955 [INFO] (off_policy_trainer_carla.py:497) Total Episode:   369 Steps:   67799 Episode Steps:   107 Return: -1.0000 Success:  0.60, D: 0.00 FPS: 7.08
04:36:32.316 [INFO] (off_policy_trainer_carla.py:497) Total Episode:   370 Steps:   67970 Episode Steps:   171 Return:  1.0000 Success:  0.65, D: 0.00 FPS: 7.32
04:36:58.381 [INFO] (off_policy_trainer_carla.py:497) Total Episode:   371 Steps:   68160 Episode Steps:   190 Return:  1.0000 Success:  0.65, D: 0.00 FPS: 7.29
04:37:22.068 [INFO] (off_policy_trainer_carla.py:497) Total Episode:   372 Steps:   68334 Episode Steps:   174 Return:  1.0000 Success:  0.70, D: 0.00 FPS: 7.35
04:37:40.841 [INFO] (off_policy_trainer_carla.py:497) Total Episode:   373 Steps:   68469 Episode Steps:   135 Return: -1.0000 Success:  0.70, D: 0.00 FPS: 7.19
04:38:11.761 [INFO] (off_policy_trainer_carla.py:497) Total Episode:   374 Steps:   68698 Episode Steps:   229 Return:  1.0000 Success:  0.75, D: 0.00 FPS: 7.41
04:38:52.023 [INFO] (off_policy_trainer_carla.py:497) Total Episode:   375 Steps:   69000 Episode Steps:   302 Return:  0.0000 Success:  0.70, D: 0.00 FPS: 7.50
04:39:12.089 [INFO] (off_policy_trainer_carla.py:497) Total Episode:   376 Steps:   69144 Episode Steps:   144 Return: -1.0000 Success:  0.65, D: 0.00 FPS: 7.18
04:39:34.295 [INFO] (off_policy_trainer_carla.py:497) Total Episode:   377 Steps:   69306 Episode Steps:   162 Return:  1.0000 Success:  0.65, D: 0.00 FPS: 7.30
04:39:57.261 [INFO] (off_policy_trainer_carla.py:497) Total Episode:   378 Steps:   69474 Episode Steps:   168 Return:  1.0000 Success:  0.65, D: 0.00 FPS: 7.32
04:40:13.126 [INFO] (off_policy_trainer_carla.py:497) Total Episode:   379 Steps:   69587 Episode Steps:   113 Return: -1.0000 Success:  0.60, D: 0.00 FPS: 7.12
04:40:41.710 [INFO] (off_policy_trainer_carla.py:497) Total Episode:   380 Steps:   69795 Episode Steps:   208 Return:  1.0000 Success:  0.60, D: 0.00 FPS: 7.28
04:41:21.982 [INFO] (off_policy_trainer_carla.py:497) Total Episode:   381 Steps:   70097 Episode Steps:   302 Return:  0.0000 Success:  0.55, D: 0.00 FPS: 7.50
04:41:45.963 [INFO] (off_policy_trainer_carla.py:497) Total Episode:   382 Steps:   70271 Episode Steps:   174 Return:  1.0000 Success:  0.55, D: 0.00 FPS: 7.26
04:42:05.239 [INFO] (off_policy_trainer_carla.py:497) Total Episode:   383 Steps:   70410 Episode Steps:   139 Return: -1.0000 Success:  0.55, D: 0.00 FPS: 7.21
04:42:30.323 [INFO] (off_policy_trainer_carla.py:497) Total Episode:   384 Steps:   70594 Episode Steps:   184 Return:  1.0000 Success:  0.60, D: 0.00 FPS: 7.34
04:42:53.587 [INFO] (off_policy_trainer_carla.py:497) Total Episode:   385 Steps:   70763 Episode Steps:   169 Return:  0.0000 Success:  0.55, D: 0.00 FPS: 7.27
04:43:19.297 [INFO] (off_policy_trainer_carla.py:497) Total Episode:   386 Steps:   70951 Episode Steps:   188 Return:  1.0000 Success:  0.55, D: 0.00 FPS: 7.31
04:43:35.592 [INFO] (off_policy_trainer_carla.py:497) Total Episode:   387 Steps:   71066 Episode Steps:   115 Return: -1.0000 Success:  0.55, D: 0.00 FPS: 7.06
04:44:00.940 [INFO] (off_policy_trainer_carla.py:497) Total Episode:   388 Steps:   71250 Episode Steps:   184 Return:  1.0000 Success:  0.55, D: 0.00 FPS: 7.26
04:44:15.526 [INFO] (off_policy_trainer_carla.py:497) Total Episode:   389 Steps:   71353 Episode Steps:   103 Return: -1.0000 Success:  0.55, D: 0.00 FPS: 7.06
04:44:39.557 [INFO] (off_policy_trainer_carla.py:497) Total Episode:   390 Steps:   71528 Episode Steps:   175 Return:  0.0000 Success:  0.50, D: 0.00 FPS: 7.28
04:45:01.691 [INFO] (off_policy_trainer_carla.py:497) Total Episode:   391 Steps:   71689 Episode Steps:   161 Return:  1.0000 Success:  0.50, D: 0.00 FPS: 7.27
04:45:15.860 [INFO] (off_policy_trainer_carla.py:497) Total Episode:   392 Steps:   71789 Episode Steps:   100 Return: -1.0000 Success:  0.45, D: 0.00 FPS: 7.06
04:46:07.264 [INFO] (off_policy_trainer_carla.py:497) Total Episode:   393 Steps:   72019 Episode Steps:   230 Return:  0.0000 Success:  0.45, D: 0.00 FPS: 4.47
04:46:26.132 [INFO] (off_policy_trainer_carla.py:497) Total Episode:   394 Steps:   72155 Episode Steps:   136 Return: -1.0000 Success:  0.40, D: 0.00 FPS: 7.21
04:46:50.486 [INFO] (off_policy_trainer_carla.py:497) Total Episode:   395 Steps:   72332 Episode Steps:   177 Return:  0.0000 Success:  0.40, D: 0.00 FPS: 7.27
04:47:13.577 [INFO] (off_policy_trainer_carla.py:497) Total Episode:   396 Steps:   72500 Episode Steps:   168 Return:  0.0000 Success:  0.40, D: 0.00 FPS: 7.28
04:47:40.859 [INFO] (off_policy_trainer_carla.py:497) Total Episode:   397 Steps:   72701 Episode Steps:   201 Return:  1.0000 Success:  0.40, D: 0.00 FPS: 7.37
04:47:58.270 [INFO] (off_policy_trainer_carla.py:497) Total Episode:   398 Steps:   72826 Episode Steps:   125 Return: -1.0000 Success:  0.35, D: 0.00 FPS: 7.18
04:48:21.181 [INFO] (off_policy_trainer_carla.py:497) Total Episode:   399 Steps:   72994 Episode Steps:   168 Return:  1.0000 Success:  0.40, D: 0.00 FPS: 7.33
04:48:46.866 [INFO] (off_policy_trainer_carla.py:497) Total Episode:   400 Steps:   73183 Episode Steps:   189 Return:  1.0000 Success:  0.40, D: 0.00 FPS: 7.36
04:49:12.523 [INFO] (off_policy_trainer_carla.py:497) Total Episode:   401 Steps:   73373 Episode Steps:   190 Return:  1.0000 Success:  0.45, D: 0.00 FPS: 7.41
04:49:39.327 [INFO] (off_policy_trainer_carla.py:497) Total Episode:   402 Steps:   73571 Episode Steps:   198 Return:  1.0000 Success:  0.45, D: 0.00 FPS: 7.39
04:50:03.373 [INFO] (off_policy_trainer_carla.py:497) Total Episode:   403 Steps:   73747 Episode Steps:   176 Return:  0.0000 Success:  0.45, D: 0.00 FPS: 7.32
04:50:29.121 [INFO] (off_policy_trainer_carla.py:497) Total Episode:   404 Steps:   73932 Episode Steps:   185 Return:  1.0000 Success:  0.45, D: 0.00 FPS: 7.19
04:50:57.119 [INFO] (off_policy_trainer_carla.py:497) Total Episode:   405 Steps:   74137 Episode Steps:   205 Return:  1.0000 Success:  0.50, D: 0.00 FPS: 7.32
04:51:22.325 [INFO] (off_policy_trainer_carla.py:497) Total Episode:   406 Steps:   74321 Episode Steps:   184 Return:  1.0000 Success:  0.50, D: 0.00 FPS: 7.30
04:51:46.728 [INFO] (off_policy_trainer_carla.py:497) Total Episode:   407 Steps:   74497 Episode Steps:   176 Return: -1.0000 Success:  0.50, D: 0.00 FPS: 7.21
04:52:18.400 [INFO] (off_policy_trainer_carla.py:497) Total Episode:   408 Steps:   74731 Episode Steps:   234 Return:  1.0000 Success:  0.50, D: 0.00 FPS: 7.39
04:52:47.498 [INFO] (off_policy_trainer_carla.py:497) Total Episode:   409 Steps:   74946 Episode Steps:   215 Return:  1.0000 Success:  0.55, D: 0.00 FPS: 7.39
04:53:04.702 [INFO] (off_policy_trainer_carla.py:497) Total Episode:   410 Steps:   75069 Episode Steps:   123 Return: -1.0000 Success:  0.55, D: 0.00 FPS: 7.15
04:53:29.987 [INFO] (off_policy_trainer_carla.py:497) Total Episode:   411 Steps:   75254 Episode Steps:   185 Return:  1.0000 Success:  0.55, D: 0.00 FPS: 7.32
04:53:55.494 [INFO] (off_policy_trainer_carla.py:497) Total Episode:   412 Steps:   75440 Episode Steps:   186 Return:  1.0000 Success:  0.60, D: 0.00 FPS: 7.29
04:54:18.224 [INFO] (off_policy_trainer_carla.py:497) Total Episode:   413 Steps:   75606 Episode Steps:   166 Return:  1.0000 Success:  0.65, D: 0.00 FPS: 7.30
04:54:34.983 [INFO] (off_policy_trainer_carla.py:497) Total Episode:   414 Steps:   75726 Episode Steps:   120 Return: -1.0000 Success:  0.65, D: 0.00 FPS: 7.16
04:55:01.616 [INFO] (off_policy_trainer_carla.py:497) Total Episode:   415 Steps:   75922 Episode Steps:   196 Return: -1.0000 Success:  0.65, D: 0.00 FPS: 7.36
04:55:32.540 [INFO] (off_policy_trainer_carla.py:497) Total Episode:   416 Steps:   76151 Episode Steps:   229 Return:  1.0000 Success:  0.70, D: 0.00 FPS: 7.41
04:55:50.142 [INFO] (off_policy_trainer_carla.py:497) Total Episode:   417 Steps:   76277 Episode Steps:   126 Return: -1.0000 Success:  0.65, D: 0.00 FPS: 7.16
04:56:19.611 [INFO] (off_policy_trainer_carla.py:497) Total Episode:   418 Steps:   76495 Episode Steps:   218 Return:  1.0000 Success:  0.70, D: 0.00 FPS: 7.40
04:56:47.891 [INFO] (off_policy_trainer_carla.py:497) Total Episode:   419 Steps:   76702 Episode Steps:   207 Return:  1.0000 Success:  0.70, D: 0.00 FPS: 7.32
04:57:15.725 [INFO] (off_policy_trainer_carla.py:497) Total Episode:   420 Steps:   76907 Episode Steps:   205 Return:  1.0000 Success:  0.70, D: 0.00 FPS: 7.37
04:57:41.032 [INFO] (off_policy_trainer_carla.py:497) Total Episode:   421 Steps:   77093 Episode Steps:   186 Return:  1.0000 Success:  0.70, D: 0.00 FPS: 7.35
04:57:58.318 [INFO] (off_policy_trainer_carla.py:497) Total Episode:   422 Steps:   77217 Episode Steps:   124 Return: -1.0000 Success:  0.65, D: 0.00 FPS: 7.17
04:58:21.103 [INFO] (off_policy_trainer_carla.py:497) Total Episode:   423 Steps:   77383 Episode Steps:   166 Return:  1.0000 Success:  0.70, D: 0.00 FPS: 7.29
04:58:47.519 [INFO] (off_policy_trainer_carla.py:497) Total Episode:   424 Steps:   77578 Episode Steps:   195 Return:  1.0000 Success:  0.70, D: 0.00 FPS: 7.38
04:59:14.890 [INFO] (off_policy_trainer_carla.py:497) Total Episode:   425 Steps:   77780 Episode Steps:   202 Return:  1.0000 Success:  0.70, D: 0.00 FPS: 7.38
04:59:40.762 [INFO] (off_policy_trainer_carla.py:497) Total Episode:   426 Steps:   77972 Episode Steps:   192 Return:  1.0000 Success:  0.70, D: 0.00 FPS: 7.42
05:00:08.584 [INFO] (off_policy_trainer_carla.py:497) Total Episode:   427 Steps:   78177 Episode Steps:   205 Return:  1.0000 Success:  0.75, D: 0.00 FPS: 7.37
05:00:40.468 [INFO] (off_policy_trainer_carla.py:497) Total Episode:   428 Steps:   78412 Episode Steps:   235 Return:  1.0000 Success:  0.75, D: 0.00 FPS: 7.37
05:01:20.842 [INFO] (off_policy_trainer_carla.py:497) Total Episode:   429 Steps:   78714 Episode Steps:   302 Return:  0.0000 Success:  0.70, D: 0.00 FPS: 7.48
05:01:44.239 [INFO] (off_policy_trainer_carla.py:497) Total Episode:   430 Steps:   78883 Episode Steps:   169 Return: -1.0000 Success:  0.70, D: 0.00 FPS: 7.22
05:02:24.539 [INFO] (off_policy_trainer_carla.py:497) Total Episode:   431 Steps:   79185 Episode Steps:   302 Return:  0.0000 Success:  0.65, D: 0.00 FPS: 7.49
05:02:50.153 [INFO] (off_policy_trainer_carla.py:497) Total Episode:   432 Steps:   79373 Episode Steps:   188 Return:  1.0000 Success:  0.65, D: 0.00 FPS: 7.34
05:03:16.613 [INFO] (off_policy_trainer_carla.py:497) Total Episode:   433 Steps:   79567 Episode Steps:   194 Return:  1.0000 Success:  0.65, D: 0.00 FPS: 7.33
05:03:33.691 [INFO] (off_policy_trainer_carla.py:497) Total Episode:   434 Steps:   79689 Episode Steps:   122 Return: -1.0000 Success:  0.65, D: 0.00 FPS: 7.14
05:03:57.158 [INFO] (off_policy_trainer_carla.py:497) Total Episode:   435 Steps:   79861 Episode Steps:   172 Return:  1.0000 Success:  0.70, D: 0.00 FPS: 7.33
05:04:26.478 [INFO] (off_policy_trainer_carla.py:497) Total Episode:   436 Steps:   80076 Episode Steps:   215 Return:  1.0000 Success:  0.70, D: 0.00 FPS: 7.33
05:04:53.596 [INFO] (off_policy_trainer_carla.py:497) Total Episode:   437 Steps:   80274 Episode Steps:   198 Return:  1.0000 Success:  0.75, D: 0.00 FPS: 7.30
05:05:20.707 [INFO] (off_policy_trainer_carla.py:497) Total Episode:   438 Steps:   80474 Episode Steps:   200 Return:  1.0000 Success:  0.75, D: 0.00 FPS: 7.38
05:05:47.634 [INFO] (off_policy_trainer_carla.py:497) Total Episode:   439 Steps:   80671 Episode Steps:   197 Return:  1.0000 Success:  0.75, D: 0.00 FPS: 7.32
05:06:13.628 [INFO] (off_policy_trainer_carla.py:497) Total Episode:   440 Steps:   80862 Episode Steps:   191 Return:  1.0000 Success:  0.75, D: 0.00 FPS: 7.35
05:06:42.210 [INFO] (off_policy_trainer_carla.py:497) Total Episode:   441 Steps:   81071 Episode Steps:   209 Return:  1.0000 Success:  0.75, D: 0.00 FPS: 7.31
05:07:05.793 [INFO] (off_policy_trainer_carla.py:497) Total Episode:   442 Steps:   81243 Episode Steps:   172 Return: -1.0000 Success:  0.75, D: 0.00 FPS: 7.29
05:07:22.212 [INFO] (off_policy_trainer_carla.py:497) Total Episode:   443 Steps:   81362 Episode Steps:   119 Return: -1.0000 Success:  0.70, D: 0.00 FPS: 7.25
05:07:49.677 [INFO] (off_policy_trainer_carla.py:497) Total Episode:   444 Steps:   81565 Episode Steps:   203 Return:  1.0000 Success:  0.70, D: 0.00 FPS: 7.39
05:08:29.992 [INFO] (off_policy_trainer_carla.py:497) Total Episode:   445 Steps:   81867 Episode Steps:   302 Return:  0.0000 Success:  0.65, D: 0.00 FPS: 7.49
05:08:57.507 [INFO] (off_policy_trainer_carla.py:497) Total Episode:   446 Steps:   82071 Episode Steps:   204 Return:  1.0000 Success:  0.65, D: 0.00 FPS: 7.41
05:09:37.729 [INFO] (off_policy_trainer_carla.py:497) Total Episode:   447 Steps:   82373 Episode Steps:   302 Return:  0.0000 Success:  0.60, D: 0.00 FPS: 7.51
05:10:01.216 [INFO] (off_policy_trainer_carla.py:497) Total Episode:   448 Steps:   82545 Episode Steps:   172 Return: -1.0000 Success:  0.55, D: 0.00 FPS: 7.32
05:10:26.575 [INFO] (off_policy_trainer_carla.py:497) Total Episode:   449 Steps:   82731 Episode Steps:   186 Return:  1.0000 Success:  0.60, D: 0.00 FPS: 7.34
05:10:53.022 [INFO] (off_policy_trainer_carla.py:497) Total Episode:   450 Steps:   82923 Episode Steps:   192 Return:  1.0000 Success:  0.65, D: 0.00 FPS: 7.26
05:11:22.809 [INFO] (off_policy_trainer_carla.py:497) Total Episode:   451 Steps:   83143 Episode Steps:   220 Return:  1.0000 Success:  0.70, D: 0.00 FPS: 7.39
05:11:58.234 [INFO] (off_policy_trainer_carla.py:497) Total Episode:   452 Steps:   83404 Episode Steps:   261 Return:  0.0000 Success:  0.65, D: 0.00 FPS: 7.37
05:12:27.368 [INFO] (off_policy_trainer_carla.py:497) Total Episode:   453 Steps:   83614 Episode Steps:   210 Return:  1.0000 Success:  0.65, D: 0.00 FPS: 7.21
05:13:07.849 [INFO] (off_policy_trainer_carla.py:497) Total Episode:   454 Steps:   83916 Episode Steps:   302 Return:  0.0000 Success:  0.65, D: 0.00 FPS: 7.46
05:13:34.303 [INFO] (off_policy_trainer_carla.py:497) Total Episode:   455 Steps:   84110 Episode Steps:   194 Return:  1.0000 Success:  0.65, D: 0.00 FPS: 7.33
05:13:51.876 [INFO] (off_policy_trainer_carla.py:497) Total Episode:   456 Steps:   84236 Episode Steps:   126 Return: -1.0000 Success:  0.60, D: 0.00 FPS: 7.17
05:14:18.011 [INFO] (off_policy_trainer_carla.py:497) Total Episode:   457 Steps:   84427 Episode Steps:   191 Return:  1.0000 Success:  0.60, D: 0.00 FPS: 7.31
05:14:45.023 [INFO] (off_policy_trainer_carla.py:497) Total Episode:   458 Steps:   84626 Episode Steps:   199 Return:  1.0000 Success:  0.60, D: 0.00 FPS: 7.37
05:15:13.741 [INFO] (off_policy_trainer_carla.py:497) Total Episode:   459 Steps:   84837 Episode Steps:   211 Return:  1.0000 Success:  0.60, D: 0.00 FPS: 7.35
05:15:43.304 [INFO] (off_policy_trainer_carla.py:497) Total Episode:   460 Steps:   85053 Episode Steps:   216 Return:  1.0000 Success:  0.60, D: 0.00 FPS: 7.31
05:16:10.444 [INFO] (off_policy_trainer_carla.py:497) Total Episode:   461 Steps:   85253 Episode Steps:   200 Return:  1.0000 Success:  0.60, D: 0.00 FPS: 7.37
05:16:33.044 [INFO] (off_policy_trainer_carla.py:497) Total Episode:   462 Steps:   85417 Episode Steps:   164 Return: -1.0000 Success:  0.60, D: 0.00 FPS: 7.26
05:17:00.283 [INFO] (off_policy_trainer_carla.py:497) Total Episode:   463 Steps:   85617 Episode Steps:   200 Return:  1.0000 Success:  0.65, D: 0.00 FPS: 7.34
05:17:30.765 [INFO] (off_policy_trainer_carla.py:497) Total Episode:   464 Steps:   85842 Episode Steps:   225 Return:  1.0000 Success:  0.65, D: 0.00 FPS: 7.38
05:17:58.698 [INFO] (off_policy_trainer_carla.py:497) Total Episode:   465 Steps:   86047 Episode Steps:   205 Return:  1.0000 Success:  0.70, D: 0.00 FPS: 7.34
05:18:27.961 [INFO] (off_policy_trainer_carla.py:497) Total Episode:   466 Steps:   86262 Episode Steps:   215 Return:  1.0000 Success:  0.70, D: 0.00 FPS: 7.35
05:18:54.646 [INFO] (off_policy_trainer_carla.py:497) Total Episode:   467 Steps:   86458 Episode Steps:   196 Return:  1.0000 Success:  0.75, D: 0.00 FPS: 7.35
05:19:16.092 [INFO] (off_policy_trainer_carla.py:497) Total Episode:   468 Steps:   86614 Episode Steps:   156 Return: -1.0000 Success:  0.75, D: 0.00 FPS: 7.28
05:19:42.924 [INFO] (off_policy_trainer_carla.py:497) Total Episode:   469 Steps:   86811 Episode Steps:   197 Return:  1.0000 Success:  0.75, D: 0.00 FPS: 7.34
05:20:00.674 [INFO] (off_policy_trainer_carla.py:497) Total Episode:   470 Steps:   86938 Episode Steps:   127 Return: -1.0000 Success:  0.70, D: 0.00 FPS: 7.16
05:20:24.188 [INFO] (off_policy_trainer_carla.py:497) Total Episode:   471 Steps:   87109 Episode Steps:   171 Return:  1.0000 Success:  0.70, D: 0.00 FPS: 7.27
05:20:43.486 [INFO] (off_policy_trainer_carla.py:497) Total Episode:   472 Steps:   87247 Episode Steps:   138 Return: -1.0000 Success:  0.70, D: 0.00 FPS: 7.15
05:21:07.993 [INFO] (off_policy_trainer_carla.py:497) Total Episode:   473 Steps:   87427 Episode Steps:   180 Return:  1.0000 Success:  0.70, D: 0.00 FPS: 7.35
05:21:35.365 [INFO] (off_policy_trainer_carla.py:497) Total Episode:   474 Steps:   87628 Episode Steps:   201 Return:  1.0000 Success:  0.75, D: 0.00 FPS: 7.34
05:21:52.638 [INFO] (off_policy_trainer_carla.py:497) Total Episode:   475 Steps:   87752 Episode Steps:   124 Return: -1.0000 Success:  0.70, D: 0.00 FPS: 7.18
05:22:19.398 [INFO] (off_policy_trainer_carla.py:497) Total Episode:   476 Steps:   87948 Episode Steps:   196 Return:  1.0000 Success:  0.75, D: 0.00 FPS: 7.32
05:22:44.591 [INFO] (off_policy_trainer_carla.py:497) Total Episode:   477 Steps:   88133 Episode Steps:   185 Return:  0.0000 Success:  0.70, D: 0.00 FPS: 7.34
05:23:08.973 [INFO] (off_policy_trainer_carla.py:497) Total Episode:   478 Steps:   88312 Episode Steps:   179 Return:  1.0000 Success:  0.70, D: 0.00 FPS: 7.34
05:23:37.519 [INFO] (off_policy_trainer_carla.py:497) Total Episode:   479 Steps:   88523 Episode Steps:   211 Return:  1.0000 Success:  0.70, D: 0.00 FPS: 7.39
05:24:05.069 [INFO] (off_policy_trainer_carla.py:497) Total Episode:   480 Steps:   88726 Episode Steps:   203 Return:  1.0000 Success:  0.70, D: 0.00 FPS: 7.37
05:24:30.524 [INFO] (off_policy_trainer_carla.py:497) Total Episode:   481 Steps:   88913 Episode Steps:   187 Return:  1.0000 Success:  0.70, D: 0.00 FPS: 7.35
05:24:56.267 [INFO] (off_policy_trainer_carla.py:497) Total Episode:   482 Steps:   89102 Episode Steps:   189 Return:  1.0000 Success:  0.75, D: 0.00 FPS: 7.34
05:25:25.592 [INFO] (off_policy_trainer_carla.py:497) Total Episode:   483 Steps:   89320 Episode Steps:   218 Return:  1.0000 Success:  0.75, D: 0.00 FPS: 7.43
05:25:50.599 [INFO] (off_policy_trainer_carla.py:497) Total Episode:   484 Steps:   89502 Episode Steps:   182 Return:  1.0000 Success:  0.75, D: 0.00 FPS: 7.28
05:26:14.281 [INFO] (off_policy_trainer_carla.py:497) Total Episode:   485 Steps:   89674 Episode Steps:   172 Return:  1.0000 Success:  0.75, D: 0.00 FPS: 7.26
05:26:38.987 [INFO] (off_policy_trainer_carla.py:497) Total Episode:   486 Steps:   89854 Episode Steps:   180 Return:  1.0000 Success:  0.75, D: 0.00 FPS: 7.29
05:26:58.165 [INFO] (off_policy_trainer_carla.py:497) Total Episode:   487 Steps:   89993 Episode Steps:   139 Return: -1.0000 Success:  0.70, D: 0.00 FPS: 7.25
05:27:25.945 [INFO] (off_policy_trainer_carla.py:497) Total Episode:   488 Steps:   90198 Episode Steps:   205 Return:  1.0000 Success:  0.75, D: 0.00 FPS: 7.38
05:27:42.306 [INFO] (off_policy_trainer_carla.py:497) Total Episode:   489 Steps:   90315 Episode Steps:   117 Return: -1.0000 Success:  0.70, D: 0.00 FPS: 7.15
05:28:17.879 [INFO] (off_policy_trainer_carla.py:497) Total Episode:   490 Steps:   90580 Episode Steps:   265 Return:  1.0000 Success:  0.75, D: 0.00 FPS: 7.45
05:28:47.935 [INFO] (off_policy_trainer_carla.py:497) Total Episode:   491 Steps:   90803 Episode Steps:   223 Return:  1.0000 Success:  0.75, D: 0.00 FPS: 7.42
05:29:17.968 [INFO] (off_policy_trainer_carla.py:497) Total Episode:   492 Steps:   91027 Episode Steps:   224 Return:  1.0000 Success:  0.80, D: 0.00 FPS: 7.46
05:29:45.157 [INFO] (off_policy_trainer_carla.py:497) Total Episode:   493 Steps:   91228 Episode Steps:   201 Return:  1.0000 Success:  0.80, D: 0.00 FPS: 7.39
05:30:23.892 [INFO] (off_policy_trainer_carla.py:497) Total Episode:   494 Steps:   91515 Episode Steps:   287 Return:  1.0000 Success:  0.80, D: 0.00 FPS: 7.41
05:30:57.916 [INFO] (off_policy_trainer_carla.py:497) Total Episode:   495 Steps:   91767 Episode Steps:   252 Return:  1.0000 Success:  0.85, D: 0.00 FPS: 7.41
05:31:28.831 [INFO] (off_policy_trainer_carla.py:497) Total Episode:   496 Steps:   91996 Episode Steps:   229 Return:  1.0000 Success:  0.85, D: 0.00 FPS: 7.41
05:31:53.706 [INFO] (off_policy_trainer_carla.py:497) Total Episode:   497 Steps:   92177 Episode Steps:   181 Return:  1.0000 Success:  0.90, D: 0.00 FPS: 7.28
05:32:13.305 [INFO] (off_policy_trainer_carla.py:497) Total Episode:   498 Steps:   92319 Episode Steps:   142 Return: -1.0000 Success:  0.85, D: 0.00 FPS: 7.25
05:32:41.939 [INFO] (off_policy_trainer_carla.py:497) Total Episode:   499 Steps:   92530 Episode Steps:   211 Return:  1.0000 Success:  0.85, D: 0.00 FPS: 7.37
05:33:02.990 [INFO] (off_policy_trainer_carla.py:497) Total Episode:   500 Steps:   92683 Episode Steps:   153 Return: -1.0000 Success:  0.80, D: 0.00 FPS: 7.27
05:33:21.643 [INFO] (off_policy_trainer_carla.py:497) Total Episode:   501 Steps:   92818 Episode Steps:   135 Return: -1.0000 Success:  0.75, D: 0.00 FPS: 7.24
05:33:49.678 [INFO] (off_policy_trainer_carla.py:497) Total Episode:   502 Steps:   93026 Episode Steps:   208 Return:  1.0000 Success:  0.75, D: 0.00 FPS: 7.42
05:34:14.833 [INFO] (off_policy_trainer_carla.py:497) Total Episode:   503 Steps:   93211 Episode Steps:   185 Return:  1.0000 Success:  0.75, D: 0.00 FPS: 7.36
05:34:31.941 [INFO] (off_policy_trainer_carla.py:497) Total Episode:   504 Steps:   93330 Episode Steps:   119 Return: -1.0000 Success:  0.70, D: 0.00 FPS: 6.96
05:34:48.310 [INFO] (off_policy_trainer_carla.py:497) Total Episode:   505 Steps:   93447 Episode Steps:   117 Return: -1.0000 Success:  0.65, D: 0.00 FPS: 7.15
05:35:00.625 [INFO] (off_policy_trainer_carla.py:497) Total Episode:   506 Steps:   93533 Episode Steps:    86 Return: -1.0000 Success:  0.60, D: 0.00 FPS: 6.98
05:35:33.940 [INFO] (off_policy_trainer_carla.py:497) Total Episode:   507 Steps:   93779 Episode Steps:   246 Return:  1.0000 Success:  0.65, D: 0.00 FPS: 7.38
05:35:57.248 [INFO] (off_policy_trainer_carla.py:497) Total Episode:   508 Steps:   93948 Episode Steps:   169 Return:  1.0000 Success:  0.65, D: 0.00 FPS: 7.25
05:36:27.719 [INFO] (off_policy_trainer_carla.py:497) Total Episode:   509 Steps:   94173 Episode Steps:   225 Return:  1.0000 Success:  0.70, D: 0.00 FPS: 7.38
05:36:57.229 [INFO] (off_policy_trainer_carla.py:497) Total Episode:   510 Steps:   94390 Episode Steps:   217 Return:  1.0000 Success:  0.70, D: 0.00 FPS: 7.35
05:37:22.174 [INFO] (off_policy_trainer_carla.py:497) Total Episode:   511 Steps:   94572 Episode Steps:   182 Return:  1.0000 Success:  0.70, D: 0.00 FPS: 7.30
05:37:41.466 [INFO] (off_policy_trainer_carla.py:497) Total Episode:   512 Steps:   94710 Episode Steps:   138 Return: -1.0000 Success:  0.65, D: 0.00 FPS: 7.15
05:38:03.466 [INFO] (off_policy_trainer_carla.py:497) Total Episode:   513 Steps:   94870 Episode Steps:   160 Return:  1.0000 Success:  0.65, D: 0.00 FPS: 7.27
05:38:41.077 [INFO] (off_policy_trainer_carla.py:497) Total Episode:   514 Steps:   94996 Episode Steps:   126 Return: -1.0000 Success:  0.60, D: 0.00 FPS: 3.35
05:39:05.333 [INFO] (off_policy_trainer_carla.py:497) Total Episode:   515 Steps:   95172 Episode Steps:   176 Return:  1.0000 Success:  0.60, D: 0.00 FPS: 7.26
05:39:31.296 [INFO] (off_policy_trainer_carla.py:497) Total Episode:   516 Steps:   95362 Episode Steps:   190 Return:  1.0000 Success:  0.60, D: 0.00 FPS: 7.32
05:40:03.177 [INFO] (off_policy_trainer_carla.py:497) Total Episode:   517 Steps:   95597 Episode Steps:   235 Return:  1.0000 Success:  0.60, D: 0.00 FPS: 7.37
05:40:24.798 [INFO] (off_policy_trainer_carla.py:497) Total Episode:   518 Steps:   95753 Episode Steps:   156 Return: -1.0000 Success:  0.60, D: 0.00 FPS: 7.22
05:40:43.740 [INFO] (off_policy_trainer_carla.py:497) Total Episode:   519 Steps:   95888 Episode Steps:   135 Return: -1.0000 Success:  0.55, D: 0.00 FPS: 7.13
05:41:00.799 [INFO] (off_policy_trainer_carla.py:497) Total Episode:   520 Steps:   96010 Episode Steps:   122 Return: -1.0000 Success:  0.55, D: 0.00 FPS: 7.15
05:41:32.711 [INFO] (off_policy_trainer_carla.py:497) Total Episode:   521 Steps:   96244 Episode Steps:   234 Return:  1.0000 Success:  0.60, D: 0.00 FPS: 7.33
05:41:58.913 [INFO] (off_policy_trainer_carla.py:497) Total Episode:   522 Steps:   96435 Episode Steps:   191 Return:  1.0000 Success:  0.60, D: 0.00 FPS: 7.29
05:42:17.436 [INFO] (off_policy_trainer_carla.py:497) Total Episode:   523 Steps:   96568 Episode Steps:   133 Return: -1.0000 Success:  0.55, D: 0.00 FPS: 7.18
05:42:33.864 [INFO] (off_policy_trainer_carla.py:497) Total Episode:   524 Steps:   96685 Episode Steps:   117 Return: -1.0000 Success:  0.55, D: 0.00 FPS: 7.12
05:42:57.641 [INFO] (off_policy_trainer_carla.py:497) Total Episode:   525 Steps:   96859 Episode Steps:   174 Return:  1.0000 Success:  0.60, D: 0.00 FPS: 7.32
05:43:19.429 [INFO] (off_policy_trainer_carla.py:497) Total Episode:   526 Steps:   97017 Episode Steps:   158 Return: -1.0000 Success:  0.60, D: 0.00 FPS: 7.25
05:43:46.442 [INFO] (off_policy_trainer_carla.py:497) Total Episode:   527 Steps:   97215 Episode Steps:   198 Return:  1.0000 Success:  0.60, D: 0.00 FPS: 7.33
05:44:13.122 [INFO] (off_policy_trainer_carla.py:497) Total Episode:   528 Steps:   97410 Episode Steps:   195 Return:  0.0000 Success:  0.55, D: 0.00 FPS: 7.31
05:44:38.043 [INFO] (off_policy_trainer_carla.py:497) Total Episode:   529 Steps:   97591 Episode Steps:   181 Return:  1.0000 Success:  0.55, D: 0.00 FPS: 7.26
05:45:08.409 [INFO] (off_policy_trainer_carla.py:497) Total Episode:   530 Steps:   97815 Episode Steps:   224 Return:  1.0000 Success:  0.55, D: 0.00 FPS: 7.38
05:45:33.533 [INFO] (off_policy_trainer_carla.py:497) Total Episode:   531 Steps:   97998 Episode Steps:   183 Return:  1.0000 Success:  0.55, D: 0.00 FPS: 7.28
05:46:02.107 [INFO] (off_policy_trainer_carla.py:497) Total Episode:   532 Steps:   98207 Episode Steps:   209 Return:  1.0000 Success:  0.60, D: 0.00 FPS: 7.31
05:46:28.199 [INFO] (off_policy_trainer_carla.py:497) Total Episode:   533 Steps:   98398 Episode Steps:   191 Return:  1.0000 Success:  0.60, D: 0.00 FPS: 7.32
05:46:56.056 [INFO] (off_policy_trainer_carla.py:497) Total Episode:   534 Steps:   98600 Episode Steps:   202 Return: -1.0000 Success:  0.60, D: 0.00 FPS: 7.25
05:47:24.650 [INFO] (off_policy_trainer_carla.py:497) Total Episode:   535 Steps:   98810 Episode Steps:   210 Return:  1.0000 Success:  0.60, D: 0.00 FPS: 7.34
05:47:49.505 [INFO] (off_policy_trainer_carla.py:497) Total Episode:   536 Steps:   98991 Episode Steps:   181 Return:  1.0000 Success:  0.60, D: 0.00 FPS: 7.28
05:48:14.767 [INFO] (off_policy_trainer_carla.py:497) Total Episode:   537 Steps:   99176 Episode Steps:   185 Return:  1.0000 Success:  0.60, D: 0.00 FPS: 7.32
05:48:32.653 [INFO] (off_policy_trainer_carla.py:497) Total Episode:   538 Steps:   99305 Episode Steps:   129 Return: -1.0000 Success:  0.60, D: 0.00 FPS: 7.21
05:48:56.780 [INFO] (off_policy_trainer_carla.py:497) Total Episode:   539 Steps:   99482 Episode Steps:   177 Return:  1.0000 Success:  0.65, D: 0.00 FPS: 7.34
05:49:24.785 [INFO] (off_policy_trainer_carla.py:497) Total Episode:   540 Steps:   99689 Episode Steps:   207 Return:  1.0000 Success:  0.70, D: 0.00 FPS: 7.39
05:49:43.600 [INFO] (off_policy_trainer_carla.py:497) Total Episode:   541 Steps:   99824 Episode Steps:   135 Return: -1.0000 Success:  0.65, D: 0.00 FPS: 7.18
