12:35:40.861 [INFO] (off_policy_trainer_carla.py:565) Total Episode:     1 Steps:     135 Episode Steps:   135 Return: -1.0000 Success:  0.00, D: 0.00 FPS:27.72
12:35:43.762 [INFO] (off_policy_trainer_carla.py:565) Total Episode:     2 Steps:     263 Episode Steps:   128 Return: -1.0000 Success:  0.00, D: 0.00 FPS:44.19
12:35:46.704 [INFO] (off_policy_trainer_carla.py:565) Total Episode:     3 Steps:     397 Episode Steps:   134 Return: -1.0000 Success:  0.00, D: 0.00 FPS:45.58
12:35:51.738 [INFO] (off_policy_trainer_carla.py:565) Total Episode:     4 Steps:     699 Episode Steps:   302 Return:  0.0000 Success:  0.00, D: 0.00 FPS:60.03
12:35:56.813 [INFO] (off_policy_trainer_carla.py:565) Total Episode:     5 Steps:    1001 Episode Steps:   302 Return:  0.0000 Success:  0.00, D: 0.00 FPS:59.54
12:35:59.600 [INFO] (off_policy_trainer_carla.py:565) Total Episode:     6 Steps:    1124 Episode Steps:   123 Return: -1.0000 Success:  0.00, D: 0.00 FPS:44.19
12:36:03.614 [INFO] (off_policy_trainer_carla.py:565) Total Episode:     7 Steps:    1334 Episode Steps:   210 Return:  1.0000 Success:  0.05, D: 0.00 FPS:52.34
12:36:07.649 [INFO] (off_policy_trainer_carla.py:565) Total Episode:     8 Steps:    1549 Episode Steps:   215 Return:  1.0000 Success:  0.10, D: 0.00 FPS:53.33
12:36:12.858 [INFO] (off_policy_trainer_carla.py:565) Total Episode:     9 Steps:    1851 Episode Steps:   302 Return:  0.0000 Success:  0.10, D: 0.00 FPS:58.00
12:36:15.696 [INFO] (off_policy_trainer_carla.py:565) Total Episode:    10 Steps:    1978 Episode Steps:   127 Return: -1.0000 Success:  0.10, D: 0.00 FPS:44.79
12:36:19.981 [INFO] (off_policy_trainer_carla.py:565) Total Episode:    11 Steps:    2204 Episode Steps:   226 Return:  1.0000 Success:  0.15, D: 0.00 FPS:52.78
12:36:22.780 [INFO] (off_policy_trainer_carla.py:565) Total Episode:    12 Steps:    2327 Episode Steps:   123 Return: -1.0000 Success:  0.15, D: 0.00 FPS:43.98
12:36:25.730 [INFO] (off_policy_trainer_carla.py:565) Total Episode:    13 Steps:    2462 Episode Steps:   135 Return: -1.0000 Success:  0.15, D: 0.00 FPS:45.78
12:36:29.243 [INFO] (off_policy_trainer_carla.py:565) Total Episode:    14 Steps:    2639 Episode Steps:   177 Return: -1.0000 Success:  0.15, D: 0.00 FPS:50.42
12:36:32.003 [INFO] (off_policy_trainer_carla.py:565) Total Episode:    15 Steps:    2761 Episode Steps:   122 Return: -1.0000 Success:  0.15, D: 0.00 FPS:44.23
12:36:35.861 [INFO] (off_policy_trainer_carla.py:565) Total Episode:    16 Steps:    2958 Episode Steps:   197 Return:  1.0000 Success:  0.20, D: 0.00 FPS:51.10
12:36:39.786 [INFO] (off_policy_trainer_carla.py:565) Total Episode:    17 Steps:    3171 Episode Steps:   213 Return:  1.0000 Success:  0.25, D: 0.00 FPS:54.30
12:36:42.570 [INFO] (off_policy_trainer_carla.py:565) Total Episode:    18 Steps:    3292 Episode Steps:   121 Return: -1.0000 Success:  0.25, D: 0.00 FPS:43.51
12:36:46.293 [INFO] (off_policy_trainer_carla.py:565) Total Episode:    19 Steps:    3489 Episode Steps:   197 Return:  1.0000 Success:  0.30, D: 0.00 FPS:52.95
12:36:48.992 [INFO] (off_policy_trainer_carla.py:565) Total Episode:    20 Steps:    3605 Episode Steps:   116 Return: -1.0000 Success:  0.30, D: 0.00 FPS:43.01
12:36:53.122 [INFO] (off_policy_trainer_carla.py:565) Total Episode:    21 Steps:    3822 Episode Steps:   217 Return:  1.0000 Success:  0.35, D: 0.00 FPS:52.58
12:36:57.003 [INFO] (off_policy_trainer_carla.py:565) Total Episode:    22 Steps:    4025 Episode Steps:   203 Return:  1.0000 Success:  0.40, D: 0.00 FPS:52.34
12:37:00.924 [INFO] (off_policy_trainer_carla.py:565) Total Episode:    23 Steps:    4228 Episode Steps:   203 Return:  1.0000 Success:  0.45, D: 0.00 FPS:51.80
12:37:04.781 [INFO] (off_policy_trainer_carla.py:565) Total Episode:    24 Steps:    4433 Episode Steps:   205 Return:  1.0000 Success:  0.50, D: 0.00 FPS:53.19
12:37:08.885 [INFO] (off_policy_trainer_carla.py:565) Total Episode:    25 Steps:    4655 Episode Steps:   222 Return:  1.0000 Success:  0.55, D: 0.00 FPS:54.13
12:37:14.076 [INFO] (off_policy_trainer_carla.py:565) Total Episode:    26 Steps:    4957 Episode Steps:   302 Return:  0.0000 Success:  0.55, D: 0.00 FPS:58.21
12:39:39.893 [INFO] (off_policy_trainer_carla.py:565) Total Episode:    27 Steps:    5083 Episode Steps:   126 Return: -1.0000 Success:  0.50, D: 0.00 FPS: 0.86
12:40:15.143 [INFO] (off_policy_trainer_carla.py:565) Total Episode:    28 Steps:    5205 Episode Steps:   122 Return: -1.0000 Success:  0.45, D: 0.00 FPS: 3.46
12:41:06.934 [INFO] (off_policy_trainer_carla.py:565) Total Episode:    29 Steps:    5387 Episode Steps:   182 Return:  1.0000 Success:  0.50, D: 0.00 FPS: 3.51
12:42:32.898 [INFO] (off_policy_trainer_carla.py:565) Total Episode:    30 Steps:    5689 Episode Steps:   302 Return:  0.0000 Success:  0.50, D: 0.00 FPS: 3.51
12:43:32.929 [INFO] (off_policy_trainer_carla.py:565) Total Episode:    31 Steps:    5886 Episode Steps:   197 Return:  1.0000 Success:  0.50, D: 0.00 FPS: 3.28
12:44:29.975 [INFO] (off_policy_trainer_carla.py:565) Total Episode:    32 Steps:    6083 Episode Steps:   197 Return:  1.0000 Success:  0.55, D: 0.00 FPS: 3.45
12:45:33.616 [INFO] (off_policy_trainer_carla.py:565) Total Episode:    33 Steps:    6303 Episode Steps:   220 Return:  1.0000 Success:  0.60, D: 0.00 FPS: 3.46
12:46:05.503 [INFO] (off_policy_trainer_carla.py:565) Total Episode:    34 Steps:    6411 Episode Steps:   108 Return: -1.0000 Success:  0.60, D: 0.00 FPS: 3.39
12:47:32.982 [INFO] (off_policy_trainer_carla.py:565) Total Episode:    35 Steps:    6713 Episode Steps:   302 Return:  0.0000 Success:  0.60, D: 0.00 FPS: 3.45
12:48:36.353 [INFO] (off_policy_trainer_carla.py:565) Total Episode:    36 Steps:    6931 Episode Steps:   218 Return:  1.0000 Success:  0.60, D: 0.00 FPS: 3.44
12:49:31.424 [INFO] (off_policy_trainer_carla.py:565) Total Episode:    37 Steps:    7118 Episode Steps:   187 Return:  0.0000 Success:  0.55, D: 0.00 FPS: 3.40
12:51:00.050 [INFO] (off_policy_trainer_carla.py:565) Total Episode:    38 Steps:    7420 Episode Steps:   302 Return:  0.0000 Success:  0.55, D: 0.00 FPS: 3.41
12:52:27.515 [INFO] (off_policy_trainer_carla.py:565) Total Episode:    39 Steps:    7722 Episode Steps:   302 Return:  0.0000 Success:  0.50, D: 0.00 FPS: 3.45
12:53:28.496 [INFO] (off_policy_trainer_carla.py:565) Total Episode:    40 Steps:    7931 Episode Steps:   209 Return:  1.0000 Success:  0.55, D: 0.00 FPS: 3.43
12:54:36.036 [INFO] (off_policy_trainer_carla.py:565) Total Episode:    41 Steps:    8164 Episode Steps:   233 Return:  1.0000 Success:  0.55, D: 0.00 FPS: 3.45
12:55:44.695 [INFO] (off_policy_trainer_carla.py:565) Total Episode:    42 Steps:    8396 Episode Steps:   232 Return:  1.0000 Success:  0.55, D: 0.00 FPS: 3.38
12:56:41.222 [INFO] (off_policy_trainer_carla.py:565) Total Episode:    43 Steps:    8591 Episode Steps:   195 Return:  1.0000 Success:  0.55, D: 0.00 FPS: 3.45
12:57:17.348 [INFO] (off_policy_trainer_carla.py:565) Total Episode:    44 Steps:    8715 Episode Steps:   124 Return: -1.0000 Success:  0.50, D: 0.00 FPS: 3.43
12:57:52.959 [INFO] (off_policy_trainer_carla.py:565) Total Episode:    45 Steps:    8834 Episode Steps:   119 Return: -1.0000 Success:  0.45, D: 0.00 FPS: 3.34
12:58:56.263 [INFO] (off_policy_trainer_carla.py:565) Total Episode:    46 Steps:    9052 Episode Steps:   218 Return:  1.0000 Success:  0.50, D: 0.00 FPS: 3.44
13:00:23.226 [INFO] (off_policy_trainer_carla.py:565) Total Episode:    47 Steps:    9354 Episode Steps:   302 Return:  0.0000 Success:  0.50, D: 0.00 FPS: 3.47
13:01:24.177 [INFO] (off_policy_trainer_carla.py:565) Total Episode:    48 Steps:    9560 Episode Steps:   206 Return:  1.0000 Success:  0.55, D: 0.00 FPS: 3.38
13:02:28.090 [INFO] (off_policy_trainer_carla.py:565) Total Episode:    49 Steps:    9780 Episode Steps:   220 Return:  1.0000 Success:  0.55, D: 0.00 FPS: 3.44
13:03:10.626 [INFO] (off_policy_trainer_carla.py:565) Total Episode:    50 Steps:    9925 Episode Steps:   145 Return: -1.0000 Success:  0.55, D: 0.00 FPS: 3.41
13:03:45.997 [INFO] (off_policy_trainer_carla.py:565) Total Episode:    51 Steps:   10045 Episode Steps:   120 Return: -1.0000 Success:  0.50, D: 0.00 FPS: 3.39
13:04:33.863 [INFO] (off_policy_trainer_carla.py:565) Total Episode:    52 Steps:   10209 Episode Steps:   164 Return:  0.0000 Success:  0.45, D: 0.00 FPS: 3.43
13:05:41.971 [INFO] (off_policy_trainer_carla.py:565) Total Episode:    53 Steps:   10445 Episode Steps:   236 Return:  0.0000 Success:  0.40, D: 0.00 FPS: 3.47
13:06:36.566 [INFO] (off_policy_trainer_carla.py:565) Total Episode:    54 Steps:   10634 Episode Steps:   189 Return:  1.0000 Success:  0.45, D: 0.00 FPS: 3.46
13:07:14.266 [INFO] (off_policy_trainer_carla.py:565) Total Episode:    55 Steps:   10762 Episode Steps:   128 Return: -1.0000 Success:  0.45, D: 0.00 FPS: 3.40
13:07:57.744 [INFO] (off_policy_trainer_carla.py:565) Total Episode:    56 Steps:   10912 Episode Steps:   150 Return: -1.0000 Success:  0.40, D: 0.00 FPS: 3.45
13:08:56.268 [INFO] (off_policy_trainer_carla.py:565) Total Episode:    57 Steps:   11116 Episode Steps:   204 Return:  1.0000 Success:  0.45, D: 0.00 FPS: 3.49
13:09:40.289 [INFO] (off_policy_trainer_carla.py:565) Total Episode:    58 Steps:   11262 Episode Steps:   146 Return:  0.0000 Success:  0.45, D: 0.00 FPS: 3.32
13:10:41.405 [INFO] (off_policy_trainer_carla.py:565) Total Episode:    59 Steps:   11463 Episode Steps:   201 Return:  1.0000 Success:  0.50, D: 0.00 FPS: 3.29
13:11:26.073 [INFO] (off_policy_trainer_carla.py:565) Total Episode:    60 Steps:   11615 Episode Steps:   152 Return:  0.0000 Success:  0.45, D: 0.00 FPS: 3.40
13:12:23.890 [INFO] (off_policy_trainer_carla.py:565) Total Episode:    61 Steps:   11816 Episode Steps:   201 Return:  1.0000 Success:  0.45, D: 0.00 FPS: 3.48
13:13:20.432 [INFO] (off_policy_trainer_carla.py:565) Total Episode:    62 Steps:   12013 Episode Steps:   197 Return:  1.0000 Success:  0.45, D: 0.00 FPS: 3.48
13:14:17.121 [INFO] (off_policy_trainer_carla.py:565) Total Episode:    63 Steps:   12209 Episode Steps:   196 Return: -1.0000 Success:  0.40, D: 0.00 FPS: 3.46
13:15:43.790 [INFO] (off_policy_trainer_carla.py:565) Total Episode:    64 Steps:   12511 Episode Steps:   302 Return:  0.0000 Success:  0.40, D: 0.00 FPS: 3.48
13:16:35.656 [INFO] (off_policy_trainer_carla.py:565) Total Episode:    65 Steps:   12691 Episode Steps:   180 Return:  0.0000 Success:  0.40, D: 0.00 FPS: 3.47
13:17:16.982 [INFO] (off_policy_trainer_carla.py:565) Total Episode:    66 Steps:   12834 Episode Steps:   143 Return:  0.0000 Success:  0.35, D: 0.00 FPS: 3.46
13:18:25.218 [INFO] (off_policy_trainer_carla.py:565) Total Episode:    67 Steps:   13066 Episode Steps:   232 Return:  1.0000 Success:  0.40, D: 0.00 FPS: 3.40
13:19:27.896 [INFO] (off_policy_trainer_carla.py:565) Total Episode:    68 Steps:   13282 Episode Steps:   216 Return:  1.0000 Success:  0.40, D: 0.00 FPS: 3.45
13:20:33.753 [INFO] (off_policy_trainer_carla.py:565) Total Episode:    69 Steps:   13510 Episode Steps:   228 Return:  1.0000 Success:  0.40, D: 0.00 FPS: 3.46
13:21:14.682 [INFO] (off_policy_trainer_carla.py:565) Total Episode:    70 Steps:   13651 Episode Steps:   141 Return: -1.0000 Success:  0.40, D: 0.00 FPS: 3.45
13:21:57.716 [INFO] (off_policy_trainer_carla.py:565) Total Episode:    71 Steps:   13799 Episode Steps:   148 Return: -1.0000 Success:  0.40, D: 0.00 FPS: 3.44
13:22:47.154 [INFO] (off_policy_trainer_carla.py:565) Total Episode:    72 Steps:   13970 Episode Steps:   171 Return:  0.0000 Success:  0.40, D: 0.00 FPS: 3.46
13:23:50.619 [INFO] (off_policy_trainer_carla.py:565) Total Episode:    73 Steps:   14191 Episode Steps:   221 Return:  1.0000 Success:  0.45, D: 0.00 FPS: 3.48
13:25:17.160 [INFO] (off_policy_trainer_carla.py:565) Total Episode:    74 Steps:   14493 Episode Steps:   302 Return:  0.0000 Success:  0.40, D: 0.00 FPS: 3.49
13:26:17.877 [INFO] (off_policy_trainer_carla.py:565) Total Episode:    75 Steps:   14705 Episode Steps:   212 Return:  1.0000 Success:  0.45, D: 0.00 FPS: 3.49
13:27:12.319 [INFO] (off_policy_trainer_carla.py:565) Total Episode:    76 Steps:   14893 Episode Steps:   188 Return: -1.0000 Success:  0.45, D: 0.00 FPS: 3.45
13:28:38.824 [INFO] (off_policy_trainer_carla.py:565) Total Episode:    77 Steps:   15195 Episode Steps:   302 Return:  0.0000 Success:  0.40, D: 0.00 FPS: 3.49
13:29:37.915 [INFO] (off_policy_trainer_carla.py:565) Total Episode:    78 Steps:   15395 Episode Steps:   200 Return:  1.0000 Success:  0.45, D: 0.00 FPS: 3.38
13:30:26.345 [INFO] (off_policy_trainer_carla.py:565) Total Episode:    79 Steps:   15560 Episode Steps:   165 Return:  0.0000 Success:  0.40, D: 0.00 FPS: 3.41
13:31:09.648 [INFO] (off_policy_trainer_carla.py:565) Total Episode:    80 Steps:   15705 Episode Steps:   145 Return:  0.0000 Success:  0.40, D: 0.00 FPS: 3.35
13:31:37.835 [INFO] (off_policy_trainer_carla.py:565) Total Episode:    81 Steps:   15801 Episode Steps:    96 Return: -1.0000 Success:  0.35, D: 0.00 FPS: 3.41
13:33:04.394 [INFO] (off_policy_trainer_carla.py:565) Total Episode:    82 Steps:   16103 Episode Steps:   302 Return:  0.0000 Success:  0.30, D: 0.00 FPS: 3.49
13:34:03.508 [INFO] (off_policy_trainer_carla.py:565) Total Episode:    83 Steps:   16309 Episode Steps:   206 Return:  1.0000 Success:  0.35, D: 0.00 FPS: 3.48
13:35:09.910 [INFO] (off_policy_trainer_carla.py:565) Total Episode:    84 Steps:   16537 Episode Steps:   228 Return:  1.0000 Success:  0.40, D: 0.00 FPS: 3.43
13:35:43.365 [INFO] (off_policy_trainer_carla.py:565) Total Episode:    85 Steps:   16649 Episode Steps:   112 Return: -1.0000 Success:  0.40, D: 0.00 FPS: 3.35
13:36:17.495 [INFO] (off_policy_trainer_carla.py:565) Total Episode:    86 Steps:   16765 Episode Steps:   116 Return: -1.0000 Success:  0.40, D: 0.00 FPS: 3.40
13:37:18.423 [INFO] (off_policy_trainer_carla.py:565) Total Episode:    87 Steps:   16971 Episode Steps:   206 Return: -1.0000 Success:  0.35, D: 0.00 FPS: 3.38
13:38:27.258 [INFO] (off_policy_trainer_carla.py:565) Total Episode:    88 Steps:   17204 Episode Steps:   233 Return:  1.0000 Success:  0.35, D: 0.00 FPS: 3.39
13:39:10.076 [INFO] (off_policy_trainer_carla.py:565) Total Episode:    89 Steps:   17351 Episode Steps:   147 Return: -1.0000 Success:  0.30, D: 0.00 FPS: 3.43
13:40:09.351 [INFO] (off_policy_trainer_carla.py:565) Total Episode:    90 Steps:   17549 Episode Steps:   198 Return:  1.0000 Success:  0.35, D: 0.00 FPS: 3.34
13:40:45.559 [INFO] (off_policy_trainer_carla.py:565) Total Episode:    91 Steps:   17668 Episode Steps:   119 Return: -1.0000 Success:  0.35, D: 0.00 FPS: 3.29
13:42:12.287 [INFO] (off_policy_trainer_carla.py:565) Total Episode:    92 Steps:   17970 Episode Steps:   302 Return:  0.0000 Success:  0.35, D: 0.00 FPS: 3.48
13:43:38.642 [INFO] (off_policy_trainer_carla.py:565) Total Episode:    93 Steps:   18272 Episode Steps:   302 Return:  0.0000 Success:  0.30, D: 0.00 FPS: 3.50
13:44:38.411 [INFO] (off_policy_trainer_carla.py:565) Total Episode:    94 Steps:   18481 Episode Steps:   209 Return:  1.0000 Success:  0.35, D: 0.00 FPS: 3.50
13:45:37.956 [INFO] (off_policy_trainer_carla.py:565) Total Episode:    95 Steps:   18690 Episode Steps:   209 Return:  1.0000 Success:  0.35, D: 0.00 FPS: 3.51
13:46:40.691 [INFO] (off_policy_trainer_carla.py:565) Total Episode:    96 Steps:   18910 Episode Steps:   220 Return:  1.0000 Success:  0.40, D: 0.00 FPS: 3.51
13:47:16.032 [INFO] (off_policy_trainer_carla.py:565) Total Episode:    97 Steps:   19032 Episode Steps:   122 Return: -1.0000 Success:  0.40, D: 0.00 FPS: 3.45
13:47:59.959 [INFO] (off_policy_trainer_carla.py:565) Total Episode:    98 Steps:   19185 Episode Steps:   153 Return: -1.0000 Success:  0.35, D: 0.00 FPS: 3.48
13:48:56.053 [INFO] (off_policy_trainer_carla.py:565) Total Episode:    99 Steps:   19381 Episode Steps:   196 Return:  1.0000 Success:  0.40, D: 0.00 FPS: 3.49
13:50:21.643 [INFO] (off_policy_trainer_carla.py:565) Total Episode:   100 Steps:   19683 Episode Steps:   302 Return:  0.0000 Success:  0.40, D: 0.00 FPS: 3.53
13:51:21.297 [INFO] (off_policy_trainer_carla.py:565) Total Episode:   101 Steps:   19892 Episode Steps:   209 Return:  1.0000 Success:  0.45, D: 0.00 FPS: 3.50
13:52:03.881 [INFO] (off_policy_trainer_carla.py:565) Total Episode:   102 Steps:   20039 Episode Steps:   147 Return:  0.0000 Success:  0.45, D: 0.00 FPS: 3.45
13:52:48.449 [INFO] (off_policy_trainer_carla.py:565) Total Episode:   103 Steps:   20194 Episode Steps:   155 Return:  0.0000 Success:  0.40, D: 0.00 FPS: 3.48
13:53:22.919 [INFO] (off_policy_trainer_carla.py:565) Total Episode:   104 Steps:   20313 Episode Steps:   119 Return: -1.0000 Success:  0.35, D: 0.00 FPS: 3.45
13:53:53.648 [INFO] (off_policy_trainer_carla.py:565) Total Episode:   105 Steps:   20419 Episode Steps:   106 Return: -1.0000 Success:  0.35, D: 0.00 FPS: 3.45
13:54:28.067 [INFO] (off_policy_trainer_carla.py:565) Total Episode:   106 Steps:   20538 Episode Steps:   119 Return: -1.0000 Success:  0.35, D: 0.00 FPS: 3.46
13:55:26.985 [INFO] (off_policy_trainer_carla.py:565) Total Episode:   107 Steps:   20744 Episode Steps:   206 Return:  1.0000 Success:  0.40, D: 0.00 FPS: 3.50
13:56:00.791 [INFO] (off_policy_trainer_carla.py:565) Total Episode:   108 Steps:   20861 Episode Steps:   117 Return: -1.0000 Success:  0.35, D: 0.00 FPS: 3.46
13:56:59.839 [INFO] (off_policy_trainer_carla.py:565) Total Episode:   109 Steps:   21068 Episode Steps:   207 Return:  1.0000 Success:  0.40, D: 0.00 FPS: 3.51
13:58:25.291 [INFO] (off_policy_trainer_carla.py:565) Total Episode:   110 Steps:   21370 Episode Steps:   302 Return:  0.0000 Success:  0.35, D: 0.00 FPS: 3.53
13:59:11.594 [INFO] (off_policy_trainer_carla.py:565) Total Episode:   111 Steps:   21531 Episode Steps:   161 Return:  0.0000 Success:  0.35, D: 0.00 FPS: 3.48
13:59:45.082 [INFO] (off_policy_trainer_carla.py:565) Total Episode:   112 Steps:   21646 Episode Steps:   115 Return: -1.0000 Success:  0.35, D: 0.00 FPS: 3.43
14:01:10.761 [INFO] (off_policy_trainer_carla.py:565) Total Episode:   113 Steps:   21948 Episode Steps:   302 Return:  0.0000 Success:  0.35, D: 0.00 FPS: 3.52
14:02:07.352 [INFO] (off_policy_trainer_carla.py:565) Total Episode:   114 Steps:   22146 Episode Steps:   198 Return:  1.0000 Success:  0.35, D: 0.00 FPS: 3.50
14:03:00.135 [INFO] (off_policy_trainer_carla.py:565) Total Episode:   115 Steps:   22330 Episode Steps:   184 Return: -1.0000 Success:  0.30, D: 0.00 FPS: 3.49
14:03:43.583 [INFO] (off_policy_trainer_carla.py:565) Total Episode:   116 Steps:   22481 Episode Steps:   151 Return:  0.0000 Success:  0.25, D: 0.00 FPS: 3.48
14:04:24.455 [INFO] (off_policy_trainer_carla.py:565) Total Episode:   117 Steps:   22623 Episode Steps:   142 Return: -1.0000 Success:  0.25, D: 0.00 FPS: 3.47
14:05:11.537 [INFO] (off_policy_trainer_carla.py:565) Total Episode:   118 Steps:   22787 Episode Steps:   164 Return: -1.0000 Success:  0.25, D: 0.00 FPS: 3.48
14:06:05.624 [INFO] (off_policy_trainer_carla.py:565) Total Episode:   119 Steps:   22976 Episode Steps:   189 Return:  1.0000 Success:  0.25, D: 0.00 FPS: 3.49
14:07:31.039 [INFO] (off_policy_trainer_carla.py:565) Total Episode:   120 Steps:   23278 Episode Steps:   302 Return:  0.0000 Success:  0.25, D: 0.00 FPS: 3.54
14:08:02.069 [INFO] (off_policy_trainer_carla.py:565) Total Episode:   121 Steps:   23385 Episode Steps:   107 Return: -1.0000 Success:  0.20, D: 0.00 FPS: 3.45
14:09:04.620 [INFO] (off_policy_trainer_carla.py:565) Total Episode:   122 Steps:   23604 Episode Steps:   219 Return:  1.0000 Success:  0.25, D: 0.00 FPS: 3.50
14:10:05.715 [INFO] (off_policy_trainer_carla.py:565) Total Episode:   123 Steps:   23818 Episode Steps:   214 Return:  1.0000 Success:  0.30, D: 0.00 FPS: 3.50
14:11:08.101 [INFO] (off_policy_trainer_carla.py:565) Total Episode:   124 Steps:   24037 Episode Steps:   219 Return:  1.0000 Success:  0.35, D: 0.00 FPS: 3.51
14:11:39.080 [INFO] (off_policy_trainer_carla.py:565) Total Episode:   125 Steps:   24143 Episode Steps:   106 Return: -1.0000 Success:  0.35, D: 0.00 FPS: 3.42
14:13:04.606 [INFO] (off_policy_trainer_carla.py:565) Total Episode:   126 Steps:   24445 Episode Steps:   302 Return:  0.0000 Success:  0.35, D: 0.00 FPS: 3.53
14:14:09.433 [INFO] (off_policy_trainer_carla.py:565) Total Episode:   127 Steps:   24673 Episode Steps:   228 Return:  1.0000 Success:  0.35, D: 0.00 FPS: 3.52
14:15:07.557 [INFO] (off_policy_trainer_carla.py:565) Total Episode:   128 Steps:   24876 Episode Steps:   203 Return:  1.0000 Success:  0.40, D: 0.00 FPS: 3.49
14:16:08.213 [INFO] (off_policy_trainer_carla.py:565) Total Episode:   129 Steps:   25089 Episode Steps:   213 Return:  1.0000 Success:  0.40, D: 0.00 FPS: 3.51
14:16:50.943 [INFO] (off_policy_trainer_carla.py:565) Total Episode:   130 Steps:   25237 Episode Steps:   148 Return: -1.0000 Success:  0.40, D: 0.00 FPS: 3.46
14:17:29.297 [INFO] (off_policy_trainer_carla.py:565) Total Episode:   131 Steps:   25370 Episode Steps:   133 Return: -1.0000 Success:  0.40, D: 0.00 FPS: 3.47
14:18:04.750 [INFO] (off_policy_trainer_carla.py:565) Total Episode:   132 Steps:   25492 Episode Steps:   122 Return: -1.0000 Success:  0.40, D: 0.00 FPS: 3.44
14:19:13.924 [INFO] (off_policy_trainer_carla.py:565) Total Episode:   133 Steps:   25735 Episode Steps:   243 Return:  1.0000 Success:  0.45, D: 0.00 FPS: 3.51
14:20:10.509 [INFO] (off_policy_trainer_carla.py:565) Total Episode:   134 Steps:   25933 Episode Steps:   198 Return:  1.0000 Success:  0.45, D: 0.00 FPS: 3.50
14:21:04.405 [INFO] (off_policy_trainer_carla.py:565) Total Episode:   135 Steps:   26122 Episode Steps:   189 Return:  1.0000 Success:  0.50, D: 0.00 FPS: 3.51
14:21:51.887 [INFO] (off_policy_trainer_carla.py:565) Total Episode:   136 Steps:   26287 Episode Steps:   165 Return:  0.0000 Success:  0.50, D: 0.00 FPS: 3.48
14:22:49.368 [INFO] (off_policy_trainer_carla.py:565) Total Episode:   137 Steps:   26489 Episode Steps:   202 Return:  1.0000 Success:  0.55, D: 0.00 FPS: 3.51
14:23:49.401 [INFO] (off_policy_trainer_carla.py:565) Total Episode:   138 Steps:   26699 Episode Steps:   210 Return:  1.0000 Success:  0.60, D: 0.00 FPS: 3.50
14:24:17.989 [INFO] (off_policy_trainer_carla.py:565) Total Episode:   139 Steps:   26797 Episode Steps:    98 Return: -1.0000 Success:  0.55, D: 0.00 FPS: 3.43
14:24:58.133 [INFO] (off_policy_trainer_carla.py:565) Total Episode:   140 Steps:   26936 Episode Steps:   139 Return: -1.0000 Success:  0.55, D: 0.00 FPS: 3.46
14:25:57.085 [INFO] (off_policy_trainer_carla.py:565) Total Episode:   141 Steps:   27143 Episode Steps:   207 Return:  1.0000 Success:  0.60, D: 0.00 FPS: 3.51
14:27:22.588 [INFO] (off_policy_trainer_carla.py:565) Total Episode:   142 Steps:   27445 Episode Steps:   302 Return:  0.0000 Success:  0.55, D: 0.00 FPS: 3.53
14:28:19.639 [INFO] (off_policy_trainer_carla.py:565) Total Episode:   143 Steps:   27644 Episode Steps:   199 Return:  1.0000 Success:  0.55, D: 0.00 FPS: 3.49
14:29:18.029 [INFO] (off_policy_trainer_carla.py:565) Total Episode:   144 Steps:   27848 Episode Steps:   204 Return:  1.0000 Success:  0.55, D: 0.00 FPS: 3.49
14:30:43.874 [INFO] (off_policy_trainer_carla.py:565) Total Episode:   145 Steps:   28150 Episode Steps:   302 Return:  0.0000 Success:  0.55, D: 0.00 FPS: 3.52
14:31:13.596 [INFO] (off_policy_trainer_carla.py:565) Total Episode:   146 Steps:   28252 Episode Steps:   102 Return: -1.0000 Success:  0.55, D: 0.00 FPS: 3.43
14:32:01.660 [INFO] (off_policy_trainer_carla.py:565) Total Episode:   147 Steps:   28419 Episode Steps:   167 Return:  0.0000 Success:  0.50, D: 0.00 FPS: 3.47
14:33:01.681 [INFO] (off_policy_trainer_carla.py:565) Total Episode:   148 Steps:   28629 Episode Steps:   210 Return:  1.0000 Success:  0.50, D: 0.00 FPS: 3.50
14:34:03.151 [INFO] (off_policy_trainer_carla.py:565) Total Episode:   149 Steps:   28844 Episode Steps:   215 Return:  1.0000 Success:  0.50, D: 0.00 FPS: 3.50
14:35:03.317 [INFO] (off_policy_trainer_carla.py:565) Total Episode:   150 Steps:   29054 Episode Steps:   210 Return:  1.0000 Success:  0.55, D: 0.00 FPS: 3.49
14:36:29.178 [INFO] (off_policy_trainer_carla.py:565) Total Episode:   151 Steps:   29356 Episode Steps:   302 Return:  0.0000 Success:  0.55, D: 0.00 FPS: 3.52
14:37:21.413 [INFO] (off_policy_trainer_carla.py:565) Total Episode:   152 Steps:   29538 Episode Steps:   182 Return: -1.0000 Success:  0.55, D: 0.00 FPS: 3.48
14:38:26.733 [INFO] (off_policy_trainer_carla.py:565) Total Episode:   153 Steps:   29767 Episode Steps:   229 Return:  1.0000 Success:  0.55, D: 0.00 FPS: 3.51
14:39:53.788 [INFO] (off_policy_trainer_carla.py:565) Total Episode:   154 Steps:   30069 Episode Steps:   302 Return:  0.0000 Success:  0.50, D: 0.00 FPS: 3.47
14:40:54.767 [INFO] (off_policy_trainer_carla.py:565) Total Episode:   155 Steps:   30282 Episode Steps:   213 Return:  1.0000 Success:  0.50, D: 0.00 FPS: 3.49
14:42:20.695 [INFO] (off_policy_trainer_carla.py:565) Total Episode:   156 Steps:   30584 Episode Steps:   302 Return:  0.0000 Success:  0.50, D: 0.00 FPS: 3.51
14:43:46.726 [INFO] (off_policy_trainer_carla.py:565) Total Episode:   157 Steps:   30886 Episode Steps:   302 Return:  0.0000 Success:  0.45, D: 0.00 FPS: 3.51
14:44:52.088 [INFO] (off_policy_trainer_carla.py:565) Total Episode:   158 Steps:   31116 Episode Steps:   230 Return:  1.0000 Success:  0.45, D: 0.00 FPS: 3.52
14:45:35.315 [INFO] (off_policy_trainer_carla.py:565) Total Episode:   159 Steps:   31266 Episode Steps:   150 Return: -1.0000 Success:  0.45, D: 0.00 FPS: 3.47
14:46:16.912 [INFO] (off_policy_trainer_carla.py:565) Total Episode:   160 Steps:   31410 Episode Steps:   144 Return: -1.0000 Success:  0.45, D: 0.00 FPS: 3.46
14:47:16.245 [INFO] (off_policy_trainer_carla.py:565) Total Episode:   161 Steps:   31617 Episode Steps:   207 Return:  1.0000 Success:  0.45, D: 0.00 FPS: 3.49
14:48:21.824 [INFO] (off_policy_trainer_carla.py:565) Total Episode:   162 Steps:   31846 Episode Steps:   229 Return:  1.0000 Success:  0.50, D: 0.00 FPS: 3.49
14:48:54.803 [INFO] (off_policy_trainer_carla.py:565) Total Episode:   163 Steps:   31959 Episode Steps:   113 Return: -1.0000 Success:  0.45, D: 0.00 FPS: 3.43
14:49:28.537 [INFO] (off_policy_trainer_carla.py:565) Total Episode:   164 Steps:   32075 Episode Steps:   116 Return: -1.0000 Success:  0.40, D: 0.00 FPS: 3.44
14:50:45.471 [INFO] (off_policy_trainer_carla.py:565) Total Episode:   165 Steps:   32345 Episode Steps:   270 Return:  1.0000 Success:  0.45, D: 0.00 FPS: 3.51
14:51:48.998 [INFO] (off_policy_trainer_carla.py:565) Total Episode:   166 Steps:   32567 Episode Steps:   222 Return:  1.0000 Success:  0.50, D: 0.00 FPS: 3.49
14:52:37.002 [INFO] (off_policy_trainer_carla.py:565) Total Episode:   167 Steps:   32734 Episode Steps:   167 Return:  0.0000 Success:  0.50, D: 0.00 FPS: 3.48
14:54:02.776 [INFO] (off_policy_trainer_carla.py:565) Total Episode:   168 Steps:   33036 Episode Steps:   302 Return:  0.0000 Success:  0.45, D: 0.00 FPS: 3.52
14:54:36.911 [INFO] (off_policy_trainer_carla.py:565) Total Episode:   169 Steps:   33153 Episode Steps:   117 Return: -1.0000 Success:  0.40, D: 0.00 FPS: 3.43
14:55:22.634 [INFO] (off_policy_trainer_carla.py:565) Total Episode:   170 Steps:   33312 Episode Steps:   159 Return:  0.0000 Success:  0.35, D: 0.00 FPS: 3.48
14:56:04.447 [INFO] (off_policy_trainer_carla.py:565) Total Episode:   171 Steps:   33457 Episode Steps:   145 Return:  0.0000 Success:  0.35, D: 0.00 FPS: 3.47
14:57:08.697 [INFO] (off_policy_trainer_carla.py:565) Total Episode:   172 Steps:   33681 Episode Steps:   224 Return:  1.0000 Success:  0.40, D: 0.00 FPS: 3.49
14:58:13.150 [INFO] (off_policy_trainer_carla.py:565) Total Episode:   173 Steps:   33907 Episode Steps:   226 Return:  1.0000 Success:  0.40, D: 0.00 FPS: 3.51
14:58:50.218 [INFO] (off_policy_trainer_carla.py:565) Total Episode:   174 Steps:   34035 Episode Steps:   128 Return: -1.0000 Success:  0.40, D: 0.00 FPS: 3.45
14:59:20.272 [INFO] (off_policy_trainer_carla.py:565) Total Episode:   175 Steps:   34138 Episode Steps:   103 Return: -1.0000 Success:  0.35, D: 0.00 FPS: 3.43
14:59:58.473 [INFO] (off_policy_trainer_carla.py:565) Total Episode:   176 Steps:   34270 Episode Steps:   132 Return: -1.0000 Success:  0.35, D: 0.00 FPS: 3.46
15:00:35.246 [INFO] (off_policy_trainer_carla.py:565) Total Episode:   177 Steps:   34397 Episode Steps:   127 Return: -1.0000 Success:  0.35, D: 0.00 FPS: 3.45
15:02:00.840 [INFO] (off_policy_trainer_carla.py:565) Total Episode:   178 Steps:   34699 Episode Steps:   302 Return:  0.0000 Success:  0.30, D: 0.00 FPS: 3.53
15:03:26.368 [INFO] (off_policy_trainer_carla.py:565) Total Episode:   179 Steps:   35001 Episode Steps:   302 Return:  0.0000 Success:  0.30, D: 0.00 FPS: 3.53
15:04:27.675 [INFO] (off_policy_trainer_carla.py:565) Total Episode:   180 Steps:   35216 Episode Steps:   215 Return:  1.0000 Success:  0.35, D: 0.00 FPS: 3.51
15:05:53.450 [INFO] (off_policy_trainer_carla.py:565) Total Episode:   181 Steps:   35518 Episode Steps:   302 Return:  0.0000 Success:  0.30, D: 0.00 FPS: 3.52
15:06:45.983 [INFO] (off_policy_trainer_carla.py:565) Total Episode:   182 Steps:   35701 Episode Steps:   183 Return:  1.0000 Success:  0.30, D: 0.00 FPS: 3.48
15:08:11.460 [INFO] (off_policy_trainer_carla.py:565) Total Episode:   183 Steps:   36003 Episode Steps:   302 Return:  0.0000 Success:  0.30, D: 0.00 FPS: 3.53
15:08:44.487 [INFO] (off_policy_trainer_carla.py:565) Total Episode:   184 Steps:   36117 Episode Steps:   114 Return: -1.0000 Success:  0.30, D: 0.00 FPS: 3.45
15:10:10.145 [INFO] (off_policy_trainer_carla.py:565) Total Episode:   185 Steps:   36419 Episode Steps:   302 Return:  0.0000 Success:  0.25, D: 0.00 FPS: 3.53
15:10:49.451 [INFO] (off_policy_trainer_carla.py:565) Total Episode:   186 Steps:   36555 Episode Steps:   136 Return:  0.0000 Success:  0.20, D: 0.00 FPS: 3.46
15:11:34.917 [INFO] (off_policy_trainer_carla.py:565) Total Episode:   187 Steps:   36713 Episode Steps:   158 Return:  0.0000 Success:  0.20, D: 0.00 FPS: 3.48
15:12:18.397 [INFO] (off_policy_trainer_carla.py:565) Total Episode:   188 Steps:   36864 Episode Steps:   151 Return: -1.0000 Success:  0.20, D: 0.00 FPS: 3.47
15:13:11.616 [INFO] (off_policy_trainer_carla.py:565) Total Episode:   189 Steps:   37050 Episode Steps:   186 Return:  1.0000 Success:  0.25, D: 0.00 FPS: 3.50
15:13:38.583 [INFO] (off_policy_trainer_carla.py:565) Total Episode:   190 Steps:   37142 Episode Steps:    92 Return: -1.0000 Success:  0.25, D: 0.00 FPS: 3.41
15:14:40.898 [INFO] (off_policy_trainer_carla.py:565) Total Episode:   191 Steps:   37360 Episode Steps:   218 Return:  1.0000 Success:  0.30, D: 0.00 FPS: 3.50
15:15:16.143 [INFO] (off_policy_trainer_carla.py:565) Total Episode:   192 Steps:   37482 Episode Steps:   122 Return: -1.0000 Success:  0.25, D: 0.00 FPS: 3.46
15:16:19.760 [INFO] (off_policy_trainer_carla.py:565) Total Episode:   193 Steps:   37704 Episode Steps:   222 Return:  1.0000 Success:  0.25, D: 0.00 FPS: 3.49
15:17:45.550 [INFO] (off_policy_trainer_carla.py:565) Total Episode:   194 Steps:   38006 Episode Steps:   302 Return:  0.0000 Success:  0.25, D: 0.00 FPS: 3.52
15:18:47.155 [INFO] (off_policy_trainer_carla.py:565) Total Episode:   195 Steps:   38221 Episode Steps:   215 Return:  0.0000 Success:  0.25, D: 0.00 FPS: 3.49
15:20:13.003 [INFO] (off_policy_trainer_carla.py:565) Total Episode:   196 Steps:   38523 Episode Steps:   302 Return:  0.0000 Success:  0.25, D: 0.00 FPS: 3.52
15:21:05.831 [INFO] (off_policy_trainer_carla.py:565) Total Episode:   197 Steps:   38707 Episode Steps:   184 Return: -1.0000 Success:  0.25, D: 0.00 FPS: 3.48
15:21:43.328 [INFO] (off_policy_trainer_carla.py:565) Total Episode:   198 Steps:   38836 Episode Steps:   129 Return: -1.0000 Success:  0.25, D: 0.00 FPS: 3.44
15:22:42.230 [INFO] (off_policy_trainer_carla.py:565) Total Episode:   199 Steps:   39042 Episode Steps:   206 Return:  1.0000 Success:  0.30, D: 0.00 FPS: 3.50
15:23:50.199 [INFO] (off_policy_trainer_carla.py:565) Total Episode:   200 Steps:   39280 Episode Steps:   238 Return:  1.0000 Success:  0.30, D: 0.00 FPS: 3.50
15:25:16.078 [INFO] (off_policy_trainer_carla.py:565) Total Episode:   201 Steps:   39582 Episode Steps:   302 Return:  0.0000 Success:  0.30, D: 0.00 FPS: 3.52
15:26:18.106 [INFO] (off_policy_trainer_carla.py:565) Total Episode:   202 Steps:   39799 Episode Steps:   217 Return:  1.0000 Success:  0.30, D: 0.00 FPS: 3.50
15:27:17.629 [INFO] (off_policy_trainer_carla.py:565) Total Episode:   203 Steps:   40006 Episode Steps:   207 Return:  1.0000 Success:  0.35, D: 0.00 FPS: 3.48
15:28:12.577 [INFO] (off_policy_trainer_carla.py:565) Total Episode:   204 Steps:   40198 Episode Steps:   192 Return:  1.0000 Success:  0.40, D: 0.00 FPS: 3.49
15:28:46.876 [INFO] (off_policy_trainer_carla.py:565) Total Episode:   205 Steps:   40316 Episode Steps:   118 Return: -1.0000 Success:  0.40, D: 0.00 FPS: 3.44
15:29:23.161 [INFO] (off_policy_trainer_carla.py:565) Total Episode:   206 Steps:   40441 Episode Steps:   125 Return: -1.0000 Success:  0.40, D: 0.00 FPS: 3.45
15:30:15.154 [INFO] (off_policy_trainer_carla.py:565) Total Episode:   207 Steps:   40622 Episode Steps:   181 Return:  1.0000 Success:  0.45, D: 0.00 FPS: 3.48
15:31:13.026 [INFO] (off_policy_trainer_carla.py:565) Total Episode:   208 Steps:   40824 Episode Steps:   202 Return:  1.0000 Success:  0.50, D: 0.00 FPS: 3.49
15:32:38.725 [INFO] (off_policy_trainer_carla.py:565) Total Episode:   209 Steps:   41126 Episode Steps:   302 Return:  0.0000 Success:  0.45, D: 0.00 FPS: 3.52
15:33:48.607 [INFO] (off_policy_trainer_carla.py:565) Total Episode:   210 Steps:   41371 Episode Steps:   245 Return:  1.0000 Success:  0.50, D: 0.00 FPS: 3.51
15:34:20.399 [INFO] (off_policy_trainer_carla.py:565) Total Episode:   211 Steps:   41480 Episode Steps:   109 Return: -1.0000 Success:  0.45, D: 0.00 FPS: 3.43
15:35:02.046 [INFO] (off_policy_trainer_carla.py:565) Total Episode:   212 Steps:   41624 Episode Steps:   144 Return:  0.0000 Success:  0.45, D: 0.00 FPS: 3.46
15:36:00.132 [INFO] (off_policy_trainer_carla.py:565) Total Episode:   213 Steps:   41827 Episode Steps:   203 Return:  1.0000 Success:  0.45, D: 0.00 FPS: 3.49
15:37:02.845 [INFO] (off_policy_trainer_carla.py:565) Total Episode:   214 Steps:   42046 Episode Steps:   219 Return:  1.0000 Success:  0.50, D: 0.00 FPS: 3.49
15:37:49.754 [INFO] (off_policy_trainer_carla.py:565) Total Episode:   215 Steps:   42209 Episode Steps:   163 Return: -1.0000 Success:  0.50, D: 0.00 FPS: 3.48
15:39:15.676 [INFO] (off_policy_trainer_carla.py:565) Total Episode:   216 Steps:   42511 Episode Steps:   302 Return:  0.0000 Success:  0.50, D: 0.00 FPS: 3.51
15:40:41.303 [INFO] (off_policy_trainer_carla.py:565) Total Episode:   217 Steps:   42813 Episode Steps:   302 Return:  0.0000 Success:  0.50, D: 0.00 FPS: 3.53
15:41:38.496 [INFO] (off_policy_trainer_carla.py:565) Total Episode:   218 Steps:   43013 Episode Steps:   200 Return:  1.0000 Success:  0.55, D: 0.00 FPS: 3.50
15:42:37.757 [INFO] (off_policy_trainer_carla.py:565) Total Episode:   219 Steps:   43220 Episode Steps:   207 Return:  1.0000 Success:  0.55, D: 0.00 FPS: 3.49
15:44:03.255 [INFO] (off_policy_trainer_carla.py:565) Total Episode:   220 Steps:   43522 Episode Steps:   302 Return:  0.0000 Success:  0.50, D: 0.00 FPS: 3.53
15:45:29.489 [INFO] (off_policy_trainer_carla.py:565) Total Episode:   221 Steps:   43824 Episode Steps:   302 Return:  0.0000 Success:  0.50, D: 0.00 FPS: 3.50
15:46:27.451 [INFO] (off_policy_trainer_carla.py:565) Total Episode:   222 Steps:   44027 Episode Steps:   203 Return:  1.0000 Success:  0.50, D: 0.00 FPS: 3.50
15:47:11.645 [INFO] (off_policy_trainer_carla.py:565) Total Episode:   223 Steps:   44180 Episode Steps:   153 Return:  0.0000 Success:  0.45, D: 0.00 FPS: 3.46
15:48:37.329 [INFO] (off_policy_trainer_carla.py:565) Total Episode:   224 Steps:   44482 Episode Steps:   302 Return:  0.0000 Success:  0.40, D: 0.00 FPS: 3.52
15:50:03.069 [INFO] (off_policy_trainer_carla.py:565) Total Episode:   225 Steps:   44784 Episode Steps:   302 Return:  0.0000 Success:  0.40, D: 0.00 FPS: 3.52
15:50:40.109 [INFO] (off_policy_trainer_carla.py:565) Total Episode:   226 Steps:   44912 Episode Steps:   128 Return: -1.0000 Success:  0.40, D: 0.00 FPS: 3.46
15:51:26.542 [INFO] (off_policy_trainer_carla.py:565) Total Episode:   227 Steps:   45074 Episode Steps:   162 Return: -1.0000 Success:  0.35, D: 0.00 FPS: 3.49
15:52:18.817 [INFO] (off_policy_trainer_carla.py:565) Total Episode:   228 Steps:   45256 Episode Steps:   182 Return:  0.0000 Success:  0.30, D: 0.00 FPS: 3.48
15:53:17.127 [INFO] (off_policy_trainer_carla.py:565) Total Episode:   229 Steps:   45461 Episode Steps:   205 Return:  1.0000 Success:  0.35, D: 0.00 FPS: 3.52
15:54:19.438 [INFO] (off_policy_trainer_carla.py:565) Total Episode:   230 Steps:   45680 Episode Steps:   219 Return:  1.0000 Success:  0.35, D: 0.00 FPS: 3.51
15:55:45.154 [INFO] (off_policy_trainer_carla.py:565) Total Episode:   231 Steps:   45982 Episode Steps:   302 Return:  0.0000 Success:  0.35, D: 0.00 FPS: 3.52
15:56:34.315 [INFO] (off_policy_trainer_carla.py:565) Total Episode:   232 Steps:   46153 Episode Steps:   171 Return:  1.0000 Success:  0.40, D: 0.00 FPS: 3.48
15:57:17.168 [INFO] (off_policy_trainer_carla.py:565) Total Episode:   233 Steps:   46302 Episode Steps:   149 Return:  0.0000 Success:  0.35, D: 0.00 FPS: 3.48
15:58:09.909 [INFO] (off_policy_trainer_carla.py:565) Total Episode:   234 Steps:   46487 Episode Steps:   185 Return:  1.0000 Success:  0.35, D: 0.00 FPS: 3.51
15:59:15.687 [INFO] (off_policy_trainer_carla.py:565) Total Episode:   235 Steps:   46718 Episode Steps:   231 Return:  1.0000 Success:  0.40, D: 0.00 FPS: 3.51
15:59:51.263 [INFO] (off_policy_trainer_carla.py:565) Total Episode:   236 Steps:   46840 Episode Steps:   122 Return: -1.0000 Success:  0.40, D: 0.00 FPS: 3.43
16:00:35.306 [INFO] (off_policy_trainer_carla.py:565) Total Episode:   237 Steps:   46993 Episode Steps:   153 Return:  1.0000 Success:  0.45, D: 0.00 FPS: 3.47
16:01:31.805 [INFO] (off_policy_trainer_carla.py:565) Total Episode:   238 Steps:   47188 Episode Steps:   195 Return:  1.0000 Success:  0.45, D: 0.00 FPS: 3.45
16:02:21.036 [INFO] (off_policy_trainer_carla.py:565) Total Episode:   239 Steps:   47359 Episode Steps:   171 Return:  1.0000 Success:  0.45, D: 0.00 FPS: 3.47
16:02:56.338 [INFO] (off_policy_trainer_carla.py:565) Total Episode:   240 Steps:   47481 Episode Steps:   122 Return: -1.0000 Success:  0.45, D: 0.00 FPS: 3.46
16:03:24.428 [INFO] (off_policy_trainer_carla.py:565) Total Episode:   241 Steps:   47577 Episode Steps:    96 Return: -1.0000 Success:  0.45, D: 0.00 FPS: 3.42
16:04:20.945 [INFO] (off_policy_trainer_carla.py:565) Total Episode:   242 Steps:   47768 Episode Steps:   191 Return:  1.0000 Success:  0.45, D: 0.00 FPS: 3.38
16:05:10.078 [INFO] (off_policy_trainer_carla.py:565) Total Episode:   243 Steps:   47934 Episode Steps:   166 Return:  1.0000 Success:  0.50, D: 0.00 FPS: 3.38
16:06:02.178 [INFO] (off_policy_trainer_carla.py:565) Total Episode:   244 Steps:   48111 Episode Steps:   177 Return:  1.0000 Success:  0.55, D: 0.00 FPS: 3.40
16:06:35.639 [INFO] (off_policy_trainer_carla.py:565) Total Episode:   245 Steps:   48225 Episode Steps:   114 Return: -1.0000 Success:  0.55, D: 0.00 FPS: 3.41
16:07:29.917 [INFO] (off_policy_trainer_carla.py:565) Total Episode:   246 Steps:   48413 Episode Steps:   188 Return:  1.0000 Success:  0.60, D: 0.00 FPS: 3.46
16:08:00.866 [INFO] (off_policy_trainer_carla.py:565) Total Episode:   247 Steps:   48519 Episode Steps:   106 Return: -1.0000 Success:  0.60, D: 0.00 FPS: 3.43
16:08:49.919 [INFO] (off_policy_trainer_carla.py:565) Total Episode:   248 Steps:   48689 Episode Steps:   170 Return:  1.0000 Success:  0.65, D: 0.00 FPS: 3.47
16:09:38.288 [INFO] (off_policy_trainer_carla.py:565) Total Episode:   249 Steps:   48844 Episode Steps:   155 Return: -1.0000 Success:  0.60, D: 0.00 FPS: 3.20
16:10:10.168 [INFO] (off_policy_trainer_carla.py:565) Total Episode:   250 Steps:   48953 Episode Steps:   109 Return: -1.0000 Success:  0.55, D: 0.00 FPS: 3.42
16:10:57.957 [INFO] (off_policy_trainer_carla.py:565) Total Episode:   251 Steps:   49114 Episode Steps:   161 Return:  0.0000 Success:  0.60, D: 0.00 FPS: 3.37
16:11:34.782 [INFO] (off_policy_trainer_carla.py:565) Total Episode:   252 Steps:   49233 Episode Steps:   119 Return: -1.0000 Success:  0.55, D: 0.00 FPS: 3.23
16:12:07.625 [INFO] (off_policy_trainer_carla.py:565) Total Episode:   253 Steps:   49345 Episode Steps:   112 Return: -1.0000 Success:  0.55, D: 0.00 FPS: 3.41
16:12:39.798 [INFO] (off_policy_trainer_carla.py:565) Total Episode:   254 Steps:   49455 Episode Steps:   110 Return: -1.0000 Success:  0.50, D: 0.00 FPS: 3.42
16:13:36.659 [INFO] (off_policy_trainer_carla.py:565) Total Episode:   255 Steps:   49651 Episode Steps:   196 Return:  0.0000 Success:  0.45, D: 0.00 FPS: 3.45
16:14:16.611 [INFO] (off_policy_trainer_carla.py:565) Total Episode:   256 Steps:   49775 Episode Steps:   124 Return: -1.0000 Success:  0.45, D: 0.00 FPS: 3.10
16:15:08.846 [INFO] (off_policy_trainer_carla.py:565) Total Episode:   257 Steps:   49956 Episode Steps:   181 Return:  1.0000 Success:  0.45, D: 0.00 FPS: 3.47
16:15:58.209 [INFO] (off_policy_trainer_carla.py:565) Total Episode:   258 Steps:   50126 Episode Steps:   170 Return: -1.0000 Success:  0.40, D: 0.00 FPS: 3.44
16:16:45.971 [INFO] (off_policy_trainer_carla.py:565) Total Episode:   259 Steps:   50290 Episode Steps:   164 Return:  1.0000 Success:  0.40, D: 0.00 FPS: 3.43
16:17:17.645 [INFO] (off_policy_trainer_carla.py:565) Total Episode:   260 Steps:   50388 Episode Steps:    98 Return: -1.0000 Success:  0.40, D: 0.00 FPS: 3.09
16:18:06.642 [INFO] (off_policy_trainer_carla.py:565) Total Episode:   261 Steps:   50554 Episode Steps:   166 Return:  1.0000 Success:  0.45, D: 0.00 FPS: 3.39
16:18:34.571 [INFO] (off_policy_trainer_carla.py:565) Total Episode:   262 Steps:   50649 Episode Steps:    95 Return: -1.0000 Success:  0.40, D: 0.00 FPS: 3.40
16:19:13.842 [INFO] (off_policy_trainer_carla.py:565) Total Episode:   263 Steps:   50784 Episode Steps:   135 Return: -1.0000 Success:  0.35, D: 0.00 FPS: 3.44
16:20:44.764 [INFO] (off_policy_trainer_carla.py:565) Total Episode:   264 Steps:   51086 Episode Steps:   302 Return:  0.0000 Success:  0.30, D: 0.00 FPS: 3.32
16:21:13.745 [INFO] (off_policy_trainer_carla.py:565) Total Episode:   265 Steps:   51182 Episode Steps:    96 Return: -1.0000 Success:  0.30, D: 0.00 FPS: 3.31
16:21:53.456 [INFO] (off_policy_trainer_carla.py:565) Total Episode:   266 Steps:   51310 Episode Steps:   128 Return: -1.0000 Success:  0.25, D: 0.00 FPS: 3.22
16:22:32.336 [INFO] (off_policy_trainer_carla.py:565) Total Episode:   267 Steps:   51435 Episode Steps:   125 Return: -1.0000 Success:  0.25, D: 0.00 FPS: 3.22
16:23:18.329 [INFO] (off_policy_trainer_carla.py:565) Total Episode:   268 Steps:   51594 Episode Steps:   159 Return:  1.0000 Success:  0.25, D: 0.00 FPS: 3.46
16:24:05.812 [INFO] (off_policy_trainer_carla.py:565) Total Episode:   269 Steps:   51757 Episode Steps:   163 Return:  1.0000 Success:  0.30, D: 0.00 FPS: 3.43
16:24:46.340 [INFO] (off_policy_trainer_carla.py:565) Total Episode:   270 Steps:   51897 Episode Steps:   140 Return: -1.0000 Success:  0.30, D: 0.00 FPS: 3.45
16:26:14.098 [INFO] (off_policy_trainer_carla.py:565) Total Episode:   271 Steps:   52199 Episode Steps:   302 Return:  0.0000 Success:  0.25, D: 0.00 FPS: 3.44
16:27:05.235 [INFO] (off_policy_trainer_carla.py:565) Total Episode:   272 Steps:   52370 Episode Steps:   171 Return: -1.0000 Success:  0.25, D: 0.00 FPS: 3.34
16:27:54.326 [INFO] (off_policy_trainer_carla.py:565) Total Episode:   273 Steps:   52539 Episode Steps:   169 Return:  1.0000 Success:  0.30, D: 0.00 FPS: 3.44
16:28:52.747 [INFO] (off_policy_trainer_carla.py:565) Total Episode:   274 Steps:   52737 Episode Steps:   198 Return:  1.0000 Success:  0.35, D: 0.00 FPS: 3.39
16:29:25.530 [INFO] (off_policy_trainer_carla.py:565) Total Episode:   275 Steps:   52849 Episode Steps:   112 Return: -1.0000 Success:  0.35, D: 0.00 FPS: 3.42
16:29:56.443 [INFO] (off_policy_trainer_carla.py:565) Total Episode:   276 Steps:   52953 Episode Steps:   104 Return: -1.0000 Success:  0.35, D: 0.00 FPS: 3.36
16:31:03.300 [INFO] (off_policy_trainer_carla.py:565) Total Episode:   277 Steps:   53184 Episode Steps:   231 Return:  1.0000 Success:  0.35, D: 0.00 FPS: 3.46
16:32:12.689 [INFO] (off_policy_trainer_carla.py:565) Total Episode:   278 Steps:   53419 Episode Steps:   235 Return:  1.0000 Success:  0.40, D: 0.00 FPS: 3.39
16:33:03.211 [INFO] (off_policy_trainer_carla.py:565) Total Episode:   279 Steps:   53590 Episode Steps:   171 Return:  1.0000 Success:  0.40, D: 0.00 FPS: 3.38
16:34:17.469 [INFO] (off_policy_trainer_carla.py:565) Total Episode:   280 Steps:   53824 Episode Steps:   234 Return:  1.0000 Success:  0.45, D: 0.00 FPS: 3.15
16:35:28.557 [INFO] (off_policy_trainer_carla.py:565) Total Episode:   281 Steps:   53964 Episode Steps:   140 Return: -1.0000 Success:  0.40, D: 0.00 FPS: 1.97
16:36:42.829 [INFO] (off_policy_trainer_carla.py:565) Total Episode:   282 Steps:   54179 Episode Steps:   215 Return:  1.0000 Success:  0.45, D: 0.00 FPS: 2.90
16:37:37.892 [INFO] (off_policy_trainer_carla.py:565) Total Episode:   283 Steps:   54331 Episode Steps:   152 Return: -1.0000 Success:  0.45, D: 0.00 FPS: 2.76
16:38:21.924 [INFO] (off_policy_trainer_carla.py:565) Total Episode:   284 Steps:   54444 Episode Steps:   113 Return: -1.0000 Success:  0.45, D: 0.00 FPS: 2.57
16:39:26.712 [INFO] (off_policy_trainer_carla.py:565) Total Episode:   285 Steps:   54616 Episode Steps:   172 Return:  1.0000 Success:  0.50, D: 0.00 FPS: 2.66
16:41:14.722 [INFO] (off_policy_trainer_carla.py:565) Total Episode:   286 Steps:   54905 Episode Steps:   289 Return:  1.0000 Success:  0.55, D: 0.00 FPS: 2.68
16:42:56.973 [INFO] (off_policy_trainer_carla.py:565) Total Episode:   287 Steps:   55174 Episode Steps:   269 Return:  1.0000 Success:  0.60, D: 0.00 FPS: 2.63
16:44:27.544 [INFO] (off_policy_trainer_carla.py:565) Total Episode:   288 Steps:   55411 Episode Steps:   237 Return:  1.0000 Success:  0.60, D: 0.00 FPS: 2.62
16:45:37.013 [INFO] (off_policy_trainer_carla.py:565) Total Episode:   289 Steps:   55590 Episode Steps:   179 Return: -1.0000 Success:  0.55, D: 0.00 FPS: 2.58
16:46:24.873 [INFO] (off_policy_trainer_carla.py:565) Total Episode:   290 Steps:   55712 Episode Steps:   122 Return: -1.0000 Success:  0.55, D: 0.00 FPS: 2.55
16:47:44.713 [INFO] (off_policy_trainer_carla.py:565) Total Episode:   291 Steps:   55922 Episode Steps:   210 Return:  1.0000 Success:  0.60, D: 0.00 FPS: 2.63
16:49:14.313 [INFO] (off_policy_trainer_carla.py:565) Total Episode:   292 Steps:   56162 Episode Steps:   240 Return:  1.0000 Success:  0.65, D: 0.00 FPS: 2.68
16:50:59.811 [INFO] (off_policy_trainer_carla.py:565) Total Episode:   293 Steps:   56446 Episode Steps:   284 Return:  1.0000 Success:  0.65, D: 0.00 FPS: 2.69
16:52:34.625 [INFO] (off_policy_trainer_carla.py:565) Total Episode:   294 Steps:   56702 Episode Steps:   256 Return:  1.0000 Success:  0.65, D: 0.00 FPS: 2.70
16:54:00.586 [INFO] (off_policy_trainer_carla.py:565) Total Episode:   295 Steps:   56934 Episode Steps:   232 Return:  1.0000 Success:  0.70, D: 0.00 FPS: 2.70
16:54:46.092 [INFO] (off_policy_trainer_carla.py:565) Total Episode:   296 Steps:   57055 Episode Steps:   121 Return: -1.0000 Success:  0.70, D: 0.00 FPS: 2.66
16:55:39.737 [INFO] (off_policy_trainer_carla.py:565) Total Episode:   297 Steps:   57198 Episode Steps:   143 Return: -1.0000 Success:  0.65, D: 0.00 FPS: 2.67
16:57:01.913 [INFO] (off_policy_trainer_carla.py:565) Total Episode:   298 Steps:   57419 Episode Steps:   221 Return:  1.0000 Success:  0.65, D: 0.00 FPS: 2.69
16:58:21.169 [INFO] (off_policy_trainer_carla.py:565) Total Episode:   299 Steps:   57632 Episode Steps:   213 Return:  1.0000 Success:  0.65, D: 0.00 FPS: 2.69
16:59:03.282 [INFO] (off_policy_trainer_carla.py:565) Total Episode:   300 Steps:   57744 Episode Steps:   112 Return: -1.0000 Success:  0.60, D: 0.00 FPS: 2.66
17:00:00.107 [INFO] (off_policy_trainer_carla.py:565) Total Episode:   301 Steps:   57896 Episode Steps:   152 Return: -1.0000 Success:  0.60, D: 0.00 FPS: 2.68
17:01:04.549 [INFO] (off_policy_trainer_carla.py:565) Total Episode:   302 Steps:   58069 Episode Steps:   173 Return:  1.0000 Success:  0.60, D: 0.00 FPS: 2.68
17:02:15.691 [INFO] (off_policy_trainer_carla.py:565) Total Episode:   303 Steps:   58260 Episode Steps:   191 Return:  1.0000 Success:  0.65, D: 0.00 FPS: 2.69
17:04:03.310 [INFO] (off_policy_trainer_carla.py:565) Total Episode:   304 Steps:   58551 Episode Steps:   291 Return:  0.0000 Success:  0.65, D: 0.00 FPS: 2.70
17:05:26.139 [INFO] (off_policy_trainer_carla.py:565) Total Episode:   305 Steps:   58774 Episode Steps:   223 Return:  0.0000 Success:  0.60, D: 0.00 FPS: 2.69
17:06:52.642 [INFO] (off_policy_trainer_carla.py:565) Total Episode:   306 Steps:   59006 Episode Steps:   232 Return:  1.0000 Success:  0.60, D: 0.00 FPS: 2.68
17:08:07.764 [INFO] (off_policy_trainer_carla.py:565) Total Episode:   307 Steps:   59208 Episode Steps:   202 Return:  0.0000 Success:  0.55, D: 0.00 FPS: 2.69
17:09:23.884 [INFO] (off_policy_trainer_carla.py:565) Total Episode:   308 Steps:   59413 Episode Steps:   205 Return:  0.0000 Success:  0.50, D: 0.00 FPS: 2.69
17:10:10.594 [INFO] (off_policy_trainer_carla.py:565) Total Episode:   309 Steps:   59537 Episode Steps:   124 Return: -1.0000 Success:  0.50, D: 0.00 FPS: 2.65
17:11:37.460 [INFO] (off_policy_trainer_carla.py:565) Total Episode:   310 Steps:   59771 Episode Steps:   234 Return:  0.0000 Success:  0.50, D: 0.00 FPS: 2.69
17:12:59.648 [INFO] (off_policy_trainer_carla.py:565) Total Episode:   311 Steps:   59992 Episode Steps:   221 Return:  1.0000 Success:  0.50, D: 0.00 FPS: 2.69
17:13:48.967 [INFO] (off_policy_trainer_carla.py:565) Total Episode:   312 Steps:   60120 Episode Steps:   128 Return: -1.0000 Success:  0.45, D: 0.00 FPS: 2.60
17:14:54.398 [INFO] (off_policy_trainer_carla.py:565) Total Episode:   313 Steps:   60292 Episode Steps:   172 Return:  1.0000 Success:  0.45, D: 0.00 FPS: 2.63
17:16:07.377 [INFO] (off_policy_trainer_carla.py:565) Total Episode:   314 Steps:   60484 Episode Steps:   192 Return:  1.0000 Success:  0.45, D: 0.00 FPS: 2.63
17:18:01.536 [INFO] (off_policy_trainer_carla.py:565) Total Episode:   315 Steps:   60786 Episode Steps:   302 Return:  0.0000 Success:  0.40, D: 0.00 FPS: 2.65
17:19:13.754 [INFO] (off_policy_trainer_carla.py:565) Total Episode:   316 Steps:   60976 Episode Steps:   190 Return:  0.0000 Success:  0.40, D: 0.00 FPS: 2.63
17:20:07.464 [INFO] (off_policy_trainer_carla.py:565) Total Episode:   317 Steps:   61117 Episode Steps:   141 Return: -1.0000 Success:  0.40, D: 0.00 FPS: 2.63
17:21:22.886 [INFO] (off_policy_trainer_carla.py:565) Total Episode:   318 Steps:   61316 Episode Steps:   199 Return:  0.0000 Success:  0.35, D: 0.00 FPS: 2.64
17:22:34.396 [INFO] (off_policy_trainer_carla.py:565) Total Episode:   319 Steps:   61505 Episode Steps:   189 Return:  1.0000 Success:  0.35, D: 0.00 FPS: 2.64
17:23:24.267 [INFO] (off_policy_trainer_carla.py:565) Total Episode:   320 Steps:   61635 Episode Steps:   130 Return: -1.0000 Success:  0.35, D: 0.00 FPS: 2.61
17:24:36.751 [INFO] (off_policy_trainer_carla.py:565) Total Episode:   321 Steps:   61827 Episode Steps:   192 Return:  0.0000 Success:  0.35, D: 0.00 FPS: 2.65
17:25:48.094 [INFO] (off_policy_trainer_carla.py:565) Total Episode:   322 Steps:   62015 Episode Steps:   188 Return:  0.0000 Success:  0.30, D: 0.00 FPS: 2.64
17:26:35.649 [INFO] (off_policy_trainer_carla.py:565) Total Episode:   323 Steps:   62140 Episode Steps:   125 Return: -1.0000 Success:  0.25, D: 0.00 FPS: 2.63
17:28:00.742 [INFO] (off_policy_trainer_carla.py:565) Total Episode:   324 Steps:   62365 Episode Steps:   225 Return:  1.0000 Success:  0.30, D: 0.00 FPS: 2.64
17:29:10.147 [INFO] (off_policy_trainer_carla.py:565) Total Episode:   325 Steps:   62548 Episode Steps:   183 Return:  0.0000 Success:  0.30, D: 0.00 FPS: 2.64
17:30:39.566 [INFO] (off_policy_trainer_carla.py:565) Total Episode:   326 Steps:   62780 Episode Steps:   232 Return:  0.0000 Success:  0.25, D: 0.00 FPS: 2.59
17:31:27.625 [INFO] (off_policy_trainer_carla.py:565) Total Episode:   327 Steps:   62906 Episode Steps:   126 Return: -1.0000 Success:  0.25, D: 0.00 FPS: 2.62
17:32:45.692 [INFO] (off_policy_trainer_carla.py:565) Total Episode:   328 Steps:   63113 Episode Steps:   207 Return:  1.0000 Success:  0.30, D: 0.00 FPS: 2.65
17:33:36.879 [INFO] (off_policy_trainer_carla.py:565) Total Episode:   329 Steps:   63247 Episode Steps:   134 Return: -1.0000 Success:  0.30, D: 0.00 FPS: 2.62
17:34:54.842 [INFO] (off_policy_trainer_carla.py:565) Total Episode:   330 Steps:   63453 Episode Steps:   206 Return:  1.0000 Success:  0.35, D: 0.00 FPS: 2.64
17:36:21.992 [INFO] (off_policy_trainer_carla.py:565) Total Episode:   331 Steps:   63683 Episode Steps:   230 Return:  1.0000 Success:  0.35, D: 0.00 FPS: 2.64
17:37:41.606 [INFO] (off_policy_trainer_carla.py:565) Total Episode:   332 Steps:   63893 Episode Steps:   210 Return:  1.0000 Success:  0.40, D: 0.00 FPS: 2.64
17:38:53.330 [INFO] (off_policy_trainer_carla.py:565) Total Episode:   333 Steps:   64082 Episode Steps:   189 Return:  1.0000 Success:  0.40, D: 0.00 FPS: 2.64
17:40:31.352 [INFO] (off_policy_trainer_carla.py:565) Total Episode:   334 Steps:   64341 Episode Steps:   259 Return:  1.0000 Success:  0.40, D: 0.00 FPS: 2.64
17:41:43.839 [INFO] (off_policy_trainer_carla.py:565) Total Episode:   335 Steps:   64532 Episode Steps:   191 Return:  1.0000 Success:  0.45, D: 0.00 FPS: 2.64
17:42:46.457 [INFO] (off_policy_trainer_carla.py:565) Total Episode:   336 Steps:   64696 Episode Steps:   164 Return:  0.0000 Success:  0.45, D: 0.00 FPS: 2.62
17:44:17.271 [INFO] (off_policy_trainer_carla.py:565) Total Episode:   337 Steps:   64935 Episode Steps:   239 Return:  1.0000 Success:  0.50, D: 0.00 FPS: 2.63
17:45:57.267 [INFO] (off_policy_trainer_carla.py:565) Total Episode:   338 Steps:   65200 Episode Steps:   265 Return:  0.0000 Success:  0.50, D: 0.00 FPS: 2.65
17:47:11.792 [INFO] (off_policy_trainer_carla.py:565) Total Episode:   339 Steps:   65397 Episode Steps:   197 Return:  1.0000 Success:  0.50, D: 0.00 FPS: 2.64
17:48:33.578 [INFO] (off_policy_trainer_carla.py:565) Total Episode:   340 Steps:   65613 Episode Steps:   216 Return:  0.0000 Success:  0.50, D: 0.00 FPS: 2.64
17:49:48.291 [INFO] (off_policy_trainer_carla.py:565) Total Episode:   341 Steps:   65811 Episode Steps:   198 Return:  1.0000 Success:  0.55, D: 0.00 FPS: 2.65
17:50:43.181 [INFO] (off_policy_trainer_carla.py:565) Total Episode:   342 Steps:   65955 Episode Steps:   144 Return: -1.0000 Success:  0.55, D: 0.00 FPS: 2.62
17:52:21.036 [INFO] (off_policy_trainer_carla.py:565) Total Episode:   343 Steps:   66213 Episode Steps:   258 Return:  1.0000 Success:  0.60, D: 0.00 FPS: 2.64
17:54:14.871 [INFO] (off_policy_trainer_carla.py:565) Total Episode:   344 Steps:   66515 Episode Steps:   302 Return:  0.0000 Success:  0.55, D: 0.00 FPS: 2.65
17:55:05.850 [INFO] (off_policy_trainer_carla.py:565) Total Episode:   345 Steps:   66648 Episode Steps:   133 Return: -1.0000 Success:  0.55, D: 0.00 FPS: 2.61
17:57:00.233 [INFO] (off_policy_trainer_carla.py:565) Total Episode:   346 Steps:   66950 Episode Steps:   302 Return:  0.0000 Success:  0.55, D: 0.00 FPS: 2.64
17:58:53.700 [INFO] (off_policy_trainer_carla.py:565) Total Episode:   347 Steps:   67252 Episode Steps:   302 Return:  0.0000 Success:  0.55, D: 0.00 FPS: 2.66
17:59:57.947 [INFO] (off_policy_trainer_carla.py:565) Total Episode:   348 Steps:   67421 Episode Steps:   169 Return: -1.0000 Success:  0.50, D: 0.00 FPS: 2.63
18:01:05.094 [INFO] (off_policy_trainer_carla.py:565) Total Episode:   349 Steps:   67598 Episode Steps:   177 Return:  1.0000 Success:  0.55, D: 0.00 FPS: 2.64
18:02:16.419 [INFO] (off_policy_trainer_carla.py:565) Total Episode:   350 Steps:   67785 Episode Steps:   187 Return:  1.0000 Success:  0.55, D: 0.00 FPS: 2.62
18:03:26.684 [INFO] (off_policy_trainer_carla.py:565) Total Episode:   351 Steps:   67971 Episode Steps:   186 Return:  1.0000 Success:  0.55, D: 0.00 FPS: 2.65
18:04:36.935 [INFO] (off_policy_trainer_carla.py:565) Total Episode:   352 Steps:   68156 Episode Steps:   185 Return:  1.0000 Success:  0.55, D: 0.00 FPS: 2.63
18:05:24.387 [INFO] (off_policy_trainer_carla.py:565) Total Episode:   353 Steps:   68281 Episode Steps:   125 Return: -1.0000 Success:  0.50, D: 0.00 FPS: 2.63
18:06:45.287 [INFO] (off_policy_trainer_carla.py:565) Total Episode:   354 Steps:   68494 Episode Steps:   213 Return:  0.0000 Success:  0.45, D: 0.00 FPS: 2.63
18:07:36.756 [INFO] (off_policy_trainer_carla.py:565) Total Episode:   355 Steps:   68629 Episode Steps:   135 Return: -1.0000 Success:  0.40, D: 0.00 FPS: 2.62
18:09:01.554 [INFO] (off_policy_trainer_carla.py:565) Total Episode:   356 Steps:   68853 Episode Steps:   224 Return:  1.0000 Success:  0.45, D: 0.00 FPS: 2.64
18:09:55.833 [INFO] (off_policy_trainer_carla.py:565) Total Episode:   357 Steps:   68996 Episode Steps:   143 Return: -1.0000 Success:  0.40, D: 0.00 FPS: 2.63
18:11:49.665 [INFO] (off_policy_trainer_carla.py:565) Total Episode:   358 Steps:   69298 Episode Steps:   302 Return:  0.0000 Success:  0.40, D: 0.00 FPS: 2.65
18:13:39.460 [INFO] (off_policy_trainer_carla.py:565) Total Episode:   359 Steps:   69588 Episode Steps:   290 Return:  1.0000 Success:  0.40, D: 0.00 FPS: 2.64
18:15:30.876 [INFO] (off_policy_trainer_carla.py:565) Total Episode:   360 Steps:   69883 Episode Steps:   295 Return:  1.0000 Success:  0.45, D: 0.00 FPS: 2.65
18:17:25.472 [INFO] (off_policy_trainer_carla.py:565) Total Episode:   361 Steps:   70185 Episode Steps:   302 Return:  0.0000 Success:  0.40, D: 0.00 FPS: 2.64
18:19:07.349 [INFO] (off_policy_trainer_carla.py:565) Total Episode:   362 Steps:   70454 Episode Steps:   269 Return:  1.0000 Success:  0.45, D: 0.00 FPS: 2.64
18:21:01.567 [INFO] (off_policy_trainer_carla.py:565) Total Episode:   363 Steps:   70756 Episode Steps:   302 Return:  0.0000 Success:  0.40, D: 0.00 FPS: 2.64
18:22:08.119 [INFO] (off_policy_trainer_carla.py:565) Total Episode:   364 Steps:   70931 Episode Steps:   175 Return:  1.0000 Success:  0.45, D: 0.00 FPS: 2.63
18:23:30.384 [INFO] (off_policy_trainer_carla.py:565) Total Episode:   365 Steps:   71149 Episode Steps:   218 Return:  1.0000 Success:  0.50, D: 0.00 FPS: 2.65
18:24:13.346 [INFO] (off_policy_trainer_carla.py:565) Total Episode:   366 Steps:   71261 Episode Steps:   112 Return: -1.0000 Success:  0.50, D: 0.00 FPS: 2.61
18:25:53.525 [INFO] (off_policy_trainer_carla.py:565) Total Episode:   367 Steps:   71526 Episode Steps:   265 Return:  1.0000 Success:  0.55, D: 0.00 FPS: 2.65
18:27:43.438 [INFO] (off_policy_trainer_carla.py:565) Total Episode:   368 Steps:   71763 Episode Steps:   237 Return:  1.0000 Success:  0.60, D: 0.00 FPS: 2.16
18:28:55.126 [INFO] (off_policy_trainer_carla.py:565) Total Episode:   369 Steps:   71951 Episode Steps:   188 Return:  1.0000 Success:  0.60, D: 0.00 FPS: 2.62
18:29:40.576 [INFO] (off_policy_trainer_carla.py:565) Total Episode:   370 Steps:   72069 Episode Steps:   118 Return: -1.0000 Success:  0.55, D: 0.00 FPS: 2.60
18:30:30.001 [INFO] (off_policy_trainer_carla.py:565) Total Episode:   371 Steps:   72198 Episode Steps:   129 Return: -1.0000 Success:  0.50, D: 0.00 FPS: 2.61
18:31:35.559 [INFO] (off_policy_trainer_carla.py:565) Total Episode:   372 Steps:   72370 Episode Steps:   172 Return: -1.0000 Success:  0.45, D: 0.00 FPS: 2.62
18:32:46.182 [INFO] (off_policy_trainer_carla.py:565) Total Episode:   373 Steps:   72556 Episode Steps:   186 Return:  1.0000 Success:  0.50, D: 0.00 FPS: 2.63
18:34:29.307 [INFO] (off_policy_trainer_carla.py:565) Total Episode:   374 Steps:   72829 Episode Steps:   273 Return:  1.0000 Success:  0.55, D: 0.00 FPS: 2.65
18:35:48.760 [INFO] (off_policy_trainer_carla.py:565) Total Episode:   375 Steps:   73039 Episode Steps:   210 Return:  1.0000 Success:  0.60, D: 0.00 FPS: 2.64
18:37:11.543 [INFO] (off_policy_trainer_carla.py:565) Total Episode:   376 Steps:   73258 Episode Steps:   219 Return:  1.0000 Success:  0.60, D: 0.00 FPS: 2.65
18:38:26.623 [INFO] (off_policy_trainer_carla.py:565) Total Episode:   377 Steps:   73457 Episode Steps:   199 Return:  1.0000 Success:  0.65, D: 0.00 FPS: 2.65
18:39:40.768 [INFO] (off_policy_trainer_carla.py:565) Total Episode:   378 Steps:   73652 Episode Steps:   195 Return:  1.0000 Success:  0.70, D: 0.00 FPS: 2.63
18:40:48.248 [INFO] (off_policy_trainer_carla.py:565) Total Episode:   379 Steps:   73825 Episode Steps:   173 Return:  1.0000 Success:  0.70, D: 0.00 FPS: 2.56
18:41:39.156 [INFO] (off_policy_trainer_carla.py:565) Total Episode:   380 Steps:   73949 Episode Steps:   124 Return: -1.0000 Success:  0.65, D: 0.00 FPS: 2.44
18:43:46.828 [INFO] (off_policy_trainer_carla.py:565) Total Episode:   381 Steps:   74251 Episode Steps:   302 Return:  0.0000 Success:  0.65, D: 0.00 FPS: 2.37
18:44:48.535 [INFO] (off_policy_trainer_carla.py:565) Total Episode:   382 Steps:   74405 Episode Steps:   154 Return: -1.0000 Success:  0.60, D: 0.00 FPS: 2.50
18:46:30.234 [INFO] (off_policy_trainer_carla.py:565) Total Episode:   383 Steps:   74655 Episode Steps:   250 Return:  1.0000 Success:  0.65, D: 0.00 FPS: 2.46
18:47:28.830 [INFO] (off_policy_trainer_carla.py:565) Total Episode:   384 Steps:   74857 Episode Steps:   202 Return:  1.0000 Success:  0.65, D: 0.00 FPS: 3.45
18:48:11.695 [INFO] (off_policy_trainer_carla.py:565) Total Episode:   385 Steps:   75003 Episode Steps:   146 Return: -1.0000 Success:  0.60, D: 0.00 FPS: 3.41
18:49:08.860 [INFO] (off_policy_trainer_carla.py:565) Total Episode:   386 Steps:   75191 Episode Steps:   188 Return:  1.0000 Success:  0.65, D: 0.00 FPS: 3.29
18:50:03.432 [INFO] (off_policy_trainer_carla.py:565) Total Episode:   387 Steps:   75378 Episode Steps:   187 Return: -1.0000 Success:  0.60, D: 0.00 FPS: 3.43
18:50:54.230 [INFO] (off_policy_trainer_carla.py:565) Total Episode:   388 Steps:   75552 Episode Steps:   174 Return: -1.0000 Success:  0.55, D: 0.00 FPS: 3.43
18:51:44.632 [INFO] (off_policy_trainer_carla.py:565) Total Episode:   389 Steps:   75725 Episode Steps:   173 Return:  1.0000 Success:  0.55, D: 0.00 FPS: 3.43
18:52:45.145 [INFO] (off_policy_trainer_carla.py:565) Total Episode:   390 Steps:   75933 Episode Steps:   208 Return: -1.0000 Success:  0.55, D: 0.00 FPS: 3.44
18:53:36.426 [INFO] (off_policy_trainer_carla.py:565) Total Episode:   391 Steps:   76108 Episode Steps:   175 Return:  1.0000 Success:  0.60, D: 0.00 FPS: 3.41
18:54:18.502 [INFO] (off_policy_trainer_carla.py:565) Total Episode:   392 Steps:   76251 Episode Steps:   143 Return: -1.0000 Success:  0.60, D: 0.00 FPS: 3.40
18:54:52.048 [INFO] (off_policy_trainer_carla.py:565) Total Episode:   393 Steps:   76365 Episode Steps:   114 Return: -1.0000 Success:  0.55, D: 0.00 FPS: 3.40
18:55:46.179 [INFO] (off_policy_trainer_carla.py:565) Total Episode:   394 Steps:   76550 Episode Steps:   185 Return:  1.0000 Success:  0.55, D: 0.00 FPS: 3.42
18:56:25.331 [INFO] (off_policy_trainer_carla.py:565) Total Episode:   395 Steps:   76684 Episode Steps:   134 Return: -1.0000 Success:  0.50, D: 0.00 FPS: 3.42
18:57:00.155 [INFO] (off_policy_trainer_carla.py:565) Total Episode:   396 Steps:   76800 Episode Steps:   116 Return: -1.0000 Success:  0.45, D: 0.00 FPS: 3.33
18:57:54.894 [INFO] (off_policy_trainer_carla.py:565) Total Episode:   397 Steps:   76988 Episode Steps:   188 Return:  1.0000 Success:  0.45, D: 0.00 FPS: 3.43
18:58:40.444 [INFO] (off_policy_trainer_carla.py:565) Total Episode:   398 Steps:   77144 Episode Steps:   156 Return: -1.0000 Success:  0.40, D: 0.00 FPS: 3.42
18:59:19.927 [INFO] (off_policy_trainer_carla.py:565) Total Episode:   399 Steps:   77279 Episode Steps:   135 Return: -1.0000 Success:  0.35, D: 0.00 FPS: 3.42
19:00:15.343 [INFO] (off_policy_trainer_carla.py:565) Total Episode:   400 Steps:   77471 Episode Steps:   192 Return: -1.0000 Success:  0.35, D: 0.00 FPS: 3.46
19:01:09.932 [INFO] (off_policy_trainer_carla.py:565) Total Episode:   401 Steps:   77659 Episode Steps:   188 Return: -1.0000 Success:  0.35, D: 0.00 FPS: 3.44
19:02:08.204 [INFO] (off_policy_trainer_carla.py:565) Total Episode:   402 Steps:   77855 Episode Steps:   196 Return:  1.0000 Success:  0.40, D: 0.00 FPS: 3.36
19:03:10.205 [INFO] (off_policy_trainer_carla.py:565) Total Episode:   403 Steps:   78069 Episode Steps:   214 Return:  1.0000 Success:  0.40, D: 0.00 FPS: 3.45
19:03:54.248 [INFO] (off_policy_trainer_carla.py:565) Total Episode:   404 Steps:   78218 Episode Steps:   149 Return: -1.0000 Success:  0.35, D: 0.00 FPS: 3.38
19:04:43.176 [INFO] (off_policy_trainer_carla.py:565) Total Episode:   405 Steps:   78383 Episode Steps:   165 Return: -1.0000 Success:  0.35, D: 0.00 FPS: 3.37
19:05:21.695 [INFO] (off_policy_trainer_carla.py:565) Total Episode:   406 Steps:   78514 Episode Steps:   131 Return: -1.0000 Success:  0.30, D: 0.00 FPS: 3.40
19:05:56.810 [INFO] (off_policy_trainer_carla.py:565) Total Episode:   407 Steps:   78633 Episode Steps:   119 Return: -1.0000 Success:  0.30, D: 0.00 FPS: 3.39
19:06:51.534 [INFO] (off_policy_trainer_carla.py:565) Total Episode:   408 Steps:   78821 Episode Steps:   188 Return: -1.0000 Success:  0.30, D: 0.00 FPS: 3.44
19:07:50.547 [INFO] (off_policy_trainer_carla.py:565) Total Episode:   409 Steps:   79026 Episode Steps:   205 Return:  1.0000 Success:  0.30, D: 0.00 FPS: 3.47
19:08:27.595 [INFO] (off_policy_trainer_carla.py:565) Total Episode:   410 Steps:   79152 Episode Steps:   126 Return: -1.0000 Success:  0.30, D: 0.00 FPS: 3.40
19:09:04.281 [INFO] (off_policy_trainer_carla.py:565) Total Episode:   411 Steps:   79274 Episode Steps:   122 Return: -1.0000 Success:  0.25, D: 0.00 FPS: 3.33
19:09:59.704 [INFO] (off_policy_trainer_carla.py:565) Total Episode:   412 Steps:   79465 Episode Steps:   191 Return:  0.0000 Success:  0.25, D: 0.00 FPS: 3.45
19:10:42.721 [INFO] (off_policy_trainer_carla.py:565) Total Episode:   413 Steps:   79610 Episode Steps:   145 Return: -1.0000 Success:  0.25, D: 0.00 FPS: 3.37
19:11:41.914 [INFO] (off_policy_trainer_carla.py:565) Total Episode:   414 Steps:   79810 Episode Steps:   200 Return:  1.0000 Success:  0.25, D: 0.00 FPS: 3.38
19:13:05.560 [INFO] (off_policy_trainer_carla.py:565) Total Episode:   415 Steps:   80098 Episode Steps:   288 Return:  1.0000 Success:  0.30, D: 0.00 FPS: 3.44
19:14:08.043 [INFO] (off_policy_trainer_carla.py:565) Total Episode:   416 Steps:   80313 Episode Steps:   215 Return:  1.0000 Success:  0.35, D: 0.00 FPS: 3.44
19:15:26.034 [INFO] (off_policy_trainer_carla.py:565) Total Episode:   417 Steps:   80585 Episode Steps:   272 Return:  0.0000 Success:  0.30, D: 0.00 FPS: 3.49
19:16:25.538 [INFO] (off_policy_trainer_carla.py:565) Total Episode:   418 Steps:   80791 Episode Steps:   206 Return:  1.0000 Success:  0.35, D: 0.00 FPS: 3.46
19:17:22.757 [INFO] (off_policy_trainer_carla.py:565) Total Episode:   419 Steps:   80987 Episode Steps:   196 Return: -1.0000 Success:  0.35, D: 0.00 FPS: 3.43
19:18:22.987 [INFO] (off_policy_trainer_carla.py:565) Total Episode:   420 Steps:   81193 Episode Steps:   206 Return:  1.0000 Success:  0.40, D: 0.00 FPS: 3.42
19:19:25.797 [INFO] (off_policy_trainer_carla.py:565) Total Episode:   421 Steps:   81408 Episode Steps:   215 Return:  1.0000 Success:  0.45, D: 0.00 FPS: 3.42
19:20:24.552 [INFO] (off_policy_trainer_carla.py:565) Total Episode:   422 Steps:   81609 Episode Steps:   201 Return:  1.0000 Success:  0.45, D: 0.00 FPS: 3.42
19:21:25.461 [INFO] (off_policy_trainer_carla.py:565) Total Episode:   423 Steps:   81818 Episode Steps:   209 Return:  1.0000 Success:  0.45, D: 0.00 FPS: 3.43
19:22:03.048 [INFO] (off_policy_trainer_carla.py:565) Total Episode:   424 Steps:   81947 Episode Steps:   129 Return: -1.0000 Success:  0.45, D: 0.00 FPS: 3.43
19:23:03.589 [INFO] (off_policy_trainer_carla.py:565) Total Episode:   425 Steps:   82157 Episode Steps:   210 Return:  1.0000 Success:  0.50, D: 0.00 FPS: 3.47
19:24:29.927 [INFO] (off_policy_trainer_carla.py:565) Total Episode:   426 Steps:   82459 Episode Steps:   302 Return:  0.0000 Success:  0.50, D: 0.00 FPS: 3.50
19:25:06.642 [INFO] (off_policy_trainer_carla.py:565) Total Episode:   427 Steps:   82583 Episode Steps:   124 Return: -1.0000 Success:  0.50, D: 0.00 FPS: 3.38
19:26:15.208 [INFO] (off_policy_trainer_carla.py:565) Total Episode:   428 Steps:   82819 Episode Steps:   236 Return:  1.0000 Success:  0.55, D: 0.00 FPS: 3.44
19:27:00.988 [INFO] (off_policy_trainer_carla.py:565) Total Episode:   429 Steps:   82977 Episode Steps:   158 Return:  0.0000 Success:  0.50, D: 0.00 FPS: 3.45
19:27:51.302 [INFO] (off_policy_trainer_carla.py:565) Total Episode:   430 Steps:   83151 Episode Steps:   174 Return: -1.0000 Success:  0.50, D: 0.00 FPS: 3.46
19:28:30.142 [INFO] (off_policy_trainer_carla.py:565) Total Episode:   431 Steps:   83285 Episode Steps:   134 Return: -1.0000 Success:  0.50, D: 0.00 FPS: 3.45
19:29:18.636 [INFO] (off_policy_trainer_carla.py:565) Total Episode:   432 Steps:   83450 Episode Steps:   165 Return:  1.0000 Success:  0.55, D: 0.00 FPS: 3.40
19:30:13.862 [INFO] (off_policy_trainer_carla.py:565) Total Episode:   433 Steps:   83639 Episode Steps:   189 Return:  1.0000 Success:  0.60, D: 0.00 FPS: 3.42
19:31:08.469 [INFO] (off_policy_trainer_carla.py:565) Total Episode:   434 Steps:   83827 Episode Steps:   188 Return:  1.0000 Success:  0.60, D: 0.00 FPS: 3.44
19:31:59.337 [INFO] (off_policy_trainer_carla.py:565) Total Episode:   435 Steps:   84002 Episode Steps:   175 Return: -1.0000 Success:  0.55, D: 0.00 FPS: 3.44
19:32:41.498 [INFO] (off_policy_trainer_carla.py:565) Total Episode:   436 Steps:   84145 Episode Steps:   143 Return: -1.0000 Success:  0.50, D: 0.00 FPS: 3.39
19:33:37.426 [INFO] (off_policy_trainer_carla.py:565) Total Episode:   437 Steps:   84334 Episode Steps:   189 Return:  1.0000 Success:  0.55, D: 0.00 FPS: 3.38
19:34:09.436 [INFO] (off_policy_trainer_carla.py:565) Total Episode:   438 Steps:   84443 Episode Steps:   109 Return: -1.0000 Success:  0.50, D: 0.00 FPS: 3.41
19:35:22.540 [INFO] (off_policy_trainer_carla.py:565) Total Episode:   439 Steps:   84682 Episode Steps:   239 Return:  1.0000 Success:  0.55, D: 0.00 FPS: 3.27
19:35:53.377 [INFO] (off_policy_trainer_carla.py:565) Total Episode:   440 Steps:   84781 Episode Steps:    99 Return: -1.0000 Success:  0.50, D: 0.00 FPS: 3.21
19:36:23.147 [INFO] (off_policy_trainer_carla.py:565) Total Episode:   441 Steps:   84882 Episode Steps:   101 Return: -1.0000 Success:  0.45, D: 0.00 FPS: 3.39
19:37:07.138 [INFO] (off_policy_trainer_carla.py:565) Total Episode:   442 Steps:   85027 Episode Steps:   145 Return: -1.0000 Success:  0.40, D: 0.00 FPS: 3.30
19:38:23.078 [INFO] (off_policy_trainer_carla.py:565) Total Episode:   443 Steps:   85277 Episode Steps:   250 Return:  1.0000 Success:  0.40, D: 0.00 FPS: 3.29
19:39:47.477 [INFO] (off_policy_trainer_carla.py:565) Total Episode:   444 Steps:   85551 Episode Steps:   274 Return:  1.0000 Success:  0.45, D: 0.00 FPS: 3.25
19:41:19.930 [INFO] (off_policy_trainer_carla.py:565) Total Episode:   445 Steps:   85853 Episode Steps:   302 Return:  0.0000 Success:  0.40, D: 0.00 FPS: 3.27
19:42:37.269 [INFO] (off_policy_trainer_carla.py:565) Total Episode:   446 Steps:   86114 Episode Steps:   261 Return:  1.0000 Success:  0.45, D: 0.00 FPS: 3.37
19:43:57.863 [INFO] (off_policy_trainer_carla.py:565) Total Episode:   447 Steps:   86382 Episode Steps:   268 Return:  1.0000 Success:  0.50, D: 0.00 FPS: 3.33
19:45:23.313 [INFO] (off_policy_trainer_carla.py:565) Total Episode:   448 Steps:   86659 Episode Steps:   277 Return:  1.0000 Success:  0.50, D: 0.00 FPS: 3.24
19:46:36.152 [INFO] (off_policy_trainer_carla.py:565) Total Episode:   449 Steps:   86895 Episode Steps:   236 Return:  0.0000 Success:  0.50, D: 0.00 FPS: 3.24
19:48:07.494 [INFO] (off_policy_trainer_carla.py:565) Total Episode:   450 Steps:   87197 Episode Steps:   302 Return:  0.0000 Success:  0.50, D: 0.00 FPS: 3.31
19:49:19.399 [INFO] (off_policy_trainer_carla.py:565) Total Episode:   451 Steps:   87434 Episode Steps:   237 Return:  0.0000 Success:  0.50, D: 0.00 FPS: 3.30
19:50:49.187 [INFO] (off_policy_trainer_carla.py:565) Total Episode:   452 Steps:   87731 Episode Steps:   297 Return:  1.0000 Success:  0.50, D: 0.00 FPS: 3.31
19:52:05.706 [INFO] (off_policy_trainer_carla.py:565) Total Episode:   453 Steps:   87984 Episode Steps:   253 Return:  1.0000 Success:  0.50, D: 0.00 FPS: 3.31
19:53:20.007 [INFO] (off_policy_trainer_carla.py:565) Total Episode:   454 Steps:   88230 Episode Steps:   246 Return:  1.0000 Success:  0.50, D: 0.00 FPS: 3.31
19:54:29.327 [INFO] (off_policy_trainer_carla.py:565) Total Episode:   455 Steps:   88458 Episode Steps:   228 Return:  1.0000 Success:  0.55, D: 0.00 FPS: 3.29
19:55:43.711 [INFO] (off_policy_trainer_carla.py:565) Total Episode:   456 Steps:   88711 Episode Steps:   253 Return:  1.0000 Success:  0.60, D: 0.00 FPS: 3.40
19:56:52.242 [INFO] (off_policy_trainer_carla.py:565) Total Episode:   457 Steps:   88944 Episode Steps:   233 Return:  1.0000 Success:  0.60, D: 0.00 FPS: 3.40
19:58:01.574 [INFO] (off_policy_trainer_carla.py:565) Total Episode:   458 Steps:   89182 Episode Steps:   238 Return:  1.0000 Success:  0.65, D: 0.00 FPS: 3.43
19:58:59.255 [INFO] (off_policy_trainer_carla.py:565) Total Episode:   459 Steps:   89379 Episode Steps:   197 Return:  0.0000 Success:  0.60, D: 0.00 FPS: 3.42
20:00:03.842 [INFO] (off_policy_trainer_carla.py:565) Total Episode:   460 Steps:   89600 Episode Steps:   221 Return:  0.0000 Success:  0.60, D: 0.00 FPS: 3.42
20:00:46.269 [INFO] (off_policy_trainer_carla.py:565) Total Episode:   461 Steps:   89745 Episode Steps:   145 Return: -1.0000 Success:  0.60, D: 0.00 FPS: 3.42
20:01:45.075 [INFO] (off_policy_trainer_carla.py:565) Total Episode:   462 Steps:   89948 Episode Steps:   203 Return:  1.0000 Success:  0.65, D: 0.00 FPS: 3.45
20:02:48.493 [INFO] (off_policy_trainer_carla.py:565) Total Episode:   463 Steps:   90167 Episode Steps:   219 Return:  1.0000 Success:  0.65, D: 0.00 FPS: 3.45
20:03:53.019 [INFO] (off_policy_trainer_carla.py:565) Total Episode:   464 Steps:   90387 Episode Steps:   220 Return:  1.0000 Success:  0.65, D: 0.00 FPS: 3.41
20:04:57.680 [INFO] (off_policy_trainer_carla.py:565) Total Episode:   465 Steps:   90608 Episode Steps:   221 Return:  1.0000 Success:  0.70, D: 0.00 FPS: 3.42
20:05:41.139 [INFO] (off_policy_trainer_carla.py:565) Total Episode:   466 Steps:   90754 Episode Steps:   146 Return: -1.0000 Success:  0.65, D: 0.00 FPS: 3.36
20:06:38.485 [INFO] (off_policy_trainer_carla.py:565) Total Episode:   467 Steps:   90948 Episode Steps:   194 Return:  1.0000 Success:  0.65, D: 0.00 FPS: 3.38
20:07:14.565 [INFO] (off_policy_trainer_carla.py:565) Total Episode:   468 Steps:   91069 Episode Steps:   121 Return: -1.0000 Success:  0.60, D: 0.00 FPS: 3.35
20:08:09.455 [INFO] (off_policy_trainer_carla.py:565) Total Episode:   469 Steps:   91255 Episode Steps:   186 Return:  1.0000 Success:  0.65, D: 0.00 FPS: 3.39
20:09:09.485 [INFO] (off_policy_trainer_carla.py:565) Total Episode:   470 Steps:   91461 Episode Steps:   206 Return:  1.0000 Success:  0.70, D: 0.00 FPS: 3.43
20:09:51.001 [INFO] (off_policy_trainer_carla.py:565) Total Episode:   471 Steps:   91603 Episode Steps:   142 Return: -1.0000 Success:  0.70, D: 0.00 FPS: 3.42
20:10:55.095 [INFO] (off_policy_trainer_carla.py:565) Total Episode:   472 Steps:   91825 Episode Steps:   222 Return:  1.0000 Success:  0.70, D: 0.00 FPS: 3.46
20:11:35.808 [INFO] (off_policy_trainer_carla.py:565) Total Episode:   473 Steps:   91964 Episode Steps:   139 Return: -1.0000 Success:  0.65, D: 0.00 FPS: 3.41
20:13:02.295 [INFO] (off_policy_trainer_carla.py:565) Total Episode:   474 Steps:   92266 Episode Steps:   302 Return:  0.0000 Success:  0.60, D: 0.00 FPS: 3.49
20:14:08.006 [INFO] (off_policy_trainer_carla.py:565) Total Episode:   475 Steps:   92495 Episode Steps:   229 Return:  1.0000 Success:  0.60, D: 0.00 FPS: 3.49
20:15:09.208 [INFO] (off_policy_trainer_carla.py:565) Total Episode:   476 Steps:   92707 Episode Steps:   212 Return:  1.0000 Success:  0.60, D: 0.00 FPS: 3.46
20:16:10.598 [INFO] (off_policy_trainer_carla.py:565) Total Episode:   477 Steps:   92919 Episode Steps:   212 Return:  1.0000 Success:  0.60, D: 0.00 FPS: 3.45
20:17:07.660 [INFO] (off_policy_trainer_carla.py:565) Total Episode:   478 Steps:   93116 Episode Steps:   197 Return:  1.0000 Success:  0.60, D: 0.00 FPS: 3.45
20:18:15.289 [INFO] (off_policy_trainer_carla.py:565) Total Episode:   479 Steps:   93351 Episode Steps:   235 Return:  1.0000 Success:  0.65, D: 0.00 FPS: 3.47
20:19:15.532 [INFO] (off_policy_trainer_carla.py:565) Total Episode:   480 Steps:   93560 Episode Steps:   209 Return:  1.0000 Success:  0.70, D: 0.00 FPS: 3.47
20:19:51.326 [INFO] (off_policy_trainer_carla.py:565) Total Episode:   481 Steps:   93682 Episode Steps:   122 Return: -1.0000 Success:  0.70, D: 0.00 FPS: 3.41
20:20:50.604 [INFO] (off_policy_trainer_carla.py:565) Total Episode:   482 Steps:   93886 Episode Steps:   204 Return:  1.0000 Success:  0.70, D: 0.00 FPS: 3.44
20:21:53.652 [INFO] (off_policy_trainer_carla.py:565) Total Episode:   483 Steps:   94100 Episode Steps:   214 Return:  1.0000 Success:  0.70, D: 0.00 FPS: 3.39
20:22:49.801 [INFO] (off_policy_trainer_carla.py:565) Total Episode:   484 Steps:   94293 Episode Steps:   193 Return:  1.0000 Success:  0.70, D: 0.00 FPS: 3.44
20:24:02.034 [INFO] (off_policy_trainer_carla.py:565) Total Episode:   485 Steps:   94544 Episode Steps:   251 Return:  1.0000 Success:  0.70, D: 0.00 FPS: 3.48
20:25:04.482 [INFO] (off_policy_trainer_carla.py:565) Total Episode:   486 Steps:   94759 Episode Steps:   215 Return:  0.0000 Success:  0.70, D: 0.00 FPS: 3.44
20:26:17.374 [INFO] (off_policy_trainer_carla.py:565) Total Episode:   487 Steps:   95009 Episode Steps:   250 Return:  1.0000 Success:  0.70, D: 0.00 FPS: 3.43
20:27:19.023 [INFO] (off_policy_trainer_carla.py:565) Total Episode:   488 Steps:   95219 Episode Steps:   210 Return:  1.0000 Success:  0.75, D: 0.00 FPS: 3.41
20:28:06.004 [INFO] (off_policy_trainer_carla.py:565) Total Episode:   489 Steps:   95381 Episode Steps:   162 Return:  0.0000 Success:  0.70, D: 0.00 FPS: 3.45
20:29:13.839 [INFO] (off_policy_trainer_carla.py:565) Total Episode:   490 Steps:   95615 Episode Steps:   234 Return:  1.0000 Success:  0.70, D: 0.00 FPS: 3.45
20:30:27.006 [INFO] (off_policy_trainer_carla.py:565) Total Episode:   491 Steps:   95864 Episode Steps:   249 Return:  1.0000 Success:  0.75, D: 0.00 FPS: 3.40
20:31:39.196 [INFO] (off_policy_trainer_carla.py:565) Total Episode:   492 Steps:   96114 Episode Steps:   250 Return:  1.0000 Success:  0.75, D: 0.00 FPS: 3.46
20:32:48.480 [INFO] (off_policy_trainer_carla.py:565) Total Episode:   493 Steps:   96349 Episode Steps:   235 Return:  1.0000 Success:  0.80, D: 0.00 FPS: 3.39
20:33:29.881 [INFO] (off_policy_trainer_carla.py:565) Total Episode:   494 Steps:   96487 Episode Steps:   138 Return: -1.0000 Success:  0.80, D: 0.00 FPS: 3.33
20:34:43.822 [INFO] (off_policy_trainer_carla.py:565) Total Episode:   495 Steps:   96742 Episode Steps:   255 Return:  1.0000 Success:  0.80, D: 0.00 FPS: 3.45
20:35:57.598 [INFO] (off_policy_trainer_carla.py:565) Total Episode:   496 Steps:   96993 Episode Steps:   251 Return:  1.0000 Success:  0.80, D: 0.00 FPS: 3.40
20:37:03.805 [INFO] (off_policy_trainer_carla.py:565) Total Episode:   497 Steps:   97221 Episode Steps:   228 Return:  1.0000 Success:  0.80, D: 0.00 FPS: 3.44
20:38:07.253 [INFO] (off_policy_trainer_carla.py:565) Total Episode:   498 Steps:   97442 Episode Steps:   221 Return:  1.0000 Success:  0.80, D: 0.00 FPS: 3.48
20:39:03.306 [INFO] (off_policy_trainer_carla.py:565) Total Episode:   499 Steps:   97637 Episode Steps:   195 Return:  1.0000 Success:  0.80, D: 0.00 FPS: 3.48
20:39:38.310 [INFO] (off_policy_trainer_carla.py:565) Total Episode:   500 Steps:   97757 Episode Steps:   120 Return: -1.0000 Success:  0.75, D: 0.00 FPS: 3.43
20:40:23.795 [INFO] (off_policy_trainer_carla.py:565) Total Episode:   501 Steps:   97915 Episode Steps:   158 Return: -1.0000 Success:  0.75, D: 0.00 FPS: 3.47
20:41:50.008 [INFO] (off_policy_trainer_carla.py:565) Total Episode:   502 Steps:   98217 Episode Steps:   302 Return:  0.0000 Success:  0.70, D: 0.00 FPS: 3.50
20:42:46.814 [INFO] (off_policy_trainer_carla.py:565) Total Episode:   503 Steps:   98413 Episode Steps:   196 Return:  1.0000 Success:  0.70, D: 0.00 FPS: 3.45
20:43:22.815 [INFO] (off_policy_trainer_carla.py:565) Total Episode:   504 Steps:   98536 Episode Steps:   123 Return: -1.0000 Success:  0.65, D: 0.00 FPS: 3.42
20:44:27.613 [INFO] (off_policy_trainer_carla.py:565) Total Episode:   505 Steps:   98762 Episode Steps:   226 Return:  1.0000 Success:  0.65, D: 0.00 FPS: 3.49
20:45:07.316 [INFO] (off_policy_trainer_carla.py:565) Total Episode:   506 Steps:   98898 Episode Steps:   136 Return: -1.0000 Success:  0.65, D: 0.00 FPS: 3.43
20:46:33.598 [INFO] (off_policy_trainer_carla.py:565) Total Episode:   507 Steps:   99200 Episode Steps:   302 Return:  0.0000 Success:  0.60, D: 0.00 FPS: 3.50
20:47:31.777 [INFO] (off_policy_trainer_carla.py:565) Total Episode:   508 Steps:   99402 Episode Steps:   202 Return:  1.0000 Success:  0.60, D: 0.00 FPS: 3.47
20:48:14.528 [INFO] (off_policy_trainer_carla.py:565) Total Episode:   509 Steps:   99549 Episode Steps:   147 Return: -1.0000 Success:  0.60, D: 0.00 FPS: 3.44
20:48:57.535 [INFO] (off_policy_trainer_carla.py:565) Total Episode:   510 Steps:   99695 Episode Steps:   146 Return: -1.0000 Success:  0.55, D: 0.00 FPS: 3.39
20:50:00.145 [INFO] (off_policy_trainer_carla.py:565) Total Episode:   511 Steps:   99910 Episode Steps:   215 Return:  1.0000 Success:  0.55, D: 0.00 FPS: 3.43
