23:05:13.843 [INFO] (off_policy_trainer_carla.py:497) Total Episode:     1 Steps:     302 Episode Steps:   302 Return:  0.0000 Success:  0.00, D: 0.00 FPS:19.39
23:05:22.981 [INFO] (off_policy_trainer_carla.py:497) Total Episode:     2 Steps:     563 Episode Steps:   261 Return:  0.0000 Success:  0.00, D: 0.00 FPS:28.57
23:05:28.467 [INFO] (off_policy_trainer_carla.py:497) Total Episode:     3 Steps:     676 Episode Steps:   113 Return: -1.0000 Success:  0.00, D: 0.00 FPS:20.61
23:05:37.372 [INFO] (off_policy_trainer_carla.py:497) Total Episode:     4 Steps:     860 Episode Steps:   184 Return:  1.0000 Success:  0.05, D: 0.00 FPS:20.67
23:05:48.724 [INFO] (off_policy_trainer_carla.py:497) Total Episode:     5 Steps:    1070 Episode Steps:   210 Return:  1.0000 Success:  0.10, D: 0.00 FPS:18.51
23:06:01.186 [INFO] (off_policy_trainer_carla.py:497) Total Episode:     6 Steps:    1277 Episode Steps:   207 Return:  1.0000 Success:  0.15, D: 0.00 FPS:16.61
23:06:11.068 [INFO] (off_policy_trainer_carla.py:497) Total Episode:     7 Steps:    1419 Episode Steps:   142 Return: -1.0000 Success:  0.15, D: 0.00 FPS:14.38
23:06:19.063 [INFO] (off_policy_trainer_carla.py:497) Total Episode:     8 Steps:    1519 Episode Steps:   100 Return: -1.0000 Success:  0.15, D: 0.00 FPS:12.51
23:06:37.614 [INFO] (off_policy_trainer_carla.py:497) Total Episode:     9 Steps:    1755 Episode Steps:   236 Return:  1.0000 Success:  0.20, D: 0.00 FPS:12.72
23:06:48.577 [INFO] (off_policy_trainer_carla.py:497) Total Episode:    10 Steps:    1876 Episode Steps:   121 Return: -1.0000 Success:  0.20, D: 0.00 FPS:11.04
23:07:05.199 [INFO] (off_policy_trainer_carla.py:497) Total Episode:    11 Steps:    2055 Episode Steps:   179 Return:  1.0000 Success:  0.25, D: 0.00 FPS:10.77
23:07:25.546 [INFO] (off_policy_trainer_carla.py:497) Total Episode:    12 Steps:    2262 Episode Steps:   207 Return:  1.0000 Success:  0.30, D: 0.00 FPS:10.18
23:07:36.832 [INFO] (off_policy_trainer_carla.py:497) Total Episode:    13 Steps:    2362 Episode Steps:   100 Return: -1.0000 Success:  0.30, D: 0.00 FPS: 8.86
23:07:49.317 [INFO] (off_policy_trainer_carla.py:497) Total Episode:    14 Steps:    2468 Episode Steps:   106 Return: -1.0000 Success:  0.30, D: 0.00 FPS: 8.49
23:08:23.569 [INFO] (off_policy_trainer_carla.py:497) Total Episode:    15 Steps:    2770 Episode Steps:   302 Return:  0.0000 Success:  0.30, D: 0.00 FPS: 8.82
23:09:00.275 [INFO] (off_policy_trainer_carla.py:497) Total Episode:    16 Steps:    3072 Episode Steps:   302 Return:  0.0000 Success:  0.30, D: 0.00 FPS: 8.23
23:09:27.506 [INFO] (off_policy_trainer_carla.py:497) Total Episode:    17 Steps:    3279 Episode Steps:   207 Return:  1.0000 Success:  0.35, D: 0.00 FPS: 7.60
23:09:43.507 [INFO] (off_policy_trainer_carla.py:497) Total Episode:    18 Steps:    3390 Episode Steps:   111 Return: -1.0000 Success:  0.35, D: 0.00 FPS: 6.94
23:10:11.124 [INFO] (off_policy_trainer_carla.py:497) Total Episode:    19 Steps:    3583 Episode Steps:   193 Return:  1.0000 Success:  0.40, D: 0.00 FPS: 6.99
23:10:47.350 [INFO] (off_policy_trainer_carla.py:497) Total Episode:    20 Steps:    3827 Episode Steps:   244 Return:  1.0000 Success:  0.45, D: 0.00 FPS: 6.74
23:11:33.321 [INFO] (off_policy_trainer_carla.py:497) Total Episode:    21 Steps:    4129 Episode Steps:   302 Return:  0.0000 Success:  0.45, D: 0.00 FPS: 6.57
23:11:49.403 [INFO] (off_policy_trainer_carla.py:497) Total Episode:    22 Steps:    4222 Episode Steps:    93 Return: -1.0000 Success:  0.45, D: 0.00 FPS: 5.78
23:12:38.978 [INFO] (off_policy_trainer_carla.py:497) Total Episode:    23 Steps:    4524 Episode Steps:   302 Return:  0.0000 Success:  0.45, D: 0.00 FPS: 6.09
23:13:20.331 [INFO] (off_policy_trainer_carla.py:497) Total Episode:    24 Steps:    4764 Episode Steps:   240 Return:  1.0000 Success:  0.45, D: 0.00 FPS: 5.80
23:13:47.816 [INFO] (off_policy_trainer_carla.py:497) Total Episode:    25 Steps:    4911 Episode Steps:   147 Return:  0.0000 Success:  0.40, D: 0.00 FPS: 5.35
23:15:27.835 [INFO] (off_policy_trainer_carla.py:497) Total Episode:    26 Steps:    5104 Episode Steps:   193 Return:  1.0000 Success:  0.40, D: 0.00 FPS: 1.93
23:16:12.735 [INFO] (off_policy_trainer_carla.py:497) Total Episode:    27 Steps:    5280 Episode Steps:   176 Return:  1.0000 Success:  0.45, D: 0.00 FPS: 3.92
23:17:17.411 [INFO] (off_policy_trainer_carla.py:497) Total Episode:    28 Steps:    5530 Episode Steps:   250 Return:  1.0000 Success:  0.50, D: 0.00 FPS: 3.87
23:18:01.320 [INFO] (off_policy_trainer_carla.py:497) Total Episode:    29 Steps:    5689 Episode Steps:   159 Return:  0.0000 Success:  0.45, D: 0.00 FPS: 3.62
23:18:40.180 [INFO] (off_policy_trainer_carla.py:497) Total Episode:    30 Steps:    5828 Episode Steps:   139 Return: -1.0000 Success:  0.45, D: 0.00 FPS: 3.58
23:19:40.666 [INFO] (off_policy_trainer_carla.py:497) Total Episode:    31 Steps:    6046 Episode Steps:   218 Return:  1.0000 Success:  0.45, D: 0.00 FPS: 3.60
23:20:12.663 [INFO] (off_policy_trainer_carla.py:497) Total Episode:    32 Steps:    6155 Episode Steps:   109 Return: -1.0000 Success:  0.40, D: 0.00 FPS: 3.41
23:21:15.505 [INFO] (off_policy_trainer_carla.py:497) Total Episode:    33 Steps:    6370 Episode Steps:   215 Return:  1.0000 Success:  0.45, D: 0.00 FPS: 3.42
23:22:16.521 [INFO] (off_policy_trainer_carla.py:497) Total Episode:    34 Steps:    6573 Episode Steps:   203 Return:  1.0000 Success:  0.50, D: 0.00 FPS: 3.33
23:23:22.651 [INFO] (off_policy_trainer_carla.py:497) Total Episode:    35 Steps:    6789 Episode Steps:   216 Return:  1.0000 Success:  0.55, D: 0.00 FPS: 3.27
23:24:19.687 [INFO] (off_policy_trainer_carla.py:497) Total Episode:    36 Steps:    6970 Episode Steps:   181 Return:  1.0000 Success:  0.60, D: 0.00 FPS: 3.17
23:25:36.283 [INFO] (off_policy_trainer_carla.py:497) Total Episode:    37 Steps:    7210 Episode Steps:   240 Return:  1.0000 Success:  0.60, D: 0.00 FPS: 3.13
23:26:17.059 [INFO] (off_policy_trainer_carla.py:497) Total Episode:    38 Steps:    7334 Episode Steps:   124 Return: -1.0000 Success:  0.60, D: 0.00 FPS: 3.04
23:27:26.457 [INFO] (off_policy_trainer_carla.py:497) Total Episode:    39 Steps:    7545 Episode Steps:   211 Return:  1.0000 Success:  0.60, D: 0.00 FPS: 3.04
23:29:07.831 [INFO] (off_policy_trainer_carla.py:497) Total Episode:    40 Steps:    7847 Episode Steps:   302 Return:  0.0000 Success:  0.55, D: 0.00 FPS: 2.98
23:30:09.629 [INFO] (off_policy_trainer_carla.py:497) Total Episode:    41 Steps:    8024 Episode Steps:   177 Return:  1.0000 Success:  0.60, D: 0.00 FPS: 2.86
23:30:54.832 [INFO] (off_policy_trainer_carla.py:497) Total Episode:    42 Steps:    8151 Episode Steps:   127 Return: -1.0000 Success:  0.60, D: 0.00 FPS: 2.81
23:32:10.486 [INFO] (off_policy_trainer_carla.py:497) Total Episode:    43 Steps:    8368 Episode Steps:   217 Return:  1.0000 Success:  0.65, D: 0.00 FPS: 2.87
23:33:57.256 [INFO] (off_policy_trainer_carla.py:497) Total Episode:    44 Steps:    8670 Episode Steps:   302 Return:  0.0000 Success:  0.60, D: 0.00 FPS: 2.83
23:35:12.757 [INFO] (off_policy_trainer_carla.py:497) Total Episode:    45 Steps:    8875 Episode Steps:   205 Return:  1.0000 Success:  0.65, D: 0.00 FPS: 2.72
23:36:03.427 [INFO] (off_policy_trainer_carla.py:497) Total Episode:    46 Steps:    9007 Episode Steps:   132 Return: -1.0000 Success:  0.60, D: 0.00 FPS: 2.61
23:37:18.822 [INFO] (off_policy_trainer_carla.py:497) Total Episode:    47 Steps:    9205 Episode Steps:   198 Return:  1.0000 Success:  0.60, D: 0.00 FPS: 2.63
23:38:26.999 [INFO] (off_policy_trainer_carla.py:497) Total Episode:    48 Steps:    9379 Episode Steps:   174 Return: -1.0000 Success:  0.55, D: 0.00 FPS: 2.55
23:39:21.174 [INFO] (off_policy_trainer_carla.py:497) Total Episode:    49 Steps:    9515 Episode Steps:   136 Return: -1.0000 Success:  0.55, D: 0.00 FPS: 2.51
23:41:11.914 [INFO] (off_policy_trainer_carla.py:497) Total Episode:    50 Steps:    9797 Episode Steps:   282 Return:  0.0000 Success:  0.55, D: 0.00 FPS: 2.55
23:43:12.572 [INFO] (off_policy_trainer_carla.py:497) Total Episode:    51 Steps:   10099 Episode Steps:   302 Return:  0.0000 Success:  0.50, D: 0.00 FPS: 2.50
23:43:53.698 [INFO] (off_policy_trainer_carla.py:497) Total Episode:    52 Steps:   10196 Episode Steps:    97 Return: -1.0000 Success:  0.50, D: 0.00 FPS: 2.36
23:45:25.553 [INFO] (off_policy_trainer_carla.py:497) Total Episode:    53 Steps:   10417 Episode Steps:   221 Return:  1.0000 Success:  0.50, D: 0.00 FPS: 2.41
23:46:10.585 [INFO] (off_policy_trainer_carla.py:497) Total Episode:    54 Steps:   10520 Episode Steps:   103 Return: -1.0000 Success:  0.45, D: 0.00 FPS: 2.29
23:47:03.948 [INFO] (off_policy_trainer_carla.py:497) Total Episode:    55 Steps:   10642 Episode Steps:   122 Return: -1.0000 Success:  0.40, D: 0.00 FPS: 2.29
23:48:19.293 [INFO] (off_policy_trainer_carla.py:497) Total Episode:    56 Steps:   10813 Episode Steps:   171 Return:  0.0000 Success:  0.35, D: 0.00 FPS: 2.27
23:50:30.367 [INFO] (off_policy_trainer_carla.py:497) Total Episode:    57 Steps:   11115 Episode Steps:   302 Return:  0.0000 Success:  0.30, D: 0.00 FPS: 2.30
23:51:35.372 [INFO] (off_policy_trainer_carla.py:497) Total Episode:    58 Steps:   11257 Episode Steps:   142 Return:  0.0000 Success:  0.30, D: 0.00 FPS: 2.18
23:52:35.643 [INFO] (off_policy_trainer_carla.py:497) Total Episode:    59 Steps:   11387 Episode Steps:   130 Return: -1.0000 Success:  0.25, D: 0.00 FPS: 2.16
23:53:38.675 [INFO] (off_policy_trainer_carla.py:497) Total Episode:    60 Steps:   11520 Episode Steps:   133 Return: -1.0000 Success:  0.25, D: 0.00 FPS: 2.11
23:54:34.172 [INFO] (off_policy_trainer_carla.py:497) Total Episode:    61 Steps:   11635 Episode Steps:   115 Return: -1.0000 Success:  0.20, D: 0.00 FPS: 2.07
23:56:55.604 [INFO] (off_policy_trainer_carla.py:497) Total Episode:    62 Steps:   11937 Episode Steps:   302 Return:  0.0000 Success:  0.20, D: 0.00 FPS: 2.14
23:58:58.608 [INFO] (off_policy_trainer_carla.py:497) Total Episode:    63 Steps:   12195 Episode Steps:   258 Return:  1.0000 Success:  0.20, D: 0.00 FPS: 2.10
00:00:14.526 [INFO] (off_policy_trainer_carla.py:497) Total Episode:    64 Steps:   12350 Episode Steps:   155 Return:  0.0000 Success:  0.20, D: 0.00 FPS: 2.04
00:01:19.358 [INFO] (off_policy_trainer_carla.py:497) Total Episode:    65 Steps:   12478 Episode Steps:   128 Return: -1.0000 Success:  0.15, D: 0.00 FPS: 1.97
00:02:29.298 [INFO] (off_policy_trainer_carla.py:497) Total Episode:    66 Steps:   12614 Episode Steps:   136 Return:  0.0000 Success:  0.15, D: 0.00 FPS: 1.94
00:05:01.063 [INFO] (off_policy_trainer_carla.py:497) Total Episode:    67 Steps:   12916 Episode Steps:   302 Return:  0.0000 Success:  0.10, D: 0.00 FPS: 1.99
00:06:56.508 [INFO] (off_policy_trainer_carla.py:497) Total Episode:    68 Steps:   13141 Episode Steps:   225 Return:  1.0000 Success:  0.15, D: 0.00 FPS: 1.95
00:09:30.761 [INFO] (off_policy_trainer_carla.py:497) Total Episode:    69 Steps:   13443 Episode Steps:   302 Return:  0.0000 Success:  0.15, D: 0.00 FPS: 1.96
00:10:30.174 [INFO] (off_policy_trainer_carla.py:497) Total Episode:    70 Steps:   13552 Episode Steps:   109 Return: -1.0000 Success:  0.15, D: 0.00 FPS: 1.83
00:11:56.661 [INFO] (off_policy_trainer_carla.py:497) Total Episode:    71 Steps:   13715 Episode Steps:   163 Return:  0.0000 Success:  0.15, D: 0.00 FPS: 1.88
00:13:52.029 [INFO] (off_policy_trainer_carla.py:497) Total Episode:    72 Steps:   13927 Episode Steps:   212 Return:  1.0000 Success:  0.20, D: 0.00 FPS: 1.84
00:15:22.295 [INFO] (off_policy_trainer_carla.py:497) Total Episode:    73 Steps:   14091 Episode Steps:   164 Return:  0.0000 Success:  0.15, D: 0.00 FPS: 1.82
00:18:08.899 [INFO] (off_policy_trainer_carla.py:497) Total Episode:    74 Steps:   14393 Episode Steps:   302 Return:  0.0000 Success:  0.15, D: 0.00 FPS: 1.81
00:19:53.190 [INFO] (off_policy_trainer_carla.py:497) Total Episode:    75 Steps:   14578 Episode Steps:   185 Return:  0.0000 Success:  0.15, D: 0.00 FPS: 1.77
00:21:07.443 [INFO] (off_policy_trainer_carla.py:497) Total Episode:    76 Steps:   14706 Episode Steps:   128 Return: -1.0000 Success:  0.15, D: 0.00 FPS: 1.72
00:23:05.225 [INFO] (off_policy_trainer_carla.py:497) Total Episode:    77 Steps:   14910 Episode Steps:   204 Return:  1.0000 Success:  0.20, D: 0.00 FPS: 1.73
00:25:58.539 [INFO] (off_policy_trainer_carla.py:497) Total Episode:    78 Steps:   15212 Episode Steps:   302 Return:  0.0000 Success:  0.20, D: 0.00 FPS: 1.74
00:28:12.873 [INFO] (off_policy_trainer_carla.py:497) Total Episode:    79 Steps:   15441 Episode Steps:   229 Return:  1.0000 Success:  0.25, D: 0.00 FPS: 1.70
00:30:17.318 [INFO] (off_policy_trainer_carla.py:497) Total Episode:    80 Steps:   15651 Episode Steps:   210 Return:  1.0000 Success:  0.30, D: 0.00 FPS: 1.69
00:32:10.623 [INFO] (off_policy_trainer_carla.py:497) Total Episode:    81 Steps:   15837 Episode Steps:   186 Return:  1.0000 Success:  0.35, D: 0.00 FPS: 1.64
00:34:01.581 [INFO] (off_policy_trainer_carla.py:497) Total Episode:    82 Steps:   16017 Episode Steps:   180 Return: -1.0000 Success:  0.35, D: 0.00 FPS: 1.62
00:36:21.378 [INFO] (off_policy_trainer_carla.py:497) Total Episode:    83 Steps:   16245 Episode Steps:   228 Return:  0.0000 Success:  0.30, D: 0.00 FPS: 1.63
00:39:28.163 [INFO] (off_policy_trainer_carla.py:497) Total Episode:    84 Steps:   16547 Episode Steps:   302 Return:  0.0000 Success:  0.30, D: 0.00 FPS: 1.62
00:41:32.722 [INFO] (off_policy_trainer_carla.py:497) Total Episode:    85 Steps:   16745 Episode Steps:   198 Return:  1.0000 Success:  0.35, D: 0.00 FPS: 1.59
00:43:12.327 [INFO] (off_policy_trainer_carla.py:497) Total Episode:    86 Steps:   16901 Episode Steps:   156 Return:  0.0000 Success:  0.35, D: 0.00 FPS: 1.57
00:44:24.472 [INFO] (off_policy_trainer_carla.py:497) Total Episode:    87 Steps:   17011 Episode Steps:   110 Return: -1.0000 Success:  0.35, D: 0.00 FPS: 1.52
00:47:37.790 [INFO] (off_policy_trainer_carla.py:497) Total Episode:    88 Steps:   17313 Episode Steps:   302 Return:  0.0000 Success:  0.30, D: 0.00 FPS: 1.56
00:49:54.551 [INFO] (off_policy_trainer_carla.py:497) Total Episode:    89 Steps:   17523 Episode Steps:   210 Return:  1.0000 Success:  0.35, D: 0.00 FPS: 1.54
00:51:16.373 [INFO] (off_policy_trainer_carla.py:497) Total Episode:    90 Steps:   17645 Episode Steps:   122 Return: -1.0000 Success:  0.35, D: 0.00 FPS: 1.49
00:53:19.684 [INFO] (off_policy_trainer_carla.py:497) Total Episode:    91 Steps:   17828 Episode Steps:   183 Return: -1.0000 Success:  0.35, D: 0.00 FPS: 1.48
00:55:33.195 [INFO] (off_policy_trainer_carla.py:497) Total Episode:    92 Steps:   18025 Episode Steps:   197 Return: -1.0000 Success:  0.30, D: 0.00 FPS: 1.48
00:57:00.097 [INFO] (off_policy_trainer_carla.py:497) Total Episode:    93 Steps:   18149 Episode Steps:   124 Return: -1.0000 Success:  0.30, D: 0.00 FPS: 1.43
00:58:24.886 [INFO] (off_policy_trainer_carla.py:497) Total Episode:    94 Steps:   18271 Episode Steps:   122 Return: -1.0000 Success:  0.30, D: 0.00 FPS: 1.44
01:00:42.741 [INFO] (off_policy_trainer_carla.py:497) Total Episode:    95 Steps:   18473 Episode Steps:   202 Return:  1.0000 Success:  0.35, D: 0.00 FPS: 1.47
01:04:07.669 [INFO] (off_policy_trainer_carla.py:497) Total Episode:    96 Steps:   18775 Episode Steps:   302 Return:  0.0000 Success:  0.35, D: 0.00 FPS: 1.47
01:06:09.583 [INFO] (off_policy_trainer_carla.py:497) Total Episode:    97 Steps:   18947 Episode Steps:   172 Return:  1.0000 Success:  0.35, D: 0.00 FPS: 1.41
01:09:40.750 [INFO] (off_policy_trainer_carla.py:497) Total Episode:    98 Steps:   19249 Episode Steps:   302 Return:  0.0000 Success:  0.35, D: 0.00 FPS: 1.43
01:13:12.140 [INFO] (off_policy_trainer_carla.py:497) Total Episode:    99 Steps:   19551 Episode Steps:   302 Return:  0.0000 Success:  0.30, D: 0.00 FPS: 1.43
01:15:01.743 [INFO] (off_policy_trainer_carla.py:497) Total Episode:   100 Steps:   19701 Episode Steps:   150 Return: -1.0000 Success:  0.25, D: 0.00 FPS: 1.37
01:18:06.137 [INFO] (off_policy_trainer_carla.py:497) Total Episode:   101 Steps:   19955 Episode Steps:   254 Return:  1.0000 Success:  0.25, D: 0.00 FPS: 1.38
01:21:42.833 [INFO] (off_policy_trainer_carla.py:497) Total Episode:   102 Steps:   20257 Episode Steps:   302 Return:  0.0000 Success:  0.25, D: 0.00 FPS: 1.39
01:23:13.046 [INFO] (off_policy_trainer_carla.py:497) Total Episode:   103 Steps:   20375 Episode Steps:   118 Return: -1.0000 Success:  0.25, D: 0.00 FPS: 1.31
01:26:24.188 [INFO] (off_policy_trainer_carla.py:497) Total Episode:   104 Steps:   20633 Episode Steps:   258 Return:  1.0000 Success:  0.30, D: 0.00 FPS: 1.35
01:27:55.915 [INFO] (off_policy_trainer_carla.py:497) Total Episode:   105 Steps:   20751 Episode Steps:   118 Return: -1.0000 Success:  0.25, D: 0.00 FPS: 1.29
01:29:33.588 [INFO] (off_policy_trainer_carla.py:497) Total Episode:   106 Steps:   20876 Episode Steps:   125 Return: -1.0000 Success:  0.25, D: 0.00 FPS: 1.28
01:30:53.616 [INFO] (off_policy_trainer_carla.py:497) Total Episode:   107 Steps:   20976 Episode Steps:   100 Return: -1.0000 Success:  0.25, D: 0.00 FPS: 1.25
01:32:13.456 [INFO] (off_policy_trainer_carla.py:497) Total Episode:   108 Steps:   21076 Episode Steps:   100 Return: -1.0000 Success:  0.25, D: 0.00 FPS: 1.25
01:35:48.264 [INFO] (off_policy_trainer_carla.py:497) Total Episode:   109 Steps:   21355 Episode Steps:   279 Return:  0.0000 Success:  0.20, D: 0.00 FPS: 1.30
01:37:33.303 [INFO] (off_policy_trainer_carla.py:497) Total Episode:   110 Steps:   21487 Episode Steps:   132 Return: -1.0000 Success:  0.20, D: 0.00 FPS: 1.26
01:40:33.322 [INFO] (off_policy_trainer_carla.py:497) Total Episode:   111 Steps:   21715 Episode Steps:   228 Return:  1.0000 Success:  0.25, D: 0.00 FPS: 1.27
01:42:18.849 [INFO] (off_policy_trainer_carla.py:497) Total Episode:   112 Steps:   21843 Episode Steps:   128 Return: -1.0000 Success:  0.25, D: 0.00 FPS: 1.21
01:46:19.645 [INFO] (off_policy_trainer_carla.py:497) Total Episode:   113 Steps:   22145 Episode Steps:   302 Return:  0.0000 Success:  0.25, D: 0.00 FPS: 1.25
01:48:28.227 [INFO] (off_policy_trainer_carla.py:497) Total Episode:   114 Steps:   22300 Episode Steps:   155 Return:  0.0000 Success:  0.25, D: 0.00 FPS: 1.21
01:51:01.917 [INFO] (off_policy_trainer_carla.py:497) Total Episode:   115 Steps:   22485 Episode Steps:   185 Return: -1.0000 Success:  0.20, D: 0.00 FPS: 1.20
01:54:05.603 [INFO] (off_policy_trainer_carla.py:497) Total Episode:   116 Steps:   22707 Episode Steps:   222 Return:  1.0000 Success:  0.25, D: 0.00 FPS: 1.21
01:57:25.484 [INFO] (off_policy_trainer_carla.py:497) Total Episode:   117 Steps:   22947 Episode Steps:   240 Return:  1.0000 Success:  0.25, D: 0.00 FPS: 1.20
01:58:44.904 [INFO] (off_policy_trainer_carla.py:497) Total Episode:   118 Steps:   23038 Episode Steps:    91 Return: -1.0000 Success:  0.25, D: 0.00 FPS: 1.15
02:00:37.030 [INFO] (off_policy_trainer_carla.py:497) Total Episode:   119 Steps:   23168 Episode Steps:   130 Return: -1.0000 Success:  0.25, D: 0.00 FPS: 1.16
02:04:51.238 [INFO] (off_policy_trainer_carla.py:497) Total Episode:   120 Steps:   23470 Episode Steps:   302 Return:  0.0000 Success:  0.25, D: 0.00 FPS: 1.19
02:06:48.085 [INFO] (off_policy_trainer_carla.py:497) Total Episode:   121 Steps:   23602 Episode Steps:   132 Return: -1.0000 Success:  0.20, D: 0.00 FPS: 1.13
02:09:41.116 [INFO] (off_policy_trainer_carla.py:497) Total Episode:   122 Steps:   23798 Episode Steps:   196 Return:  1.0000 Success:  0.25, D: 0.00 FPS: 1.13
02:11:35.615 [INFO] (off_policy_trainer_carla.py:497) Total Episode:   123 Steps:   23924 Episode Steps:   126 Return: -1.0000 Success:  0.25, D: 0.00 FPS: 1.10
02:13:24.403 [INFO] (off_policy_trainer_carla.py:497) Total Episode:   124 Steps:   24044 Episode Steps:   120 Return: -1.0000 Success:  0.20, D: 0.00 FPS: 1.10
02:15:19.017 [INFO] (off_policy_trainer_carla.py:497) Total Episode:   125 Steps:   24170 Episode Steps:   126 Return: -1.0000 Success:  0.20, D: 0.00 FPS: 1.10
02:17:08.187 [INFO] (off_policy_trainer_carla.py:497) Total Episode:   126 Steps:   24289 Episode Steps:   119 Return: -1.0000 Success:  0.20, D: 0.00 FPS: 1.09
02:19:12.736 [INFO] (off_policy_trainer_carla.py:497) Total Episode:   127 Steps:   24426 Episode Steps:   137 Return: -1.0000 Success:  0.20, D: 0.00 FPS: 1.10
02:22:51.215 [INFO] (off_policy_trainer_carla.py:497) Total Episode:   128 Steps:   24669 Episode Steps:   243 Return:  1.0000 Success:  0.25, D: 0.00 FPS: 1.11
02:26:04.732 [INFO] (off_policy_trainer_carla.py:497) Total Episode:   129 Steps:   24878 Episode Steps:   209 Return:  1.0000 Success:  0.30, D: 0.00 FPS: 1.08
02:28:15.717 [INFO] (off_policy_trainer_carla.py:497) Total Episode:   130 Steps:   25016 Episode Steps:   138 Return: -1.0000 Success:  0.30, D: 0.00 FPS: 1.05
02:29:52.420 [INFO] (off_policy_trainer_carla.py:497) Total Episode:   131 Steps:   25117 Episode Steps:   101 Return: -1.0000 Success:  0.25, D: 0.00 FPS: 1.04
02:32:22.156 [INFO] (off_policy_trainer_carla.py:497) Total Episode:   132 Steps:   25274 Episode Steps:   157 Return: -1.0000 Success:  0.25, D: 0.00 FPS: 1.05
02:37:02.230 [INFO] (off_policy_trainer_carla.py:497) Total Episode:   133 Steps:   25576 Episode Steps:   302 Return:  0.0000 Success:  0.25, D: 0.00 FPS: 1.08
02:40:06.429 [INFO] (off_policy_trainer_carla.py:497) Total Episode:   134 Steps:   25769 Episode Steps:   193 Return:  1.0000 Success:  0.30, D: 0.00 FPS: 1.05
02:43:16.045 [INFO] (off_policy_trainer_carla.py:497) Total Episode:   135 Steps:   25966 Episode Steps:   197 Return:  1.0000 Success:  0.35, D: 0.00 FPS: 1.04
02:45:17.506 [INFO] (off_policy_trainer_carla.py:497) Total Episode:   136 Steps:   26089 Episode Steps:   123 Return: -1.0000 Success:  0.30, D: 0.00 FPS: 1.01
02:48:51.745 [INFO] (off_policy_trainer_carla.py:497) Total Episode:   137 Steps:   26310 Episode Steps:   221 Return:  1.0000 Success:  0.30, D: 0.00 FPS: 1.03
02:51:08.632 [INFO] (off_policy_trainer_carla.py:497) Total Episode:   138 Steps:   26448 Episode Steps:   138 Return: -1.0000 Success:  0.30, D: 0.00 FPS: 1.01
02:54:11.558 [INFO] (off_policy_trainer_carla.py:497) Total Episode:   139 Steps:   26631 Episode Steps:   183 Return:  1.0000 Success:  0.35, D: 0.00 FPS: 1.00
02:57:33.732 [INFO] (off_policy_trainer_carla.py:497) Total Episode:   140 Steps:   26835 Episode Steps:   204 Return:  1.0000 Success:  0.40, D: 0.00 FPS: 1.01
02:59:53.094 [INFO] (off_policy_trainer_carla.py:497) Total Episode:   141 Steps:   26975 Episode Steps:   140 Return: -1.0000 Success:  0.40, D: 0.00 FPS: 1.00
03:04:51.914 [INFO] (off_policy_trainer_carla.py:497) Total Episode:   142 Steps:   27277 Episode Steps:   302 Return:  0.0000 Success:  0.35, D: 0.00 FPS: 1.01
03:07:31.527 [INFO] (off_policy_trainer_carla.py:497) Total Episode:   143 Steps:   27432 Episode Steps:   155 Return: -1.0000 Success:  0.35, D: 0.00 FPS: 0.97
03:10:27.718 [INFO] (off_policy_trainer_carla.py:497) Total Episode:   144 Steps:   27602 Episode Steps:   170 Return:  1.0000 Success:  0.40, D: 0.00 FPS: 0.96
03:15:31.816 [INFO] (off_policy_trainer_carla.py:497) Total Episode:   145 Steps:   27904 Episode Steps:   302 Return:  0.0000 Success:  0.40, D: 0.00 FPS: 0.99
03:18:24.635 [INFO] (off_policy_trainer_carla.py:497) Total Episode:   146 Steps:   28069 Episode Steps:   165 Return:  1.0000 Success:  0.45, D: 0.00 FPS: 0.95
03:20:34.007 [INFO] (off_policy_trainer_carla.py:497) Total Episode:   147 Steps:   28190 Episode Steps:   121 Return: -1.0000 Success:  0.45, D: 0.00 FPS: 0.94
03:22:45.190 [INFO] (off_policy_trainer_carla.py:497) Total Episode:   148 Steps:   28312 Episode Steps:   122 Return: -1.0000 Success:  0.40, D: 0.00 FPS: 0.93
03:24:50.942 [INFO] (off_policy_trainer_carla.py:497) Total Episode:   149 Steps:   28431 Episode Steps:   119 Return: -1.0000 Success:  0.35, D: 0.00 FPS: 0.95
03:28:57.830 [INFO] (off_policy_trainer_carla.py:497) Total Episode:   150 Steps:   28664 Episode Steps:   233 Return:  1.0000 Success:  0.40, D: 0.00 FPS: 0.94
03:32:10.303 [INFO] (off_policy_trainer_carla.py:497) Total Episode:   151 Steps:   28844 Episode Steps:   180 Return:  0.0000 Success:  0.40, D: 0.00 FPS: 0.94
03:35:37.684 [INFO] (off_policy_trainer_carla.py:497) Total Episode:   152 Steps:   29037 Episode Steps:   193 Return:  1.0000 Success:  0.45, D: 0.00 FPS: 0.93
03:41:00.181 [INFO] (off_policy_trainer_carla.py:497) Total Episode:   153 Steps:   29339 Episode Steps:   302 Return:  0.0000 Success:  0.45, D: 0.00 FPS: 0.94
03:44:46.236 [INFO] (off_policy_trainer_carla.py:497) Total Episode:   154 Steps:   29547 Episode Steps:   208 Return:  1.0000 Success:  0.45, D: 0.00 FPS: 0.92
03:48:21.316 [INFO] (off_policy_trainer_carla.py:497) Total Episode:   155 Steps:   29743 Episode Steps:   196 Return:  1.0000 Success:  0.45, D: 0.00 FPS: 0.91
03:50:58.877 [INFO] (off_policy_trainer_carla.py:497) Total Episode:   156 Steps:   29883 Episode Steps:   140 Return: -1.0000 Success:  0.45, D: 0.00 FPS: 0.89
03:54:52.984 [INFO] (off_policy_trainer_carla.py:497) Total Episode:   157 Steps:   30092 Episode Steps:   209 Return:  1.0000 Success:  0.45, D: 0.00 FPS: 0.89
03:59:05.107 [INFO] (off_policy_trainer_carla.py:497) Total Episode:   158 Steps:   30315 Episode Steps:   223 Return:  1.0000 Success:  0.50, D: 0.00 FPS: 0.88
04:02:25.725 [INFO] (off_policy_trainer_carla.py:497) Total Episode:   159 Steps:   30492 Episode Steps:   177 Return:  0.0000 Success:  0.45, D: 0.00 FPS: 0.88
04:06:29.270 [INFO] (off_policy_trainer_carla.py:497) Total Episode:   160 Steps:   30708 Episode Steps:   216 Return:  1.0000 Success:  0.45, D: 0.00 FPS: 0.89
04:12:12.941 [INFO] (off_policy_trainer_carla.py:497) Total Episode:   161 Steps:   31010 Episode Steps:   302 Return:  0.0000 Success:  0.45, D: 0.00 FPS: 0.88
04:16:44.033 [INFO] (off_policy_trainer_carla.py:497) Total Episode:   162 Steps:   31231 Episode Steps:   221 Return:  1.0000 Success:  0.50, D: 0.00 FPS: 0.82
04:19:30.269 [INFO] (off_policy_trainer_carla.py:497) Total Episode:   163 Steps:   31372 Episode Steps:   141 Return: -1.0000 Success:  0.50, D: 0.00 FPS: 0.85
04:23:15.159 [INFO] (off_policy_trainer_carla.py:497) Total Episode:   164 Steps:   31565 Episode Steps:   193 Return:  1.0000 Success:  0.50, D: 0.00 FPS: 0.86
04:25:51.528 [INFO] (off_policy_trainer_carla.py:497) Total Episode:   165 Steps:   31698 Episode Steps:   133 Return: -1.0000 Success:  0.50, D: 0.00 FPS: 0.85
04:29:48.224 [INFO] (off_policy_trainer_carla.py:497) Total Episode:   166 Steps:   31898 Episode Steps:   200 Return:  1.0000 Success:  0.50, D: 0.00 FPS: 0.84
04:33:04.901 [INFO] (off_policy_trainer_carla.py:497) Total Episode:   167 Steps:   32063 Episode Steps:   165 Return: -1.0000 Success:  0.50, D: 0.00 FPS: 0.84
04:35:38.685 [INFO] (off_policy_trainer_carla.py:497) Total Episode:   168 Steps:   32190 Episode Steps:   127 Return: -1.0000 Success:  0.50, D: 0.00 FPS: 0.83
04:39:15.883 [INFO] (off_policy_trainer_carla.py:497) Total Episode:   169 Steps:   32369 Episode Steps:   179 Return:  1.0000 Success:  0.55, D: 0.00 FPS: 0.82
04:43:52.466 [INFO] (off_policy_trainer_carla.py:497) Total Episode:   170 Steps:   32600 Episode Steps:   231 Return:  1.0000 Success:  0.55, D: 0.00 FPS: 0.84
04:46:33.698 [INFO] (off_policy_trainer_carla.py:497) Total Episode:   171 Steps:   32728 Episode Steps:   128 Return: -1.0000 Success:  0.55, D: 0.00 FPS: 0.79
04:49:37.523 [INFO] (off_policy_trainer_carla.py:497) Total Episode:   172 Steps:   32878 Episode Steps:   150 Return: -1.0000 Success:  0.50, D: 0.00 FPS: 0.82
04:53:29.063 [INFO] (off_policy_trainer_carla.py:497) Total Episode:   173 Steps:   33066 Episode Steps:   188 Return:  1.0000 Success:  0.55, D: 0.00 FPS: 0.81
04:57:11.252 [INFO] (off_policy_trainer_carla.py:497) Total Episode:   174 Steps:   33247 Episode Steps:   181 Return:  1.0000 Success:  0.55, D: 0.00 FPS: 0.81
05:01:44.852 [INFO] (off_policy_trainer_carla.py:497) Total Episode:   175 Steps:   33470 Episode Steps:   223 Return:  1.0000 Success:  0.55, D: 0.00 FPS: 0.82
05:07:55.667 [INFO] (off_policy_trainer_carla.py:497) Total Episode:   176 Steps:   33772 Episode Steps:   302 Return:  0.0000 Success:  0.55, D: 0.00 FPS: 0.81
05:12:15.431 [INFO] (off_policy_trainer_carla.py:497) Total Episode:   177 Steps:   33968 Episode Steps:   196 Return:  1.0000 Success:  0.55, D: 0.00 FPS: 0.75
05:16:30.817 [INFO] (off_policy_trainer_carla.py:497) Total Episode:   178 Steps:   34171 Episode Steps:   203 Return:  1.0000 Success:  0.55, D: 0.00 FPS: 0.80
05:20:39.243 [INFO] (off_policy_trainer_carla.py:497) Total Episode:   179 Steps:   34360 Episode Steps:   189 Return:  1.0000 Success:  0.60, D: 0.00 FPS: 0.76
05:25:09.958 [INFO] (off_policy_trainer_carla.py:497) Total Episode:   180 Steps:   34561 Episode Steps:   201 Return:  1.0000 Success:  0.60, D: 0.00 FPS: 0.74
05:30:29.028 [INFO] (off_policy_trainer_carla.py:497) Total Episode:   181 Steps:   34744 Episode Steps:   183 Return:  1.0000 Success:  0.65, D: 0.00 FPS: 0.57
