14:21:48.006 [INFO] (off_policy_trainer_carla.py:497) Total Episode:     1 Steps:     129 Episode Steps:   129 Return: -1.0000 Success:  0.00, D: 0.00 FPS:29.46
14:21:50.856 [INFO] (off_policy_trainer_carla.py:497) Total Episode:     2 Steps:     253 Episode Steps:   124 Return: -1.0000 Success:  0.00, D: 0.00 FPS:43.57
14:21:54.935 [INFO] (off_policy_trainer_carla.py:497) Total Episode:     3 Steps:     477 Episode Steps:   224 Return:  1.0000 Success:  0.05, D: 0.00 FPS:54.95
14:21:58.846 [INFO] (off_policy_trainer_carla.py:497) Total Episode:     4 Steps:     676 Episode Steps:   199 Return:  1.0000 Success:  0.10, D: 0.00 FPS:50.92
14:22:02.876 [INFO] (off_policy_trainer_carla.py:497) Total Episode:     5 Steps:     894 Episode Steps:   218 Return:  1.0000 Success:  0.15, D: 0.00 FPS:54.12
14:22:06.852 [INFO] (off_policy_trainer_carla.py:497) Total Episode:     6 Steps:    1110 Episode Steps:   216 Return:  1.0000 Success:  0.20, D: 0.00 FPS:54.36
14:22:09.636 [INFO] (off_policy_trainer_carla.py:497) Total Episode:     7 Steps:    1236 Episode Steps:   126 Return: -1.0000 Success:  0.20, D: 0.00 FPS:45.36
14:22:13.463 [INFO] (off_policy_trainer_carla.py:497) Total Episode:     8 Steps:    1435 Episode Steps:   199 Return:  1.0000 Success:  0.25, D: 0.00 FPS:52.03
14:22:17.688 [INFO] (off_policy_trainer_carla.py:497) Total Episode:     9 Steps:    1655 Episode Steps:   220 Return:  1.0000 Success:  0.30, D: 0.00 FPS:52.10
14:22:20.871 [INFO] (off_policy_trainer_carla.py:497) Total Episode:    10 Steps:    1808 Episode Steps:   153 Return: -1.0000 Success:  0.30, D: 0.00 FPS:48.11
14:22:23.639 [INFO] (off_policy_trainer_carla.py:497) Total Episode:    11 Steps:    1914 Episode Steps:   106 Return: -1.0000 Success:  0.30, D: 0.00 FPS:38.33
14:22:26.204 [INFO] (off_policy_trainer_carla.py:497) Total Episode:    12 Steps:    2020 Episode Steps:   106 Return: -1.0000 Success:  0.30, D: 0.00 FPS:41.36
14:22:29.234 [INFO] (off_policy_trainer_carla.py:497) Total Episode:    13 Steps:    2135 Episode Steps:   115 Return: -1.0000 Success:  0.30, D: 0.00 FPS:37.97
14:22:33.255 [INFO] (off_policy_trainer_carla.py:497) Total Episode:    14 Steps:    2311 Episode Steps:   176 Return: -1.0000 Success:  0.30, D: 0.00 FPS:43.80
14:22:36.409 [INFO] (off_policy_trainer_carla.py:497) Total Episode:    15 Steps:    2428 Episode Steps:   117 Return: -1.0000 Success:  0.30, D: 0.00 FPS:37.12
14:22:40.563 [INFO] (off_policy_trainer_carla.py:497) Total Episode:    16 Steps:    2645 Episode Steps:   217 Return:  1.0000 Success:  0.35, D: 0.00 FPS:52.28
14:22:42.949 [INFO] (off_policy_trainer_carla.py:497) Total Episode:    17 Steps:    2738 Episode Steps:    93 Return: -1.0000 Success:  0.35, D: 0.00 FPS:39.02
14:22:45.711 [INFO] (off_policy_trainer_carla.py:497) Total Episode:    18 Steps:    2861 Episode Steps:   123 Return: -1.0000 Success:  0.35, D: 0.00 FPS:44.56
14:22:49.226 [INFO] (off_policy_trainer_carla.py:497) Total Episode:    19 Steps:    3035 Episode Steps:   174 Return:  1.0000 Success:  0.40, D: 0.00 FPS:49.53
14:22:52.287 [INFO] (off_policy_trainer_carla.py:497) Total Episode:    20 Steps:    3175 Episode Steps:   140 Return:  0.0000 Success:  0.40, D: 0.00 FPS:45.78
14:22:54.876 [INFO] (off_policy_trainer_carla.py:497) Total Episode:    21 Steps:    3269 Episode Steps:    94 Return: -1.0000 Success:  0.40, D: 0.00 FPS:36.34
14:22:59.570 [INFO] (off_policy_trainer_carla.py:497) Total Episode:    22 Steps:    3501 Episode Steps:   232 Return:  1.0000 Success:  0.45, D: 0.00 FPS:49.48
14:23:02.437 [INFO] (off_policy_trainer_carla.py:497) Total Episode:    23 Steps:    3611 Episode Steps:   110 Return: -1.0000 Success:  0.40, D: 0.00 FPS:38.39
14:23:06.163 [INFO] (off_policy_trainer_carla.py:497) Total Episode:    24 Steps:    3799 Episode Steps:   188 Return:  1.0000 Success:  0.40, D: 0.00 FPS:50.50
14:23:08.938 [INFO] (off_policy_trainer_carla.py:497) Total Episode:    25 Steps:    3896 Episode Steps:    97 Return: -1.0000 Success:  0.35, D: 0.00 FPS:35.00
14:23:12.468 [INFO] (off_policy_trainer_carla.py:497) Total Episode:    26 Steps:    4041 Episode Steps:   145 Return:  0.0000 Success:  0.30, D: 0.00 FPS:41.11
14:23:16.528 [INFO] (off_policy_trainer_carla.py:497) Total Episode:    27 Steps:    4227 Episode Steps:   186 Return:  1.0000 Success:  0.35, D: 0.00 FPS:45.88
14:23:21.580 [INFO] (off_policy_trainer_carla.py:497) Total Episode:    28 Steps:    4505 Episode Steps:   278 Return:  1.0000 Success:  0.35, D: 0.00 FPS:55.06
14:23:25.314 [INFO] (off_policy_trainer_carla.py:497) Total Episode:    29 Steps:    4659 Episode Steps:   154 Return:  0.0000 Success:  0.30, D: 0.00 FPS:41.26
14:23:29.412 [INFO] (off_policy_trainer_carla.py:497) Total Episode:    30 Steps:    4875 Episode Steps:   216 Return:  1.0000 Success:  0.35, D: 0.00 FPS:52.74
14:24:49.906 [INFO] (off_policy_trainer_carla.py:497) Total Episode:    31 Steps:    5095 Episode Steps:   220 Return:  1.0000 Success:  0.40, D: 0.00 FPS: 2.73
14:25:08.085 [INFO] (off_policy_trainer_carla.py:497) Total Episode:    32 Steps:    5217 Episode Steps:   122 Return: -1.0000 Success:  0.40, D: 0.00 FPS: 6.71
14:25:26.604 [INFO] (off_policy_trainer_carla.py:497) Total Episode:    33 Steps:    5339 Episode Steps:   122 Return: -1.0000 Success:  0.40, D: 0.00 FPS: 6.59
14:25:58.880 [INFO] (off_policy_trainer_carla.py:497) Total Episode:    34 Steps:    5563 Episode Steps:   224 Return:  1.0000 Success:  0.45, D: 0.00 FPS: 6.94
14:26:25.228 [INFO] (off_policy_trainer_carla.py:497) Total Episode:    35 Steps:    5749 Episode Steps:   186 Return:  1.0000 Success:  0.50, D: 0.00 FPS: 7.06
14:26:54.077 [INFO] (off_policy_trainer_carla.py:497) Total Episode:    36 Steps:    5951 Episode Steps:   202 Return:  1.0000 Success:  0.50, D: 0.00 FPS: 7.00
14:27:11.845 [INFO] (off_policy_trainer_carla.py:497) Total Episode:    37 Steps:    6070 Episode Steps:   119 Return: -1.0000 Success:  0.50, D: 0.00 FPS: 6.70
14:27:40.338 [INFO] (off_policy_trainer_carla.py:497) Total Episode:    38 Steps:    6274 Episode Steps:   204 Return:  1.0000 Success:  0.55, D: 0.00 FPS: 7.16
14:28:21.981 [INFO] (off_policy_trainer_carla.py:497) Total Episode:    39 Steps:    6576 Episode Steps:   302 Return:  0.0000 Success:  0.50, D: 0.00 FPS: 7.25
14:28:44.059 [INFO] (off_policy_trainer_carla.py:497) Total Episode:    40 Steps:    6730 Episode Steps:   154 Return: -1.0000 Success:  0.50, D: 0.00 FPS: 6.98
14:29:07.674 [INFO] (off_policy_trainer_carla.py:497) Total Episode:    41 Steps:    6897 Episode Steps:   167 Return:  0.0000 Success:  0.50, D: 0.00 FPS: 7.07
14:29:42.714 [INFO] (off_policy_trainer_carla.py:497) Total Episode:    42 Steps:    7151 Episode Steps:   254 Return:  0.0000 Success:  0.45, D: 0.00 FPS: 7.25
14:30:11.479 [INFO] (off_policy_trainer_carla.py:497) Total Episode:    43 Steps:    7357 Episode Steps:   206 Return:  1.0000 Success:  0.50, D: 0.00 FPS: 7.16
14:30:35.709 [INFO] (off_policy_trainer_carla.py:497) Total Episode:    44 Steps:    7526 Episode Steps:   169 Return: -1.0000 Success:  0.45, D: 0.00 FPS: 6.98
14:30:51.250 [INFO] (off_policy_trainer_carla.py:497) Total Episode:    45 Steps:    7634 Episode Steps:   108 Return: -1.0000 Success:  0.45, D: 0.00 FPS: 6.95
14:31:24.340 [INFO] (off_policy_trainer_carla.py:497) Total Episode:    46 Steps:    7872 Episode Steps:   238 Return:  0.0000 Success:  0.45, D: 0.00 FPS: 7.19
14:31:41.172 [INFO] (off_policy_trainer_carla.py:497) Total Episode:    47 Steps:    7987 Episode Steps:   115 Return: -1.0000 Success:  0.40, D: 0.00 FPS: 6.83
14:31:56.438 [INFO] (off_policy_trainer_carla.py:497) Total Episode:    48 Steps:    8092 Episode Steps:   105 Return: -1.0000 Success:  0.35, D: 0.00 FPS: 6.88
14:32:26.572 [INFO] (off_policy_trainer_carla.py:497) Total Episode:    49 Steps:    8308 Episode Steps:   216 Return:  1.0000 Success:  0.40, D: 0.00 FPS: 7.17
14:33:08.254 [INFO] (off_policy_trainer_carla.py:497) Total Episode:    50 Steps:    8610 Episode Steps:   302 Return:  0.0000 Success:  0.35, D: 0.00 FPS: 7.25
14:33:50.044 [INFO] (off_policy_trainer_carla.py:497) Total Episode:    51 Steps:    8912 Episode Steps:   302 Return:  0.0000 Success:  0.30, D: 0.00 FPS: 7.23
14:34:11.016 [INFO] (off_policy_trainer_carla.py:497) Total Episode:    52 Steps:    9059 Episode Steps:   147 Return: -1.0000 Success:  0.30, D: 0.00 FPS: 7.01
14:34:36.957 [INFO] (off_policy_trainer_carla.py:497) Total Episode:    53 Steps:    9242 Episode Steps:   183 Return:  0.0000 Success:  0.30, D: 0.00 FPS: 7.06
14:35:11.103 [INFO] (off_policy_trainer_carla.py:497) Total Episode:    54 Steps:    9483 Episode Steps:   241 Return:  1.0000 Success:  0.30, D: 0.00 FPS: 7.06
14:35:31.345 [INFO] (off_policy_trainer_carla.py:497) Total Episode:    55 Steps:    9624 Episode Steps:   141 Return: -1.0000 Success:  0.25, D: 0.00 FPS: 6.97
14:35:47.994 [INFO] (off_policy_trainer_carla.py:497) Total Episode:    56 Steps:    9737 Episode Steps:   113 Return: -1.0000 Success:  0.20, D: 0.00 FPS: 6.79
14:36:06.108 [INFO] (off_policy_trainer_carla.py:497) Total Episode:    57 Steps:    9862 Episode Steps:   125 Return: -1.0000 Success:  0.20, D: 0.00 FPS: 6.90
14:36:38.311 [INFO] (off_policy_trainer_carla.py:497) Total Episode:    58 Steps:   10091 Episode Steps:   229 Return:  0.0000 Success:  0.15, D: 0.00 FPS: 7.11
14:37:07.523 [INFO] (off_policy_trainer_carla.py:497) Total Episode:    59 Steps:   10299 Episode Steps:   208 Return:  1.0000 Success:  0.20, D: 0.00 FPS: 7.12
14:37:28.129 [INFO] (off_policy_trainer_carla.py:497) Total Episode:    60 Steps:   10444 Episode Steps:   145 Return:  0.0000 Success:  0.20, D: 0.00 FPS: 7.04
14:37:45.519 [INFO] (off_policy_trainer_carla.py:497) Total Episode:    61 Steps:   10564 Episode Steps:   120 Return: -1.0000 Success:  0.20, D: 0.00 FPS: 6.90
14:38:15.143 [INFO] (off_policy_trainer_carla.py:497) Total Episode:    62 Steps:   10775 Episode Steps:   211 Return:  1.0000 Success:  0.25, D: 0.00 FPS: 7.12
14:38:34.265 [INFO] (off_policy_trainer_carla.py:497) Total Episode:    63 Steps:   10908 Episode Steps:   133 Return: -1.0000 Success:  0.20, D: 0.00 FPS: 6.96
14:38:56.500 [INFO] (off_policy_trainer_carla.py:497) Total Episode:    64 Steps:   11064 Episode Steps:   156 Return: -1.0000 Success:  0.20, D: 0.00 FPS: 7.02
14:39:38.306 [INFO] (off_policy_trainer_carla.py:497) Total Episode:    65 Steps:   11366 Episode Steps:   302 Return:  0.0000 Success:  0.20, D: 0.00 FPS: 7.22
14:40:19.909 [INFO] (off_policy_trainer_carla.py:497) Total Episode:    66 Steps:   11668 Episode Steps:   302 Return:  0.0000 Success:  0.20, D: 0.00 FPS: 7.26
14:40:39.996 [INFO] (off_policy_trainer_carla.py:497) Total Episode:    67 Steps:   11806 Episode Steps:   138 Return: -1.0000 Success:  0.20, D: 0.00 FPS: 6.87
14:41:08.422 [INFO] (off_policy_trainer_carla.py:497) Total Episode:    68 Steps:   12009 Episode Steps:   203 Return:  1.0000 Success:  0.25, D: 0.00 FPS: 7.14
14:41:37.884 [INFO] (off_policy_trainer_carla.py:497) Total Episode:    69 Steps:   12219 Episode Steps:   210 Return:  1.0000 Success:  0.25, D: 0.00 FPS: 7.13
14:42:02.995 [INFO] (off_policy_trainer_carla.py:497) Total Episode:    70 Steps:   12396 Episode Steps:   177 Return:  0.0000 Success:  0.25, D: 0.00 FPS: 7.05
14:42:33.913 [INFO] (off_policy_trainer_carla.py:497) Total Episode:    71 Steps:   12617 Episode Steps:   221 Return:  1.0000 Success:  0.30, D: 0.00 FPS: 7.15
14:42:53.565 [INFO] (off_policy_trainer_carla.py:497) Total Episode:    72 Steps:   12755 Episode Steps:   138 Return: -1.0000 Success:  0.30, D: 0.00 FPS: 7.02
14:43:15.214 [INFO] (off_policy_trainer_carla.py:497) Total Episode:    73 Steps:   12908 Episode Steps:   153 Return: -1.0000 Success:  0.30, D: 0.00 FPS: 7.07
14:43:43.284 [INFO] (off_policy_trainer_carla.py:497) Total Episode:    74 Steps:   13107 Episode Steps:   199 Return:  1.0000 Success:  0.30, D: 0.00 FPS: 7.09
14:44:24.995 [INFO] (off_policy_trainer_carla.py:497) Total Episode:    75 Steps:   13409 Episode Steps:   302 Return:  0.0000 Success:  0.30, D: 0.00 FPS: 7.24
14:44:43.580 [INFO] (off_policy_trainer_carla.py:497) Total Episode:    76 Steps:   13538 Episode Steps:   129 Return: -1.0000 Success:  0.30, D: 0.00 FPS: 6.94
14:44:58.234 [INFO] (off_policy_trainer_carla.py:497) Total Episode:    77 Steps:   13638 Episode Steps:   100 Return: -1.0000 Success:  0.30, D: 0.00 FPS: 6.83
14:45:31.279 [INFO] (off_policy_trainer_carla.py:497) Total Episode:    78 Steps:   13874 Episode Steps:   236 Return:  1.0000 Success:  0.35, D: 0.00 FPS: 7.14
14:46:07.284 [INFO] (off_policy_trainer_carla.py:497) Total Episode:    79 Steps:   14130 Episode Steps:   256 Return:  1.0000 Success:  0.35, D: 0.00 FPS: 7.11
14:46:28.093 [INFO] (off_policy_trainer_carla.py:497) Total Episode:    80 Steps:   14277 Episode Steps:   147 Return:  0.0000 Success:  0.35, D: 0.00 FPS: 7.06
14:46:53.237 [INFO] (off_policy_trainer_carla.py:497) Total Episode:    81 Steps:   14453 Episode Steps:   176 Return:  1.0000 Success:  0.40, D: 0.00 FPS: 7.00
14:47:25.472 [INFO] (off_policy_trainer_carla.py:497) Total Episode:    82 Steps:   14684 Episode Steps:   231 Return:  1.0000 Success:  0.40, D: 0.00 FPS: 7.17
14:47:52.522 [INFO] (off_policy_trainer_carla.py:497) Total Episode:    83 Steps:   14877 Episode Steps:   193 Return:  0.0000 Success:  0.40, D: 0.00 FPS: 7.14
14:48:34.254 [INFO] (off_policy_trainer_carla.py:497) Total Episode:    84 Steps:   15179 Episode Steps:   302 Return:  0.0000 Success:  0.40, D: 0.00 FPS: 7.24
14:49:06.285 [INFO] (off_policy_trainer_carla.py:497) Total Episode:    85 Steps:   15408 Episode Steps:   229 Return:  1.0000 Success:  0.45, D: 0.00 FPS: 7.15
14:49:26.281 [INFO] (off_policy_trainer_carla.py:497) Total Episode:    86 Steps:   15547 Episode Steps:   139 Return: -1.0000 Success:  0.45, D: 0.00 FPS: 6.95
14:49:56.260 [INFO] (off_policy_trainer_carla.py:497) Total Episode:    87 Steps:   15761 Episode Steps:   214 Return:  0.0000 Success:  0.45, D: 0.00 FPS: 7.14
14:50:21.517 [INFO] (off_policy_trainer_carla.py:497) Total Episode:    88 Steps:   15939 Episode Steps:   178 Return: -1.0000 Success:  0.40, D: 0.00 FPS: 7.05
14:50:51.533 [INFO] (off_policy_trainer_carla.py:497) Total Episode:    89 Steps:   16151 Episode Steps:   212 Return:  1.0000 Success:  0.40, D: 0.00 FPS: 7.06
14:51:26.911 [INFO] (off_policy_trainer_carla.py:497) Total Episode:    90 Steps:   16405 Episode Steps:   254 Return:  1.0000 Success:  0.45, D: 0.00 FPS: 7.18
14:51:45.547 [INFO] (off_policy_trainer_carla.py:497) Total Episode:    91 Steps:   16532 Episode Steps:   127 Return: -1.0000 Success:  0.40, D: 0.00 FPS: 6.82
14:52:27.748 [INFO] (off_policy_trainer_carla.py:497) Total Episode:    92 Steps:   16834 Episode Steps:   302 Return:  0.0000 Success:  0.40, D: 0.00 FPS: 7.16
14:52:55.814 [INFO] (off_policy_trainer_carla.py:497) Total Episode:    93 Steps:   17033 Episode Steps:   199 Return:  1.0000 Success:  0.45, D: 0.00 FPS: 7.09
14:53:28.519 [INFO] (off_policy_trainer_carla.py:497) Total Episode:    94 Steps:   17266 Episode Steps:   233 Return:  1.0000 Success:  0.45, D: 0.00 FPS: 7.12
14:53:53.107 [INFO] (off_policy_trainer_carla.py:497) Total Episode:    95 Steps:   17440 Episode Steps:   174 Return:  1.0000 Success:  0.50, D: 0.00 FPS: 7.08
14:54:20.906 [INFO] (off_policy_trainer_carla.py:497) Total Episode:    96 Steps:   17637 Episode Steps:   197 Return:  0.0000 Success:  0.50, D: 0.00 FPS: 7.09
14:54:39.632 [INFO] (off_policy_trainer_carla.py:497) Total Episode:    97 Steps:   17766 Episode Steps:   129 Return: -1.0000 Success:  0.50, D: 0.00 FPS: 6.89
14:55:21.723 [INFO] (off_policy_trainer_carla.py:497) Total Episode:    98 Steps:   18068 Episode Steps:   302 Return:  0.0000 Success:  0.45, D: 0.00 FPS: 7.18
14:55:36.396 [INFO] (off_policy_trainer_carla.py:497) Total Episode:    99 Steps:   18167 Episode Steps:    99 Return: -1.0000 Success:  0.40, D: 0.00 FPS: 6.75
14:56:18.186 [INFO] (off_policy_trainer_carla.py:497) Total Episode:   100 Steps:   18469 Episode Steps:   302 Return:  0.0000 Success:  0.40, D: 0.00 FPS: 7.23
14:56:40.611 [INFO] (off_policy_trainer_carla.py:497) Total Episode:   101 Steps:   18624 Episode Steps:   155 Return: -1.0000 Success:  0.35, D: 0.00 FPS: 6.91
14:57:23.239 [INFO] (off_policy_trainer_carla.py:497) Total Episode:   102 Steps:   18926 Episode Steps:   302 Return:  0.0000 Success:  0.30, D: 0.00 FPS: 7.09
14:57:53.150 [INFO] (off_policy_trainer_carla.py:497) Total Episode:   103 Steps:   19139 Episode Steps:   213 Return:  1.0000 Success:  0.35, D: 0.00 FPS: 7.12
14:58:23.852 [INFO] (off_policy_trainer_carla.py:497) Total Episode:   104 Steps:   19358 Episode Steps:   219 Return:  1.0000 Success:  0.40, D: 0.00 FPS: 7.13
14:58:51.315 [INFO] (off_policy_trainer_carla.py:497) Total Episode:   105 Steps:   19552 Episode Steps:   194 Return:  1.0000 Success:  0.40, D: 0.00 FPS: 7.06
14:59:12.225 [INFO] (off_policy_trainer_carla.py:497) Total Episode:   106 Steps:   19697 Episode Steps:   145 Return: -1.0000 Success:  0.40, D: 0.00 FPS: 6.94
14:59:36.227 [INFO] (off_policy_trainer_carla.py:497) Total Episode:   107 Steps:   19865 Episode Steps:   168 Return: -1.0000 Success:  0.40, D: 0.00 FPS: 7.00
15:00:18.131 [INFO] (off_policy_trainer_carla.py:497) Total Episode:   108 Steps:   20167 Episode Steps:   302 Return:  0.0000 Success:  0.40, D: 0.00 FPS: 7.21
15:00:47.779 [INFO] (off_policy_trainer_carla.py:497) Total Episode:   109 Steps:   20376 Episode Steps:   209 Return:  1.0000 Success:  0.40, D: 0.00 FPS: 7.05
15:01:19.270 [INFO] (off_policy_trainer_carla.py:497) Total Episode:   110 Steps:   20599 Episode Steps:   223 Return:  1.0000 Success:  0.40, D: 0.00 FPS: 7.08
15:01:45.977 [INFO] (off_policy_trainer_carla.py:497) Total Episode:   111 Steps:   20786 Episode Steps:   187 Return: -1.0000 Success:  0.40, D: 0.00 FPS: 7.00
15:02:27.972 [INFO] (off_policy_trainer_carla.py:497) Total Episode:   112 Steps:   21088 Episode Steps:   302 Return:  0.0000 Success:  0.40, D: 0.00 FPS: 7.19
15:02:59.280 [INFO] (off_policy_trainer_carla.py:497) Total Episode:   113 Steps:   21309 Episode Steps:   221 Return:  1.0000 Success:  0.40, D: 0.00 FPS: 7.06
15:03:21.927 [INFO] (off_policy_trainer_carla.py:497) Total Episode:   114 Steps:   21467 Episode Steps:   158 Return: -1.0000 Success:  0.35, D: 0.00 FPS: 6.98
15:03:54.585 [INFO] (off_policy_trainer_carla.py:497) Total Episode:   115 Steps:   21699 Episode Steps:   232 Return:  1.0000 Success:  0.35, D: 0.00 FPS: 7.10
15:04:26.422 [INFO] (off_policy_trainer_carla.py:497) Total Episode:   116 Steps:   21927 Episode Steps:   228 Return:  1.0000 Success:  0.40, D: 0.00 FPS: 7.16
15:05:01.751 [INFO] (off_policy_trainer_carla.py:497) Total Episode:   117 Steps:   22179 Episode Steps:   252 Return:  1.0000 Success:  0.45, D: 0.00 FPS: 7.13
15:05:43.764 [INFO] (off_policy_trainer_carla.py:497) Total Episode:   118 Steps:   22481 Episode Steps:   302 Return:  0.0000 Success:  0.45, D: 0.00 FPS: 7.19
15:06:25.612 [INFO] (off_policy_trainer_carla.py:497) Total Episode:   119 Steps:   22783 Episode Steps:   302 Return:  0.0000 Success:  0.45, D: 0.00 FPS: 7.22
15:07:07.963 [INFO] (off_policy_trainer_carla.py:497) Total Episode:   120 Steps:   23085 Episode Steps:   302 Return:  0.0000 Success:  0.45, D: 0.00 FPS: 7.13
15:07:24.764 [INFO] (off_policy_trainer_carla.py:497) Total Episode:   121 Steps:   23201 Episode Steps:   116 Return: -1.0000 Success:  0.45, D: 0.00 FPS: 6.91
15:08:06.656 [INFO] (off_policy_trainer_carla.py:497) Total Episode:   122 Steps:   23503 Episode Steps:   302 Return:  0.0000 Success:  0.45, D: 0.00 FPS: 7.21
15:08:31.327 [INFO] (off_policy_trainer_carla.py:497) Total Episode:   123 Steps:   23677 Episode Steps:   174 Return:  0.0000 Success:  0.40, D: 0.00 FPS: 7.05
15:09:07.410 [INFO] (off_policy_trainer_carla.py:497) Total Episode:   124 Steps:   23787 Episode Steps:   110 Return: -1.0000 Success:  0.35, D: 0.00 FPS: 3.05
15:09:34.487 [INFO] (off_policy_trainer_carla.py:497) Total Episode:   125 Steps:   23978 Episode Steps:   191 Return:  0.0000 Success:  0.30, D: 0.00 FPS: 7.06
15:10:02.987 [INFO] (off_policy_trainer_carla.py:497) Total Episode:   126 Steps:   24181 Episode Steps:   203 Return:  1.0000 Success:  0.35, D: 0.00 FPS: 7.12
15:10:35.092 [INFO] (off_policy_trainer_carla.py:497) Total Episode:   127 Steps:   24409 Episode Steps:   228 Return:  0.0000 Success:  0.35, D: 0.00 FPS: 7.10
15:10:51.668 [INFO] (off_policy_trainer_carla.py:497) Total Episode:   128 Steps:   24523 Episode Steps:   114 Return: -1.0000 Success:  0.35, D: 0.00 FPS: 6.88
15:11:33.484 [INFO] (off_policy_trainer_carla.py:497) Total Episode:   129 Steps:   24825 Episode Steps:   302 Return:  0.0000 Success:  0.30, D: 0.00 FPS: 7.22
15:12:15.156 [INFO] (off_policy_trainer_carla.py:497) Total Episode:   130 Steps:   25127 Episode Steps:   302 Return:  0.0000 Success:  0.25, D: 0.00 FPS: 7.25
15:12:48.916 [INFO] (off_policy_trainer_carla.py:497) Total Episode:   131 Steps:   25369 Episode Steps:   242 Return:  1.0000 Success:  0.30, D: 0.00 FPS: 7.17
15:13:20.956 [INFO] (off_policy_trainer_carla.py:497) Total Episode:   132 Steps:   25598 Episode Steps:   229 Return:  1.0000 Success:  0.35, D: 0.00 FPS: 7.15
15:13:49.761 [INFO] (off_policy_trainer_carla.py:497) Total Episode:   133 Steps:   25803 Episode Steps:   205 Return:  1.0000 Success:  0.35, D: 0.00 FPS: 7.12
15:14:31.801 [INFO] (off_policy_trainer_carla.py:497) Total Episode:   134 Steps:   26105 Episode Steps:   302 Return:  0.0000 Success:  0.35, D: 0.00 FPS: 7.18
15:15:02.628 [INFO] (off_policy_trainer_carla.py:497) Total Episode:   135 Steps:   26326 Episode Steps:   221 Return:  1.0000 Success:  0.35, D: 0.00 FPS: 7.17
15:15:17.250 [INFO] (off_policy_trainer_carla.py:497) Total Episode:   136 Steps:   26426 Episode Steps:   100 Return: -1.0000 Success:  0.30, D: 0.00 FPS: 6.84
15:15:35.946 [INFO] (off_policy_trainer_carla.py:497) Total Episode:   137 Steps:   26554 Episode Steps:   128 Return: -1.0000 Success:  0.25, D: 0.00 FPS: 6.85
15:16:02.762 [INFO] (off_policy_trainer_carla.py:497) Total Episode:   138 Steps:   26743 Episode Steps:   189 Return:  1.0000 Success:  0.30, D: 0.00 FPS: 7.05
15:16:44.774 [INFO] (off_policy_trainer_carla.py:497) Total Episode:   139 Steps:   27045 Episode Steps:   302 Return:  0.0000 Success:  0.30, D: 0.00 FPS: 7.19
15:17:13.868 [INFO] (off_policy_trainer_carla.py:497) Total Episode:   140 Steps:   27252 Episode Steps:   207 Return:  1.0000 Success:  0.35, D: 0.00 FPS: 7.12
15:17:41.937 [INFO] (off_policy_trainer_carla.py:497) Total Episode:   141 Steps:   27452 Episode Steps:   200 Return:  1.0000 Success:  0.40, D: 0.00 FPS: 7.13
15:18:14.699 [INFO] (off_policy_trainer_carla.py:497) Total Episode:   142 Steps:   27685 Episode Steps:   233 Return:  1.0000 Success:  0.45, D: 0.00 FPS: 7.11
15:18:56.798 [INFO] (off_policy_trainer_carla.py:497) Total Episode:   143 Steps:   27987 Episode Steps:   302 Return:  0.0000 Success:  0.45, D: 0.00 FPS: 7.17
15:19:14.464 [INFO] (off_policy_trainer_carla.py:497) Total Episode:   144 Steps:   28105 Episode Steps:   118 Return: -1.0000 Success:  0.45, D: 0.00 FPS: 6.68
15:19:44.678 [INFO] (off_policy_trainer_carla.py:497) Total Episode:   145 Steps:   28318 Episode Steps:   213 Return:  1.0000 Success:  0.50, D: 0.00 FPS: 7.05
15:20:11.109 [INFO] (off_policy_trainer_carla.py:497) Total Episode:   146 Steps:   28505 Episode Steps:   187 Return:  1.0000 Success:  0.50, D: 0.00 FPS: 7.08
15:20:37.250 [INFO] (off_policy_trainer_carla.py:497) Total Episode:   147 Steps:   28688 Episode Steps:   183 Return: -1.0000 Success:  0.50, D: 0.00 FPS: 7.00
15:21:00.823 [INFO] (off_policy_trainer_carla.py:497) Total Episode:   148 Steps:   28855 Episode Steps:   167 Return:  1.0000 Success:  0.55, D: 0.00 FPS: 7.09
15:21:42.974 [INFO] (off_policy_trainer_carla.py:497) Total Episode:   149 Steps:   29157 Episode Steps:   302 Return:  0.0000 Success:  0.55, D: 0.00 FPS: 7.17
15:22:10.046 [INFO] (off_policy_trainer_carla.py:497) Total Episode:   150 Steps:   29349 Episode Steps:   192 Return:  1.0000 Success:  0.60, D: 0.00 FPS: 7.09
15:22:25.134 [INFO] (off_policy_trainer_carla.py:497) Total Episode:   151 Steps:   29453 Episode Steps:   104 Return: -1.0000 Success:  0.55, D: 0.00 FPS: 6.89
15:22:45.015 [INFO] (off_policy_trainer_carla.py:497) Total Episode:   152 Steps:   29591 Episode Steps:   138 Return:  0.0000 Success:  0.50, D: 0.00 FPS: 6.94
15:23:06.800 [INFO] (off_policy_trainer_carla.py:497) Total Episode:   153 Steps:   29744 Episode Steps:   153 Return:  0.0000 Success:  0.45, D: 0.00 FPS: 7.02
15:23:33.422 [INFO] (off_policy_trainer_carla.py:497) Total Episode:   154 Steps:   29934 Episode Steps:   190 Return: -1.0000 Success:  0.45, D: 0.00 FPS: 7.14
15:24:05.967 [INFO] (off_policy_trainer_carla.py:497) Total Episode:   155 Steps:   30167 Episode Steps:   233 Return:  0.0000 Success:  0.40, D: 0.00 FPS: 7.16
15:24:23.242 [INFO] (off_policy_trainer_carla.py:497) Total Episode:   156 Steps:   30286 Episode Steps:   119 Return: -1.0000 Success:  0.40, D: 0.00 FPS: 6.89
15:24:51.711 [INFO] (off_policy_trainer_carla.py:497) Total Episode:   157 Steps:   30487 Episode Steps:   201 Return:  1.0000 Success:  0.45, D: 0.00 FPS: 7.06
15:25:20.120 [INFO] (off_policy_trainer_carla.py:497) Total Episode:   158 Steps:   30689 Episode Steps:   202 Return:  1.0000 Success:  0.45, D: 0.00 FPS: 7.11
15:25:37.432 [INFO] (off_policy_trainer_carla.py:497) Total Episode:   159 Steps:   30807 Episode Steps:   118 Return: -1.0000 Success:  0.45, D: 0.00 FPS: 6.82
15:26:08.735 [INFO] (off_policy_trainer_carla.py:497) Total Episode:   160 Steps:   31030 Episode Steps:   223 Return:  1.0000 Success:  0.45, D: 0.00 FPS: 7.12
15:26:34.909 [INFO] (off_policy_trainer_carla.py:497) Total Episode:   161 Steps:   31215 Episode Steps:   185 Return:  1.0000 Success:  0.45, D: 0.00 FPS: 7.07
15:26:58.459 [INFO] (off_policy_trainer_carla.py:497) Total Episode:   162 Steps:   31381 Episode Steps:   166 Return:  1.0000 Success:  0.45, D: 0.00 FPS: 7.05
15:27:15.722 [INFO] (off_policy_trainer_carla.py:497) Total Episode:   163 Steps:   31501 Episode Steps:   120 Return: -1.0000 Success:  0.45, D: 0.00 FPS: 6.95
15:27:47.816 [INFO] (off_policy_trainer_carla.py:497) Total Episode:   164 Steps:   31730 Episode Steps:   229 Return:  1.0000 Success:  0.50, D: 0.00 FPS: 7.14
15:28:04.584 [INFO] (off_policy_trainer_carla.py:497) Total Episode:   165 Steps:   31846 Episode Steps:   116 Return: -1.0000 Success:  0.45, D: 0.00 FPS: 6.92
15:28:32.609 [INFO] (off_policy_trainer_carla.py:497) Total Episode:   166 Steps:   32045 Episode Steps:   199 Return:  1.0000 Success:  0.45, D: 0.00 FPS: 7.10
15:28:49.808 [INFO] (off_policy_trainer_carla.py:497) Total Episode:   167 Steps:   32164 Episode Steps:   119 Return: -1.0000 Success:  0.45, D: 0.00 FPS: 6.92
15:29:06.910 [INFO] (off_policy_trainer_carla.py:497) Total Episode:   168 Steps:   32282 Episode Steps:   118 Return: -1.0000 Success:  0.40, D: 0.00 FPS: 6.90
15:29:21.636 [INFO] (off_policy_trainer_carla.py:497) Total Episode:   169 Steps:   32382 Episode Steps:   100 Return: -1.0000 Success:  0.40, D: 0.00 FPS: 6.79
15:29:48.675 [INFO] (off_policy_trainer_carla.py:497) Total Episode:   170 Steps:   32575 Episode Steps:   193 Return:  1.0000 Success:  0.40, D: 0.00 FPS: 7.14
15:30:18.566 [INFO] (off_policy_trainer_carla.py:497) Total Episode:   171 Steps:   32788 Episode Steps:   213 Return:  1.0000 Success:  0.45, D: 0.00 FPS: 7.13
15:30:46.710 [INFO] (off_policy_trainer_carla.py:497) Total Episode:   172 Steps:   32986 Episode Steps:   198 Return:  1.0000 Success:  0.50, D: 0.00 FPS: 7.04
15:31:12.887 [INFO] (off_policy_trainer_carla.py:497) Total Episode:   173 Steps:   33172 Episode Steps:   186 Return:  1.0000 Success:  0.55, D: 0.00 FPS: 7.11
15:31:30.432 [INFO] (off_policy_trainer_carla.py:497) Total Episode:   174 Steps:   33294 Episode Steps:   122 Return: -1.0000 Success:  0.55, D: 0.00 FPS: 6.95
15:31:53.614 [INFO] (off_policy_trainer_carla.py:497) Total Episode:   175 Steps:   33456 Episode Steps:   162 Return:  1.0000 Success:  0.60, D: 0.00 FPS: 6.99
15:32:26.378 [INFO] (off_policy_trainer_carla.py:497) Total Episode:   176 Steps:   33687 Episode Steps:   231 Return:  1.0000 Success:  0.65, D: 0.00 FPS: 7.05
15:32:55.773 [INFO] (off_policy_trainer_carla.py:497) Total Episode:   177 Steps:   33897 Episode Steps:   210 Return:  1.0000 Success:  0.65, D: 0.00 FPS: 7.14
15:33:13.739 [INFO] (off_policy_trainer_carla.py:497) Total Episode:   178 Steps:   34022 Episode Steps:   125 Return: -1.0000 Success:  0.60, D: 0.00 FPS: 6.96
15:33:32.545 [INFO] (off_policy_trainer_carla.py:497) Total Episode:   179 Steps:   34153 Episode Steps:   131 Return: -1.0000 Success:  0.60, D: 0.00 FPS: 6.97
15:33:59.788 [INFO] (off_policy_trainer_carla.py:497) Total Episode:   180 Steps:   34347 Episode Steps:   194 Return:  1.0000 Success:  0.60, D: 0.00 FPS: 7.12
15:34:26.565 [INFO] (off_policy_trainer_carla.py:497) Total Episode:   181 Steps:   34537 Episode Steps:   190 Return:  1.0000 Success:  0.60, D: 0.00 FPS: 7.10
15:34:45.312 [INFO] (off_policy_trainer_carla.py:497) Total Episode:   182 Steps:   34667 Episode Steps:   130 Return:  0.0000 Success:  0.55, D: 0.00 FPS: 6.94
15:35:14.047 [INFO] (off_policy_trainer_carla.py:497) Total Episode:   183 Steps:   34871 Episode Steps:   204 Return:  1.0000 Success:  0.60, D: 0.00 FPS: 7.10
15:35:43.749 [INFO] (off_policy_trainer_carla.py:497) Total Episode:   184 Steps:   35081 Episode Steps:   210 Return:  1.0000 Success:  0.60, D: 0.00 FPS: 7.07
15:36:06.770 [INFO] (off_policy_trainer_carla.py:497) Total Episode:   185 Steps:   35242 Episode Steps:   161 Return:  1.0000 Success:  0.65, D: 0.00 FPS: 6.99
15:36:38.011 [INFO] (off_policy_trainer_carla.py:497) Total Episode:   186 Steps:   35464 Episode Steps:   222 Return:  1.0000 Success:  0.65, D: 0.00 FPS: 7.11
15:37:08.092 [INFO] (off_policy_trainer_carla.py:497) Total Episode:   187 Steps:   35678 Episode Steps:   214 Return:  1.0000 Success:  0.70, D: 0.00 FPS: 7.11
15:37:24.668 [INFO] (off_policy_trainer_carla.py:497) Total Episode:   188 Steps:   35792 Episode Steps:   114 Return: -1.0000 Success:  0.70, D: 0.00 FPS: 6.88
15:37:44.381 [INFO] (off_policy_trainer_carla.py:497) Total Episode:   189 Steps:   35929 Episode Steps:   137 Return: -1.0000 Success:  0.70, D: 0.00 FPS: 6.95
15:38:10.176 [INFO] (off_policy_trainer_carla.py:497) Total Episode:   190 Steps:   36111 Episode Steps:   182 Return:  1.0000 Success:  0.70, D: 0.00 FPS: 7.06
15:38:38.829 [INFO] (off_policy_trainer_carla.py:497) Total Episode:   191 Steps:   36315 Episode Steps:   204 Return:  1.0000 Success:  0.70, D: 0.00 FPS: 7.12
15:38:56.329 [INFO] (off_policy_trainer_carla.py:497) Total Episode:   192 Steps:   36436 Episode Steps:   121 Return: -1.0000 Success:  0.65, D: 0.00 FPS: 6.92
15:39:14.161 [INFO] (off_policy_trainer_carla.py:497) Total Episode:   193 Steps:   36559 Episode Steps:   123 Return: -1.0000 Success:  0.60, D: 0.00 FPS: 6.90
15:39:56.652 [INFO] (off_policy_trainer_carla.py:497) Total Episode:   194 Steps:   36861 Episode Steps:   302 Return:  0.0000 Success:  0.60, D: 0.00 FPS: 7.11
15:40:22.542 [INFO] (off_policy_trainer_carla.py:497) Total Episode:   195 Steps:   37043 Episode Steps:   182 Return: -1.0000 Success:  0.55, D: 0.00 FPS: 7.03
15:40:38.987 [INFO] (off_policy_trainer_carla.py:497) Total Episode:   196 Steps:   37154 Episode Steps:   111 Return: -1.0000 Success:  0.50, D: 0.00 FPS: 6.75
15:40:54.491 [INFO] (off_policy_trainer_carla.py:497) Total Episode:   197 Steps:   37260 Episode Steps:   106 Return: -1.0000 Success:  0.45, D: 0.00 FPS: 6.84
15:41:23.321 [INFO] (off_policy_trainer_carla.py:497) Total Episode:   198 Steps:   37463 Episode Steps:   203 Return:  0.0000 Success:  0.45, D: 0.00 FPS: 7.04
15:41:54.979 [INFO] (off_policy_trainer_carla.py:497) Total Episode:   199 Steps:   37686 Episode Steps:   223 Return:  1.0000 Success:  0.50, D: 0.00 FPS: 7.04
15:42:16.121 [INFO] (off_policy_trainer_carla.py:497) Total Episode:   200 Steps:   37833 Episode Steps:   147 Return: -1.0000 Success:  0.45, D: 0.00 FPS: 6.95
15:42:43.824 [INFO] (off_policy_trainer_carla.py:497) Total Episode:   201 Steps:   38030 Episode Steps:   197 Return:  1.0000 Success:  0.45, D: 0.00 FPS: 7.11
15:43:10.694 [INFO] (off_policy_trainer_carla.py:497) Total Episode:   202 Steps:   38220 Episode Steps:   190 Return:  1.0000 Success:  0.50, D: 0.00 FPS: 7.07
15:43:38.874 [INFO] (off_policy_trainer_carla.py:497) Total Episode:   203 Steps:   38420 Episode Steps:   200 Return:  1.0000 Success:  0.50, D: 0.00 FPS: 7.10
15:43:57.889 [INFO] (off_policy_trainer_carla.py:497) Total Episode:   204 Steps:   38552 Episode Steps:   132 Return: -1.0000 Success:  0.45, D: 0.00 FPS: 6.94
15:44:24.057 [INFO] (off_policy_trainer_carla.py:497) Total Episode:   205 Steps:   38737 Episode Steps:   185 Return:  1.0000 Success:  0.45, D: 0.00 FPS: 7.07
15:44:43.531 [INFO] (off_policy_trainer_carla.py:497) Total Episode:   206 Steps:   38872 Episode Steps:   135 Return: -1.0000 Success:  0.40, D: 0.00 FPS: 6.93
15:45:02.284 [INFO] (off_policy_trainer_carla.py:497) Total Episode:   207 Steps:   39002 Episode Steps:   130 Return: -1.0000 Success:  0.35, D: 0.00 FPS: 6.93
15:45:29.333 [INFO] (off_policy_trainer_carla.py:497) Total Episode:   208 Steps:   39194 Episode Steps:   192 Return:  1.0000 Success:  0.40, D: 0.00 FPS: 7.10
15:45:56.999 [INFO] (off_policy_trainer_carla.py:497) Total Episode:   209 Steps:   39385 Episode Steps:   191 Return:  0.0000 Success:  0.40, D: 0.00 FPS: 6.90
15:46:24.244 [INFO] (off_policy_trainer_carla.py:497) Total Episode:   210 Steps:   39578 Episode Steps:   193 Return: -1.0000 Success:  0.35, D: 0.00 FPS: 7.08
15:46:52.832 [INFO] (off_policy_trainer_carla.py:497) Total Episode:   211 Steps:   39778 Episode Steps:   200 Return:  1.0000 Success:  0.35, D: 0.00 FPS: 7.00
15:47:16.698 [INFO] (off_policy_trainer_carla.py:497) Total Episode:   212 Steps:   39946 Episode Steps:   168 Return:  1.0000 Success:  0.40, D: 0.00 FPS: 7.04
15:47:34.572 [INFO] (off_policy_trainer_carla.py:497) Total Episode:   213 Steps:   40069 Episode Steps:   123 Return: -1.0000 Success:  0.40, D: 0.00 FPS: 6.88
15:47:52.001 [INFO] (off_policy_trainer_carla.py:497) Total Episode:   214 Steps:   40189 Episode Steps:   120 Return: -1.0000 Success:  0.40, D: 0.00 FPS: 6.89
15:48:20.400 [INFO] (off_policy_trainer_carla.py:497) Total Episode:   215 Steps:   40389 Episode Steps:   200 Return:  0.0000 Success:  0.40, D: 0.00 FPS: 7.04
15:48:45.143 [INFO] (off_policy_trainer_carla.py:497) Total Episode:   216 Steps:   40564 Episode Steps:   175 Return: -1.0000 Success:  0.40, D: 0.00 FPS: 7.07
15:49:13.528 [INFO] (off_policy_trainer_carla.py:497) Total Episode:   217 Steps:   40766 Episode Steps:   202 Return:  1.0000 Success:  0.45, D: 0.00 FPS: 7.12
15:49:33.011 [INFO] (off_policy_trainer_carla.py:497) Total Episode:   218 Steps:   40901 Episode Steps:   135 Return: -1.0000 Success:  0.45, D: 0.00 FPS: 6.93
15:50:00.562 [INFO] (off_policy_trainer_carla.py:497) Total Episode:   219 Steps:   41096 Episode Steps:   195 Return:  1.0000 Success:  0.45, D: 0.00 FPS: 7.08
15:50:24.055 [INFO] (off_policy_trainer_carla.py:497) Total Episode:   220 Steps:   41262 Episode Steps:   166 Return:  1.0000 Success:  0.50, D: 0.00 FPS: 7.07
15:50:42.306 [INFO] (off_policy_trainer_carla.py:497) Total Episode:   221 Steps:   41387 Episode Steps:   125 Return: -1.0000 Success:  0.45, D: 0.00 FPS: 6.85
15:51:09.564 [INFO] (off_policy_trainer_carla.py:497) Total Episode:   222 Steps:   41580 Episode Steps:   193 Return:  1.0000 Success:  0.45, D: 0.00 FPS: 7.08
15:51:40.933 [INFO] (off_policy_trainer_carla.py:497) Total Episode:   223 Steps:   41800 Episode Steps:   220 Return:  1.0000 Success:  0.45, D: 0.00 FPS: 7.01
15:52:11.014 [INFO] (off_policy_trainer_carla.py:497) Total Episode:   224 Steps:   42014 Episode Steps:   214 Return:  1.0000 Success:  0.50, D: 0.00 FPS: 7.11
15:52:35.054 [INFO] (off_policy_trainer_carla.py:497) Total Episode:   225 Steps:   42183 Episode Steps:   169 Return: -1.0000 Success:  0.45, D: 0.00 FPS: 7.03
15:53:02.697 [INFO] (off_policy_trainer_carla.py:497) Total Episode:   226 Steps:   42378 Episode Steps:   195 Return:  1.0000 Success:  0.50, D: 0.00 FPS: 7.05
15:53:19.708 [INFO] (off_policy_trainer_carla.py:497) Total Episode:   227 Steps:   42496 Episode Steps:   118 Return: -1.0000 Success:  0.50, D: 0.00 FPS: 6.94
15:53:39.808 [INFO] (off_policy_trainer_carla.py:497) Total Episode:   228 Steps:   42635 Episode Steps:   139 Return: -1.0000 Success:  0.45, D: 0.00 FPS: 6.92
15:54:21.596 [INFO] (off_policy_trainer_carla.py:497) Total Episode:   229 Steps:   42937 Episode Steps:   302 Return:  0.0000 Success:  0.45, D: 0.00 FPS: 7.23
15:54:47.286 [INFO] (off_policy_trainer_carla.py:497) Total Episode:   230 Steps:   43119 Episode Steps:   182 Return:  1.0000 Success:  0.50, D: 0.00 FPS: 7.08
15:55:28.984 [INFO] (off_policy_trainer_carla.py:497) Total Episode:   231 Steps:   43421 Episode Steps:   302 Return:  0.0000 Success:  0.45, D: 0.00 FPS: 7.24
15:55:51.661 [INFO] (off_policy_trainer_carla.py:497) Total Episode:   232 Steps:   43578 Episode Steps:   157 Return: -1.0000 Success:  0.40, D: 0.00 FPS: 6.92
15:56:24.213 [INFO] (off_policy_trainer_carla.py:497) Total Episode:   233 Steps:   43811 Episode Steps:   233 Return:  1.0000 Success:  0.45, D: 0.00 FPS: 7.16
15:56:50.231 [INFO] (off_policy_trainer_carla.py:497) Total Episode:   234 Steps:   43993 Episode Steps:   182 Return:  0.0000 Success:  0.45, D: 0.00 FPS: 7.00
15:57:09.766 [INFO] (off_policy_trainer_carla.py:497) Total Episode:   235 Steps:   44129 Episode Steps:   136 Return: -1.0000 Success:  0.45, D: 0.00 FPS: 6.96
15:57:43.002 [INFO] (off_policy_trainer_carla.py:497) Total Episode:   236 Steps:   44366 Episode Steps:   237 Return:  1.0000 Success:  0.50, D: 0.00 FPS: 7.13
15:58:23.005 [INFO] (off_policy_trainer_carla.py:497) Total Episode:   237 Steps:   44505 Episode Steps:   139 Return: -1.0000 Success:  0.45, D: 0.00 FPS: 3.47
15:58:46.683 [INFO] (off_policy_trainer_carla.py:497) Total Episode:   238 Steps:   44671 Episode Steps:   166 Return:  1.0000 Success:  0.50, D: 0.00 FPS: 7.02
15:59:03.945 [INFO] (off_policy_trainer_carla.py:497) Total Episode:   239 Steps:   44790 Episode Steps:   119 Return: -1.0000 Success:  0.45, D: 0.00 FPS: 6.89
15:59:27.944 [INFO] (off_policy_trainer_carla.py:497) Total Episode:   240 Steps:   44960 Episode Steps:   170 Return:  0.0000 Success:  0.40, D: 0.00 FPS: 7.08
15:59:46.489 [INFO] (off_policy_trainer_carla.py:497) Total Episode:   241 Steps:   45088 Episode Steps:   128 Return: -1.0000 Success:  0.40, D: 0.00 FPS: 6.90
16:00:15.183 [INFO] (off_policy_trainer_carla.py:497) Total Episode:   242 Steps:   45291 Episode Steps:   203 Return:  1.0000 Success:  0.40, D: 0.00 FPS: 7.08
16:00:46.467 [INFO] (off_policy_trainer_carla.py:497) Total Episode:   243 Steps:   45512 Episode Steps:   221 Return:  1.0000 Success:  0.40, D: 0.00 FPS: 7.06
16:01:05.567 [INFO] (off_policy_trainer_carla.py:497) Total Episode:   244 Steps:   45644 Episode Steps:   132 Return: -1.0000 Success:  0.35, D: 0.00 FPS: 6.91
16:01:32.309 [INFO] (off_policy_trainer_carla.py:497) Total Episode:   245 Steps:   45833 Episode Steps:   189 Return:  1.0000 Success:  0.40, D: 0.00 FPS: 7.07
16:01:52.794 [INFO] (off_policy_trainer_carla.py:497) Total Episode:   246 Steps:   45971 Episode Steps:   138 Return: -1.0000 Success:  0.35, D: 0.00 FPS: 6.74
16:02:18.348 [INFO] (off_policy_trainer_carla.py:497) Total Episode:   247 Steps:   46152 Episode Steps:   181 Return:  0.0000 Success:  0.35, D: 0.00 FPS: 7.08
16:03:00.286 [INFO] (off_policy_trainer_carla.py:497) Total Episode:   248 Steps:   46454 Episode Steps:   302 Return:  0.0000 Success:  0.35, D: 0.00 FPS: 7.20
16:03:26.385 [INFO] (off_policy_trainer_carla.py:497) Total Episode:   249 Steps:   46640 Episode Steps:   186 Return:  1.0000 Success:  0.40, D: 0.00 FPS: 7.13
16:03:55.986 [INFO] (off_policy_trainer_carla.py:497) Total Episode:   250 Steps:   46851 Episode Steps:   211 Return:  1.0000 Success:  0.40, D: 0.00 FPS: 7.13
16:04:27.598 [INFO] (off_policy_trainer_carla.py:497) Total Episode:   251 Steps:   47075 Episode Steps:   224 Return:  1.0000 Success:  0.45, D: 0.00 FPS: 7.09
16:04:53.844 [INFO] (off_policy_trainer_carla.py:497) Total Episode:   252 Steps:   47260 Episode Steps:   185 Return:  0.0000 Success:  0.45, D: 0.00 FPS: 7.05
16:05:22.847 [INFO] (off_policy_trainer_carla.py:497) Total Episode:   253 Steps:   47465 Episode Steps:   205 Return:  0.0000 Success:  0.40, D: 0.00 FPS: 7.07
16:05:54.749 [INFO] (off_policy_trainer_carla.py:497) Total Episode:   254 Steps:   47692 Episode Steps:   227 Return:  1.0000 Success:  0.45, D: 0.00 FPS: 7.12
16:06:23.025 [INFO] (off_policy_trainer_carla.py:497) Total Episode:   255 Steps:   47892 Episode Steps:   200 Return:  1.0000 Success:  0.50, D: 0.00 FPS: 7.07
16:07:05.056 [INFO] (off_policy_trainer_carla.py:497) Total Episode:   256 Steps:   48194 Episode Steps:   302 Return:  0.0000 Success:  0.45, D: 0.00 FPS: 7.19
16:07:37.612 [INFO] (off_policy_trainer_carla.py:497) Total Episode:   257 Steps:   48427 Episode Steps:   233 Return:  1.0000 Success:  0.50, D: 0.00 FPS: 7.16
16:07:57.834 [INFO] (off_policy_trainer_carla.py:497) Total Episode:   258 Steps:   48568 Episode Steps:   141 Return: -1.0000 Success:  0.45, D: 0.00 FPS: 6.97
16:08:59.557 [INFO] (off_policy_trainer_carla.py:497) Total Episode:   259 Steps:   48870 Episode Steps:   302 Return:  0.0000 Success:  0.45, D: 0.00 FPS: 4.89
16:09:41.320 [INFO] (off_policy_trainer_carla.py:497) Total Episode:   260 Steps:   49172 Episode Steps:   302 Return:  0.0000 Success:  0.45, D: 0.00 FPS: 7.23
16:10:12.629 [INFO] (off_policy_trainer_carla.py:497) Total Episode:   261 Steps:   49394 Episode Steps:   222 Return:  1.0000 Success:  0.50, D: 0.00 FPS: 7.09
16:10:44.165 [INFO] (off_policy_trainer_carla.py:497) Total Episode:   262 Steps:   49617 Episode Steps:   223 Return:  1.0000 Success:  0.50, D: 0.00 FPS: 7.07
16:11:13.800 [INFO] (off_policy_trainer_carla.py:497) Total Episode:   263 Steps:   49828 Episode Steps:   211 Return:  1.0000 Success:  0.50, D: 0.00 FPS: 7.12
16:11:31.363 [INFO] (off_policy_trainer_carla.py:497) Total Episode:   264 Steps:   49949 Episode Steps:   121 Return: -1.0000 Success:  0.50, D: 0.00 FPS: 6.89
16:11:58.025 [INFO] (off_policy_trainer_carla.py:497) Total Episode:   265 Steps:   50136 Episode Steps:   187 Return:  1.0000 Success:  0.50, D: 0.00 FPS: 7.01
16:12:25.340 [INFO] (off_policy_trainer_carla.py:497) Total Episode:   266 Steps:   50329 Episode Steps:   193 Return:  1.0000 Success:  0.55, D: 0.00 FPS: 7.07
16:12:43.688 [INFO] (off_policy_trainer_carla.py:497) Total Episode:   267 Steps:   50455 Episode Steps:   126 Return: -1.0000 Success:  0.55, D: 0.00 FPS: 6.87
16:13:14.355 [INFO] (off_policy_trainer_carla.py:497) Total Episode:   268 Steps:   50675 Episode Steps:   220 Return:  1.0000 Success:  0.60, D: 0.00 FPS: 7.17
16:13:50.741 [INFO] (off_policy_trainer_carla.py:497) Total Episode:   269 Steps:   50934 Episode Steps:   259 Return:  1.0000 Success:  0.60, D: 0.00 FPS: 7.12
16:14:10.984 [INFO] (off_policy_trainer_carla.py:497) Total Episode:   270 Steps:   51075 Episode Steps:   141 Return: -1.0000 Success:  0.55, D: 0.00 FPS: 6.97
16:14:28.569 [INFO] (off_policy_trainer_carla.py:497) Total Episode:   271 Steps:   51196 Episode Steps:   121 Return: -1.0000 Success:  0.50, D: 0.00 FPS: 6.88
16:14:55.962 [INFO] (off_policy_trainer_carla.py:497) Total Episode:   272 Steps:   51390 Episode Steps:   194 Return:  1.0000 Success:  0.55, D: 0.00 FPS: 7.08
16:15:25.495 [INFO] (off_policy_trainer_carla.py:497) Total Episode:   273 Steps:   51599 Episode Steps:   209 Return:  1.0000 Success:  0.60, D: 0.00 FPS: 7.08
16:15:58.112 [INFO] (off_policy_trainer_carla.py:497) Total Episode:   274 Steps:   51829 Episode Steps:   230 Return:  0.0000 Success:  0.55, D: 0.00 FPS: 7.05
16:16:26.524 [INFO] (off_policy_trainer_carla.py:497) Total Episode:   275 Steps:   52027 Episode Steps:   198 Return:  1.0000 Success:  0.55, D: 0.00 FPS: 6.97
16:16:53.594 [INFO] (off_policy_trainer_carla.py:497) Total Episode:   276 Steps:   52213 Episode Steps:   186 Return:  0.0000 Success:  0.55, D: 0.00 FPS: 6.87
16:17:35.569 [INFO] (off_policy_trainer_carla.py:497) Total Episode:   277 Steps:   52515 Episode Steps:   302 Return:  0.0000 Success:  0.50, D: 0.00 FPS: 7.20
16:17:56.214 [INFO] (off_policy_trainer_carla.py:497) Total Episode:   278 Steps:   52654 Episode Steps:   139 Return: -1.0000 Success:  0.50, D: 0.00 FPS: 6.73
16:18:27.183 [INFO] (off_policy_trainer_carla.py:497) Total Episode:   279 Steps:   52871 Episode Steps:   217 Return:  1.0000 Success:  0.55, D: 0.00 FPS: 7.01
16:18:55.792 [INFO] (off_policy_trainer_carla.py:497) Total Episode:   280 Steps:   53074 Episode Steps:   203 Return:  1.0000 Success:  0.60, D: 0.00 FPS: 7.10
16:19:14.157 [INFO] (off_policy_trainer_carla.py:497) Total Episode:   281 Steps:   53200 Episode Steps:   126 Return: -1.0000 Success:  0.55, D: 0.00 FPS: 6.86
16:19:44.503 [INFO] (off_policy_trainer_carla.py:497) Total Episode:   282 Steps:   53416 Episode Steps:   216 Return:  1.0000 Success:  0.55, D: 0.00 FPS: 7.12
16:20:03.020 [INFO] (off_policy_trainer_carla.py:497) Total Episode:   283 Steps:   53541 Episode Steps:   125 Return: -1.0000 Success:  0.50, D: 0.00 FPS: 6.75
16:20:35.306 [INFO] (off_policy_trainer_carla.py:497) Total Episode:   284 Steps:   53759 Episode Steps:   218 Return:  1.0000 Success:  0.55, D: 0.00 FPS: 6.75
16:21:04.949 [INFO] (off_policy_trainer_carla.py:497) Total Episode:   285 Steps:   53962 Episode Steps:   203 Return:  1.0000 Success:  0.55, D: 0.00 FPS: 6.85
16:21:38.341 [INFO] (off_policy_trainer_carla.py:497) Total Episode:   286 Steps:   54193 Episode Steps:   231 Return:  1.0000 Success:  0.55, D: 0.00 FPS: 6.92
16:22:07.181 [INFO] (off_policy_trainer_carla.py:497) Total Episode:   287 Steps:   54391 Episode Steps:   198 Return:  1.0000 Success:  0.60, D: 0.00 FPS: 6.87
16:22:46.877 [INFO] (off_policy_trainer_carla.py:497) Total Episode:   288 Steps:   54656 Episode Steps:   265 Return:  1.0000 Success:  0.60, D: 0.00 FPS: 6.68
16:23:28.893 [INFO] (off_policy_trainer_carla.py:497) Total Episode:   289 Steps:   54958 Episode Steps:   302 Return:  0.0000 Success:  0.55, D: 0.00 FPS: 7.19
16:23:58.937 [INFO] (off_policy_trainer_carla.py:497) Total Episode:   290 Steps:   55171 Episode Steps:   213 Return:  1.0000 Success:  0.60, D: 0.00 FPS: 7.09
16:24:22.065 [INFO] (off_policy_trainer_carla.py:497) Total Episode:   291 Steps:   55334 Episode Steps:   163 Return:  1.0000 Success:  0.65, D: 0.00 FPS: 7.05
16:24:41.332 [INFO] (off_policy_trainer_carla.py:497) Total Episode:   292 Steps:   55466 Episode Steps:   132 Return: -1.0000 Success:  0.60, D: 0.00 FPS: 6.85
16:24:59.530 [INFO] (off_policy_trainer_carla.py:497) Total Episode:   293 Steps:   55587 Episode Steps:   121 Return: -1.0000 Success:  0.55, D: 0.00 FPS: 6.65
16:25:29.985 [INFO] (off_policy_trainer_carla.py:497) Total Episode:   294 Steps:   55796 Episode Steps:   209 Return:  1.0000 Success:  0.60, D: 0.00 FPS: 6.86
16:25:58.964 [INFO] (off_policy_trainer_carla.py:497) Total Episode:   295 Steps:   55994 Episode Steps:   198 Return:  1.0000 Success:  0.60, D: 0.00 FPS: 6.83
16:26:19.524 [INFO] (off_policy_trainer_carla.py:497) Total Episode:   296 Steps:   56131 Episode Steps:   137 Return: -1.0000 Success:  0.60, D: 0.00 FPS: 6.66
16:26:46.453 [INFO] (off_policy_trainer_carla.py:497) Total Episode:   297 Steps:   56320 Episode Steps:   189 Return:  1.0000 Success:  0.65, D: 0.00 FPS: 7.02
16:27:20.543 [INFO] (off_policy_trainer_carla.py:497) Total Episode:   298 Steps:   56559 Episode Steps:   239 Return:  1.0000 Success:  0.70, D: 0.00 FPS: 7.01
16:27:53.760 [INFO] (off_policy_trainer_carla.py:497) Total Episode:   299 Steps:   56790 Episode Steps:   231 Return:  1.0000 Success:  0.70, D: 0.00 FPS: 6.95
16:28:26.428 [INFO] (off_policy_trainer_carla.py:497) Total Episode:   300 Steps:   57021 Episode Steps:   231 Return:  1.0000 Success:  0.70, D: 0.00 FPS: 7.07
16:28:53.852 [INFO] (off_policy_trainer_carla.py:497) Total Episode:   301 Steps:   57213 Episode Steps:   192 Return:  1.0000 Success:  0.75, D: 0.00 FPS: 7.00
16:29:21.445 [INFO] (off_policy_trainer_carla.py:497) Total Episode:   302 Steps:   57406 Episode Steps:   193 Return:  1.0000 Success:  0.75, D: 0.00 FPS: 7.00
16:29:51.352 [INFO] (off_policy_trainer_carla.py:497) Total Episode:   303 Steps:   57611 Episode Steps:   205 Return:  1.0000 Success:  0.80, D: 0.00 FPS: 6.86
16:30:20.145 [INFO] (off_policy_trainer_carla.py:497) Total Episode:   304 Steps:   57806 Episode Steps:   195 Return:  1.0000 Success:  0.80, D: 0.00 FPS: 6.77
16:30:48.500 [INFO] (off_policy_trainer_carla.py:497) Total Episode:   305 Steps:   58003 Episode Steps:   197 Return:  1.0000 Success:  0.80, D: 0.00 FPS: 6.95
16:31:31.056 [INFO] (off_policy_trainer_carla.py:497) Total Episode:   306 Steps:   58305 Episode Steps:   302 Return:  0.0000 Success:  0.75, D: 0.00 FPS: 7.10
16:32:15.891 [INFO] (off_policy_trainer_carla.py:497) Total Episode:   307 Steps:   58607 Episode Steps:   302 Return:  0.0000 Success:  0.70, D: 0.00 FPS: 6.74
16:32:41.363 [INFO] (off_policy_trainer_carla.py:497) Total Episode:   308 Steps:   58780 Episode Steps:   173 Return:  1.0000 Success:  0.70, D: 0.00 FPS: 6.79
16:33:02.148 [INFO] (off_policy_trainer_carla.py:497) Total Episode:   309 Steps:   58920 Episode Steps:   140 Return: -1.0000 Success:  0.70, D: 0.00 FPS: 6.74
16:33:26.830 [INFO] (off_policy_trainer_carla.py:497) Total Episode:   310 Steps:   59091 Episode Steps:   171 Return:  0.0000 Success:  0.65, D: 0.00 FPS: 6.93
16:33:56.093 [INFO] (off_policy_trainer_carla.py:497) Total Episode:   311 Steps:   59294 Episode Steps:   203 Return:  1.0000 Success:  0.65, D: 0.00 FPS: 6.94
16:34:24.273 [INFO] (off_policy_trainer_carla.py:497) Total Episode:   312 Steps:   59494 Episode Steps:   200 Return:  1.0000 Success:  0.70, D: 0.00 FPS: 7.10
16:34:50.225 [INFO] (off_policy_trainer_carla.py:497) Total Episode:   313 Steps:   59675 Episode Steps:   181 Return:  1.0000 Success:  0.75, D: 0.00 FPS: 6.98
16:35:16.878 [INFO] (off_policy_trainer_carla.py:497) Total Episode:   314 Steps:   59856 Episode Steps:   181 Return:  1.0000 Success:  0.75, D: 0.00 FPS: 6.79
16:35:47.146 [INFO] (off_policy_trainer_carla.py:497) Total Episode:   315 Steps:   60067 Episode Steps:   211 Return:  1.0000 Success:  0.75, D: 0.00 FPS: 6.97
16:36:15.723 [INFO] (off_policy_trainer_carla.py:497) Total Episode:   316 Steps:   60265 Episode Steps:   198 Return:  1.0000 Success:  0.80, D: 0.00 FPS: 6.93
16:36:32.760 [INFO] (off_policy_trainer_carla.py:497) Total Episode:   317 Steps:   60374 Episode Steps:   109 Return: -1.0000 Success:  0.75, D: 0.00 FPS: 6.40
16:36:52.801 [INFO] (off_policy_trainer_carla.py:497) Total Episode:   318 Steps:   60506 Episode Steps:   132 Return: -1.0000 Success:  0.70, D: 0.00 FPS: 6.59
16:37:12.148 [INFO] (off_policy_trainer_carla.py:497) Total Episode:   319 Steps:   60633 Episode Steps:   127 Return: -1.0000 Success:  0.65, D: 0.00 FPS: 6.57
16:37:55.559 [INFO] (off_policy_trainer_carla.py:497) Total Episode:   320 Steps:   60935 Episode Steps:   302 Return:  0.0000 Success:  0.60, D: 0.00 FPS: 6.96
16:38:13.185 [INFO] (off_policy_trainer_carla.py:497) Total Episode:   321 Steps:   61055 Episode Steps:   120 Return: -1.0000 Success:  0.55, D: 0.00 FPS: 6.81
16:38:31.015 [INFO] (off_policy_trainer_carla.py:497) Total Episode:   322 Steps:   61174 Episode Steps:   119 Return: -1.0000 Success:  0.50, D: 0.00 FPS: 6.68
16:39:00.092 [INFO] (off_policy_trainer_carla.py:497) Total Episode:   323 Steps:   61374 Episode Steps:   200 Return:  1.0000 Success:  0.50, D: 0.00 FPS: 6.88
16:39:20.374 [INFO] (off_policy_trainer_carla.py:497) Total Episode:   324 Steps:   61514 Episode Steps:   140 Return: -1.0000 Success:  0.45, D: 0.00 FPS: 6.90
16:39:49.645 [INFO] (off_policy_trainer_carla.py:497) Total Episode:   325 Steps:   61720 Episode Steps:   206 Return:  1.0000 Success:  0.45, D: 0.00 FPS: 7.04
16:40:22.779 [INFO] (off_policy_trainer_carla.py:497) Total Episode:   326 Steps:   61952 Episode Steps:   232 Return:  1.0000 Success:  0.50, D: 0.00 FPS: 7.00
16:40:44.945 [INFO] (off_policy_trainer_carla.py:497) Total Episode:   327 Steps:   62094 Episode Steps:   142 Return: -1.0000 Success:  0.50, D: 0.00 FPS: 6.41
16:41:16.114 [INFO] (off_policy_trainer_carla.py:497) Total Episode:   328 Steps:   62313 Episode Steps:   219 Return:  1.0000 Success:  0.50, D: 0.00 FPS: 7.03
16:42:00.255 [INFO] (off_policy_trainer_carla.py:497) Total Episode:   329 Steps:   62615 Episode Steps:   302 Return:  0.0000 Success:  0.50, D: 0.00 FPS: 6.84
16:42:24.456 [INFO] (off_policy_trainer_carla.py:497) Total Episode:   330 Steps:   62786 Episode Steps:   171 Return:  1.0000 Success:  0.55, D: 0.00 FPS: 7.07
16:43:08.324 [INFO] (off_policy_trainer_carla.py:497) Total Episode:   331 Steps:   63088 Episode Steps:   302 Return:  0.0000 Success:  0.50, D: 0.00 FPS: 6.88
16:43:44.331 [INFO] (off_policy_trainer_carla.py:497) Total Episode:   332 Steps:   63197 Episode Steps:   109 Return: -1.0000 Success:  0.45, D: 0.00 FPS: 3.03
16:44:08.366 [INFO] (off_policy_trainer_carla.py:497) Total Episode:   333 Steps:   63356 Episode Steps:   159 Return:  1.0000 Success:  0.45, D: 0.00 FPS: 6.62
16:44:40.759 [INFO] (off_policy_trainer_carla.py:497) Total Episode:   334 Steps:   63580 Episode Steps:   224 Return:  1.0000 Success:  0.45, D: 0.00 FPS: 6.92
16:45:08.619 [INFO] (off_policy_trainer_carla.py:497) Total Episode:   335 Steps:   63776 Episode Steps:   196 Return:  1.0000 Success:  0.45, D: 0.00 FPS: 7.04
16:45:36.379 [INFO] (off_policy_trainer_carla.py:497) Total Episode:   336 Steps:   63971 Episode Steps:   195 Return:  1.0000 Success:  0.45, D: 0.00 FPS: 7.02
16:46:13.468 [INFO] (off_policy_trainer_carla.py:497) Total Episode:   337 Steps:   64224 Episode Steps:   253 Return:  1.0000 Success:  0.50, D: 0.00 FPS: 6.82
16:46:37.597 [INFO] (off_policy_trainer_carla.py:497) Total Episode:   338 Steps:   64390 Episode Steps:   166 Return:  1.0000 Success:  0.55, D: 0.00 FPS: 6.88
16:47:06.369 [INFO] (off_policy_trainer_carla.py:497) Total Episode:   339 Steps:   64580 Episode Steps:   190 Return:  1.0000 Success:  0.60, D: 0.00 FPS: 6.60
16:47:31.838 [INFO] (off_policy_trainer_carla.py:497) Total Episode:   340 Steps:   64751 Episode Steps:   171 Return:  1.0000 Success:  0.65, D: 0.00 FPS: 6.71
16:48:04.925 [INFO] (off_policy_trainer_carla.py:497) Total Episode:   341 Steps:   64962 Episode Steps:   211 Return:  1.0000 Success:  0.70, D: 0.00 FPS: 6.38
16:48:31.274 [INFO] (off_policy_trainer_carla.py:497) Total Episode:   342 Steps:   65134 Episode Steps:   172 Return:  1.0000 Success:  0.75, D: 0.00 FPS: 6.53
16:48:57.825 [INFO] (off_policy_trainer_carla.py:497) Total Episode:   343 Steps:   65300 Episode Steps:   166 Return:  1.0000 Success:  0.75, D: 0.00 FPS: 6.25
16:49:28.079 [INFO] (off_policy_trainer_carla.py:497) Total Episode:   344 Steps:   65512 Episode Steps:   212 Return:  1.0000 Success:  0.80, D: 0.00 FPS: 7.01
16:50:10.186 [INFO] (off_policy_trainer_carla.py:497) Total Episode:   345 Steps:   65814 Episode Steps:   302 Return:  0.0000 Success:  0.75, D: 0.00 FPS: 7.17
16:50:54.372 [INFO] (off_policy_trainer_carla.py:497) Total Episode:   346 Steps:   66116 Episode Steps:   302 Return:  0.0000 Success:  0.70, D: 0.00 FPS: 6.84
16:51:19.431 [INFO] (off_policy_trainer_carla.py:497) Total Episode:   347 Steps:   66288 Episode Steps:   172 Return:  1.0000 Success:  0.75, D: 0.00 FPS: 6.86
16:51:38.773 [INFO] (off_policy_trainer_carla.py:497) Total Episode:   348 Steps:   66419 Episode Steps:   131 Return: -1.0000 Success:  0.70, D: 0.00 FPS: 6.77
16:52:09.155 [INFO] (off_policy_trainer_carla.py:497) Total Episode:   349 Steps:   66630 Episode Steps:   211 Return:  1.0000 Success:  0.75, D: 0.00 FPS: 6.95
16:52:29.930 [INFO] (off_policy_trainer_carla.py:497) Total Episode:   350 Steps:   66771 Episode Steps:   141 Return: -1.0000 Success:  0.70, D: 0.00 FPS: 6.79
16:52:54.191 [INFO] (off_policy_trainer_carla.py:497) Total Episode:   351 Steps:   66930 Episode Steps:   159 Return:  0.0000 Success:  0.70, D: 0.00 FPS: 6.55
16:53:14.102 [INFO] (off_policy_trainer_carla.py:497) Total Episode:   352 Steps:   67066 Episode Steps:   136 Return:  0.0000 Success:  0.70, D: 0.00 FPS: 6.83
16:53:56.614 [INFO] (off_policy_trainer_carla.py:497) Total Episode:   353 Steps:   67368 Episode Steps:   302 Return:  0.0000 Success:  0.65, D: 0.00 FPS: 7.10
16:54:13.141 [INFO] (off_policy_trainer_carla.py:497) Total Episode:   354 Steps:   67478 Episode Steps:   110 Return: -1.0000 Success:  0.60, D: 0.00 FPS: 6.66
16:54:41.137 [INFO] (off_policy_trainer_carla.py:497) Total Episode:   355 Steps:   67668 Episode Steps:   190 Return:  1.0000 Success:  0.60, D: 0.00 FPS: 6.79
16:54:57.676 [INFO] (off_policy_trainer_carla.py:497) Total Episode:   356 Steps:   67781 Episode Steps:   113 Return: -1.0000 Success:  0.55, D: 0.00 FPS: 6.83
16:55:23.717 [INFO] (off_policy_trainer_carla.py:497) Total Episode:   357 Steps:   67954 Episode Steps:   173 Return:  1.0000 Success:  0.55, D: 0.00 FPS: 6.64
16:55:53.922 [INFO] (off_policy_trainer_carla.py:497) Total Episode:   358 Steps:   68164 Episode Steps:   210 Return:  1.0000 Success:  0.55, D: 0.00 FPS: 6.95
16:56:21.294 [INFO] (off_policy_trainer_carla.py:497) Total Episode:   359 Steps:   68355 Episode Steps:   191 Return:  1.0000 Success:  0.55, D: 0.00 FPS: 6.98
16:56:47.578 [INFO] (off_policy_trainer_carla.py:497) Total Episode:   360 Steps:   68535 Episode Steps:   180 Return:  1.0000 Success:  0.55, D: 0.00 FPS: 6.85
16:57:15.601 [INFO] (off_policy_trainer_carla.py:497) Total Episode:   361 Steps:   68733 Episode Steps:   198 Return:  1.0000 Success:  0.55, D: 0.00 FPS: 7.07
16:57:40.718 [INFO] (off_policy_trainer_carla.py:497) Total Episode:   362 Steps:   68909 Episode Steps:   176 Return:  1.0000 Success:  0.55, D: 0.00 FPS: 7.01
16:58:05.421 [INFO] (off_policy_trainer_carla.py:497) Total Episode:   363 Steps:   69083 Episode Steps:   174 Return:  1.0000 Success:  0.55, D: 0.00 FPS: 7.04
16:58:28.435 [INFO] (off_policy_trainer_carla.py:497) Total Episode:   364 Steps:   69244 Episode Steps:   161 Return:  1.0000 Success:  0.55, D: 0.00 FPS: 7.00
16:58:55.825 [INFO] (off_policy_trainer_carla.py:497) Total Episode:   365 Steps:   69438 Episode Steps:   194 Return:  1.0000 Success:  0.60, D: 0.00 FPS: 7.08
16:59:23.100 [INFO] (off_policy_trainer_carla.py:497) Total Episode:   366 Steps:   69631 Episode Steps:   193 Return:  1.0000 Success:  0.65, D: 0.00 FPS: 7.08
16:59:45.797 [INFO] (off_policy_trainer_carla.py:497) Total Episode:   367 Steps:   69790 Episode Steps:   159 Return:  1.0000 Success:  0.65, D: 0.00 FPS: 7.01
17:00:14.117 [INFO] (off_policy_trainer_carla.py:497) Total Episode:   368 Steps:   69991 Episode Steps:   201 Return:  1.0000 Success:  0.70, D: 0.00 FPS: 7.10
17:00:42.978 [INFO] (off_policy_trainer_carla.py:497) Total Episode:   369 Steps:   70194 Episode Steps:   203 Return:  1.0000 Success:  0.70, D: 0.00 FPS: 7.03
17:01:01.357 [INFO] (off_policy_trainer_carla.py:497) Total Episode:   370 Steps:   70322 Episode Steps:   128 Return: -1.0000 Success:  0.70, D: 0.00 FPS: 6.97
17:01:31.706 [INFO] (off_policy_trainer_carla.py:497) Total Episode:   371 Steps:   70539 Episode Steps:   217 Return:  1.0000 Success:  0.75, D: 0.00 FPS: 7.15
17:01:55.068 [INFO] (off_policy_trainer_carla.py:497) Total Episode:   372 Steps:   70702 Episode Steps:   163 Return:  1.0000 Success:  0.80, D: 0.00 FPS: 6.98
17:02:22.501 [INFO] (off_policy_trainer_carla.py:497) Total Episode:   373 Steps:   70896 Episode Steps:   194 Return:  1.0000 Success:  0.85, D: 0.00 FPS: 7.07
17:02:56.421 [INFO] (off_policy_trainer_carla.py:497) Total Episode:   374 Steps:   71137 Episode Steps:   241 Return:  1.0000 Success:  0.90, D: 0.00 FPS: 7.11
17:03:13.305 [INFO] (off_policy_trainer_carla.py:497) Total Episode:   375 Steps:   71254 Episode Steps:   117 Return: -1.0000 Success:  0.85, D: 0.00 FPS: 6.93
17:03:40.765 [INFO] (off_policy_trainer_carla.py:497) Total Episode:   376 Steps:   71449 Episode Steps:   195 Return:  1.0000 Success:  0.90, D: 0.00 FPS: 7.10
17:04:07.637 [INFO] (off_policy_trainer_carla.py:497) Total Episode:   377 Steps:   71639 Episode Steps:   190 Return:  1.0000 Success:  0.90, D: 0.00 FPS: 7.07
17:04:37.380 [INFO] (off_policy_trainer_carla.py:497) Total Episode:   378 Steps:   71851 Episode Steps:   212 Return:  1.0000 Success:  0.90, D: 0.00 FPS: 7.13
17:05:02.781 [INFO] (off_policy_trainer_carla.py:497) Total Episode:   379 Steps:   72028 Episode Steps:   177 Return:  1.0000 Success:  0.90, D: 0.00 FPS: 6.97
17:05:27.679 [INFO] (off_policy_trainer_carla.py:497) Total Episode:   380 Steps:   72202 Episode Steps:   174 Return:  1.0000 Success:  0.90, D: 0.00 FPS: 6.99
17:05:53.494 [INFO] (off_policy_trainer_carla.py:497) Total Episode:   381 Steps:   72384 Episode Steps:   182 Return:  1.0000 Success:  0.90, D: 0.00 FPS: 7.05
17:06:08.647 [INFO] (off_policy_trainer_carla.py:497) Total Episode:   382 Steps:   72487 Episode Steps:   103 Return: -1.0000 Success:  0.85, D: 0.00 FPS: 6.80
17:06:25.793 [INFO] (off_policy_trainer_carla.py:497) Total Episode:   383 Steps:   72605 Episode Steps:   118 Return: -1.0000 Success:  0.80, D: 0.00 FPS: 6.88
17:06:50.103 [INFO] (off_policy_trainer_carla.py:497) Total Episode:   384 Steps:   72774 Episode Steps:   169 Return:  1.0000 Success:  0.80, D: 0.00 FPS: 6.95
17:07:12.990 [INFO] (off_policy_trainer_carla.py:497) Total Episode:   385 Steps:   72936 Episode Steps:   162 Return: -1.0000 Success:  0.75, D: 0.00 FPS: 7.08
17:07:28.896 [INFO] (off_policy_trainer_carla.py:497) Total Episode:   386 Steps:   73045 Episode Steps:   109 Return: -1.0000 Success:  0.70, D: 0.00 FPS: 6.85
17:07:58.810 [INFO] (off_policy_trainer_carla.py:497) Total Episode:   387 Steps:   73258 Episode Steps:   213 Return:  1.0000 Success:  0.70, D: 0.00 FPS: 7.12
17:08:13.423 [INFO] (off_policy_trainer_carla.py:497) Total Episode:   388 Steps:   73357 Episode Steps:    99 Return: -1.0000 Success:  0.65, D: 0.00 FPS: 6.78
17:08:55.399 [INFO] (off_policy_trainer_carla.py:497) Total Episode:   389 Steps:   73659 Episode Steps:   302 Return:  0.0000 Success:  0.60, D: 0.00 FPS: 7.20
17:09:22.269 [INFO] (off_policy_trainer_carla.py:497) Total Episode:   390 Steps:   73850 Episode Steps:   191 Return: -1.0000 Success:  0.60, D: 0.00 FPS: 7.11
17:09:38.210 [INFO] (off_policy_trainer_carla.py:497) Total Episode:   391 Steps:   73956 Episode Steps:   106 Return: -1.0000 Success:  0.55, D: 0.00 FPS: 6.65
17:09:57.537 [INFO] (off_policy_trainer_carla.py:497) Total Episode:   392 Steps:   74090 Episode Steps:   134 Return: -1.0000 Success:  0.50, D: 0.00 FPS: 6.93
17:10:24.348 [INFO] (off_policy_trainer_carla.py:497) Total Episode:   393 Steps:   74280 Episode Steps:   190 Return:  1.0000 Success:  0.50, D: 0.00 FPS: 7.09
17:10:54.670 [INFO] (off_policy_trainer_carla.py:497) Total Episode:   394 Steps:   74494 Episode Steps:   214 Return:  1.0000 Success:  0.50, D: 0.00 FPS: 7.06
17:11:22.132 [INFO] (off_policy_trainer_carla.py:497) Total Episode:   395 Steps:   74688 Episode Steps:   194 Return:  1.0000 Success:  0.55, D: 0.00 FPS: 7.06
17:11:39.502 [INFO] (off_policy_trainer_carla.py:497) Total Episode:   396 Steps:   74806 Episode Steps:   118 Return: -1.0000 Success:  0.50, D: 0.00 FPS: 6.79
17:11:56.196 [INFO] (off_policy_trainer_carla.py:497) Total Episode:   397 Steps:   74921 Episode Steps:   115 Return: -1.0000 Success:  0.45, D: 0.00 FPS: 6.89
17:12:25.008 [INFO] (off_policy_trainer_carla.py:497) Total Episode:   398 Steps:   75126 Episode Steps:   205 Return:  1.0000 Success:  0.45, D: 0.00 FPS: 7.12
17:12:43.564 [INFO] (off_policy_trainer_carla.py:497) Total Episode:   399 Steps:   75254 Episode Steps:   128 Return: -1.0000 Success:  0.40, D: 0.00 FPS: 6.90
17:13:06.526 [INFO] (off_policy_trainer_carla.py:497) Total Episode:   400 Steps:   75416 Episode Steps:   162 Return:  1.0000 Success:  0.40, D: 0.00 FPS: 7.06
17:13:27.691 [INFO] (off_policy_trainer_carla.py:497) Total Episode:   401 Steps:   75564 Episode Steps:   148 Return: -1.0000 Success:  0.35, D: 0.00 FPS: 6.99
17:13:51.436 [INFO] (off_policy_trainer_carla.py:497) Total Episode:   402 Steps:   75730 Episode Steps:   166 Return:  1.0000 Success:  0.40, D: 0.00 FPS: 6.99
17:14:11.940 [INFO] (off_policy_trainer_carla.py:497) Total Episode:   403 Steps:   75873 Episode Steps:   143 Return: -1.0000 Success:  0.40, D: 0.00 FPS: 6.97
17:14:34.973 [INFO] (off_policy_trainer_carla.py:497) Total Episode:   404 Steps:   76035 Episode Steps:   162 Return:  1.0000 Success:  0.40, D: 0.00 FPS: 7.03
17:14:50.611 [INFO] (off_policy_trainer_carla.py:497) Total Episode:   405 Steps:   76142 Episode Steps:   107 Return: -1.0000 Success:  0.40, D: 0.00 FPS: 6.84
17:15:09.293 [INFO] (off_policy_trainer_carla.py:497) Total Episode:   406 Steps:   76272 Episode Steps:   130 Return: -1.0000 Success:  0.40, D: 0.00 FPS: 6.96
17:15:32.968 [INFO] (off_policy_trainer_carla.py:497) Total Episode:   407 Steps:   76437 Episode Steps:   165 Return:  1.0000 Success:  0.40, D: 0.00 FPS: 6.97
17:16:04.854 [INFO] (off_policy_trainer_carla.py:497) Total Episode:   408 Steps:   76663 Episode Steps:   226 Return:  1.0000 Success:  0.45, D: 0.00 FPS: 7.09
17:16:40.077 [INFO] (off_policy_trainer_carla.py:497) Total Episode:   409 Steps:   76914 Episode Steps:   251 Return:  1.0000 Success:  0.50, D: 0.00 FPS: 7.13
17:16:59.446 [INFO] (off_policy_trainer_carla.py:497) Total Episode:   410 Steps:   77049 Episode Steps:   135 Return: -1.0000 Success:  0.50, D: 0.00 FPS: 6.97
17:17:21.583 [INFO] (off_policy_trainer_carla.py:497) Total Episode:   411 Steps:   77204 Episode Steps:   155 Return:  0.0000 Success:  0.50, D: 0.00 FPS: 7.00
17:17:47.152 [INFO] (off_policy_trainer_carla.py:497) Total Episode:   412 Steps:   77384 Episode Steps:   180 Return:  1.0000 Success:  0.55, D: 0.00 FPS: 7.04
17:18:02.164 [INFO] (off_policy_trainer_carla.py:497) Total Episode:   413 Steps:   77486 Episode Steps:   102 Return: -1.0000 Success:  0.50, D: 0.00 FPS: 6.80
17:18:23.951 [INFO] (off_policy_trainer_carla.py:497) Total Episode:   414 Steps:   77639 Episode Steps:   153 Return:  1.0000 Success:  0.50, D: 0.00 FPS: 7.02
17:18:44.478 [INFO] (off_policy_trainer_carla.py:497) Total Episode:   415 Steps:   77780 Episode Steps:   141 Return: -1.0000 Success:  0.45, D: 0.00 FPS: 6.87
17:19:05.792 [INFO] (off_policy_trainer_carla.py:497) Total Episode:   416 Steps:   77924 Episode Steps:   144 Return: -1.0000 Success:  0.45, D: 0.00 FPS: 6.76
17:19:22.092 [INFO] (off_policy_trainer_carla.py:497) Total Episode:   417 Steps:   78035 Episode Steps:   111 Return: -1.0000 Success:  0.45, D: 0.00 FPS: 6.81
17:19:40.825 [INFO] (off_policy_trainer_carla.py:497) Total Episode:   418 Steps:   78156 Episode Steps:   121 Return: -1.0000 Success:  0.40, D: 0.00 FPS: 6.46
17:20:06.237 [INFO] (off_policy_trainer_carla.py:497) Total Episode:   419 Steps:   78325 Episode Steps:   169 Return: -1.0000 Success:  0.40, D: 0.00 FPS: 6.65
17:20:31.937 [INFO] (off_policy_trainer_carla.py:497) Total Episode:   420 Steps:   78494 Episode Steps:   169 Return:  1.0000 Success:  0.40, D: 0.00 FPS: 6.58
17:21:03.441 [INFO] (off_policy_trainer_carla.py:497) Total Episode:   421 Steps:   78692 Episode Steps:   198 Return:  1.0000 Success:  0.45, D: 0.00 FPS: 6.29
17:21:27.972 [INFO] (off_policy_trainer_carla.py:497) Total Episode:   422 Steps:   78861 Episode Steps:   169 Return:  1.0000 Success:  0.45, D: 0.00 FPS: 6.89
17:22:10.440 [INFO] (off_policy_trainer_carla.py:497) Total Episode:   423 Steps:   79163 Episode Steps:   302 Return:  0.0000 Success:  0.45, D: 0.00 FPS: 7.11
17:22:54.298 [INFO] (off_policy_trainer_carla.py:497) Total Episode:   424 Steps:   79465 Episode Steps:   302 Return:  0.0000 Success:  0.40, D: 0.00 FPS: 6.89
17:23:27.383 [INFO] (off_policy_trainer_carla.py:497) Total Episode:   425 Steps:   79692 Episode Steps:   227 Return:  1.0000 Success:  0.45, D: 0.00 FPS: 6.86
17:23:55.416 [INFO] (off_policy_trainer_carla.py:497) Total Episode:   426 Steps:   79888 Episode Steps:   196 Return:  1.0000 Success:  0.50, D: 0.00 FPS: 6.99
17:24:21.921 [INFO] (off_policy_trainer_carla.py:497) Total Episode:   427 Steps:   80072 Episode Steps:   184 Return:  1.0000 Success:  0.50, D: 0.00 FPS: 6.94
17:24:51.521 [INFO] (off_policy_trainer_carla.py:497) Total Episode:   428 Steps:   80272 Episode Steps:   200 Return:  1.0000 Success:  0.50, D: 0.00 FPS: 6.76
17:25:35.890 [INFO] (off_policy_trainer_carla.py:497) Total Episode:   429 Steps:   80574 Episode Steps:   302 Return:  0.0000 Success:  0.45, D: 0.00 FPS: 6.81
17:26:01.642 [INFO] (off_policy_trainer_carla.py:497) Total Episode:   430 Steps:   80753 Episode Steps:   179 Return:  1.0000 Success:  0.50, D: 0.00 FPS: 6.95
17:26:26.552 [INFO] (off_policy_trainer_carla.py:497) Total Episode:   431 Steps:   80927 Episode Steps:   174 Return:  1.0000 Success:  0.55, D: 0.00 FPS: 6.99
17:27:09.221 [INFO] (off_policy_trainer_carla.py:497) Total Episode:   432 Steps:   81229 Episode Steps:   302 Return:  0.0000 Success:  0.50, D: 0.00 FPS: 7.08
17:27:26.276 [INFO] (off_policy_trainer_carla.py:497) Total Episode:   433 Steps:   81345 Episode Steps:   116 Return: -1.0000 Success:  0.50, D: 0.00 FPS: 6.80
17:27:50.427 [INFO] (off_policy_trainer_carla.py:497) Total Episode:   434 Steps:   81511 Episode Steps:   166 Return:  1.0000 Success:  0.50, D: 0.00 FPS: 6.87
17:28:23.702 [INFO] (off_policy_trainer_carla.py:497) Total Episode:   435 Steps:   81740 Episode Steps:   229 Return:  1.0000 Success:  0.55, D: 0.00 FPS: 6.88
17:28:50.013 [INFO] (off_policy_trainer_carla.py:497) Total Episode:   436 Steps:   81925 Episode Steps:   185 Return:  1.0000 Success:  0.60, D: 0.00 FPS: 7.03
17:29:15.626 [INFO] (off_policy_trainer_carla.py:497) Total Episode:   437 Steps:   82106 Episode Steps:   181 Return:  1.0000 Success:  0.65, D: 0.00 FPS: 7.07
17:29:47.221 [INFO] (off_policy_trainer_carla.py:497) Total Episode:   438 Steps:   82330 Episode Steps:   224 Return:  1.0000 Success:  0.70, D: 0.00 FPS: 7.09
17:30:15.422 [INFO] (off_policy_trainer_carla.py:497) Total Episode:   439 Steps:   82530 Episode Steps:   200 Return:  1.0000 Success:  0.75, D: 0.00 FPS: 7.09
17:30:58.357 [INFO] (off_policy_trainer_carla.py:497) Total Episode:   440 Steps:   82832 Episode Steps:   302 Return:  0.0000 Success:  0.70, D: 0.00 FPS: 7.03
17:31:34.053 [INFO] (off_policy_trainer_carla.py:497) Total Episode:   441 Steps:   83086 Episode Steps:   254 Return:  1.0000 Success:  0.70, D: 0.00 FPS: 7.12
17:32:01.187 [INFO] (off_policy_trainer_carla.py:497) Total Episode:   442 Steps:   83278 Episode Steps:   192 Return:  1.0000 Success:  0.70, D: 0.00 FPS: 7.08
17:32:18.053 [INFO] (off_policy_trainer_carla.py:497) Total Episode:   443 Steps:   83394 Episode Steps:   116 Return: -1.0000 Success:  0.70, D: 0.00 FPS: 6.88
17:32:46.698 [INFO] (off_policy_trainer_carla.py:497) Total Episode:   444 Steps:   83597 Episode Steps:   203 Return:  1.0000 Success:  0.75, D: 0.00 FPS: 7.09
17:33:11.151 [INFO] (off_policy_trainer_carla.py:497) Total Episode:   445 Steps:   83768 Episode Steps:   171 Return:  1.0000 Success:  0.75, D: 0.00 FPS: 6.99
17:33:42.702 [INFO] (off_policy_trainer_carla.py:497) Total Episode:   446 Steps:   83993 Episode Steps:   225 Return:  1.0000 Success:  0.75, D: 0.00 FPS: 7.13
17:34:13.354 [INFO] (off_policy_trainer_carla.py:497) Total Episode:   447 Steps:   84211 Episode Steps:   218 Return:  0.0000 Success:  0.70, D: 0.00 FPS: 7.11
17:34:46.084 [INFO] (off_policy_trainer_carla.py:497) Total Episode:   448 Steps:   84444 Episode Steps:   233 Return:  1.0000 Success:  0.70, D: 0.00 FPS: 7.12
17:35:27.955 [INFO] (off_policy_trainer_carla.py:497) Total Episode:   449 Steps:   84746 Episode Steps:   302 Return:  0.0000 Success:  0.70, D: 0.00 FPS: 7.21
17:35:53.612 [INFO] (off_policy_trainer_carla.py:497) Total Episode:   450 Steps:   84926 Episode Steps:   180 Return:  1.0000 Success:  0.70, D: 0.00 FPS: 7.02
17:36:25.496 [INFO] (off_policy_trainer_carla.py:497) Total Episode:   451 Steps:   85152 Episode Steps:   226 Return:  1.0000 Success:  0.70, D: 0.00 FPS: 7.09
17:36:50.864 [INFO] (off_policy_trainer_carla.py:497) Total Episode:   452 Steps:   85322 Episode Steps:   170 Return:  1.0000 Success:  0.75, D: 0.00 FPS: 6.70
17:37:26.535 [INFO] (off_policy_trainer_carla.py:497) Total Episode:   453 Steps:   85567 Episode Steps:   245 Return:  1.0000 Success:  0.80, D: 0.00 FPS: 6.87
17:37:46.343 [INFO] (off_policy_trainer_carla.py:497) Total Episode:   454 Steps:   85704 Episode Steps:   137 Return: -1.0000 Success:  0.75, D: 0.00 FPS: 6.92
17:38:28.668 [INFO] (off_policy_trainer_carla.py:497) Total Episode:   455 Steps:   86006 Episode Steps:   302 Return:  0.0000 Success:  0.70, D: 0.00 FPS: 7.14
17:39:11.958 [INFO] (off_policy_trainer_carla.py:497) Total Episode:   456 Steps:   86308 Episode Steps:   302 Return:  0.0000 Success:  0.65, D: 0.00 FPS: 6.98
17:39:29.231 [INFO] (off_policy_trainer_carla.py:497) Total Episode:   457 Steps:   86425 Episode Steps:   117 Return: -1.0000 Success:  0.60, D: 0.00 FPS: 6.77
17:39:47.199 [INFO] (off_policy_trainer_carla.py:497) Total Episode:   458 Steps:   86546 Episode Steps:   121 Return: -1.0000 Success:  0.55, D: 0.00 FPS: 6.73
17:40:22.860 [INFO] (off_policy_trainer_carla.py:497) Total Episode:   459 Steps:   86793 Episode Steps:   247 Return:  1.0000 Success:  0.55, D: 0.00 FPS: 6.93
17:40:42.990 [INFO] (off_policy_trainer_carla.py:497) Total Episode:   460 Steps:   86929 Episode Steps:   136 Return: -1.0000 Success:  0.55, D: 0.00 FPS: 6.76
17:41:09.929 [INFO] (off_policy_trainer_carla.py:497) Total Episode:   461 Steps:   87112 Episode Steps:   183 Return:  0.0000 Success:  0.50, D: 0.00 FPS: 6.79
17:41:39.259 [INFO] (off_policy_trainer_carla.py:497) Total Episode:   462 Steps:   87313 Episode Steps:   201 Return:  1.0000 Success:  0.50, D: 0.00 FPS: 6.85
17:42:07.399 [INFO] (off_policy_trainer_carla.py:497) Total Episode:   463 Steps:   87509 Episode Steps:   196 Return:  1.0000 Success:  0.55, D: 0.00 FPS: 6.97
17:42:37.050 [INFO] (off_policy_trainer_carla.py:497) Total Episode:   464 Steps:   87714 Episode Steps:   205 Return:  1.0000 Success:  0.55, D: 0.00 FPS: 6.91
17:43:03.840 [INFO] (off_policy_trainer_carla.py:497) Total Episode:   465 Steps:   87901 Episode Steps:   187 Return:  1.0000 Success:  0.55, D: 0.00 FPS: 6.98
17:43:32.913 [INFO] (off_policy_trainer_carla.py:497) Total Episode:   466 Steps:   88105 Episode Steps:   204 Return:  1.0000 Success:  0.55, D: 0.00 FPS: 7.02
17:44:16.105 [INFO] (off_policy_trainer_carla.py:497) Total Episode:   467 Steps:   88407 Episode Steps:   302 Return:  0.0000 Success:  0.55, D: 0.00 FPS: 6.99
17:44:53.271 [INFO] (off_policy_trainer_carla.py:497) Total Episode:   468 Steps:   88671 Episode Steps:   264 Return:  1.0000 Success:  0.55, D: 0.00 FPS: 7.10
17:45:19.027 [INFO] (off_policy_trainer_carla.py:497) Total Episode:   469 Steps:   88853 Episode Steps:   182 Return:  1.0000 Success:  0.60, D: 0.00 FPS: 7.07
17:45:47.692 [INFO] (off_policy_trainer_carla.py:497) Total Episode:   470 Steps:   89056 Episode Steps:   203 Return:  1.0000 Success:  0.60, D: 0.00 FPS: 7.08
17:46:11.609 [INFO] (off_policy_trainer_carla.py:497) Total Episode:   471 Steps:   89225 Episode Steps:   169 Return: -1.0000 Success:  0.55, D: 0.00 FPS: 7.07
17:46:27.542 [INFO] (off_policy_trainer_carla.py:497) Total Episode:   472 Steps:   89335 Episode Steps:   110 Return: -1.0000 Success:  0.50, D: 0.00 FPS: 6.91
17:46:56.878 [INFO] (off_policy_trainer_carla.py:497) Total Episode:   473 Steps:   89544 Episode Steps:   209 Return:  1.0000 Success:  0.50, D: 0.00 FPS: 7.12
17:47:38.380 [INFO] (off_policy_trainer_carla.py:497) Total Episode:   474 Steps:   89846 Episode Steps:   302 Return:  0.0000 Success:  0.50, D: 0.00 FPS: 7.28
17:48:02.278 [INFO] (off_policy_trainer_carla.py:497) Total Episode:   475 Steps:   90013 Episode Steps:   167 Return:  1.0000 Success:  0.55, D: 0.00 FPS: 6.99
17:48:29.381 [INFO] (off_policy_trainer_carla.py:497) Total Episode:   476 Steps:   90203 Episode Steps:   190 Return:  1.0000 Success:  0.60, D: 0.00 FPS: 7.01
17:48:51.152 [INFO] (off_policy_trainer_carla.py:497) Total Episode:   477 Steps:   90353 Episode Steps:   150 Return: -1.0000 Success:  0.60, D: 0.00 FPS: 6.89
17:49:17.501 [INFO] (off_policy_trainer_carla.py:497) Total Episode:   478 Steps:   90535 Episode Steps:   182 Return:  1.0000 Success:  0.65, D: 0.00 FPS: 6.91
17:49:47.745 [INFO] (off_policy_trainer_carla.py:497) Total Episode:   479 Steps:   90745 Episode Steps:   210 Return:  1.0000 Success:  0.65, D: 0.00 FPS: 6.94
17:50:16.235 [INFO] (off_policy_trainer_carla.py:497) Total Episode:   480 Steps:   90943 Episode Steps:   198 Return:  1.0000 Success:  0.70, D: 0.00 FPS: 6.95
17:50:34.599 [INFO] (off_policy_trainer_carla.py:497) Total Episode:   481 Steps:   91070 Episode Steps:   127 Return: -1.0000 Success:  0.70, D: 0.00 FPS: 6.92
17:50:58.109 [INFO] (off_policy_trainer_carla.py:497) Total Episode:   482 Steps:   91234 Episode Steps:   164 Return: -1.0000 Success:  0.65, D: 0.00 FPS: 6.98
17:51:25.846 [INFO] (off_policy_trainer_carla.py:497) Total Episode:   483 Steps:   91430 Episode Steps:   196 Return:  1.0000 Success:  0.65, D: 0.00 FPS: 7.07
17:51:44.869 [INFO] (off_policy_trainer_carla.py:497) Total Episode:   484 Steps:   91561 Episode Steps:   131 Return: -1.0000 Success:  0.60, D: 0.00 FPS: 6.89
17:52:16.022 [INFO] (off_policy_trainer_carla.py:497) Total Episode:   485 Steps:   91784 Episode Steps:   223 Return:  1.0000 Success:  0.60, D: 0.00 FPS: 7.16
17:52:43.835 [INFO] (off_policy_trainer_carla.py:497) Total Episode:   486 Steps:   91983 Episode Steps:   199 Return:  1.0000 Success:  0.60, D: 0.00 FPS: 7.16
17:53:04.525 [INFO] (off_policy_trainer_carla.py:497) Total Episode:   487 Steps:   92125 Episode Steps:   142 Return: -1.0000 Success:  0.60, D: 0.00 FPS: 6.86
17:53:21.561 [INFO] (off_policy_trainer_carla.py:497) Total Episode:   488 Steps:   92243 Episode Steps:   118 Return: -1.0000 Success:  0.55, D: 0.00 FPS: 6.93
17:53:41.363 [INFO] (off_policy_trainer_carla.py:497) Total Episode:   489 Steps:   92382 Episode Steps:   139 Return: -1.0000 Success:  0.50, D: 0.00 FPS: 7.02
17:53:58.116 [INFO] (off_policy_trainer_carla.py:497) Total Episode:   490 Steps:   92498 Episode Steps:   116 Return: -1.0000 Success:  0.45, D: 0.00 FPS: 6.92
17:54:21.967 [INFO] (off_policy_trainer_carla.py:497) Total Episode:   491 Steps:   92667 Episode Steps:   169 Return:  1.0000 Success:  0.50, D: 0.00 FPS: 7.09
17:54:50.129 [INFO] (off_policy_trainer_carla.py:497) Total Episode:   492 Steps:   92868 Episode Steps:   201 Return:  1.0000 Success:  0.55, D: 0.00 FPS: 7.14
17:55:18.052 [INFO] (off_policy_trainer_carla.py:497) Total Episode:   493 Steps:   93066 Episode Steps:   198 Return:  1.0000 Success:  0.55, D: 0.00 FPS: 7.09
17:55:45.974 [INFO] (off_policy_trainer_carla.py:497) Total Episode:   494 Steps:   93263 Episode Steps:   197 Return:  1.0000 Success:  0.60, D: 0.00 FPS: 7.06
17:56:09.045 [INFO] (off_policy_trainer_carla.py:497) Total Episode:   495 Steps:   93426 Episode Steps:   163 Return: -1.0000 Success:  0.55, D: 0.00 FPS: 7.07
17:56:37.121 [INFO] (off_policy_trainer_carla.py:497) Total Episode:   496 Steps:   93624 Episode Steps:   198 Return:  1.0000 Success:  0.55, D: 0.00 FPS: 7.05
17:57:07.282 [INFO] (off_policy_trainer_carla.py:497) Total Episode:   497 Steps:   93840 Episode Steps:   216 Return:  1.0000 Success:  0.60, D: 0.00 FPS: 7.16
17:57:32.809 [INFO] (off_policy_trainer_carla.py:497) Total Episode:   498 Steps:   94021 Episode Steps:   181 Return:  1.0000 Success:  0.60, D: 0.00 FPS: 7.09
17:57:59.060 [INFO] (off_policy_trainer_carla.py:497) Total Episode:   499 Steps:   94207 Episode Steps:   186 Return:  1.0000 Success:  0.60, D: 0.00 FPS: 7.09
17:58:40.693 [INFO] (off_policy_trainer_carla.py:497) Total Episode:   500 Steps:   94509 Episode Steps:   302 Return:  0.0000 Success:  0.55, D: 0.00 FPS: 7.25
17:59:09.766 [INFO] (off_policy_trainer_carla.py:497) Total Episode:   501 Steps:   94717 Episode Steps:   208 Return:  1.0000 Success:  0.60, D: 0.00 FPS: 7.15
17:59:38.702 [INFO] (off_policy_trainer_carla.py:497) Total Episode:   502 Steps:   94924 Episode Steps:   207 Return:  1.0000 Success:  0.65, D: 0.00 FPS: 7.15
18:00:03.943 [INFO] (off_policy_trainer_carla.py:497) Total Episode:   503 Steps:   95103 Episode Steps:   179 Return:  1.0000 Success:  0.65, D: 0.00 FPS: 7.09
18:00:21.005 [INFO] (off_policy_trainer_carla.py:497) Total Episode:   504 Steps:   95221 Episode Steps:   118 Return: -1.0000 Success:  0.65, D: 0.00 FPS: 6.92
18:00:44.224 [INFO] (off_policy_trainer_carla.py:497) Total Episode:   505 Steps:   95383 Episode Steps:   162 Return:  1.0000 Success:  0.65, D: 0.00 FPS: 6.98
18:01:14.865 [INFO] (off_policy_trainer_carla.py:497) Total Episode:   506 Steps:   95602 Episode Steps:   219 Return:  1.0000 Success:  0.65, D: 0.00 FPS: 7.15
18:01:47.392 [INFO] (off_policy_trainer_carla.py:497) Total Episode:   507 Steps:   95833 Episode Steps:   231 Return:  1.0000 Success:  0.70, D: 0.00 FPS: 7.10
18:02:14.829 [INFO] (off_policy_trainer_carla.py:497) Total Episode:   508 Steps:   96028 Episode Steps:   195 Return:  1.0000 Success:  0.75, D: 0.00 FPS: 7.11
18:02:56.373 [INFO] (off_policy_trainer_carla.py:497) Total Episode:   509 Steps:   96330 Episode Steps:   302 Return:  0.0000 Success:  0.75, D: 0.00 FPS: 7.27
18:03:37.648 [INFO] (off_policy_trainer_carla.py:497) Total Episode:   510 Steps:   96632 Episode Steps:   302 Return:  0.0000 Success:  0.75, D: 0.00 FPS: 7.32
18:04:06.920 [INFO] (off_policy_trainer_carla.py:497) Total Episode:   511 Steps:   96841 Episode Steps:   209 Return:  1.0000 Success:  0.75, D: 0.00 FPS: 7.14
18:04:48.605 [INFO] (off_policy_trainer_carla.py:497) Total Episode:   512 Steps:   97143 Episode Steps:   302 Return:  0.0000 Success:  0.70, D: 0.00 FPS: 7.25
18:05:23.889 [INFO] (off_policy_trainer_carla.py:497) Total Episode:   513 Steps:   97396 Episode Steps:   253 Return:  1.0000 Success:  0.70, D: 0.00 FPS: 7.17
18:05:57.226 [INFO] (off_policy_trainer_carla.py:497) Total Episode:   514 Steps:   97635 Episode Steps:   239 Return:  1.0000 Success:  0.70, D: 0.00 FPS: 7.17
18:06:25.204 [INFO] (off_policy_trainer_carla.py:497) Total Episode:   515 Steps:   97834 Episode Steps:   199 Return:  1.0000 Success:  0.75, D: 0.00 FPS: 7.11
18:06:53.091 [INFO] (off_policy_trainer_carla.py:497) Total Episode:   516 Steps:   98031 Episode Steps:   197 Return:  1.0000 Success:  0.75, D: 0.00 FPS: 7.06
18:07:12.351 [INFO] (off_policy_trainer_carla.py:497) Total Episode:   517 Steps:   98165 Episode Steps:   134 Return: -1.0000 Success:  0.70, D: 0.00 FPS: 6.96
18:07:52.939 [INFO] (off_policy_trainer_carla.py:497) Total Episode:   518 Steps:   98459 Episode Steps:   294 Return:  1.0000 Success:  0.70, D: 0.00 FPS: 7.24
18:08:17.936 [INFO] (off_policy_trainer_carla.py:497) Total Episode:   519 Steps:   98637 Episode Steps:   178 Return:  1.0000 Success:  0.70, D: 0.00 FPS: 7.12
18:08:42.859 [INFO] (off_policy_trainer_carla.py:497) Total Episode:   520 Steps:   98815 Episode Steps:   178 Return:  1.0000 Success:  0.75, D: 0.00 FPS: 7.14
18:09:09.715 [INFO] (off_policy_trainer_carla.py:497) Total Episode:   521 Steps:   99008 Episode Steps:   193 Return:  1.0000 Success:  0.75, D: 0.00 FPS: 7.19
18:09:27.454 [INFO] (off_policy_trainer_carla.py:497) Total Episode:   522 Steps:   99131 Episode Steps:   123 Return: -1.0000 Success:  0.70, D: 0.00 FPS: 6.93
18:09:53.927 [INFO] (off_policy_trainer_carla.py:497) Total Episode:   523 Steps:   99319 Episode Steps:   188 Return:  1.0000 Success:  0.70, D: 0.00 FPS: 7.10
18:10:20.442 [INFO] (off_policy_trainer_carla.py:497) Total Episode:   524 Steps:   99508 Episode Steps:   189 Return:  1.0000 Success:  0.75, D: 0.00 FPS: 7.13
18:10:46.251 [INFO] (off_policy_trainer_carla.py:497) Total Episode:   525 Steps:   99690 Episode Steps:   182 Return:  1.0000 Success:  0.75, D: 0.00 FPS: 7.05
18:11:03.167 [INFO] (off_policy_trainer_carla.py:497) Total Episode:   526 Steps:   99808 Episode Steps:   118 Return: -1.0000 Success:  0.70, D: 0.00 FPS: 6.98
